[rawvideo @ 0x55c471a4b580] Estimating duration from bitrate, this may be inaccurate
Input #0, rawvideo, from '/workspace/video-export-size-estimation/artifacts/pedestrians-one-second/pedestrians-leading1.i420':
  Duration: 00:00:06.50, start: 0.000000, bitrate: 13271 kb/s
  Stream #0:0: Video: rawvideo (I420 / 0x30323449), yuv420p, 384x288, 13271 kb/s, 10 tbr, 10 tbn
Stream mapping:
  Stream #0:0 -> #0:0 (rawvideo (native) -> h264 (libx264))
[libx264 @ 0x55c471a54740] using cpu capabilities: MMX2 SSE2Fast SSSE3 SSE4.2 AVX FMA3 BMI2 AVX2 AVX512
[libx264 @ 0x55c471a54740] profile High, level 2.1, 4:2:0, 8-bit
[libx264 @ 0x55c471a54740] 264 - core 164 r3108 31e19f9 - H.264/MPEG-4 AVC codec - Copyleft 2003-2023 - http://www.videolan.org/x264.html - options: cabac=1 ref=3 deblock=1:0:0 analyse=0x3:0x113 me=hex subme=7 psy=1 psy_rd=1.00:0.00 mixed_ref=1 me_range=16 chroma_me=1 trellis=1 8x8dct=1 cqm=0 deadzone=21,11 fast_pskip=1 chroma_qp_offset=-2 threads=1 lookahead_threads=1 sliced_threads=0 nr=0 decimate=1 interlaced=0 bluray_compat=0 constrained_intra=0 bframes=3 b_pyramid=2 b_adapt=1 b_bias=0 direct=1 weightb=1 open_gop=0 weightp=2 keyint=250 keyint_min=10 scenecut=40 intra_refresh=0 rc_lookahead=40 rc=crf mbtree=1 crf=23.0 qcomp=0.60 qpmin=0 qpmax=69 qpstep=4 ip_ratio=1.40 aq=1:1.00
Output #0, mp4, to '/workspace/video-export-size-estimation/artifacts/pedestrians-one-second/pedestrians-leading1-ffmpeg.mp4':
  Metadata:
    encoder         : Lavf61.7.103
  Stream #0:0: Video: h264 (avc1 / 0x31637661), yuv420p(tv, progressive), 384x288, q=2-31, 10 fps, 10240 tbn
      Metadata:
        encoder         : Lavc61.19.101 libx264
      Side data:
        cpb: bitrate max/min/avg: 0/0/0 buffer size: 0 vbv_delay: N/A
[mp4 @ 0x55c471a7e580] Starting second pass: moving the moov atom to the beginning of the file
[out#0/mp4 @ 0x55c471a7e480] video:111KiB audio:0KiB subtitle:0KiB other streams:0KiB global headers:0KiB muxing overhead: 1.428408%
frame=   65 fps=0.0 q=25.0 Lsize=     112KiB time=00:00:06.30 bitrate= 146.3kbits/s speed=19.5x    
bench: utime=0.302s stime=0.019s rtime=0.323s
bench: maxrss=66816KiB
[libx264 @ 0x55c471a54740] frame I:1     Avg QP:17.55  size: 33823
[libx264 @ 0x55c471a54740] frame P:19    Avg QP:18.74  size:  2531
[libx264 @ 0x55c471a54740] frame B:45    Avg QP:26.06  size:   688
[libx264 @ 0x55c471a54740] consecutive B-frames:  6.2%  3.1%  4.6% 86.2%
[libx264 @ 0x55c471a54740] mb I  I16..4:  0.9% 39.8% 59.3%
[libx264 @ 0x55c471a54740] mb P  I16..4:  0.0%  0.7%  1.2%  P16..4: 29.9%  8.0% 12.8%  0.0%  0.0%    skip:47.4%
[libx264 @ 0x55c471a54740] mb B  I16..4:  0.0%  0.0%  0.1%  B16..8: 11.7%  2.8%  2.8%  direct: 1.3%  skip:81.3%  L0:31.8% L1:59.3% BI: 8.9%
[libx264 @ 0x55c471a54740] 8x8 transform intra:37.2% inter:35.5%
[libx264 @ 0x55c471a54740] coded y,uvDC,uvAC intra: 97.3% 92.3% 77.6% inter: 9.3% 6.0% 1.3%
[libx264 @ 0x55c471a54740] i16 v,h,dc,p:  0%  0% 29% 71%
[libx264 @ 0x55c471a54740] i8 v,h,dc,ddl,ddr,vr,hd,vl,hu:  7% 28% 15%  4%  8%  4% 19%  5% 11%
[libx264 @ 0x55c471a54740] i4 v,h,dc,ddl,ddr,vr,hd,vl,hu: 16% 23% 13%  5%  7%  6% 12%  6% 11%
[libx264 @ 0x55c471a54740] i8c dc,h,v,p: 57% 25% 14%  5%
[libx264 @ 0x55c471a54740] Weighted P-Frames: Y:0.0% UV:0.0%
[libx264 @ 0x55c471a54740] ref P L0: 72.4% 13.0%  9.7%  4.9%
[libx264 @ 0x55c471a54740] ref B L0: 91.4%  6.8%  1.8%
[libx264 @ 0x55c471a54740] ref B L1: 95.3%  4.7%
[libx264 @ 0x55c471a54740] kb/s:138.91
