[rawvideo @ 0x55ba7fb53580] Estimating duration from bitrate, this may be inaccurate
Input #0, rawvideo, from '/workspace/video-export-size-estimation/artifacts/megamind-sar-proof/megamind-leading2.i420':
  Duration: 00:00:04.88, start: 0.000000, bitrate: 31155 kb/s
  Stream #0:0: Video: rawvideo (I420 / 0x30323449), yuv420p, 384x282, 31155 kb/s, 23.98 tbr, 23.98 tbn
Stream mapping:
  Stream #0:0 -> #0:0 (rawvideo (native) -> h264 (libx264))
[libx264 @ 0x55ba7fb5c840] using SAR=705/704
[libx264 @ 0x55ba7fb5c840] using cpu capabilities: MMX2 SSE2Fast SSSE3 SSE4.2 AVX FMA3 BMI2 AVX2 AVX512
[libx264 @ 0x55ba7fb5c840] profile High, level 2.1, 4:2:0, 8-bit
[libx264 @ 0x55ba7fb5c840] 264 - core 164 r3108 31e19f9 - H.264/MPEG-4 AVC codec - Copyleft 2003-2023 - http://www.videolan.org/x264.html - options: cabac=1 ref=3 deblock=1:0:0 analyse=0x3:0x113 me=hex subme=7 psy=1 psy_rd=1.00:0.00 mixed_ref=1 me_range=16 chroma_me=1 trellis=1 8x8dct=1 cqm=0 deadzone=21,11 fast_pskip=1 chroma_qp_offset=-2 threads=1 lookahead_threads=1 sliced_threads=0 nr=0 decimate=1 interlaced=0 bluray_compat=0 constrained_intra=0 bframes=3 b_pyramid=2 b_adapt=1 b_bias=0 direct=1 weightb=1 open_gop=0 weightp=2 keyint=250 keyint_min=23 scenecut=40 intra_refresh=0 rc_lookahead=40 rc=crf mbtree=1 crf=23.0 qcomp=0.60 qpmin=0 qpmax=69 qpstep=4 ip_ratio=1.40 aq=1:1.00
Output #0, mp4, to '/workspace/video-export-size-estimation/artifacts/megamind-sar-proof/megamind-leading2-ffmpeg.mp4':
  Metadata:
    encoder         : Lavf61.7.103
  Stream #0:0: Video: h264 (avc1 / 0x31637661), yuv420p(tv, progressive), 384x282 [SAR 705:704 DAR 15:11], q=2-31, 23.98 fps, 11988 tbn
      Metadata:
        encoder         : Lavc61.19.101 libx264
      Side data:
        cpb: bitrate max/min/avg: 0/0/0 buffer size: 0 vbv_delay: N/A
[mp4 @ 0x55ba7fb85900] Starting second pass: moving the moov atom to the beginning of the file
[out#0/mp4 @ 0x55ba7fb85800] video:119KiB audio:0KiB subtitle:0KiB other streams:0KiB global headers:0KiB muxing overhead: 1.865282%
frame=  117 fps=0.0 q=28.0 Lsize=     121KiB time=00:00:04.79 bitrate= 206.9kbits/s speed=7.48x    
bench: utime=0.620s stime=0.040s rtime=0.642s
bench: maxrss=67028KiB
[libx264 @ 0x55ba7fb5c840] frame I:3     Avg QP:18.46  size:  9411
[libx264 @ 0x55ba7fb5c840] frame P:33    Avg QP:22.97  size:  1895
[libx264 @ 0x55ba7fb5c840] frame B:81    Avg QP:26.88  size:   374
[libx264 @ 0x55ba7fb5c840] consecutive B-frames:  3.4% 12.0%  2.6% 82.1%
[libx264 @ 0x55ba7fb5c840] mb I  I16..4:  8.2% 61.6% 30.2%
[libx264 @ 0x55ba7fb5c840] mb P  I16..4:  0.4%  1.5%  0.3%  P16..4: 34.8% 18.7%  9.8%  0.0%  0.0%    skip:34.4%
[libx264 @ 0x55ba7fb5c840] mb B  I16..4:  0.0%  0.0%  0.0%  B16..8: 27.6%  3.8%  0.5%  direct: 0.4%  skip:67.6%  L0:42.0% L1:46.1% BI:11.9%
[libx264 @ 0x55ba7fb5c840] 8x8 transform intra:62.7% inter:70.9%
[libx264 @ 0x55ba7fb5c840] coded y,uvDC,uvAC intra: 68.2% 87.4% 70.0% inter: 6.9% 10.4% 0.3%
[libx264 @ 0x55ba7fb5c840] i16 v,h,dc,p: 40% 22% 18% 20%
[libx264 @ 0x55ba7fb5c840] i8 v,h,dc,ddl,ddr,vr,hd,vl,hu: 26% 19% 21%  5%  4%  6%  5%  7%  6%
[libx264 @ 0x55ba7fb5c840] i4 v,h,dc,ddl,ddr,vr,hd,vl,hu: 37% 18%  8%  5%  6%  8%  6%  7%  5%
[libx264 @ 0x55ba7fb5c840] i8c dc,h,v,p: 43% 20% 28%  9%
[libx264 @ 0x55ba7fb5c840] Weighted P-Frames: Y:0.0% UV:0.0%
[libx264 @ 0x55ba7fb5c840] ref P L0: 69.3% 11.2% 14.8%  4.7%
[libx264 @ 0x55ba7fb5c840] ref B L0: 92.4%  5.9%  1.6%
[libx264 @ 0x55ba7fb5c840] ref B L1: 98.4%  1.6%
[libx264 @ 0x55ba7fb5c840] kb/s:198.47
