[rawvideo @ 0x5638c2ee4580] Estimating duration from bitrate, this may be inaccurate
Input #0, rawvideo, from '/workspace/video-export-size-estimation/artifacts/megamind-sar-proof/megamind-leading0.i420':
  Duration: 00:00:02.88, start: 0.000000, bitrate: 31155 kb/s
  Stream #0:0: Video: rawvideo (I420 / 0x30323449), yuv420p, 384x282, 31155 kb/s, 23.98 tbr, 23.98 tbn
Stream mapping:
  Stream #0:0 -> #0:0 (rawvideo (native) -> h264 (libx264))
[libx264 @ 0x5638c2eed840] using SAR=705/704
[libx264 @ 0x5638c2eed840] using cpu capabilities: MMX2 SSE2Fast SSSE3 SSE4.2 AVX FMA3 BMI2 AVX2 AVX512
[libx264 @ 0x5638c2eed840] profile High, level 2.1, 4:2:0, 8-bit
[libx264 @ 0x5638c2eed840] 264 - core 164 r3108 31e19f9 - H.264/MPEG-4 AVC codec - Copyleft 2003-2023 - http://www.videolan.org/x264.html - options: cabac=1 ref=3 deblock=1:0:0 analyse=0x3:0x113 me=hex subme=7 psy=1 psy_rd=1.00:0.00 mixed_ref=1 me_range=16 chroma_me=1 trellis=1 8x8dct=1 cqm=0 deadzone=21,11 fast_pskip=1 chroma_qp_offset=-2 threads=1 lookahead_threads=1 sliced_threads=0 nr=0 decimate=1 interlaced=0 bluray_compat=0 constrained_intra=0 bframes=3 b_pyramid=2 b_adapt=1 b_bias=0 direct=1 weightb=1 open_gop=0 weightp=2 keyint=250 keyint_min=23 scenecut=40 intra_refresh=0 rc_lookahead=40 rc=crf mbtree=1 crf=23.0 qcomp=0.60 qpmin=0 qpmax=69 qpstep=4 ip_ratio=1.40 aq=1:1.00
Output #0, mp4, to '/workspace/video-export-size-estimation/artifacts/megamind-sar-proof/megamind-leading0-ffmpeg.mp4':
  Metadata:
    encoder         : Lavf61.7.103
  Stream #0:0: Video: h264 (avc1 / 0x31637661), yuv420p(tv, progressive), 384x282 [SAR 705:704 DAR 15:11], q=2-31, 23.98 fps, 11988 tbn
      Metadata:
        encoder         : Lavc61.19.101 libx264
      Side data:
        cpb: bitrate max/min/avg: 0/0/0 buffer size: 0 vbv_delay: N/A
[mp4 @ 0x5638c2f16900] Starting second pass: moving the moov atom to the beginning of the file
[out#0/mp4 @ 0x5638c2f16800] video:71KiB audio:0KiB subtitle:0KiB other streams:0KiB global headers:0KiB muxing overhead: 2.324012%
frame=   69 fps=0.0 q=28.0 Lsize=      73KiB time=00:00:02.79 bitrate= 212.6kbits/s speed=6.61x    
bench: utime=0.408s stime=0.024s rtime=0.423s
bench: maxrss=66612KiB
[libx264 @ 0x5638c2eed840] frame I:2     Avg QP:19.07  size:  9030
[libx264 @ 0x5638c2eed840] frame P:20    Avg QP:23.23  size:  1857
[libx264 @ 0x5638c2eed840] frame B:47    Avg QP:27.60  size:   355
[libx264 @ 0x5638c2eed840] consecutive B-frames:  4.3% 11.6%  8.7% 75.4%
[libx264 @ 0x5638c2eed840] mb I  I16..4:  5.0% 66.2% 28.8%
[libx264 @ 0x5638c2eed840] mb P  I16..4:  0.4%  1.1%  0.5%  P16..4: 33.5% 18.9% 10.4%  0.0%  0.0%    skip:35.3%
[libx264 @ 0x5638c2eed840] mb B  I16..4:  0.0%  0.0%  0.0%  B16..8: 26.4%  3.7%  0.6%  direct: 0.4%  skip:68.9%  L0:41.0% L1:46.7% BI:12.3%
[libx264 @ 0x5638c2eed840] 8x8 transform intra:64.7% inter:69.9%
[libx264 @ 0x5638c2eed840] coded y,uvDC,uvAC intra: 70.4% 88.1% 72.8% inter: 7.0% 10.3% 0.3%
[libx264 @ 0x5638c2eed840] i16 v,h,dc,p: 35% 23% 21% 21%
[libx264 @ 0x5638c2eed840] i8 v,h,dc,ddl,ddr,vr,hd,vl,hu: 30% 18% 18%  5%  4%  6%  5%  8%  6%
[libx264 @ 0x5638c2eed840] i4 v,h,dc,ddl,ddr,vr,hd,vl,hu: 36% 19% 10%  5%  6%  7%  6%  7%  4%
[libx264 @ 0x5638c2eed840] i8c dc,h,v,p: 40% 20% 30% 10%
[libx264 @ 0x5638c2eed840] Weighted P-Frames: Y:0.0% UV:0.0%
[libx264 @ 0x5638c2eed840] ref P L0: 73.3%  9.9% 13.0%  3.8%
[libx264 @ 0x5638c2eed840] ref B L0: 94.1%  4.8%  1.1%
[libx264 @ 0x5638c2eed840] ref B L1: 98.5%  1.5%
[libx264 @ 0x5638c2eed840] kb/s:199.87
