Input #0, matroska,webm, from '/tmp/video-estimation-research/bunny-full.mkv':
  Metadata:
    AB_AV1_FFMPEG_ARGS: -c:v libx264 -crf 23 -preset medium
    MAJOR_BRAND     : mp42
    MINOR_VERSION   : 1
    COMPATIBLE_BRANDS: mp42avc1
    ENCODER         : Lavf61.7.103
  Duration: 00:01:00.08, start: 0.000000, bitrate: 588 kb/s
  Stream #0:0(eng): Video: h264 (High), yuv420p(tv, smpte170m/smpte170m/bt709, progressive), 640x360, 24 fps, 24 tbr, 1k tbn (default)
      Metadata:
        HANDLER_NAME    : Apple Video Media Handler
        VENDOR_ID       : [0][0][0][0]
        ENCODER         : Lavc61.19.101 libx264
        DURATION        : 00:01:00.083000000
Stream mapping:
  Stream #0:0 -> #0:0 (h264 (native) -> h264 (libx264))
[libx264 @ 0x56194a0cc0c0] using cpu capabilities: MMX2 SSE2Fast SSSE3 SSE4.2 AVX FMA3 BMI2 AVX2 AVX512
[libx264 @ 0x56194a0cc0c0] profile High, level 3.0, 4:2:0, 8-bit
[libx264 @ 0x56194a0cc0c0] 264 - core 164 r3108 31e19f9 - H.264/MPEG-4 AVC codec - Copyleft 2003-2023 - http://www.videolan.org/x264.html - options: cabac=1 ref=3 deblock=1:0:0 analyse=0x3:0x113 me=hex subme=7 psy=1 psy_rd=1.00:0.00 mixed_ref=1 me_range=16 chroma_me=1 trellis=1 8x8dct=1 cqm=0 deadzone=21,11 fast_pskip=1 chroma_qp_offset=-2 threads=1 lookahead_threads=1 sliced_threads=0 nr=0 decimate=1 interlaced=0 bluray_compat=0 constrained_intra=0 bframes=3 b_pyramid=2 b_adapt=1 b_bias=0 direct=1 weightb=1 open_gop=0 weightp=2 keyint=250 keyint_min=1 scenecut=40 intra_refresh=0 rc_lookahead=40 rc=crf mbtree=1 crf=23.0 qcomp=0.60 qpmin=0 qpmax=69 qpstep=4 ip_ratio=1.40 aq=1:1.00
Output #0, mp4, to '/workspace/video-export-size-estimation/artifacts/decoder-cost-study-2026-10-03/bunny-cfr-segment15-original-1.mp4':
  Metadata:
    encoder         : Lavf61.7.103
  Stream #0:0: Video: h264 (avc1 / 0x31637661), yuv420p(tv, smpte170m/smpte170m/bt709, progressive), 640x360, q=2-31, 24 fps, 12288 tbn (default)
      Metadata:
        encoder         : Lavc61.19.101 libx264
      Side data:
        cpb: bitrate max/min/avg: 0/0/0 buffer size: 0 vbv_delay: N/A
[mp4 @ 0x56194a0ccb00] Starting second pass: moving the moov atom to the beginning of the file
[out#0/mp4 @ 0x56194a1b9900] video:186KiB audio:0KiB subtitle:0KiB other streams:0KiB global headers:0KiB muxing overhead: 0.686794%
frame=   48 fps=0.0 q=28.0 Lsize=     187KiB time=00:00:00.00 bitrate=N/A speed=   0x    
bench: utime=0.994s stime=0.061s rtime=0.982s
bench: maxrss=92988KiB
[libx264 @ 0x56194a0cc0c0] frame I:1     Avg QP:22.46  size: 45207
[libx264 @ 0x56194a0cc0c0] frame P:28    Avg QP:24.19  size:  4514
[libx264 @ 0x56194a0cc0c0] frame B:19    Avg QP:29.27  size:   940
[libx264 @ 0x56194a0cc0c0] consecutive B-frames: 45.8%  4.2%  0.0% 50.0%
[libx264 @ 0x56194a0cc0c0] mb I  I16..4:  0.5% 58.3% 41.2%
[libx264 @ 0x56194a0cc0c0] mb P  I16..4:  0.0%  0.3%  0.1%  P16..4: 49.9% 17.2%  8.2%  0.0%  0.0%    skip:24.2%
[libx264 @ 0x56194a0cc0c0] mb B  I16..4:  0.0%  0.0%  0.0%  B16..8: 59.9%  9.9%  2.2%  direct: 0.8%  skip:27.1%  L0:47.2% L1:48.2% BI: 4.6%
[libx264 @ 0x56194a0cc0c0] 8x8 transform intra:60.0% inter:39.9%
[libx264 @ 0x56194a0cc0c0] coded y,uvDC,uvAC intra: 95.4% 94.1% 64.4% inter: 16.4% 16.1% 0.8%
[libx264 @ 0x56194a0cc0c0] i16 v,h,dc,p: 20% 10% 10% 60%
[libx264 @ 0x56194a0cc0c0] i8 v,h,dc,ddl,ddr,vr,hd,vl,hu: 17% 18% 13%  7%  9%  7%  9%  8% 12%
[libx264 @ 0x56194a0cc0c0] i4 v,h,dc,ddl,ddr,vr,hd,vl,hu: 17% 15% 12%  8% 11%  8% 10%  9% 10%
[libx264 @ 0x56194a0cc0c0] i8c dc,h,v,p: 41% 29% 14% 16%
[libx264 @ 0x56194a0cc0c0] Weighted P-Frames: Y:0.0% UV:0.0%
[libx264 @ 0x56194a0cc0c0] ref P L0: 74.4% 19.7%  5.2%  0.8%
[libx264 @ 0x56194a0cc0c0] ref B L0: 96.4%  3.4%  0.3%
[libx264 @ 0x56194a0cc0c0] ref B L1: 98.3%  1.7%
[libx264 @ 0x56194a0cc0c0] kb/s:757.88
