Input #0, mov,mp4,m4a,3gp,3g2,mj2, from '/workspace/video-export-size-estimation/artifacts/corpus-v1/grain.mp4':
  Metadata:
    major_brand     : isom
    minor_version   : 512
    compatible_brands: isomiso2avc1mp41
    encoder         : Lavf61.7.103
  Duration: 00:00:24.00, start: 0.000000, bitrate: 5360 kb/s
  Stream #0:0[0x1](und): Video: h264 (High) (avc1 / 0x31637661), yuv420p(progressive), 384x216 [SAR 1:1 DAR 16:9], 5358 kb/s, 24 fps, 24 tbr, 12288 tbn (default)
      Metadata:
        handler_name    : VideoHandler
        vendor_id       : [0][0][0][0]
        encoder         : Lavc61.19.101 libx264
Stream mapping:
  Stream #0:0 -> #0:0 (h264 (native) -> h264 (libx264))
[libx264 @ 0x557946ecb500] using SAR=1/1
[libx264 @ 0x557946ecb500] using cpu capabilities: MMX2 SSE2Fast SSSE3 SSE4.2 AVX FMA3 BMI2 AVX2 AVX512
[libx264 @ 0x557946ecb500] profile High, level 1.3, 4:2:0, 8-bit
[libx264 @ 0x557946ecb500] 264 - core 164 r3108 31e19f9 - H.264/MPEG-4 AVC codec - Copyleft 2003-2023 - http://www.videolan.org/x264.html - options: cabac=1 ref=3 deblock=1:0:0 analyse=0x3:0x113 me=hex subme=7 psy=1 psy_rd=1.00:0.00 mixed_ref=1 me_range=16 chroma_me=1 trellis=1 8x8dct=1 cqm=0 deadzone=21,11 fast_pskip=1 chroma_qp_offset=-2 threads=1 lookahead_threads=1 sliced_threads=0 nr=0 decimate=1 interlaced=0 bluray_compat=0 constrained_intra=0 bframes=3 b_pyramid=2 b_adapt=1 b_bias=0 direct=1 weightb=1 open_gop=0 weightp=2 keyint=250 keyint_min=1 scenecut=40 intra_refresh=0 rc_lookahead=40 rc=crf mbtree=1 crf=23.0 qcomp=0.60 qpmin=0 qpmax=69 qpstep=4 ip_ratio=1.40 aq=1:1.00
Output #0, mp4, to '/workspace/video-export-size-estimation/artifacts/decoder-cost-study-2026-10-03/grain-segment6-frames_limit-0.mp4':
  Metadata:
    encoder         : Lavf61.7.103
  Stream #0:0: Video: h264 (avc1 / 0x31637661), yuv420p(tv, progressive), 384x216 [SAR 1:1 DAR 16:9], q=2-31, 24 fps, 12288 tbn (default)
      Metadata:
        encoder         : Lavc61.19.101 libx264
      Side data:
        cpb: bitrate max/min/avg: 0/0/0 buffer size: 0 vbv_delay: N/A
[mp4 @ 0x557946f549c0] Starting second pass: moving the moov atom to the beginning of the file
[out#0/mp4 @ 0x557946ede4c0] video:497KiB audio:0KiB subtitle:0KiB other streams:0KiB global headers:0KiB muxing overhead: 0.283460%
frame=   48 fps= 37 q=28.0 Lsize=     499KiB time=00:00:00.00 bitrate=N/A speed=   0x    
bench: utime=1.325s stime=0.021s rtime=1.296s
bench: maxrss=62928KiB
[libx264 @ 0x557946ecb500] frame I:1     Avg QP:27.55  size: 18613
[libx264 @ 0x557946ecb500] frame P:12    Avg QP:27.89  size: 13363
[libx264 @ 0x557946ecb500] frame B:35    Avg QP:28.67  size:  9422
[libx264 @ 0x557946ecb500] consecutive B-frames:  2.1%  0.0%  6.2% 91.7%
[libx264 @ 0x557946ecb500] mb I  I16..4: 14.0% 57.4% 28.6%
[libx264 @ 0x557946ecb500] mb P  I16..4:  2.9% 29.0%  7.9%  P16..4: 21.1% 22.1% 16.8%  0.0%  0.0%    skip: 0.2%
[libx264 @ 0x557946ecb500] mb B  I16..4:  2.3% 19.2%  3.1%  B16..8: 39.3% 14.5%  5.7%  direct: 9.9%  skip: 6.0%  L0:43.0% L1:43.0% BI:14.0%
[libx264 @ 0x557946ecb500] 8x8 transform intra:75.0% inter:57.3%
[libx264 @ 0x557946ecb500] coded y,uvDC,uvAC intra: 97.4% 100.0% 100.0% inter: 59.0% 90.2% 85.0%
[libx264 @ 0x557946ecb500] i16 v,h,dc,p: 11%  3% 77%  9%
[libx264 @ 0x557946ecb500] i8 v,h,dc,ddl,ddr,vr,hd,vl,hu:  8%  4% 61%  8%  3%  3%  3%  5%  4%
[libx264 @ 0x557946ecb500] i4 v,h,dc,ddl,ddr,vr,hd,vl,hu: 14%  7% 47%  8%  5%  5%  5%  5%  4%
[libx264 @ 0x557946ecb500] i8c dc,h,v,p: 79%  3% 14%  4%
[libx264 @ 0x557946ecb500] Weighted P-Frames: Y:0.0% UV:0.0%
[libx264 @ 0x557946ecb500] ref P L0: 40.1% 11.4% 33.0% 15.5%
[libx264 @ 0x557946ecb500] ref B L0: 69.6% 23.8%  6.7%
[libx264 @ 0x557946ecb500] ref B L1: 87.6% 12.4%
[libx264 @ 0x557946ecb500] kb/s:2034.92
