Splitting the commandline.
Reading option '-hide_banner' ... matched as option 'hide_banner' (do not show program banner) with argument '1'.
Reading option '-loglevel' ... matched as option 'loglevel' (set logging level) with argument 'debug'.
Reading option '-nostdin' ... matched as option 'stdin' (enable or disable interaction on standard input) with argument 0.
Reading option '-y' ... matched as option 'y' (overwrite output files) with argument '1'.
Reading option '-xerror' ... matched as option 'xerror' (exit on error) with argument '1'.
Reading option '-benchmark' ... matched as option 'benchmark' (add timings for benchmarking) with argument '1'.
Reading option '-nostats' ... matched as option 'stats' (print progress report during encoding) with argument 0.
Reading option '-threads' ... matched as AVOption 'threads' with argument '1'.
Reading option '-filter_threads' ... matched as option 'filter_threads' (number of non-complex filter threads) with argument '1'.
Reading option '-filter_complex_threads' ... matched as option 'filter_complex_threads' (number of threads for -filter_complex) with argument '1'.
Reading option '-ss' ... matched as option 'ss' (start transcoding at specified time) with argument '0.000000'.
Reading option '-copyts' ... matched as option 'copyts' (copy timestamps) with argument '1'.
Reading option '-i' ... matched as input url with argument '/workspace/video-export-size-estimation/artifacts/corpus-v1/grain.mp4'.
Reading option '-map' ... matched as option 'map' (set input stream mapping) with argument '0:0'.
Reading option '-an' ... matched as option 'an' (disable audio) with argument '1'.
Reading option '-sn' ... matched as option 'sn' (disable subtitle) with argument '1'.
Reading option '-dn' ... matched as option 'dn' (disable data) with argument '1'.
Reading option '-map_metadata' ... matched as option 'map_metadata' (set metadata information of outfile from infile) with argument '-1'.
Reading option '-vf' ... matched as option 'vf' (alias for -filter:v (apply filters to video streams)) with argument 'trim=start_pts=0:end_pts=24576,setpts=PTS-STARTPTS'.
Reading option '-fps_mode' ... matched as option 'fps_mode' (set framerate mode for matching video streams; overrides vsync) with argument 'cfr'.
Reading option '-r' ... matched as option 'r' (override input framerate/convert to given output framerate (Hz value, fraction or abbreviation)) with argument '24'.
Reading option '-c:v' ... matched as option 'c' (select encoder/decoder ('copy' to copy stream without reencoding)) with argument 'libx264'.
Reading option '-crf' ... matched as AVOption 'crf' with argument '23'.
Reading option '-preset' ... matched as AVOption 'preset' with argument 'medium'.
Reading option '-threads' ... matched as AVOption 'threads' with argument '1'.
Reading option '-pix_fmt' ... matched as option 'pix_fmt' (set pixel format) with argument 'yuv420p'.
Reading option '-x264-params' ... matched as AVOption 'x264-params' with argument 'open-gop=0:keyint=250:min-keyint=1'.
Reading option '-movflags' ... matched as AVOption 'movflags' with argument '+faststart'.
Reading option '-frames:v' ... matched as option 'frames' (set the number of frames to output) with argument '48'.
Reading option '-benchmark_all' ... matched as option 'benchmark_all' (add timings for each task) with argument '1'.
Reading option '/workspace/video-export-size-estimation/artifacts/decoder-cost-study-2026-10-03/grain-segment0-frames_limit-debug.mp4' ... matched as output url.
Finished splitting the commandline.
Parsing a group of options: global .
Applying option hide_banner (do not show program banner) with argument 1.
Applying option loglevel (set logging level) with argument debug.
Applying option nostdin (enable or disable interaction on standard input) with argument 0.
Applying option y (overwrite output files) with argument 1.
Applying option xerror (exit on error) with argument 1.
Applying option benchmark (add timings for benchmarking) with argument 1.
Applying option nostats (print progress report during encoding) with argument 0.
Applying option filter_threads (number of non-complex filter threads) with argument 1.
Applying option filter_complex_threads (number of threads for -filter_complex) with argument 1.
Applying option copyts (copy timestamps) with argument 1.
Applying option benchmark_all (add timings for each task) with argument 1.
Successfully parsed a group of options.
Parsing a group of options: input url /workspace/video-export-size-estimation/artifacts/corpus-v1/grain.mp4.
Applying option ss (start transcoding at specified time) with argument 0.000000.
Successfully parsed a group of options.
Opening an input file: /workspace/video-export-size-estimation/artifacts/corpus-v1/grain.mp4.
[AVFormatContext @ 0x559fa268d8c0] Opening '/workspace/video-export-size-estimation/artifacts/corpus-v1/grain.mp4' for reading
[file @ 0x559fa2639b00] Setting default whitelist 'file,crypto,data'
[mov,mp4,m4a,3gp,3g2,mj2 @ 0x559fa268d8c0] Format mov,mp4,m4a,3gp,3g2,mj2 probed with size=2048 and score=100
[mov,mp4,m4a,3gp,3g2,mj2 @ 0x559fa268d8c0] ISO: File Type Major Brand: isom
[mov,mp4,m4a,3gp,3g2,mj2 @ 0x559fa268d8c0] Unknown dref type 0x206c7275 size 12
[mov,mp4,m4a,3gp,3g2,mj2 @ 0x559fa268d8c0] Processing st: 0, edit list 0 - media time: 1024, duration: 294912
[mov,mp4,m4a,3gp,3g2,mj2 @ 0x559fa268d8c0] Offset DTS by 1024 to make first pts zero.
[mov,mp4,m4a,3gp,3g2,mj2 @ 0x559fa268d8c0] Setting codecpar->delay to 2 for stream st: 0
[mov,mp4,m4a,3gp,3g2,mj2 @ 0x559fa268d8c0] Before avformat_find_stream_info() pos: 16081831 bytes read:40423 seeks:1 nb_streams:1
[h264 @ 0x559fa268e640] nal_unit_type: 7(SPS), nal_ref_idc: 3
[h264 @ 0x559fa268e640] Decoding VUI
[h264 @ 0x559fa268e640] nal_unit_type: 8(PPS), nal_ref_idc: 3
[h264 @ 0x559fa268e640] nal_unit_type: 7(SPS), nal_ref_idc: 3
[h264 @ 0x559fa268e640] Decoding VUI
[h264 @ 0x559fa268e640] nal_unit_type: 8(PPS), nal_ref_idc: 3
[h264 @ 0x559fa268e640] nal_unit_type: 6(SEI), nal_ref_idc: 0
[h264 @ 0x559fa268e640] nal_unit_type: 5(IDR), nal_ref_idc: 3
[h264 @ 0x559fa268e640] Format yuv420p chosen by get_format().
[h264 @ 0x559fa268e640] Reinit context to 384x224, pix_fmt: yuv420p
[h264 @ 0x559fa268e640] no picture 
[mov,mp4,m4a,3gp,3g2,mj2 @ 0x559fa268d8c0] All info found
[mov,mp4,m4a,3gp,3g2,mj2 @ 0x559fa268d8c0] After avformat_find_stream_info() pos: 33337 bytes read:73712 seeks:2 frames:1
Input #0, mov,mp4,m4a,3gp,3g2,mj2, from '/workspace/video-export-size-estimation/artifacts/corpus-v1/grain.mp4':
  Metadata:
    major_brand     : isom
    minor_version   : 512
    compatible_brands: isomiso2avc1mp41
    encoder         : Lavf61.7.103
  Duration: 00:00:24.00, start: 0.000000, bitrate: 5360 kb/s
  Stream #0:0[0x1](und), 1, 1/12288: Video: h264 (High), 1 reference frame (avc1 / 0x31637661), yuv420p(progressive, left), 384x216 [SAR 1:1 DAR 16:9], 0/1, 5358 kb/s, 24 fps, 24 tbr, 12288 tbn (default)
      Metadata:
        handler_name    : VideoHandler
        vendor_id       : [0][0][0][0]
        encoder         : Lavc61.19.101 libx264
Successfully opened the file.
Parsing a group of options: output url /workspace/video-export-size-estimation/artifacts/decoder-cost-study-2026-10-03/grain-segment0-frames_limit-debug.mp4.
Applying option map (set input stream mapping) with argument 0:0.
Applying option an (disable audio) with argument 1.
Applying option sn (disable subtitle) with argument 1.
Applying option dn (disable data) with argument 1.
Applying option map_metadata (set metadata information of outfile from infile) with argument -1.
Applying option vf (alias for -filter:v (apply filters to video streams)) with argument trim=start_pts=0:end_pts=24576,setpts=PTS-STARTPTS.
Applying option fps_mode (set framerate mode for matching video streams; overrides vsync) with argument cfr.
Applying option r (override input framerate/convert to given output framerate (Hz value, fraction or abbreviation)) with argument 24.
Applying option c:v (select encoder/decoder ('copy' to copy stream without reencoding)) with argument libx264.
Applying option pix_fmt (set pixel format) with argument yuv420p.
Applying option frames:v (set the number of frames to output) with argument 48.
Successfully parsed a group of options.
Opening an output file: /workspace/video-export-size-estimation/artifacts/decoder-cost-study-2026-10-03/grain-segment0-frames_limit-debug.mp4.
[out#0/mp4 @ 0x559fa26a1600] Adding streams from explicit maps...
[vost#0:0/libx264 @ 0x559fa2718640] Created video stream from input stream 0:0
[AVFilterGraph @ 0x559fa268ea00] Setting 'start_pts' to value '0'
[AVFilterGraph @ 0x559fa268ea00] Setting 'end_pts' to value '24576'
[AVFilterGraph @ 0x559fa268ea00] Setting 'expr' to value 'PTS-STARTPTS'
[h264 @ 0x559fa2711580] nal_unit_type: 7(SPS), nal_ref_idc: 3
[h264 @ 0x559fa2711580] Decoding VUI
[h264 @ 0x559fa2711580] nal_unit_type: 8(PPS), nal_ref_idc: 3
[file @ 0x559fa2718d80] Setting default whitelist 'file,crypto,data'
Successfully opened the file.
Stream mapping:
  Stream #0:0 -> #0:0 (h264 (native) -> h264 (libx264))
[vost#0:0/libx264 @ 0x559fa2718640] Starting thread...
[vf#0:0 @ 0x559fa27191c0] Starting thread...
[vist#0:0/h264 @ 0x559fa2718140] [dec:h264 @ 0x559fa2711200] Starting thread...
[in#0/mov,mp4,m4a,3gp,3g2,mj2 @ 0x559fa268d6c0] Starting thread...
[h264 @ 0x559fa2758a40] nal_unit_type: 7(SPS), nal_ref_idc: 3
[h264 @ 0x559fa2758a40] Decoding VUI
[h264 @ 0x559fa2758a40] nal_unit_type: 8(PPS), nal_ref_idc: 3
[h264 @ 0x559fa2711580] nal_unit_type: 6(SEI), nal_ref_idc: 0
[h264 @ 0x559fa2711580] nal_unit_type: 5(IDR), nal_ref_idc: 3
[h264 @ 0x559fa2711580] Format yuv420p chosen by get_format().
[h264 @ 0x559fa2711580] Reinit context to 384x224, pix_fmt: yuv420p
[h264 @ 0x559fa2711580] no picture 
bench:        2 user        1 sys        6 real decode_video 0:0 
[h264 @ 0x559fa2711580] nal_unit_type: 1(Coded slice of a non-IDR picture), nal_ref_idc: 2
[h264 @ 0x559fa2711580] no picture 
bench:        3 user        0 sys        6 real decode_video 0:0 
[h264 @ 0x559fa2711580] nal_unit_type: 1(Coded slice of a non-IDR picture), nal_ref_idc: 2
bench:        3 user        0 sys        5 real decode_video 0:0 
bench:        2 user        0 sys        2 real decode_video 0:0 
[h264 @ 0x559fa2711580] nal_unit_type: 1(Coded slice of a non-IDR picture), nal_ref_idc: 0
[AVFilterGraph @ 0x7f7504001000] Setting 'start_pts' to value '0'
[AVFilterGraph @ 0x7f7504001000] Setting 'end_pts' to value '24576'
[AVFilterGraph @ 0x7f7504001000] Setting 'expr' to value 'PTS-STARTPTS'
[graph -1 input from stream 0:0 @ 0x7f75040020c0] Setting 'video_size' to value '384x216'
[graph -1 input from stream 0:0 @ 0x7f75040020c0] Setting 'pix_fmt' to value '0'
[graph -1 input from stream 0:0 @ 0x7f75040020c0] Setting 'time_base' to value '1/12288'
[graph -1 input from stream 0:0 @ 0x7f75040020c0] Setting 'pixel_aspect' to value '1/1'
[graph -1 input from stream 0:0 @ 0x7f75040020c0] Setting 'colorspace' to value '2'
[graph -1 input from stream 0:0 @ 0x7f75040020c0] Setting 'range' to value '0'
[graph -1 input from stream 0:0 @ 0x7f75040020c0] Setting 'frame_rate' to value '24/1'
[graph -1 input from stream 0:0 @ 0x7f75040020c0] w:384 h:216 pixfmt:yuv420p tb:1/12288 fr:24/1 sar:1/1 csp:unknown range:unknown
[format @ 0x7f7504003140] Setting 'pix_fmts' to value 'yuv420p'
[format @ 0x7f7504003140] Setting 'color_ranges' to value 'tv|pc'
[AVFilterGraph @ 0x7f7504001000] query_formats: 6 queried, 15 merged, 0 already done, 0 delayed
[Parsed_trim_0 @ 0x7f75040017c0] TB:0.000081 FRAME_RATE:24.000000 SAMPLE_RATE:nan
[graph -1 input from stream 0:0 @ 0x7f75040020c0] video frame properties congruent with link at pts_time: 0
[libx264 @ 0x559fa268e640] using SAR=1/1
[libx264 @ 0x559fa268e640] using cpu capabilities: MMX2 SSE2Fast SSSE3 SSE4.2 AVX FMA3 BMI2 AVX2 AVX512
[libx264 @ 0x559fa268e640] profile High, level 1.3, 4:2:0, 8-bit
[libx264 @ 0x559fa268e640] 264 - core 164 r3108 31e19f9 - H.264/MPEG-4 AVC codec - Copyleft 2003-2023 - http://www.videolan.org/x264.html - options: cabac=1 ref=3 deblock=1:0:0 analyse=0x3:0x113 me=hex subme=7 psy=1 psy_rd=1.00:0.00 mixed_ref=1 me_range=16 chroma_me=1 trellis=1 8x8dct=1 cqm=0 deadzone=21,11 fast_pskip=1 chroma_qp_offset=-2 threads=1 lookahead_threads=1 sliced_threads=0 nr=0 decimate=1 interlaced=0 bluray_compat=0 constrained_intra=0 bframes=3 b_pyramid=2 b_adapt=1 b_bias=0 direct=1 weightb=1 open_gop=0 weightp=2 keyint=250 keyint_min=1 scenecut=40 intra_refresh=0 rc_lookahead=40 rc=crf mbtree=1 crf=23.0 qcomp=0.60 qpmin=0 qpmax=69 qpstep=4 ip_ratio=1.40 aq=1:1.00
Output #0, mp4, to '/workspace/video-export-size-estimation/artifacts/decoder-cost-study-2026-10-03/grain-segment0-frames_limit-debug.mp4':
  Metadata:
    encoder         : Lavf61.7.103
  Stream #0:0, 0, 1/12288: Video: h264, 1 reference frame (avc1 / 0x31637661), yuv420p(tv, progressive, left), 384x216 [SAR 1:1 DAR 16:9], 0/1, q=2-31, 24 fps, 12288 tbn (default)
      Metadata:
        encoder         : Lavc61.19.101 libx264
      Side data:
        cpb: bitrate max/min/avg: 0/0/0 buffer size: 0 vbv_delay: N/A
[out#0/mp4 @ 0x559fa26a1600] Starting thread...
[out#0/mp4 @ 0x559fa26a1600] sq: send 0 ts 0.0416667
[out#0/mp4 @ 0x559fa26a1600] sq: receive 0 ts 0.0416667 queue head 0 ts 0.0416667
bench:        0 user      400 sys      400 real encode_video 0.0 
bench:        0 user        3 sys        6 real decode_video 0:0 
bench:        0 user        2 sys        2 real decode_video 0:0 
[h264 @ 0x559fa2711580] nal_unit_type: 1(Coded slice of a non-IDR picture), nal_ref_idc: 0
[out#0/mp4 @ 0x559fa26a1600] sq: send 0 ts 0.0833333
[out#0/mp4 @ 0x559fa26a1600] sq: receive 0 ts 0.0833333 queue head 0 ts 0.0833333
bench:        0 user     2712 sys     1862 real encode_video 0.0 
bench:        2 user        1 sys        4 real decode_video 0:0 
bench:        1 user        1 sys        2 real decode_video 0:0 
[out#0/mp4 @ 0x559fa26a1600] sq: send 0 ts 0.125
[out#0/mp4 @ 0x559fa26a1600] sq: receive 0 ts 0.125 queue head 0 ts 0.125
[h264 @ 0x559fa2711580] nal_unit_type: 1(Coded slice of a non-IDR picture), nal_ref_idc: 2
bench:      573 user      343 sys      915 real encode_video 0.0 
bench:        3 user        0 sys        6 real decode_video 0:0 
bench:        2 user        0 sys        4 real decode_video 0:0 
[out#0/mp4 @ 0x559fa26a1600] sq: send 0 ts 0.166667
[out#0/mp4 @ 0x559fa26a1600] sq: receive 0 ts 0.166667 queue head 0 ts 0.166667
[h264 @ 0x559fa2711580] nal_unit_type: 1(Coded slice of a non-IDR picture), nal_ref_idc: 2
bench:      249 user        0 sys      250 real encode_video 0.0 
bench:        3 user        0 sys        7 real decode_video 0:0 
bench:        2 user        0 sys        2 real decode_video 0:0 
[h264 @ 0x559fa2711580] nal_unit_type: 1(Coded slice of a non-IDR picture), nal_ref_idc: 0
[out#0/mp4 @ 0x559fa26a1600] sq: send 0 ts 0.208333
[out#0/mp4 @ 0x559fa26a1600] sq: receive 0 ts 0.208333 queue head 0 ts 0.208333
bench:      313 user        0 sys      313 real encode_video 0.0 
bench:        3 user        0 sys        5 real decode_video 0:0 
bench:        2 user        0 sys        2 real decode_video 0:0 
[out#0/mp4 @ 0x559fa26a1600] sq: send 0 ts 0.25
[out#0/mp4 @ 0x559fa26a1600] sq: receive 0 ts 0.25 queue head 0 ts 0.25
[h264 @ 0x559fa2711580] nal_unit_type: 1(Coded slice of a non-IDR picture), nal_ref_idc: 0
bench:      245 user        0 sys      246 real encode_video 0.0 
bench:        2 user        0 sys        4 real decode_video 0:0 
bench:        2 user        0 sys        2 real decode_video 0:0 
[out#0/mp4 @ 0x559fa26a1600] sq: send 0 ts 0.291667
[out#0/mp4 @ 0x559fa26a1600] sq: receive 0 ts 0.291667 queue head 0 ts 0.291667
[h264 @ 0x559fa2711580] nal_unit_type: 1(Coded slice of a non-IDR picture), nal_ref_idc: 2
bench:      238 user        0 sys      238 real encode_video 0.0 
bench:        6 user        0 sys       31 real decode_video 0:0 
bench:        2 user        0 sys        2 real decode_video 0:0 
[out#0/mp4 @ 0x559fa26a1600] sq: send 0 ts 0.333333
[out#0/mp4 @ 0x559fa26a1600] sq: receive 0 ts 0.333333 queue head 0 ts 0.333333
[h264 @ 0x559fa2711580] nal_unit_type: 1(Coded slice of a non-IDR picture), nal_ref_idc: 2
bench:      224 user        0 sys      225 real encode_video 0.0 
bench:        2 user        0 sys        4 real decode_video 0:0 
bench:        2 user        0 sys        3 real decode_video 0:0 
[h264 @ 0x559fa2711580] nal_unit_type: 1(Coded slice of a non-IDR picture), nal_ref_idc: 0
[out#0/mp4 @ 0x559fa26a1600] sq: send 0 ts 0.375
[out#0/mp4 @ 0x559fa26a1600] sq: receive 0 ts 0.375 queue head 0 ts 0.375
bench:      249 user        0 sys      250 real encode_video 0.0 
bench:        2 user        0 sys        5 real decode_video 0:0 
bench:        2 user        0 sys        2 real decode_video 0:0 
[h264 @ 0x559fa2711580] nal_unit_type: 1(Coded slice of a non-IDR picture), nal_ref_idc: 0
[out#0/mp4 @ 0x559fa26a1600] sq: send 0 ts 0.416667
[out#0/mp4 @ 0x559fa26a1600] sq: receive 0 ts 0.416667 queue head 0 ts 0.416667
bench:      263 user        0 sys      264 real encode_video 0.0 
bench:        4 user        0 sys        5 real decode_video 0:0 
bench:        2 user        0 sys        2 real decode_video 0:0 
[h264 @ 0x559fa2711580] nal_unit_type: 1(Coded slice of a non-IDR picture), nal_ref_idc: 2
[out#0/mp4 @ 0x559fa26a1600] sq: send 0 ts 0.458333
[out#0/mp4 @ 0x559fa26a1600] sq: receive 0 ts 0.458333 queue head 0 ts 0.458333
bench:      461 user        0 sys      462 real encode_video 0.0 
bench:        2 user        0 sys        4 real decode_video 0:0 
bench:        2 user        0 sys        2 real decode_video 0:0 
[h264 @ 0x559fa2711580] nal_unit_type: 1(Coded slice of a non-IDR picture), nal_ref_idc: 2
[out#0/mp4 @ 0x559fa26a1600] sq: send 0 ts 0.5
[out#0/mp4 @ 0x559fa26a1600] sq: receive 0 ts 0.5 queue head 0 ts 0.5
bench:      259 user        0 sys      259 real encode_video 0.0 
bench:        2 user        0 sys        4 real decode_video 0:0 
bench:        2 user        0 sys        2 real decode_video 0:0 
[h264 @ 0x559fa2711580] nal_unit_type: 1(Coded slice of a non-IDR picture), nal_ref_idc: 0
[out#0/mp4 @ 0x559fa26a1600] sq: send 0 ts 0.541667
[out#0/mp4 @ 0x559fa26a1600] sq: receive 0 ts 0.541667 queue head 0 ts 0.541667
bench:      276 user        0 sys      277 real encode_video 0.0 
bench:        2 user        0 sys        4 real decode_video 0:0 
bench:        2 user        0 sys        2 real decode_video 0:0 
[h264 @ 0x559fa2711580] nal_unit_type: 1(Coded slice of a non-IDR picture), nal_ref_idc: 0
[out#0/mp4 @ 0x559fa26a1600] sq: send 0 ts 0.583333
[out#0/mp4 @ 0x559fa26a1600] sq: receive 0 ts 0.583333 queue head 0 ts 0.583333
bench:      238 user        0 sys      239 real encode_video 0.0 
bench:        3 user        0 sys        4 real decode_video 0:0 
bench:        2 user        0 sys        2 real decode_video 0:0 
[h264 @ 0x559fa2711580] nal_unit_type: 1(Coded slice of a non-IDR picture), nal_ref_idc: 2
[out#0/mp4 @ 0x559fa26a1600] sq: send 0 ts 0.625
[out#0/mp4 @ 0x559fa26a1600] sq: receive 0 ts 0.625 queue head 0 ts 0.625
bench:      280 user        0 sys      248 real encode_video 0.0 
bench:        3 user        0 sys        5 real decode_video 0:0 
bench:        2 user        0 sys        2 real decode_video 0:0 
[h264 @ 0x559fa2711580] nal_unit_type: 1(Coded slice of a non-IDR picture), nal_ref_idc: 2
[out#0/mp4 @ 0x559fa26a1600] sq: send 0 ts 0.666667
[out#0/mp4 @ 0x559fa26a1600] sq: receive 0 ts 0.666667 queue head 0 ts 0.666667
bench:      360 user        0 sys      359 real encode_video 0.0 
bench:        2 user        0 sys        6 real decode_video 0:0 
bench:        2 user        0 sys        3 real decode_video 0:0 
[h264 @ 0x559fa2711580] nal_unit_type: 1(Coded slice of a non-IDR picture), nal_ref_idc: 0
[out#0/mp4 @ 0x559fa26a1600] sq: send 0 ts 0.708333
[out#0/mp4 @ 0x559fa26a1600] sq: receive 0 ts 0.708333 queue head 0 ts 0.708333
bench:      131 user      172 sys      247 real encode_video 0.0 
bench:        3 user        1 sys        6 real decode_video 0:0 
bench:        2 user        1 sys        2 real decode_video 0:0 
[h264 @ 0x559fa2711580] nal_unit_type: 1(Coded slice of a non-IDR picture), nal_ref_idc: 0
[out#0/mp4 @ 0x559fa26a1600] sq: send 0 ts 0.75
[out#0/mp4 @ 0x559fa26a1600] sq: receive 0 ts 0.75 queue head 0 ts 0.75
bench:      192 user       68 sys      228 real encode_video 0.0 
bench:        3 user        0 sys        6 real decode_video 0:0 
bench:        2 user        0 sys        2 real decode_video 0:0 
[h264 @ 0x559fa2711580] nal_unit_type: 1(Coded slice of a non-IDR picture), nal_ref_idc: 2
[out#0/mp4 @ 0x559fa26a1600] sq: send 0 ts 0.791667
[out#0/mp4 @ 0x559fa26a1600] sq: receive 0 ts 0.791667 queue head 0 ts 0.791667
bench:        0 user      262 sys      263 real encode_video 0.0 
bench:        0 user        3 sys        7 real decode_video 0:0 
bench:        0 user        2 sys        2 real decode_video 0:0 
[h264 @ 0x559fa2711580] nal_unit_type: 1(Coded slice of a non-IDR picture), nal_ref_idc: 2
[out#0/mp4 @ 0x559fa26a1600] sq: send 0 ts 0.833333
[out#0/mp4 @ 0x559fa26a1600] sq: receive 0 ts 0.833333 queue head 0 ts 0.833333
bench:        0 user      292 sys      257 real encode_video 0.0 
bench:        2 user        1 sys        5 real decode_video 0:0 
bench:        2 user        0 sys        2 real decode_video 0:0 
[h264 @ 0x559fa2711580] nal_unit_type: 1(Coded slice of a non-IDR picture), nal_ref_idc: 0
[out#0/mp4 @ 0x559fa26a1600] sq: send 0 ts 0.875
[out#0/mp4 @ 0x559fa26a1600] sq: receive 0 ts 0.875 queue head 0 ts 0.875
bench:      183 user       71 sys      254 real encode_video 0.0 
bench:        3 user        0 sys        4 real decode_video 0:0 
bench:        2 user        0 sys        2 real decode_video 0:0 
[h264 @ 0x559fa2711580] nal_unit_type: 1(Coded slice of a non-IDR picture), nal_ref_idc: 0
[out#0/mp4 @ 0x559fa26a1600] sq: send 0 ts 0.916667
[out#0/mp4 @ 0x559fa26a1600] sq: receive 0 ts 0.916667 queue head 0 ts 0.916667
bench:      245 user        0 sys      246 real encode_video 0.0 
bench:        3 user        0 sys        6 real decode_video 0:0 
bench:        2 user        0 sys        2 real decode_video 0:0 
[h264 @ 0x559fa2711580] nal_unit_type: 1(Coded slice of a non-IDR picture), nal_ref_idc: 2
[out#0/mp4 @ 0x559fa26a1600] sq: send 0 ts 0.958333
[out#0/mp4 @ 0x559fa26a1600] sq: receive 0 ts 0.958333 queue head 0 ts 0.958333
bench:      414 user        0 sys      351 real encode_video 0.0 
bench:        2 user        0 sys        4 real decode_video 0:0 
bench:        1 user        0 sys        2 real decode_video 0:0 
[h264 @ 0x559fa2711580] nal_unit_type: 1(Coded slice of a non-IDR picture), nal_ref_idc: 2
[out#0/mp4 @ 0x559fa26a1600] sq: send 0 ts 1
[out#0/mp4 @ 0x559fa26a1600] sq: receive 0 ts 1 queue head 0 ts 1
bench:      476 user        0 sys      475 real encode_video 0.0 
bench:        3 user        0 sys        7 real decode_video 0:0 
bench:        2 user        0 sys        2 real decode_video 0:0 
[h264 @ 0x559fa2711580] nal_unit_type: 1(Coded slice of a non-IDR picture), nal_ref_idc: 0
[out#0/mp4 @ 0x559fa26a1600] sq: send 0 ts 1.041667
[out#0/mp4 @ 0x559fa26a1600] sq: receive 0 ts 1.041667 queue head 0 ts 1.041667
bench:      259 user        0 sys      260 real encode_video 0.0 
bench:        3 user        0 sys        6 real decode_video 0:0 
bench:        2 user        0 sys        2 real decode_video 0:0 
[h264 @ 0x559fa2711580] nal_unit_type: 1(Coded slice of a non-IDR picture), nal_ref_idc: 0
[out#0/mp4 @ 0x559fa26a1600] sq: send 0 ts 1.083333
[out#0/mp4 @ 0x559fa26a1600] sq: receive 0 ts 1.083333 queue head 0 ts 1.083333
bench:      290 user        0 sys      256 real encode_video 0.0 
bench:        2 user        0 sys        4 real decode_video 0:0 
bench:        2 user        0 sys        3 real decode_video 0:0 
[h264 @ 0x559fa2711580] nal_unit_type: 1(Coded slice of a non-IDR picture), nal_ref_idc: 2
[out#0/mp4 @ 0x559fa26a1600] sq: send 0 ts 1.125
[out#0/mp4 @ 0x559fa26a1600] sq: receive 0 ts 1.125 queue head 0 ts 1.125
bench:      996 user        0 sys      996 real encode_video 0.0 
bench:        2 user        0 sys        6 real decode_video 0:0 
bench:        2 user        1 sys        2 real decode_video 0:0 
[out#0/mp4 @ 0x559fa26a1600] sq: send 0 ts 1.166667
[out#0/mp4 @ 0x559fa26a1600] sq: receive 0 ts 1.166667 queue head 0 ts 1.166667
[h264 @ 0x559fa2711580] nal_unit_type: 1(Coded slice of a non-IDR picture), nal_ref_idc: 2
bench:      310 user      100 sys      398 real encode_video 0.0 
bench:        2 user        1 sys        6 real decode_video 0:0 
bench:        2 user        1 sys        1 real decode_video 0:0 
[h264 @ 0x559fa2711580] nal_unit_type: 1(Coded slice of a non-IDR picture), nal_ref_idc: 0
[out#0/mp4 @ 0x559fa26a1600] sq: send 0 ts 1.208333
[out#0/mp4 @ 0x559fa26a1600] sq: receive 0 ts 1.208333 queue head 0 ts 1.208333
bench:      181 user       58 sys      240 real encode_video 0.0 
bench:        2 user        0 sys        5 real decode_video 0:0 
bench:        2 user        1 sys        2 real decode_video 0:0 
[h264 @ 0x559fa2711580] nal_unit_type: 1(Coded slice of a non-IDR picture), nal_ref_idc: 0
[out#0/mp4 @ 0x559fa26a1600] sq: send 0 ts 1.25
[out#0/mp4 @ 0x559fa26a1600] sq: receive 0 ts 1.25 queue head 0 ts 1.25
bench:        0 user     1112 sys      607 real encode_video 0.0 
bench:        3 user        1 sys        6 real decode_video 0:0 
bench:        1 user        1 sys        2 real decode_video 0:0 
[h264 @ 0x559fa2711580] nal_unit_type: 1(Coded slice of a non-IDR picture), nal_ref_idc: 2
[out#0/mp4 @ 0x559fa26a1600] sq: send 0 ts 1.291667
[out#0/mp4 @ 0x559fa26a1600] sq: receive 0 ts 1.291667 queue head 0 ts 1.291667
bench:        0 user     1893 sys     1008 real encode_video 0.0 
bench:        2 user        1 sys        6 real decode_video 0:0 
bench:        1 user        1 sys        2 real decode_video 0:0 
[h264 @ 0x559fa2711580] nal_unit_type: 1(Coded slice of a non-IDR picture), nal_ref_idc: 2
[out#0/mp4 @ 0x559fa26a1600] sq: send 0 ts 1.333333
[out#0/mp4 @ 0x559fa26a1600] sq: receive 0 ts 1.333333 queue head 0 ts 1.333333
bench:      183 user       63 sys      246 real encode_video 0.0 
bench:        2 user        0 sys        5 real decode_video 0:0 
bench:        2 user        0 sys        2 real decode_video 0:0 
[h264 @ 0x559fa2711580] nal_unit_type: 1(Coded slice of a non-IDR picture), nal_ref_idc: 2
[out#0/mp4 @ 0x559fa26a1600] sq: send 0 ts 1.375
[out#0/mp4 @ 0x559fa26a1600] sq: receive 0 ts 1.375 queue head 0 ts 1.375
bench:      248 user        0 sys      248 real encode_video 0.0 
bench:        2 user        0 sys        4 real decode_video 0:0 
bench:        2 user        0 sys        2 real decode_video 0:0 
[h264 @ 0x559fa2711580] nal_unit_type: 1(Coded slice of a non-IDR picture), nal_ref_idc: 2
[out#0/mp4 @ 0x559fa26a1600] sq: send 0 ts 1.416667
[out#0/mp4 @ 0x559fa26a1600] sq: receive 0 ts 1.416667 queue head 0 ts 1.416667
bench:      234 user        0 sys      234 real encode_video 0.0 
bench:        2 user        0 sys        4 real decode_video 0:0 
bench:        1 user        0 sys        2 real decode_video 0:0 
[h264 @ 0x559fa2711580] nal_unit_type: 1(Coded slice of a non-IDR picture), nal_ref_idc: 2
[out#0/mp4 @ 0x559fa26a1600] sq: send 0 ts 1.458333
[out#0/mp4 @ 0x559fa26a1600] sq: receive 0 ts 1.458333 queue head 0 ts 1.458333
bench:      671 user     2691 sys     2321 real encode_video 0.0 
bench:        2 user        0 sys        5 real decode_video 0:0 
bench:        1 user        0 sys        2 real decode_video 0:0 
[h264 @ 0x559fa2711580] nal_unit_type: 1(Coded slice of a non-IDR picture), nal_ref_idc: 2
[out#0/mp4 @ 0x559fa26a1600] sq: send 0 ts 1.5
[out#0/mp4 @ 0x559fa26a1600] sq: receive 0 ts 1.5 queue head 0 ts 1.5
bench:      190 user       64 sys      255 real encode_video 0.0 
bench:        4 user        0 sys        8 real decode_video 0:0 
bench:        2 user        0 sys        1 real decode_video 0:0 
[h264 @ 0x559fa2711580] nal_unit_type: 1(Coded slice of a non-IDR picture), nal_ref_idc: 2
[out#0/mp4 @ 0x559fa26a1600] sq: send 0 ts 1.541667
[out#0/mp4 @ 0x559fa26a1600] sq: receive 0 ts 1.541667 queue head 0 ts 1.541667
bench:      321 user        0 sys      322 real encode_video 0.0 
bench:        3 user        0 sys        6 real decode_video 0:0 
bench:        2 user        0 sys        3 real decode_video 0:0 
[h264 @ 0x559fa2711580] nal_unit_type: 1(Coded slice of a non-IDR picture), nal_ref_idc: 2
[out#0/mp4 @ 0x559fa26a1600] sq: send 0 ts 1.583333
[out#0/mp4 @ 0x559fa26a1600] sq: receive 0 ts 1.583333 queue head 0 ts 1.583333
bench:      270 user        0 sys      270 real encode_video 0.0 
bench:        4 user        0 sys        6 real decode_video 0:0 
bench:        1 user        0 sys        2 real decode_video 0:0 
[h264 @ 0x559fa2711580] nal_unit_type: 1(Coded slice of a non-IDR picture), nal_ref_idc: 2
[out#0/mp4 @ 0x559fa26a1600] sq: send 0 ts 1.625
[out#0/mp4 @ 0x559fa26a1600] sq: receive 0 ts 1.625 queue head 0 ts 1.625
bench:      287 user        0 sys      287 real encode_video 0.0 
bench:        3 user        1 sys        6 real decode_video 0:0 
bench:        1 user        0 sys        2 real decode_video 0:0 
[h264 @ 0x559fa2711580] nal_unit_type: 1(Coded slice of a non-IDR picture), nal_ref_idc: 2
[out#0/mp4 @ 0x559fa26a1600] sq: send 0 ts 1.666667
[out#0/mp4 @ 0x559fa26a1600] sq: receive 0 ts 1.666667 queue head 0 ts 1.666667
bench:      202 user       63 sys      266 real encode_video 0.0 
bench:        2 user        0 sys        5 real decode_video 0:0 
bench:        2 user        0 sys        3 real decode_video 0:0 
[h264 @ 0x559fa2711580] nal_unit_type: 1(Coded slice of a non-IDR picture), nal_ref_idc: 2
[out#0/mp4 @ 0x559fa26a1600] sq: send 0 ts 1.708333
[out#0/mp4 @ 0x559fa26a1600] sq: receive 0 ts 1.708333 queue head 0 ts 1.708333
bench:      223 user       68 sys      291 real encode_video 0.0 
bench:        2 user        0 sys        6 real decode_video 0:0 
bench:        2 user        0 sys        2 real decode_video 0:0 
[h264 @ 0x559fa2711580] nal_unit_type: 1(Coded slice of a non-IDR picture), nal_ref_idc: 2
[out#0/mp4 @ 0x559fa26a1600] sq: send 0 ts 1.75
[out#0/mp4 @ 0x559fa26a1600] sq: receive 0 ts 1.75 queue head 0 ts 1.75
bench:        2 user        0 sys        6 real decode_video 0:0 
bench:        1 user        0 sys        2 real decode_video 0:0 
[h264 @ 0x559fa2711580] nal_unit_type: 1(Coded slice of a non-IDR picture), nal_ref_idc: 2
[out#0/mp4 @ 0x559fa26a1600] sq: send 0 ts 1.791667
[out#0/mp4 @ 0x559fa26a1600] sq: receive 0 ts 1.791667 queue head 0 ts 1.791667
bench:        2 user        1 sys        6 real decode_video 0:0 
bench:        1 user        0 sys        2 real decode_video 0:0 
[h264 @ 0x559fa2711580] nal_unit_type: 1(Coded slice of a non-IDR picture), nal_ref_idc: 2
[out#0/mp4 @ 0x559fa26a1600] sq: send 0 ts 1.833333
[out#0/mp4 @ 0x559fa26a1600] sq: receive 0 ts 1.833333 queue head 0 ts 1.833333
bench:        2 user        0 sys        6 real decode_video 0:0 
bench:        1 user        0 sys        2 real decode_video 0:0 
[h264 @ 0x559fa2711580] nal_unit_type: 5(IDR), nal_ref_idc: 3
[out#0/mp4 @ 0x559fa26a1600] sq: send 0 ts 1.875
[out#0/mp4 @ 0x559fa26a1600] sq: receive 0 ts 1.875 queue head 0 ts 1.875
bench:        3 user        1 sys        6 real decode_video 0:0 
bench:        2 user        0 sys        2 real decode_video 0:0 
[h264 @ 0x559fa2711580] nal_unit_type: 1(Coded slice of a non-IDR picture), nal_ref_idc: 2
[out#0/mp4 @ 0x559fa26a1600] sq: send 0 ts 1.916667
[out#0/mp4 @ 0x559fa26a1600] sq: receive 0 ts 1.916667 queue head 0 ts 1.916667
bench:        3 user        0 sys        5 real decode_video 0:0 
bench:        2 user        0 sys        2 real decode_video 0:0 
[h264 @ 0x559fa2711580] nal_unit_type: 1(Coded slice of a non-IDR picture), nal_ref_idc: 2
[out#0/mp4 @ 0x559fa26a1600] sq: send 0 ts 1.958333
[out#0/mp4 @ 0x559fa26a1600] sq: receive 0 ts 1.958333 queue head 0 ts 1.958333
bench:        3 user        0 sys        6 real decode_video 0:0 
bench:        2 user        0 sys        2 real decode_video 0:0 
[h264 @ 0x559fa2711580] nal_unit_type: 1(Coded slice of a non-IDR picture), nal_ref_idc: 0
[out#0/mp4 @ 0x559fa26a1600] sq: send 0 ts 2
[out#0/mp4 @ 0x559fa26a1600] sq: 0 frames_max 48 reached
[out#0/mp4 @ 0x559fa26a1600] sq: finish 0; head ts 2
[out#0/mp4 @ 0x559fa26a1600] sq: finish queue
[out#0/mp4 @ 0x559fa26a1600] sq: receive 0 ts 2 queue head 0 ts 2
[vf#0:0 @ 0x559fa27191c0] All consumers returned EOF
[out#0/mp4 @ 0x559fa26a1600] sq: 0 EOF
[out#0/mp4 @ 0x559fa26a1600] sq: finish queue
[vf#0:0 @ 0x559fa27191c0] Terminating thread with return code 0 (success)
bench:        2 user        1 sys        5 real decode_video 0:0 
[vist#0:0/h264 @ 0x559fa2718140] [dec:h264 @ 0x559fa2711200] Decoder returned EOF, finishing
[vist#0:0/h264 @ 0x559fa2718140] [dec:h264 @ 0x559fa2711200] Terminating thread with return code 0 (success)
[vist#0:0/h264 @ 0x559fa2718140] All consumers of this stream are done
[in#0/mov,mp4,m4a,3gp,3g2,mj2 @ 0x559fa268d6c0] All consumers are done
[in#0/mov,mp4,m4a,3gp,3g2,mj2 @ 0x559fa268d6c0] Terminating thread with return code 0 (success)
[libx264 @ 0x559fa268e640] frame=   0 QP=27.57 NAL=3 Slice:I Poc:0   I:336  P:0    SKIP:0    size=16737 bytes
bench:    19536 user      992 sys    17735 real encode_video 0.0 
bench:       14 user        3 sys       19 real encode_video 0.0 
[libx264 @ 0x559fa268e640] frame=   1 QP=27.80 NAL=2 Slice:P Poc:8   I:157  P:179  SKIP:0    size=13934 bytes
bench:    12759 user        0 sys    12758 real encode_video 0.0 
bench:       16 user        0 sys       16 real encode_video 0.0 
[libx264 @ 0x559fa268e640] frame=   2 QP=28.20 NAL=2 Slice:B Poc:4   I:100  P:232  SKIP:4    size=11329 bytes
bench:    17100 user     1118 sys    18216 real encode_video 0.0 
bench:       11 user        3 sys       16 real encode_video 0.0 
[libx264 @ 0x559fa268e640] frame=   3 QP=28.73 NAL=0 Slice:B Poc:2   I:68   P:256  SKIP:12   size=8084 bytes
bench:    12843 user        0 sys    12842 real encode_video 0.0 
bench:       15 user        0 sys       17 real encode_video 0.0 
[libx264 @ 0x559fa268e640] frame=   4 QP=28.89 NAL=0 Slice:B Poc:6   I:85   P:240  SKIP:11   size=8459 bytes
bench:    18855 user      482 sys    19334 real encode_video 0.0 
bench:       16 user        4 sys       22 real encode_video 0.0 
[libx264 @ 0x559fa268e640] frame=   5 QP=27.86 NAL=2 Slice:P Poc:16  I:143  P:193  SKIP:0    size=13312 bytes
bench:     9837 user    12910 sys    22746 real encode_video 0.0 
bench:       17 user        4 sys       23 real encode_video 0.0 
[libx264 @ 0x559fa268e640] frame=   6 QP=28.15 NAL=2 Slice:B Poc:12  I:76   P:242  SKIP:18   size=10229 bytes
bench:    12853 user     3983 sys    16814 real encode_video 0.0 
bench:       23 user        5 sys       50 real encode_video 0.0 
[vost#0:0/libx264 @ 0x559fa2718640] Encoder thread received EOF
[libx264 @ 0x559fa268e640] frame=   7 QP=28.85 NAL=0 Slice:B Poc:10  I:68   P:244  SKIP:24   size=7662 bytes
bench:    16546 user      991 sys    17535 real flush_video 0.0 
[libx264 @ 0x559fa268e640] frame=   8 QP=28.97 NAL=0 Slice:B Poc:14  I:46   P:270  SKIP:20   size=7411 bytes
bench:    11908 user        0 sys    11908 real flush_video 0.0 
[libx264 @ 0x559fa268e640] frame=   9 QP=27.73 NAL=2 Slice:P Poc:24  I:127  P:209  SKIP:0    size=13613 bytes
bench:    24026 user      929 sys    24953 real flush_video 0.0 
[libx264 @ 0x559fa268e640] frame=  10 QP=28.19 NAL=2 Slice:B Poc:20  I:95   P:230  SKIP:11   size=11095 bytes
bench:    15883 user        0 sys    15883 real flush_video 0.0 
[libx264 @ 0x559fa268e640] frame=  11 QP=28.98 NAL=0 Slice:B Poc:18  I:51   P:270  SKIP:15   size=8103 bytes
bench:    19609 user      725 sys    20335 real flush_video 0.0 
[libx264 @ 0x559fa268e640] frame=  12 QP=28.94 NAL=0 Slice:B Poc:22  I:61   P:253  SKIP:22   size=7794 bytes
bench:    12705 user       45 sys    12751 real flush_video 0.0 
[libx264 @ 0x559fa268e640] frame=  13 QP=27.74 NAL=2 Slice:P Poc:32  I:107  P:229  SKIP:0    size=13105 bytes
bench:    19234 user      209 sys    19441 real flush_video 0.0 
[libx264 @ 0x559fa268e640] frame=  14 QP=28.22 NAL=2 Slice:B Poc:28  I:84   P:239  SKIP:13   size=10802 bytes
bench:    21997 user      258 sys    22289 real flush_video 0.0 
[libx264 @ 0x559fa268e640] frame=  15 QP=28.84 NAL=0 Slice:B Poc:26  I:77   P:227  SKIP:32   size=8417 bytes
bench:    11814 user        0 sys    11813 real flush_video 0.0 
[libx264 @ 0x559fa268e640] frame=  16 QP=28.93 NAL=0 Slice:B Poc:30  I:65   P:248  SKIP:23   size=7914 bytes
bench:    16160 user       62 sys    16222 real flush_video 0.0 
[libx264 @ 0x559fa268e640] frame=  17 QP=27.72 NAL=2 Slice:P Poc:40  I:106  P:229  SKIP:1    size=13306 bytes
bench:    16089 user        0 sys    16033 real flush_video 0.0 
[libx264 @ 0x559fa268e640] frame=  18 QP=28.00 NAL=2 Slice:B Poc:36  I:106  P:215  SKIP:15   size=11375 bytes
bench:    20219 user      161 sys    20381 real flush_video 0.0 
[libx264 @ 0x559fa268e640] frame=  19 QP=28.89 NAL=0 Slice:B Poc:34  I:61   P:248  SKIP:27   size=7934 bytes
bench:    11834 user        0 sys    11833 real flush_video 0.0 
[libx264 @ 0x559fa268e640] frame=  20 QP=28.89 NAL=0 Slice:B Poc:38  I:39   P:275  SKIP:22   size=7321 bytes
bench:    16685 user      240 sys    16925 real flush_video 0.0 
[libx264 @ 0x559fa268e640] frame=  21 QP=27.67 NAL=2 Slice:P Poc:48  I:99   P:237  SKIP:0    size=13277 bytes
bench:    16130 user        0 sys    16132 real flush_video 0.0 
[libx264 @ 0x559fa268e640] frame=  22 QP=28.25 NAL=2 Slice:B Poc:44  I:74   P:253  SKIP:9    size=10625 bytes
bench:    22040 user        0 sys    22039 real flush_video 0.0 
[libx264 @ 0x559fa268e640] frame=  23 QP=28.82 NAL=0 Slice:B Poc:42  I:65   P:250  SKIP:21   size=8316 bytes
bench:    11646 user        0 sys    11647 real flush_video 0.0 
[libx264 @ 0x559fa268e640] frame=  24 QP=28.82 NAL=0 Slice:B Poc:46  I:81   P:232  SKIP:23   size=8131 bytes
bench:    17122 user      192 sys    17313 real flush_video 0.0 
[libx264 @ 0x559fa268e640] frame=  25 QP=27.87 NAL=2 Slice:P Poc:56  I:104  P:232  SKIP:0    size=12551 bytes
bench:    16695 user      117 sys    16832 real flush_video 0.0 
[libx264 @ 0x559fa268e640] frame=  26 QP=28.21 NAL=2 Slice:B Poc:52  I:101  P:224  SKIP:11   size=10547 bytes
bench:    22708 user      378 sys    23094 real flush_video 0.0 
[libx264 @ 0x559fa268e640] frame=  27 QP=28.79 NAL=0 Slice:B Poc:50  I:54   P:255  SKIP:27   size=7336 bytes
bench:    12225 user        0 sys    12226 real flush_video 0.0 
[libx264 @ 0x559fa268e640] frame=  28 QP=28.80 NAL=0 Slice:B Poc:54  I:71   P:245  SKIP:20   size=8280 bytes
bench:    18936 user      168 sys    19103 real flush_video 0.0 
[libx264 @ 0x559fa268e640] frame=  29 QP=28.01 NAL=2 Slice:P Poc:64  I:120  P:214  SKIP:2    size=11896 bytes
bench:    18464 user      618 sys    19083 real flush_video 0.0 
[libx264 @ 0x559fa268e640] frame=  30 QP=28.08 NAL=2 Slice:B Poc:60  I:100  P:217  SKIP:19   size=11118 bytes
bench:    14851 user        0 sys    14851 real flush_video 0.0 
[libx264 @ 0x559fa268e640] frame=  31 QP=28.81 NAL=0 Slice:B Poc:58  I:64   P:251  SKIP:21   size=7670 bytes
bench:    17855 user        0 sys    17856 real flush_video 0.0 
[libx264 @ 0x559fa268e640] frame=  32 QP=28.37 NAL=0 Slice:B Poc:62  I:81   P:234  SKIP:21   size=10185 bytes
bench:    13487 user        0 sys    13486 real flush_video 0.0 
[libx264 @ 0x559fa268e640] frame=  33 QP=28.05 NAL=2 Slice:P Poc:72  I:107  P:228  SKIP:1    size=12245 bytes
bench:    23675 user      117 sys    23793 real flush_video 0.0 
[libx264 @ 0x559fa268e640] frame=  34 QP=28.34 NAL=2 Slice:B Poc:68  I:80   P:242  SKIP:14   size=10751 bytes
bench:    15865 user        0 sys    15865 real flush_video 0.0 
[libx264 @ 0x559fa268e640] frame=  35 QP=28.82 NAL=0 Slice:B Poc:66  I:70   P:239  SKIP:27   size=8708 bytes
bench:    19097 user      103 sys    19200 real flush_video 0.0 
[libx264 @ 0x559fa268e640] frame=  36 QP=28.89 NAL=0 Slice:B Poc:70  I:53   P:258  SKIP:25   size=7770 bytes
bench:    12965 user        0 sys    12965 real flush_video 0.0 
[libx264 @ 0x559fa268e640] frame=  37 QP=28.15 NAL=2 Slice:P Poc:80  I:98   P:238  SKIP:0    size=11453 bytes
bench:    19326 user       41 sys    19366 real flush_video 0.0 
[libx264 @ 0x559fa268e640] frame=  38 QP=28.45 NAL=2 Slice:B Poc:76  I:77   P:242  SKIP:17   size=9745 bytes
bench:    18942 user       69 sys    19012 real flush_video 0.0 
[libx264 @ 0x559fa268e640] frame=  39 QP=28.82 NAL=0 Slice:B Poc:74  I:57   P:253  SKIP:26   size=7927 bytes
bench:    14054 user      180 sys    14234 real flush_video 0.0 
[libx264 @ 0x559fa268e640] frame=  40 QP=28.94 NAL=0 Slice:B Poc:78  I:58   P:255  SKIP:23   size=7572 bytes
bench:    13219 user        0 sys    13217 real flush_video 0.0 
[libx264 @ 0x559fa268e640] frame=  41 QP=28.21 NAL=2 Slice:P Poc:88  I:108  P:228  SKIP:0    size=11669 bytes
bench:    19579 user      184 sys    19765 real flush_video 0.0 
[libx264 @ 0x559fa268e640] frame=  42 QP=28.19 NAL=2 Slice:B Poc:84  I:84   P:228  SKIP:24   size=10577 bytes
bench:    19232 user      148 sys    19380 real flush_video 0.0 
[libx264 @ 0x559fa268e640] frame=  43 QP=28.86 NAL=0 Slice:B Poc:82  I:94   P:221  SKIP:21   size=8129 bytes
bench:     8887 user     4279 sys    13167 real flush_video 0.0 
[libx264 @ 0x559fa268e640] frame=  44 QP=28.87 NAL=0 Slice:B Poc:86  I:65   P:246  SKIP:25   size=7754 bytes
bench:    28286 user     1197 sys    29504 real flush_video 0.0 
[libx264 @ 0x559fa268e640] frame=  45 QP=29.10 NAL=2 Slice:P Poc:94  I:185  P:147  SKIP:4    size=10994 bytes
bench:    19067 user      174 sys    19205 real flush_video 0.0 
[libx264 @ 0x559fa268e640] frame=  46 QP=28.38 NAL=2 Slice:B Poc:90  I:80   P:244  SKIP:12   size=10101 bytes
bench:    15778 user        0 sys    15779 real flush_video 0.0 
[libx264 @ 0x559fa268e640] frame=  47 QP=29.02 NAL=0 Slice:B Poc:92  I:72   P:239  SKIP:25   size=7875 bytes
bench:    17235 user      205 sys    17438 real flush_video 0.0 
bench:       49 user        5 sys       57 real flush_video 0.0 
[out#0/mp4 @ 0x559fa26a1600] All streams finished
[out#0/mp4 @ 0x559fa26a1600] Terminating thread with return code 0 (success)
[vost#0:0/libx264 @ 0x559fa2718640] Terminating thread with return code 0 (success)
[mp4 @ 0x559fa2717b00] Starting second pass: moving the moov atom to the beginning of the file
[mp4 @ 0x559fa2717b00] Opening '/workspace/video-export-size-estimation/artifacts/decoder-cost-study-2026-10-03/grain-segment0-frames_limit-debug.mp4' for reading
[file @ 0x559fa26951c0] Setting default whitelist 'file,crypto,data'
[AVIOContext @ 0x559fa2695300] Statistics: 481875 bytes read, 0 seeks
[AVIOContext @ 0x559fa26a1100] Statistics: 965117 bytes written, 4 seeks, 7 writeouts
[out#0/mp4 @ 0x559fa26a1600] Output file #0 (/workspace/video-export-size-estimation/artifacts/decoder-cost-study-2026-10-03/grain-segment0-frames_limit-debug.mp4):
[out#0/mp4 @ 0x559fa26a1600]   Output stream #0:0 (video): 48 frames encoded; 48 packets muxed (481826 bytes); 
[out#0/mp4 @ 0x559fa26a1600]   Total: 48 packets (481826 bytes) muxed
[out#0/mp4 @ 0x559fa26a1600] video:471KiB audio:0KiB subtitle:0KiB other streams:0KiB global headers:0KiB muxing overhead: 0.299693%
frame=   48 fps= 46 q=28.0 Lsize=     472KiB time=00:00:00.00 bitrate=N/A speed=   0x    
bench: utime=1.021s stime=0.068s rtime=1.038s
bench: maxrss=63060KiB
[libx264 @ 0x559fa268e640] frame I:1     Avg QP:27.57  size: 16737
[libx264 @ 0x559fa268e640] frame P:12    Avg QP:27.99  size: 12613
[libx264 @ 0x559fa268e640] frame B:35    Avg QP:28.63  size:  8944
[libx264 @ 0x559fa268e640] consecutive B-frames:  2.1%  0.0%  6.2% 91.7%
[libx264 @ 0x559fa268e640] mb I  I16..4: 45.2% 35.1% 19.6%
[libx264 @ 0x559fa268e640] mb P  I16..4:  5.2% 19.7% 11.4%  P16..4: 20.4% 24.3% 18.8%  0.0%  0.0%    skip: 0.2%
[libx264 @ 0x559fa268e640] mb B  I16..4:  3.3% 15.9%  2.6%  B16..8: 42.5% 14.7%  6.0%  direct: 9.3%  skip: 5.8%  L0:43.4% L1:44.7% BI:11.9%
[libx264 @ 0x559fa268e640] 8x8 transform intra:63.7% inter:59.1%
[libx264 @ 0x559fa268e640] coded y,uvDC,uvAC intra: 97.9% 100.0% 100.0% inter: 59.4% 90.8% 85.0%
[libx264 @ 0x559fa268e640] i16 v,h,dc,p: 10%  4% 80%  7%
[libx264 @ 0x559fa268e640] i8 v,h,dc,ddl,ddr,vr,hd,vl,hu: 10%  4% 60%  8%  4%  3%  4%  5%  4%
[libx264 @ 0x559fa268e640] i4 v,h,dc,ddl,ddr,vr,hd,vl,hu: 12%  6% 50%  8%  5%  5%  6%  5%  5%
[libx264 @ 0x559fa268e640] i8c dc,h,v,p: 79%  3% 14%  4%
[libx264 @ 0x559fa268e640] Weighted P-Frames: Y:0.0% UV:0.0%
[libx264 @ 0x559fa268e640] ref P L0: 39.9% 11.5% 31.3% 17.3%
[libx264 @ 0x559fa268e640] ref B L0: 70.3% 23.4%  6.4%
[libx264 @ 0x559fa268e640] ref B L1: 88.3% 11.7%
[libx264 @ 0x559fa268e640] kb/s:1924.55
[in#0/mov,mp4,m4a,3gp,3g2,mj2 @ 0x559fa268d6c0] Input file #0 (/workspace/video-export-size-estimation/artifacts/corpus-v1/grain.mp4):
[in#0/mov,mp4,m4a,3gp,3g2,mj2 @ 0x559fa268d6c0]   Input stream #0:0 (video): 60 packets read (1717723 bytes); 49 frames decoded; 0 decode errors; 
[in#0/mov,mp4,m4a,3gp,3g2,mj2 @ 0x559fa268d6c0]   Total: 60 packets (1717723 bytes) demuxed
[AVIOContext @ 0x559fa2695fc0] Statistics: 1810937 bytes read, 3 seeks
