Input #0, mov,mp4,m4a,3gp,3g2,mj2, from '/workspace/video-export-size-estimation/artifacts/corpus-v1/motion.mp4':
  Metadata:
    major_brand     : isom
    minor_version   : 512
    compatible_brands: isomiso2avc1mp41
    encoder         : Lavf61.7.103
  Duration: 00:00:24.00, start: 0.000000, bitrate: 456 kb/s
  Stream #0:0[0x1](und): Video: h264 (High) (avc1 / 0x31637661), yuv420p(progressive), 384x216 [SAR 1:1 DAR 16:9], 453 kb/s, 24 fps, 24 tbr, 12288 tbn (default)
      Metadata:
        handler_name    : VideoHandler
        vendor_id       : [0][0][0][0]
        encoder         : Lavc61.19.101 libx264
Stream mapping:
  Stream #0:0 -> #0:0 (h264 (native) -> h264 (libx264))
[libx264 @ 0x558c1836b400] using SAR=1/1
[libx264 @ 0x558c1836b400] using cpu capabilities: MMX2 SSE2Fast SSSE3 SSE4.2 AVX FMA3 BMI2 AVX2 AVX512
[libx264 @ 0x558c1836b400] profile High, level 1.3, 4:2:0, 8-bit
[libx264 @ 0x558c1836b400] 264 - core 164 r3108 31e19f9 - H.264/MPEG-4 AVC codec - Copyleft 2003-2023 - http://www.videolan.org/x264.html - options: cabac=1 ref=3 deblock=1:0:0 analyse=0x3:0x113 me=hex subme=7 psy=1 psy_rd=1.00:0.00 mixed_ref=1 me_range=16 chroma_me=1 trellis=1 8x8dct=1 cqm=0 deadzone=21,11 fast_pskip=1 chroma_qp_offset=-2 threads=1 lookahead_threads=1 sliced_threads=0 nr=0 decimate=1 interlaced=0 bluray_compat=0 constrained_intra=0 bframes=3 b_pyramid=2 b_adapt=1 b_bias=0 direct=1 weightb=1 open_gop=0 weightp=2 keyint=250 keyint_min=1 scenecut=40 intra_refresh=0 rc_lookahead=40 rc=crf mbtree=1 crf=23.0 qcomp=0.60 qpmin=0 qpmax=69 qpstep=4 ip_ratio=1.40 aq=1:1.00
Output #0, mp4, to '/workspace/video-export-size-estimation/artifacts/decoder-cost-study-2026-10-03/motion/capture-cache/partial-om2iwa5s.mp4':
  Metadata:
    encoder         : Lavf61.7.103
  Stream #0:0: Video: h264 (avc1 / 0x31637661), yuv420p(tv, progressive), 384x216 [SAR 1:1 DAR 16:9], q=2-31, 24 fps, 12288 tbn (default)
      Metadata:
        encoder         : Lavc61.19.101 libx264
      Side data:
        cpb: bitrate max/min/avg: 0/0/0 buffer size: 0 vbv_delay: N/A
[mp4 @ 0x558c1836cbc0] Starting second pass: moving the moov atom to the beginning of the file
[out#0/mp4 @ 0x558c18380800] video:69KiB audio:0KiB subtitle:0KiB other streams:0KiB global headers:0KiB muxing overhead: 1.989627%
frame=   48 fps=0.0 q=28.0 Lsize=      70KiB time=00:00:00.00 bitrate=N/A speed=   0x    
bench: utime=0.192s stime=0.035s rtime=0.192s
bench: maxrss=63684KiB
[libx264 @ 0x558c1836b400] frame I:1     Avg QP:13.28  size:  4511
[libx264 @ 0x558c1836b400] frame P:16    Avg QP:25.73  size:  1960
[libx264 @ 0x558c1836b400] frame B:31    Avg QP:30.32  size:  1097
[libx264 @ 0x558c1836b400] consecutive B-frames:  4.2% 16.7% 37.5% 41.7%
[libx264 @ 0x558c1836b400] mb I  I16..4: 70.2%  9.8% 19.9%
[libx264 @ 0x558c1836b400] mb P  I16..4:  1.7%  4.9%  1.2%  P16..4: 15.0%  9.0%  5.2%  0.0%  0.0%    skip:63.0%
[libx264 @ 0x558c1836b400] mb B  I16..4:  0.1%  0.2%  0.2%  B16..8: 20.9%  5.9%  1.3%  direct: 1.7%  skip:69.6%  L0:50.8% L1:42.7% BI: 6.5%
[libx264 @ 0x558c1836b400] 8x8 transform intra:38.9% inter:38.5%
[libx264 @ 0x558c1836b400] coded y,uvDC,uvAC intra: 15.5% 29.1% 27.1% inter: 4.9% 12.9% 9.5%
[libx264 @ 0x558c1836b400] i16 v,h,dc,p: 80% 14%  5%  1%
[libx264 @ 0x558c1836b400] i8 v,h,dc,ddl,ddr,vr,hd,vl,hu:  8% 23% 64%  3%  0%  0%  1%  1%  1%
[libx264 @ 0x558c1836b400] i4 v,h,dc,ddl,ddr,vr,hd,vl,hu: 44% 26% 20%  2%  1%  1%  3%  2%  1%
[libx264 @ 0x558c1836b400] i8c dc,h,v,p: 57% 18% 24%  1%
[libx264 @ 0x558c1836b400] Weighted P-Frames: Y:0.0% UV:0.0%
[libx264 @ 0x558c1836b400] ref P L0: 59.9%  7.5% 20.0% 12.5%
[libx264 @ 0x558c1836b400] ref B L0: 77.1% 18.6%  4.3%
[libx264 @ 0x558c1836b400] ref B L1: 97.1%  2.9%
[libx264 @ 0x558c1836b400] kb/s:279.51
