Input #0, mov,mp4,m4a,3gp,3g2,mj2, from '/workspace/video-export-size-estimation/artifacts/corpus-v1/motion.mp4':
  Metadata:
    major_brand     : isom
    minor_version   : 512
    compatible_brands: isomiso2avc1mp41
    encoder         : Lavf61.7.103
  Duration: 00:00:24.00, start: 0.000000, bitrate: 456 kb/s
  Stream #0:0[0x1](und): Video: h264 (High) (avc1 / 0x31637661), yuv420p(progressive), 384x216 [SAR 1:1 DAR 16:9], 453 kb/s, 24 fps, 24 tbr, 12288 tbn (default)
      Metadata:
        handler_name    : VideoHandler
        vendor_id       : [0][0][0][0]
        encoder         : Lavc61.19.101 libx264
Stream mapping:
  Stream #0:0 -> #0:0 (h264 (native) -> h264 (libx264))
[libx264 @ 0x55e5d275e400] using SAR=1/1
[libx264 @ 0x55e5d275e400] using cpu capabilities: MMX2 SSE2Fast SSSE3 SSE4.2 AVX FMA3 BMI2 AVX2 AVX512
[libx264 @ 0x55e5d275e400] profile High, level 1.3, 4:2:0, 8-bit
[libx264 @ 0x55e5d275e400] 264 - core 164 r3108 31e19f9 - H.264/MPEG-4 AVC codec - Copyleft 2003-2023 - http://www.videolan.org/x264.html - options: cabac=1 ref=3 deblock=1:0:0 analyse=0x3:0x113 me=hex subme=7 psy=1 psy_rd=1.00:0.00 mixed_ref=1 me_range=16 chroma_me=1 trellis=1 8x8dct=1 cqm=0 deadzone=21,11 fast_pskip=1 chroma_qp_offset=-2 threads=1 lookahead_threads=1 sliced_threads=0 nr=0 decimate=1 interlaced=0 bluray_compat=0 constrained_intra=0 bframes=3 b_pyramid=2 b_adapt=1 b_bias=0 direct=1 weightb=1 open_gop=0 weightp=2 keyint=250 keyint_min=1 scenecut=40 intra_refresh=0 rc_lookahead=40 rc=crf mbtree=1 crf=23.0 qcomp=0.60 qpmin=0 qpmax=69 qpstep=4 ip_ratio=1.40 aq=1:1.00
Output #0, mp4, to '/workspace/video-export-size-estimation/artifacts/decoder-cost-study-2026-10-03/motion-segment6-original-1.mp4':
  Metadata:
    encoder         : Lavf61.7.103
  Stream #0:0: Video: h264 (avc1 / 0x31637661), yuv420p(tv, progressive), 384x216 [SAR 1:1 DAR 16:9], q=2-31, 24 fps, 12288 tbn (default)
      Metadata:
        encoder         : Lavc61.19.101 libx264
      Side data:
        cpb: bitrate max/min/avg: 0/0/0 buffer size: 0 vbv_delay: N/A
[mp4 @ 0x55e5d275fbc0] Starting second pass: moving the moov atom to the beginning of the file
[out#0/mp4 @ 0x55e5d2773800] video:70KiB audio:0KiB subtitle:0KiB other streams:0KiB global headers:0KiB muxing overhead: 2.008392%
frame=   48 fps=0.0 q=28.0 Lsize=      71KiB time=00:00:00.00 bitrate=N/A speed=   0x    
bench: utime=0.306s stime=0.051s rtime=0.325s
bench: maxrss=62384KiB
[libx264 @ 0x55e5d275e400] frame I:1     Avg QP:13.87  size:  4936
[libx264 @ 0x55e5d275e400] frame P:16    Avg QP:24.37  size:  1910
[libx264 @ 0x55e5d275e400] frame B:31    Avg QP:30.73  size:  1139
[libx264 @ 0x55e5d275e400] consecutive B-frames:  6.2% 20.8%  6.2% 66.7%
[libx264 @ 0x55e5d275e400] mb I  I16..4: 65.8%  9.2% 25.0%
[libx264 @ 0x55e5d275e400] mb P  I16..4:  2.7%  4.0%  1.0%  P16..4: 14.8%  8.6%  5.0%  0.0%  0.0%    skip:64.0%
[libx264 @ 0x55e5d275e400] mb B  I16..4:  0.2%  0.3%  0.2%  B16..8: 20.7%  6.3%  1.3%  direct: 1.7%  skip:69.3%  L0:48.1% L1:44.8% BI: 7.1%
[libx264 @ 0x55e5d275e400] 8x8 transform intra:34.2% inter:39.3%
[libx264 @ 0x55e5d275e400] coded y,uvDC,uvAC intra: 14.7% 30.5% 27.7% inter: 5.0% 12.8% 9.5%
[libx264 @ 0x55e5d275e400] i16 v,h,dc,p: 80% 14%  5%  1%
[libx264 @ 0x55e5d275e400] i8 v,h,dc,ddl,ddr,vr,hd,vl,hu:  9% 18% 68%  3%  0%  0%  0%  1%  1%
[libx264 @ 0x55e5d275e400] i4 v,h,dc,ddl,ddr,vr,hd,vl,hu: 43% 26% 19%  3%  1%  1%  3%  2%  2%
[libx264 @ 0x55e5d275e400] i8c dc,h,v,p: 58% 16% 25%  1%
[libx264 @ 0x55e5d275e400] Weighted P-Frames: Y:0.0% UV:0.0%
[libx264 @ 0x55e5d275e400] ref P L0: 63.7%  7.4% 18.7% 10.1%
[libx264 @ 0x55e5d275e400] ref B L0: 77.4% 18.6%  4.0%
[libx264 @ 0x55e5d275e400] ref B L1: 93.6%  6.4%
[libx264 @ 0x55e5d275e400] kb/s:283.25
