Splitting the commandline.
Reading option '-hide_banner' ... matched as option 'hide_banner' (do not show program banner) with argument '1'.
Reading option '-loglevel' ... matched as option 'loglevel' (set logging level) with argument 'debug'.
Reading option '-nostdin' ... matched as option 'stdin' (enable or disable interaction on standard input) with argument 0.
Reading option '-y' ... matched as option 'y' (overwrite output files) with argument '1'.
Reading option '-xerror' ... matched as option 'xerror' (exit on error) with argument '1'.
Reading option '-benchmark' ... matched as option 'benchmark' (add timings for benchmarking) with argument '1'.
Reading option '-nostats' ... matched as option 'stats' (print progress report during encoding) with argument 0.
Reading option '-threads' ... matched as AVOption 'threads' with argument '1'.
Reading option '-filter_threads' ... matched as option 'filter_threads' (number of non-complex filter threads) with argument '1'.
Reading option '-filter_complex_threads' ... matched as option 'filter_complex_threads' (number of threads for -filter_complex) with argument '1'.
Reading option '-ss' ... matched as option 'ss' (start transcoding at specified time) with argument '20.000000'.
Reading option '-copyts' ... matched as option 'copyts' (copy timestamps) with argument '1'.
Reading option '-i' ... matched as input url with argument '/workspace/video-export-size-estimation/artifacts/corpus-v1/motion.mp4'.
Reading option '-map' ... matched as option 'map' (set input stream mapping) with argument '0:0'.
Reading option '-an' ... matched as option 'an' (disable audio) with argument '1'.
Reading option '-sn' ... matched as option 'sn' (disable subtitle) with argument '1'.
Reading option '-dn' ... matched as option 'dn' (disable data) with argument '1'.
Reading option '-map_metadata' ... matched as option 'map_metadata' (set metadata information of outfile from infile) with argument '-1'.
Reading option '-vf' ... matched as option 'vf' (alias for -filter:v (apply filters to video streams)) with argument 'trim=start_pts=270336:end_pts=294912,setpts=PTS-STARTPTS'.
Reading option '-fps_mode' ... matched as option 'fps_mode' (set framerate mode for matching video streams; overrides vsync) with argument 'cfr'.
Reading option '-r' ... matched as option 'r' (override input framerate/convert to given output framerate (Hz value, fraction or abbreviation)) with argument '24'.
Reading option '-c:v' ... matched as option 'c' (select encoder/decoder ('copy' to copy stream without reencoding)) with argument 'libx264'.
Reading option '-crf' ... matched as AVOption 'crf' with argument '23'.
Reading option '-preset' ... matched as AVOption 'preset' with argument 'medium'.
Reading option '-threads' ... matched as AVOption 'threads' with argument '1'.
Reading option '-pix_fmt' ... matched as option 'pix_fmt' (set pixel format) with argument 'yuv420p'.
Reading option '-x264-params' ... matched as AVOption 'x264-params' with argument 'open-gop=0:keyint=250:min-keyint=1'.
Reading option '-movflags' ... matched as AVOption 'movflags' with argument '+faststart'.
Reading option '-benchmark_all' ... matched as option 'benchmark_all' (add timings for each task) with argument '1'.
Reading option '/workspace/video-export-size-estimation/artifacts/decoder-cost-study-2026-10-03/motion-segment11-original-debug.mp4' ... matched as output url.
Finished splitting the commandline.
Parsing a group of options: global .
Applying option hide_banner (do not show program banner) with argument 1.
Applying option loglevel (set logging level) with argument debug.
Applying option nostdin (enable or disable interaction on standard input) with argument 0.
Applying option y (overwrite output files) with argument 1.
Applying option xerror (exit on error) with argument 1.
Applying option benchmark (add timings for benchmarking) with argument 1.
Applying option nostats (print progress report during encoding) with argument 0.
Applying option filter_threads (number of non-complex filter threads) with argument 1.
Applying option filter_complex_threads (number of threads for -filter_complex) with argument 1.
Applying option copyts (copy timestamps) with argument 1.
Applying option benchmark_all (add timings for each task) with argument 1.
Successfully parsed a group of options.
Parsing a group of options: input url /workspace/video-export-size-estimation/artifacts/corpus-v1/motion.mp4.
Applying option ss (start transcoding at specified time) with argument 20.000000.
Successfully parsed a group of options.
Opening an input file: /workspace/video-export-size-estimation/artifacts/corpus-v1/motion.mp4.
[AVFormatContext @ 0x56062b77c780] Opening '/workspace/video-export-size-estimation/artifacts/corpus-v1/motion.mp4' for reading
[file @ 0x56062b728b00] Setting default whitelist 'file,crypto,data'
[mov,mp4,m4a,3gp,3g2,mj2 @ 0x56062b77c780] Format mov,mp4,m4a,3gp,3g2,mj2 probed with size=2048 and score=100
[mov,mp4,m4a,3gp,3g2,mj2 @ 0x56062b77c780] ISO: File Type Major Brand: isom
[mov,mp4,m4a,3gp,3g2,mj2 @ 0x56062b77c780] Unknown dref type 0x206c7275 size 12
[mov,mp4,m4a,3gp,3g2,mj2 @ 0x56062b77c780] Processing st: 0, edit list 0 - media time: 1024, duration: 294912
[mov,mp4,m4a,3gp,3g2,mj2 @ 0x56062b77c780] Offset DTS by 1024 to make first pts zero.
[mov,mp4,m4a,3gp,3g2,mj2 @ 0x56062b77c780] Setting codecpar->delay to 2 for stream st: 0
[mov,mp4,m4a,3gp,3g2,mj2 @ 0x56062b77c780] Before avformat_find_stream_info() pos: 1368858 bytes read:40199 seeks:1 nb_streams:1
[h264 @ 0x56062b77d500] nal_unit_type: 7(SPS), nal_ref_idc: 3
[h264 @ 0x56062b77d500] Decoding VUI
[h264 @ 0x56062b77d500] nal_unit_type: 8(PPS), nal_ref_idc: 3
[h264 @ 0x56062b77d500] nal_unit_type: 7(SPS), nal_ref_idc: 3
[h264 @ 0x56062b77d500] Decoding VUI
[h264 @ 0x56062b77d500] nal_unit_type: 8(PPS), nal_ref_idc: 3
[h264 @ 0x56062b77d500] nal_unit_type: 6(SEI), nal_ref_idc: 0
[h264 @ 0x56062b77d500] nal_unit_type: 5(IDR), nal_ref_idc: 3
[h264 @ 0x56062b77d500] Format yuv420p chosen by get_format().
[h264 @ 0x56062b77d500] Reinit context to 384x224, pix_fmt: yuv420p
[h264 @ 0x56062b77d500] no picture 
[mov,mp4,m4a,3gp,3g2,mj2 @ 0x56062b77c780] All info found
[mov,mp4,m4a,3gp,3g2,mj2 @ 0x56062b77c780] After avformat_find_stream_info() pos: 6551 bytes read:72967 seeks:2 frames:1
Input #0, mov,mp4,m4a,3gp,3g2,mj2, from '/workspace/video-export-size-estimation/artifacts/corpus-v1/motion.mp4':
  Metadata:
    major_brand     : isom
    minor_version   : 512
    compatible_brands: isomiso2avc1mp41
    encoder         : Lavf61.7.103
  Duration: 00:00:24.00, start: 0.000000, bitrate: 456 kb/s
  Stream #0:0[0x1](und), 1, 1/12288: Video: h264 (High), 1 reference frame (avc1 / 0x31637661), yuv420p(progressive, left), 384x216 [SAR 1:1 DAR 16:9], 0/1, 453 kb/s, 24 fps, 24 tbr, 12288 tbn (default)
      Metadata:
        handler_name    : VideoHandler
        vendor_id       : [0][0][0][0]
        encoder         : Lavc61.19.101 libx264
Successfully opened the file.
Parsing a group of options: output url /workspace/video-export-size-estimation/artifacts/decoder-cost-study-2026-10-03/motion-segment11-original-debug.mp4.
Applying option map (set input stream mapping) with argument 0:0.
Applying option an (disable audio) with argument 1.
Applying option sn (disable subtitle) with argument 1.
Applying option dn (disable data) with argument 1.
Applying option map_metadata (set metadata information of outfile from infile) with argument -1.
Applying option vf (alias for -filter:v (apply filters to video streams)) with argument trim=start_pts=270336:end_pts=294912,setpts=PTS-STARTPTS.
Applying option fps_mode (set framerate mode for matching video streams; overrides vsync) with argument cfr.
Applying option r (override input framerate/convert to given output framerate (Hz value, fraction or abbreviation)) with argument 24.
Applying option c:v (select encoder/decoder ('copy' to copy stream without reencoding)) with argument libx264.
Applying option pix_fmt (set pixel format) with argument yuv420p.
Successfully parsed a group of options.
Opening an output file: /workspace/video-export-size-estimation/artifacts/decoder-cost-study-2026-10-03/motion-segment11-original-debug.mp4.
[out#0/mp4 @ 0x56062b792900] Adding streams from explicit maps...
[vost#0:0/libx264 @ 0x56062b791ac0] Created video stream from input stream 0:0
[AVFilterGraph @ 0x56062b77d8c0] Setting 'start_pts' to value '270336'
[AVFilterGraph @ 0x56062b77d8c0] Setting 'end_pts' to value '294912'
[AVFilterGraph @ 0x56062b77d8c0] Setting 'expr' to value 'PTS-STARTPTS'
[h264 @ 0x56062b7fa180] nal_unit_type: 7(SPS), nal_ref_idc: 3
[h264 @ 0x56062b7fa180] Decoding VUI
[h264 @ 0x56062b7fa180] nal_unit_type: 8(PPS), nal_ref_idc: 3
[file @ 0x56062b7926c0] Setting default whitelist 'file,crypto,data'
Successfully opened the file.
Stream mapping:
  Stream #0:0 -> #0:0 (h264 (native) -> h264 (libx264))
[vost#0:0/libx264 @ 0x56062b791ac0] Starting thread...
[vf#0:0 @ 0x56062b77f0c0] Starting thread...
[vist#0:0/h264 @ 0x56062b8007c0] [dec:h264 @ 0x56062b7f9e00] Starting thread...
[in#0/mov,mp4,m4a,3gp,3g2,mj2 @ 0x56062b77c580] Starting thread...
[h264 @ 0x56062b840d40] nal_unit_type: 7(SPS), nal_ref_idc: 3
[h264 @ 0x56062b840d40] Decoding VUI
[h264 @ 0x56062b840d40] nal_unit_type: 8(PPS), nal_ref_idc: 3
[h264 @ 0x56062b7fa180] nal_unit_type: 5(IDR), nal_ref_idc: 3
[h264 @ 0x56062b7fa180] Format yuv420p chosen by get_format().
[h264 @ 0x56062b7fa180] Reinit context to 384x224, pix_fmt: yuv420p
[h264 @ 0x56062b7fa180] no picture 
bench:        2 user        1 sys        4 real decode_video 0:0 
[h264 @ 0x56062b7fa180] nal_unit_type: 1(Coded slice of a non-IDR picture), nal_ref_idc: 2
[h264 @ 0x56062b7fa180] no picture 
bench:        1 user        0 sys        3 real decode_video 0:0 
[h264 @ 0x56062b7fa180] nal_unit_type: 1(Coded slice of a non-IDR picture), nal_ref_idc: 2
bench:        2 user        0 sys        4 real decode_video 0:0 
bench:        1 user        0 sys        1 real decode_video 0:0 
[h264 @ 0x56062b7fa180] nal_unit_type: 1(Coded slice of a non-IDR picture), nal_ref_idc: 0
[AVFilterGraph @ 0x7fa734001000] Setting 'start_pts' to value '270336'
[AVFilterGraph @ 0x7fa734001000] Setting 'end_pts' to value '294912'
[AVFilterGraph @ 0x7fa734001000] Setting 'expr' to value 'PTS-STARTPTS'
[graph -1 input from stream 0:0 @ 0x7fa734002140] Setting 'video_size' to value '384x216'
[graph -1 input from stream 0:0 @ 0x7fa734002140] Setting 'pix_fmt' to value '0'
[graph -1 input from stream 0:0 @ 0x7fa734002140] Setting 'time_base' to value '1/12288'
[graph -1 input from stream 0:0 @ 0x7fa734002140] Setting 'pixel_aspect' to value '1/1'
[graph -1 input from stream 0:0 @ 0x7fa734002140] Setting 'colorspace' to value '2'
[graph -1 input from stream 0:0 @ 0x7fa734002140] Setting 'range' to value '0'
[graph -1 input from stream 0:0 @ 0x7fa734002140] Setting 'frame_rate' to value '24/1'
[graph -1 input from stream 0:0 @ 0x7fa734002140] w:384 h:216 pixfmt:yuv420p tb:1/12288 fr:24/1 sar:1/1 csp:unknown range:unknown
[format @ 0x7fa7340031c0] Setting 'pix_fmts' to value 'yuv420p'
[format @ 0x7fa7340031c0] Setting 'color_ranges' to value 'tv|pc'
bench:        1 user        0 sys        3 real decode_video 0:0 
bench:        1 user        0 sys        2 real decode_video 0:0 
[h264 @ 0x56062b7fa180] nal_unit_type: 1(Coded slice of a non-IDR picture), nal_ref_idc: 2
bench:        2 user        0 sys        3 real decode_video 0:0 
bench:        1 user        0 sys        1 real decode_video 0:0 
[h264 @ 0x56062b7fa180] nal_unit_type: 1(Coded slice of a non-IDR picture), nal_ref_idc: 0
[AVFilterGraph @ 0x7fa734001000] query_formats: 6 queried, 15 merged, 0 already done, 0 delayed
[Parsed_trim_0 @ 0x7fa734001800] TB:0.000081 FRAME_RATE:24.000000 SAMPLE_RATE:nan
[graph -1 input from stream 0:0 @ 0x7fa734002140] video frame properties congruent with link at pts_time: 20
bench:        1 user        1 sys        3 real decode_video 0:0 
bench:        1 user        1 sys        1 real decode_video 0:0 
[h264 @ 0x56062b7fa180] nal_unit_type: 1(Coded slice of a non-IDR picture), nal_ref_idc: 2
bench:        0 user        1 sys        2 real decode_video 0:0 
bench:        0 user        2 sys        1 real decode_video 0:0 
[h264 @ 0x56062b7fa180] nal_unit_type: 1(Coded slice of a non-IDR picture), nal_ref_idc: 2
bench:        0 user        1 sys        3 real decode_video 0:0 
bench:        0 user        1 sys        1 real decode_video 0:0 
[h264 @ 0x56062b7fa180] nal_unit_type: 1(Coded slice of a non-IDR picture), nal_ref_idc: 0
bench:        0 user        1 sys        2 real decode_video 0:0 
bench:        0 user        1 sys        1 real decode_video 0:0 
[h264 @ 0x56062b7fa180] nal_unit_type: 1(Coded slice of a non-IDR picture), nal_ref_idc: 0
bench:        0 user        1 sys        1 real decode_video 0:0 
    Last message repeated 1 times
[h264 @ 0x56062b7fa180] nal_unit_type: 1(Coded slice of a non-IDR picture), nal_ref_idc: 2
bench:        0 user        1 sys        1 real decode_video 0:0 
    Last message repeated 1 times
[h264 @ 0x56062b7fa180] nal_unit_type: 1(Coded slice of a non-IDR picture), nal_ref_idc: 0
bench:        0 user        1 sys        1 real decode_video 0:0 
    Last message repeated 1 times
[h264 @ 0x56062b7fa180] nal_unit_type: 1(Coded slice of a non-IDR picture), nal_ref_idc: 2
bench:        0 user        1 sys        2 real decode_video 0:0 
bench:        0 user        1 sys        1 real decode_video 0:0 
[h264 @ 0x56062b7fa180] nal_unit_type: 1(Coded slice of a non-IDR picture), nal_ref_idc: 0
bench:        0 user        1 sys        1 real decode_video 0:0 
bench:        0 user        1 sys        2 real decode_video 0:0 
[h264 @ 0x56062b7fa180] nal_unit_type: 1(Coded slice of a non-IDR picture), nal_ref_idc: 2
bench:        0 user        0 sys        1 real decode_video 0:0 
bench:        0 user        1 sys        1 real decode_video 0:0 
[h264 @ 0x56062b7fa180] nal_unit_type: 1(Coded slice of a non-IDR picture), nal_ref_idc: 2
bench:        0 user        2 sys        3 real decode_video 0:0 
bench:        0 user        2 sys        1 real decode_video 0:0 
[h264 @ 0x56062b7fa180] nal_unit_type: 1(Coded slice of a non-IDR picture), nal_ref_idc: 0
bench:        1 user        0 sys        1 real decode_video 0:0 
bench:        2 user        0 sys        1 real decode_video 0:0 
[h264 @ 0x56062b7fa180] nal_unit_type: 1(Coded slice of a non-IDR picture), nal_ref_idc: 2
bench:        2 user        0 sys        5 real decode_video 0:0 
bench:        2 user        0 sys        2 real decode_video 0:0 
[h264 @ 0x56062b7fa180] nal_unit_type: 1(Coded slice of a non-IDR picture), nal_ref_idc: 2
bench:        1 user        0 sys        2 real decode_video 0:0 
bench:        2 user        0 sys        1 real decode_video 0:0 
[h264 @ 0x56062b7fa180] nal_unit_type: 1(Coded slice of a non-IDR picture), nal_ref_idc: 0
bench:        1 user        0 sys        2 real decode_video 0:0 
bench:        1 user        0 sys        1 real decode_video 0:0 
[h264 @ 0x56062b7fa180] nal_unit_type: 1(Coded slice of a non-IDR picture), nal_ref_idc: 2
bench:        1 user        0 sys        1 real decode_video 0:0 
    Last message repeated 1 times
[h264 @ 0x56062b7fa180] nal_unit_type: 1(Coded slice of a non-IDR picture), nal_ref_idc: 2
bench:        2 user        0 sys        4 real decode_video 0:0 
bench:        2 user        0 sys        2 real decode_video 0:0 
[h264 @ 0x56062b7fa180] nal_unit_type: 1(Coded slice of a non-IDR picture), nal_ref_idc: 0
bench:        1 user        0 sys        2 real decode_video 0:0 
bench:        1 user        0 sys        1 real decode_video 0:0 
[h264 @ 0x56062b7fa180] nal_unit_type: 1(Coded slice of a non-IDR picture), nal_ref_idc: 2
bench:        1 user        0 sys        2 real decode_video 0:0 
    Last message repeated 1 times
[h264 @ 0x56062b7fa180] nal_unit_type: 1(Coded slice of a non-IDR picture), nal_ref_idc: 0
bench:        1 user        0 sys        1 real decode_video 0:0 
    Last message repeated 1 times
[h264 @ 0x56062b7fa180] nal_unit_type: 1(Coded slice of a non-IDR picture), nal_ref_idc: 2
bench:        1 user        0 sys        1 real decode_video 0:0 
bench:        0 user        0 sys        1 real decode_video 0:0 
[h264 @ 0x56062b7fa180] nal_unit_type: 1(Coded slice of a non-IDR picture), nal_ref_idc: 2
bench:        1 user        0 sys        2 real decode_video 0:0 
bench:        1 user        0 sys        1 real decode_video 0:0 
[h264 @ 0x56062b7fa180] nal_unit_type: 1(Coded slice of a non-IDR picture), nal_ref_idc: 0
bench:        1 user        0 sys        2 real decode_video 0:0 
bench:        1 user        0 sys        1 real decode_video 0:0 
[h264 @ 0x56062b7fa180] nal_unit_type: 1(Coded slice of a non-IDR picture), nal_ref_idc: 0
bench:        2 user        0 sys        4 real decode_video 0:0 
bench:        1 user        0 sys        1 real decode_video 0:0 
[h264 @ 0x56062b7fa180] nal_unit_type: 1(Coded slice of a non-IDR picture), nal_ref_idc: 2
bench:        2 user        0 sys        4 real decode_video 0:0 
bench:        2 user        0 sys        2 real decode_video 0:0 
[h264 @ 0x56062b7fa180] nal_unit_type: 1(Coded slice of a non-IDR picture), nal_ref_idc: 2
bench:        1 user        0 sys        2 real decode_video 0:0 
    Last message repeated 1 times
[h264 @ 0x56062b7fa180] nal_unit_type: 1(Coded slice of a non-IDR picture), nal_ref_idc: 0
bench:        3 user        0 sys        5 real decode_video 0:0 
bench:        1 user        0 sys        2 real decode_video 0:0 
[h264 @ 0x56062b7fa180] nal_unit_type: 1(Coded slice of a non-IDR picture), nal_ref_idc: 2
bench:        3 user        0 sys        6 real decode_video 0:0 
bench:        2 user        0 sys        2 real decode_video 0:0 
[h264 @ 0x56062b7fa180] nal_unit_type: 1(Coded slice of a non-IDR picture), nal_ref_idc: 2
bench:        1 user        0 sys        2 real decode_video 0:0 
bench:        2 user        0 sys        1 real decode_video 0:0 
[h264 @ 0x56062b7fa180] nal_unit_type: 1(Coded slice of a non-IDR picture), nal_ref_idc: 0
bench:        2 user        0 sys        4 real decode_video 0:0 
bench:        2 user        0 sys        2 real decode_video 0:0 
[h264 @ 0x56062b7fa180] nal_unit_type: 1(Coded slice of a non-IDR picture), nal_ref_idc: 2
bench:        1 user        0 sys        2 real decode_video 0:0 
bench:        1 user        1 sys        2 real decode_video 0:0 
[h264 @ 0x56062b7fa180] nal_unit_type: 1(Coded slice of a non-IDR picture), nal_ref_idc: 2
bench:        1 user        0 sys        3 real decode_video 0:0 
bench:        1 user        0 sys        2 real decode_video 0:0 
[h264 @ 0x56062b7fa180] nal_unit_type: 1(Coded slice of a non-IDR picture), nal_ref_idc: 2
bench:        1 user        0 sys        1 real decode_video 0:0 
    Last message repeated 1 times
[h264 @ 0x56062b7fa180] nal_unit_type: 1(Coded slice of a non-IDR picture), nal_ref_idc: 0
bench:        1 user        0 sys        1 real decode_video 0:0 
    Last message repeated 1 times
[h264 @ 0x56062b7fa180] nal_unit_type: 1(Coded slice of a non-IDR picture), nal_ref_idc: 0
bench:        1 user        1 sys        4 real decode_video 0:0 
bench:        1 user        0 sys        2 real decode_video 0:0 
[h264 @ 0x56062b7fa180] nal_unit_type: 1(Coded slice of a non-IDR picture), nal_ref_idc: 2
bench:        1 user        0 sys        2 real decode_video 0:0 
bench:        1 user        0 sys        1 real decode_video 0:0 
[h264 @ 0x56062b7fa180] nal_unit_type: 1(Coded slice of a non-IDR picture), nal_ref_idc: 2
bench:        1 user        1 sys        3 real decode_video 0:0 
bench:        1 user        1 sys        1 real decode_video 0:0 
[h264 @ 0x56062b7fa180] nal_unit_type: 1(Coded slice of a non-IDR picture), nal_ref_idc: 0
bench:        1 user        1 sys        3 real decode_video 0:0 
bench:        1 user        1 sys        2 real decode_video 0:0 
[h264 @ 0x56062b7fa180] nal_unit_type: 1(Coded slice of a non-IDR picture), nal_ref_idc: 2
bench:        2 user        0 sys        3 real decode_video 0:0 
bench:        1 user        0 sys        2 real decode_video 0:0 
[h264 @ 0x56062b7fa180] nal_unit_type: 1(Coded slice of a non-IDR picture), nal_ref_idc: 2
bench:        1 user        0 sys        1 real decode_video 0:0 
    Last message repeated 1 times
[h264 @ 0x56062b7fa180] nal_unit_type: 1(Coded slice of a non-IDR picture), nal_ref_idc: 0
bench:        1 user        0 sys        1 real decode_video 0:0 
    Last message repeated 1 times
[h264 @ 0x56062b7fa180] nal_unit_type: 1(Coded slice of a non-IDR picture), nal_ref_idc: 0
bench:        2 user        0 sys        2 real decode_video 0:0 
bench:        1 user        0 sys        1 real decode_video 0:0 
[h264 @ 0x56062b7fa180] nal_unit_type: 1(Coded slice of a non-IDR picture), nal_ref_idc: 2
bench:        1 user        0 sys        2 real decode_video 0:0 
bench:        1 user        0 sys        1 real decode_video 0:0 
[h264 @ 0x56062b7fa180] nal_unit_type: 5(IDR), nal_ref_idc: 3
bench:        1 user        0 sys        1 real decode_video 0:0 
bench:        1 user        0 sys        2 real decode_video 0:0 
[h264 @ 0x56062b7fa180] nal_unit_type: 1(Coded slice of a non-IDR picture), nal_ref_idc: 2
bench:        1 user        0 sys        4 real decode_video 0:0 
bench:        2 user        0 sys        2 real decode_video 0:0 
[h264 @ 0x56062b7fa180] nal_unit_type: 1(Coded slice of a non-IDR picture), nal_ref_idc: 2
bench:        0 user        0 sys        1 real decode_video 0:0 
bench:        1 user        0 sys        1 real decode_video 0:0 
[h264 @ 0x56062b7fa180] nal_unit_type: 1(Coded slice of a non-IDR picture), nal_ref_idc: 0
[libx264 @ 0x56062b77d500] using SAR=1/1
bench:        0 user        1 sys        2 real decode_video 0:0 
bench:        0 user        1 sys        1 real decode_video 0:0 
[h264 @ 0x56062b7fa180] nal_unit_type: 1(Coded slice of a non-IDR picture), nal_ref_idc: 0
bench:        0 user        1 sys        2 real decode_video 0:0 
bench:        0 user        1 sys        1 real decode_video 0:0 
[libx264 @ 0x56062b77d500] using cpu capabilities: MMX2 SSE2Fast SSSE3 SSE4.2 AVX FMA3 BMI2 AVX2 AVX512
[h264 @ 0x56062b7fa180] nal_unit_type: 1(Coded slice of a non-IDR picture), nal_ref_idc: 2
[libx264 @ 0x56062b77d500] profile High, level 1.3, 4:2:0, 8-bit
[libx264 @ 0x56062b77d500] 264 - core 164 r3108 31e19f9 - H.264/MPEG-4 AVC codec - Copyleft 2003-2023 - http://www.videolan.org/x264.html - options: cabac=1 ref=3 deblock=1:0:0 analyse=0x3:0x113 me=hex subme=7 psy=1 psy_rd=1.00:0.00 mixed_ref=1 me_range=16 chroma_me=1 trellis=1 8x8dct=1 cqm=0 deadzone=21,11 fast_pskip=1 chroma_qp_offset=-2 threads=1 lookahead_threads=1 sliced_threads=0 nr=0 decimate=1 interlaced=0 bluray_compat=0 constrained_intra=0 bframes=3 b_pyramid=2 b_adapt=1 b_bias=0 direct=1 weightb=1 open_gop=0 weightp=2 keyint=250 keyint_min=1 scenecut=40 intra_refresh=0 rc_lookahead=40 rc=crf mbtree=1 crf=23.0 qcomp=0.60 qpmin=0 qpmax=69 qpstep=4 ip_ratio=1.40 aq=1:1.00
bench:        1 user        1 sys        2 real decode_video 0:0 
Output #0, mp4, to '/workspace/video-export-size-estimation/artifacts/decoder-cost-study-2026-10-03/motion-segment11-original-debug.mp4':
  Metadata:
    encoder         : Lavf61.7.103
bench:        8 user        4 sys       22 real decode_video 0:0 
  Stream #0:0, 0, 1/12288: Video: h264, 1 reference frame (avc1 / 0x31637661), yuv420p(tv, progressive, left), 384x216 [SAR 1:1 DAR 16:9], 0/1, q=2-31, 24 fps, 12288 tbn (default)
      Metadata:
        encoder         : Lavc61.19.101 libx264
      Side data:
        cpb: bitrate max/min/avg: 0/0/0 buffer size: 0 vbv_delay: N/A
[out#0/mp4 @ 0x56062b792900] Starting thread...
[h264 @ 0x56062b7fa180] nal_unit_type: 1(Coded slice of a non-IDR picture), nal_ref_idc: 2
bench:      171 user       89 sys      259 real encode_video 0.0 
bench:        0 user        1 sys        2 real decode_video 0:0 
bench:        1 user        1 sys        1 real decode_video 0:0 
[h264 @ 0x56062b7fa180] nal_unit_type: 1(Coded slice of a non-IDR picture), nal_ref_idc: 0
bench:      173 user       90 sys      161 real encode_video 0.0 
bench:        1 user        0 sys        1 real decode_video 0:0 
bench:        0 user        0 sys        1 real decode_video 0:0 
[h264 @ 0x56062b7fa180] nal_unit_type: 1(Coded slice of a non-IDR picture), nal_ref_idc: 0
bench:      164 user       86 sys       39 real encode_video 0.0 
bench:      136 user       71 sys      207 real encode_video 0.0 
bench:        0 user        0 sys        1 real decode_video 0:0 
    Last message repeated 1 times
[h264 @ 0x56062b7fa180] nal_unit_type: 1(Coded slice of a non-IDR picture), nal_ref_idc: 2
bench:      165 user       86 sys      161 real encode_video 0.0 
bench:      132 user       69 sys      200 real encode_video 0.0 
bench:        2 user        0 sys        3 real decode_video 0:0 
bench:      150 user       79 sys       13 real encode_video 0.0 
bench:        1 user        0 sys        2 real decode_video 0:0 
[h264 @ 0x56062b7fa180] nal_unit_type: 1(Coded slice of a non-IDR picture), nal_ref_idc: 2
bench:      134 user       70 sys      204 real encode_video 0.0 
bench:        2 user        1 sys       28 real decode_video 0:0 
bench:        1 user        0 sys        1 real decode_video 0:0 
[h264 @ 0x56062b7fa180] nal_unit_type: 1(Coded slice of a non-IDR picture), nal_ref_idc: 0
bench:      153 user       80 sys      234 real encode_video 0.0 
bench:        1 user        1 sys        2 real decode_video 0:0 
bench:        0 user        1 sys        1 real decode_video 0:0 
[h264 @ 0x56062b7fa180] nal_unit_type: 1(Coded slice of a non-IDR picture), nal_ref_idc: 0
bench:      144 user       75 sys      218 real encode_video 0.0 
bench:        1 user        1 sys        2 real decode_video 0:0 
bench:        1 user        1 sys        1 real decode_video 0:0 
[h264 @ 0x56062b7fa180] nal_unit_type: 1(Coded slice of a non-IDR picture), nal_ref_idc: 2
bench:      155 user       81 sys      236 real encode_video 0.0 
bench:        1 user        1 sys        2 real decode_video 0:0 
bench:        0 user        0 sys        2 real decode_video 0:0 
[h264 @ 0x56062b7fa180] nal_unit_type: 1(Coded slice of a non-IDR picture), nal_ref_idc: 2
bench:      162 user       85 sys      248 real encode_video 0.0 
bench:        3 user        2 sys        7 real decode_video 0:0 
bench:        2 user        1 sys        3 real decode_video 0:0 
[h264 @ 0x56062b7fa180] nal_unit_type: 1(Coded slice of a non-IDR picture), nal_ref_idc: 0
bench:        1 user        0 sys        3 real decode_video 0:0 
bench:        1 user        1 sys        2 real decode_video 0:0 
[h264 @ 0x56062b7fa180] nal_unit_type: 1(Coded slice of a non-IDR picture), nal_ref_idc: 0
bench:      277 user      144 sys       84 real encode_video 0.0 
bench:      181 user       94 sys      210 real encode_video 0.0 
bench:        0 user        1 sys        1 real decode_video 0:0 
bench:        0 user        0 sys        1 real decode_video 0:0 
[h264 @ 0x56062b7fa180] nal_unit_type: 1(Coded slice of a non-IDR picture), nal_ref_idc: 2
bench:      139 user       72 sys      212 real encode_video 0.0 
bench:        2 user        1 sys        3 real decode_video 0:0 
bench:        1 user        0 sys        1 real decode_video 0:0 
[h264 @ 0x56062b7fa180] nal_unit_type: 1(Coded slice of a non-IDR picture), nal_ref_idc: 2
bench:      158 user       82 sys      240 real encode_video 0.0 
bench:        1 user        0 sys        2 real decode_video 0:0 
bench:        0 user        0 sys        1 real decode_video 0:0 
[h264 @ 0x56062b7fa180] nal_unit_type: 1(Coded slice of a non-IDR picture), nal_ref_idc: 0
bench:      151 user       78 sys      229 real encode_video 0.0 
bench:        1 user        1 sys        2 real decode_video 0:0 
bench:        0 user        0 sys        1 real decode_video 0:0 
[h264 @ 0x56062b7fa180] nal_unit_type: 1(Coded slice of a non-IDR picture), nal_ref_idc: 0
bench:      137 user       72 sys      208 real encode_video 0.0 
bench:        0 user        1 sys        3 real decode_video 0:0 
bench:        2 user        1 sys        4 real decode_video 0:0 
[h264 @ 0x56062b7fa180] nal_unit_type: 1(Coded slice of a non-IDR picture), nal_ref_idc: 2
bench:      156 user       81 sys      237 real encode_video 0.0 
bench:        2 user        1 sys        4 real decode_video 0:0 
bench:        1 user        0 sys        2 real decode_video 0:0 
[h264 @ 0x56062b7fa180] nal_unit_type: 1(Coded slice of a non-IDR picture), nal_ref_idc: 2
bench:      148 user       77 sys      226 real encode_video 0.0 
bench:        2 user        0 sys        4 real decode_video 0:0 
bench:        1 user        0 sys        2 real decode_video 0:0 
[h264 @ 0x56062b7fa180] nal_unit_type: 1(Coded slice of a non-IDR picture), nal_ref_idc: 0
bench:      241 user        0 sys      241 real encode_video 0.0 
bench:        1 user        0 sys        1 real decode_video 0:0 
    Last message repeated 1 times
[h264 @ 0x56062b7fa180] nal_unit_type: 1(Coded slice of a non-IDR picture), nal_ref_idc: 0
bench:      220 user        0 sys      220 real encode_video 0.0 
bench:        1 user        0 sys        3 real decode_video 0:0 
bench:        1 user        0 sys        1 real decode_video 0:0 
[h264 @ 0x56062b7fa180] nal_unit_type: 1(Coded slice of a non-IDR picture), nal_ref_idc: 2
bench:      208 user        0 sys      208 real encode_video 0.0 
bench:        1 user        0 sys        2 real decode_video 0:0 
bench:        1 user        0 sys        1 real decode_video 0:0 
[h264 @ 0x56062b7fa180] nal_unit_type: 1(Coded slice of a non-IDR picture), nal_ref_idc: 2
bench:      209 user        0 sys      209 real encode_video 0.0 
bench:        1 user        1 sys        2 real decode_video 0:0 
bench:        1 user        1 sys        1 real decode_video 0:0 
[h264 @ 0x56062b7fa180] nal_unit_type: 1(Coded slice of a non-IDR picture), nal_ref_idc: 0
bench:      143 user       72 sys      215 real encode_video 0.0 
bench:        1 user        0 sys        2 real decode_video 0:0 
bench:        0 user        1 sys        1 real decode_video 0:0 
[h264 @ 0x56062b7fa180] nal_unit_type: 1(Coded slice of a non-IDR picture), nal_ref_idc: 0
bench:      137 user       69 sys      206 real encode_video 0.0 
bench:        1 user        0 sys        2 real decode_video 0:0 
bench:        1 user        1 sys        2 real decode_video 0:0 
[h264 @ 0x56062b7fa180] nal_unit_type: 1(Coded slice of a non-IDR picture), nal_ref_idc: 2
bench:      156 user       79 sys      235 real encode_video 0.0 
bench:        1 user        1 sys        4 real decode_video 0:0 
bench:        1 user        0 sys        1 real decode_video 0:0 
[h264 @ 0x56062b7fa180] nal_unit_type: 1(Coded slice of a non-IDR picture), nal_ref_idc: 2
bench:        0 user      522 sys      302 real encode_video 0.0 
bench:        0 user        1 sys        2 real decode_video 0:0 
    Last message repeated 1 times
[h264 @ 0x56062b7fa180] nal_unit_type: 1(Coded slice of a non-IDR picture), nal_ref_idc: 0
bench:        0 user      215 sys      215 real encode_video 0.0 
bench:        0 user        1 sys        1 real decode_video 0:0 
    Last message repeated 1 times
[h264 @ 0x56062b7fa180] nal_unit_type: 1(Coded slice of a non-IDR picture), nal_ref_idc: 0
bench:        0 user      210 sys      210 real encode_video 0.0 
bench:        0 user        2 sys        3 real decode_video 0:0 
bench:        0 user        1 sys        2 real decode_video 0:0 
[h264 @ 0x56062b7fa180] nal_unit_type: 1(Coded slice of a non-IDR picture), nal_ref_idc: 2
bench:       15 user      217 sys      233 real encode_video 0.0 
bench:        1 user        0 sys        3 real decode_video 0:0 
bench:        1 user        1 sys        2 real decode_video 0:0 
[h264 @ 0x56062b7fa180] nal_unit_type: 1(Coded slice of a non-IDR picture), nal_ref_idc: 2
bench:      150 user       79 sys      229 real encode_video 0.0 
bench:        2 user        1 sys        5 real decode_video 0:0 
bench:        1 user        0 sys        2 real decode_video 0:0 
[h264 @ 0x56062b7fa180] nal_unit_type: 1(Coded slice of a non-IDR picture), nal_ref_idc: 0
bench:        1 user        1 sys        2 real decode_video 0:0 
bench:        1 user        0 sys        2 real decode_video 0:0 
[h264 @ 0x56062b7fa180] nal_unit_type: 1(Coded slice of a non-IDR picture), nal_ref_idc: 0
bench:      199 user      103 sys      187 real encode_video 0.0 
bench:        0 user        0 sys        1 real decode_video 0:0 
bench:        1 user        0 sys        1 real decode_video 0:0 
[h264 @ 0x56062b7fa180] nal_unit_type: 1(Coded slice of a non-IDR picture), nal_ref_idc: 2
bench:        0 user        2 sys        3 real decode_video 0:0 
bench:        0 user        2 sys        2 real decode_video 0:0 
bench:        0 user      215 sys       11 real encode_video 0.0 
[h264 @ 0x56062b7fa180] nal_unit_type: 1(Coded slice of a non-IDR picture), nal_ref_idc: 2
bench:        0 user      262 sys      245 real encode_video 0.0 
bench:        0 user        1 sys        1 real decode_video 0:0 
    Last message repeated 1 times
[h264 @ 0x56062b7fa180] nal_unit_type: 1(Coded slice of a non-IDR picture), nal_ref_idc: 2
[in#0/mov,mp4,m4a,3gp,3g2,mj2 @ 0x56062b77c580] EOF while reading input
[in#0/mov,mp4,m4a,3gp,3g2,mj2 @ 0x56062b77c580] Terminating thread with return code 0 (success)
bench:        0 user      258 sys      152 real encode_video 0.0 
bench:        0 user      215 sys      216 real encode_video 0.0 
bench:        0 user        2 sys        3 real decode_video 0:0 
bench:        0 user        1 sys        1 real decode_video 0:0 
[h264 @ 0x56062b7fa180] nal_unit_type: 1(Coded slice of a non-IDR picture), nal_ref_idc: 0
bench:        0 user      224 sys      224 real encode_video 0.0 
bench:        2 user        1 sys        3 real decode_video 0:0 
bench:        1 user        0 sys        1 real decode_video 0:0 
[h264 @ 0x56062b7fa180] nal_unit_type: 1(Coded slice of a non-IDR picture), nal_ref_idc: 0
bench:      141 user       76 sys      218 real encode_video 0.0 
bench:        2 user        2 sys       27 real decode_video 0:0 
bench:        1 user        1 sys        1 real decode_video 0:0 
[h264 @ 0x56062b7fa180] nal_unit_type: 1(Coded slice of a non-IDR picture), nal_ref_idc: 2
bench:      158 user       86 sys      244 real encode_video 0.0 
bench:        1 user        1 sys        1 real decode_video 0:0 
bench:        1 user        0 sys        1 real decode_video 0:0 
[h264 @ 0x56062b7fa180] nal_unit_type: 1(Coded slice of a non-IDR picture), nal_ref_idc: 2
bench:      200 user      109 sys      309 real encode_video 0.0 
bench:        1 user        0 sys        5 real decode_video 0:0 
bench:        1 user        1 sys        2 real decode_video 0:0 
[h264 @ 0x56062b7fa180] nal_unit_type: 1(Coded slice of a non-IDR picture), nal_ref_idc: 2
bench:        0 user        3 sys        5 real decode_video 0:0 
bench:        0 user        1 sys        2 real decode_video 0:0 
[h264 @ 0x56062b7fa180] nal_unit_type: 1(Coded slice of a non-IDR picture), nal_ref_idc: 0
bench:        0 user        2 sys        4 real decode_video 0:0 
bench:        0 user        1 sys        1 real decode_video 0:0 
[h264 @ 0x56062b7fa180] nal_unit_type: 1(Coded slice of a non-IDR picture), nal_ref_idc: 2
bench:        0 user        3 sys        5 real decode_video 0:0 
bench:        0 user        1 sys        2 real decode_video 0:0 
[h264 @ 0x56062b7fa180] nal_unit_type: 1(Coded slice of a non-IDR picture), nal_ref_idc: 0
bench:        1 user        1 sys        5 real decode_video 0:0 
bench:        1 user        0 sys        2 real decode_video 0:0 
[vist#0:0/h264 @ 0x56062b8007c0] [dec:h264 @ 0x56062b7f9e00] Decoder thread received EOF packet
bench:        3 user        2 sys        6 real decode_video 0:0 
bench:        2 user        1 sys        2 real decode_video 0:0 
bench:        1 user        0 sys        1 real decode_video 0:0 
[vist#0:0/h264 @ 0x56062b8007c0] [dec:h264 @ 0x56062b7f9e00] Decoder returned EOF, finishing
[vist#0:0/h264 @ 0x56062b8007c0] [dec:h264 @ 0x56062b7f9e00] Terminating thread with return code 0 (success)
[out_#0:0 @ 0x7fa734003000] EOF on sink link out_#0:0:default.
[vf#0:0 @ 0x56062b77f0c0] Filtergraph returned EOF, finishing
[vf#0:0 @ 0x56062b77f0c0] All consumers returned EOF
[vf#0:0 @ 0x56062b77f0c0] Terminating thread with return code 0 (success)
[libx264 @ 0x56062b77d500] frame=   0 QP=15.36 NAL=3 Slice:I Poc:0   I:336  P:0    SKIP:0    size=5502 bytes
bench:    28480 user     9412 sys    35181 real encode_video 0.0 
bench:       12 user        6 sys       19 real encode_video 0.0 
[libx264 @ 0x56062b77d500] frame=   1 QP=25.21 NAL=2 Slice:P Poc:8   I:21   P:85   SKIP:230  size=2386 bytes
bench:     6782 user      568 sys     7351 real encode_video 0.0 
bench:       10 user        5 sys       15 real encode_video 0.0 
[libx264 @ 0x56062b77d500] frame=   2 QP=29.14 NAL=2 Slice:B Poc:4   I:1    P:104  SKIP:231  size=1445 bytes
bench:     1616 user      812 sys     2428 real encode_video 0.0 
bench:        9 user        5 sys       14 real encode_video 0.0 
[libx264 @ 0x56062b77d500] frame=   3 QP=31.69 NAL=0 Slice:B Poc:2   I:0    P:82   SKIP:254  size=921 bytes
bench:     1902 user        0 sys     1901 real encode_video 0.0 
bench:       23 user        0 sys       24 real encode_video 0.0 
[libx264 @ 0x56062b77d500] frame=   4 QP=32.11 NAL=0 Slice:B Poc:6   I:1    P:106  SKIP:229  size=1153 bytes
bench:     6075 user        0 sys     6074 real encode_video 0.0 
bench:       11 user        0 sys       12 real encode_video 0.0 
[libx264 @ 0x56062b77d500] frame=   5 QP=27.10 NAL=2 Slice:P Poc:16  I:25   P:93   SKIP:218  size=2271 bytes
bench:     5948 user      537 sys     6484 real encode_video 0.0 
bench:        8 user        4 sys       12 real encode_video 0.0 
[libx264 @ 0x56062b77d500] frame=   6 QP=28.26 NAL=2 Slice:B Poc:12  I:3    P:108  SKIP:225  size=1444 bytes
bench:     2975 user        0 sys     2975 real encode_video 0.0 
bench:       13 user        0 sys       13 real encode_video 0.0 
[vost#0:0/libx264 @ 0x56062b791ac0] Encoder thread received EOF
[libx264 @ 0x56062b77d500] frame=   7 QP=31.81 NAL=0 Slice:B Poc:10  I:0    P:91   SKIP:245  size=1138 bytes
bench:     1651 user        0 sys     1651 real flush_video 0.0 
[libx264 @ 0x56062b77d500] frame=   8 QP=31.18 NAL=0 Slice:B Poc:14  I:0    P:96   SKIP:240  size=978 bytes
bench:     1729 user        0 sys     1728 real flush_video 0.0 
[libx264 @ 0x56062b77d500] frame=   9 QP=26.24 NAL=2 Slice:P Poc:24  I:25   P:87   SKIP:224  size=2248 bytes
bench:     5184 user        0 sys     5169 real flush_video 0.0 
[libx264 @ 0x56062b77d500] frame=  10 QP=28.77 NAL=2 Slice:B Poc:20  I:5    P:112  SKIP:219  size=1502 bytes
bench:     2706 user        0 sys     2689 real flush_video 0.0 
[libx264 @ 0x56062b77d500] frame=  11 QP=31.60 NAL=0 Slice:B Poc:18  I:0    P:101  SKIP:235  size=1029 bytes
bench:     1819 user        0 sys     1805 real flush_video 0.0 
[libx264 @ 0x56062b77d500] frame=  12 QP=30.97 NAL=0 Slice:B Poc:22  I:1    P:97   SKIP:238  size=1021 bytes
bench:     1721 user        0 sys     1704 real flush_video 0.0 
[libx264 @ 0x56062b77d500] frame=  13 QP=23.36 NAL=2 Slice:P Poc:32  I:33   P:95   SKIP:208  size=2269 bytes
bench:     3138 user        0 sys     3123 real flush_video 0.0 
[libx264 @ 0x56062b77d500] frame=  14 QP=29.48 NAL=2 Slice:B Poc:28  I:3    P:118  SKIP:215  size=1457 bytes
bench:     2703 user        0 sys     2684 real flush_video 0.0 
[libx264 @ 0x56062b77d500] frame=  15 QP=29.81 NAL=0 Slice:B Poc:26  I:2    P:96   SKIP:238  size=1212 bytes
bench:     1741 user        0 sys     1724 real flush_video 0.0 
[libx264 @ 0x56062b77d500] frame=  16 QP=29.93 NAL=0 Slice:B Poc:30  I:0    P:98   SKIP:238  size=1146 bytes
bench:     1934 user        0 sys     1917 real flush_video 0.0 
[libx264 @ 0x56062b77d500] frame=  17 QP=24.11 NAL=2 Slice:P Poc:40  I:35   P:110  SKIP:191  size=2167 bytes
bench:     7215 user        0 sys     7201 real flush_video 0.0 
[libx264 @ 0x56062b77d500] frame=  18 QP=29.57 NAL=2 Slice:B Poc:36  I:1    P:102  SKIP:233  size=1324 bytes
bench:     2434 user        0 sys     2411 real flush_video 0.0 
[libx264 @ 0x56062b77d500] frame=  19 QP=31.47 NAL=0 Slice:B Poc:34  I:1    P:96   SKIP:239  size=918 bytes
bench:     5001 user        0 sys     4989 real flush_video 0.0 
[libx264 @ 0x56062b77d500] frame=  20 QP=30.69 NAL=0 Slice:B Poc:38  I:1    P:95   SKIP:240  size=1028 bytes
bench:     1623 user        0 sys     1609 real flush_video 0.0 
[libx264 @ 0x56062b77d500] frame=  21 QP=22.36 NAL=2 Slice:P Poc:48  I:39   P:106  SKIP:191  size=2197 bytes
bench:     3041 user        0 sys     3023 real flush_video 0.0 
[libx264 @ 0x56062b77d500] frame=  22 QP=26.10 NAL=2 Slice:B Poc:44  I:1    P:131  SKIP:204  size=1257 bytes
bench:     5068 user        0 sys     5024 real flush_video 0.0 
[libx264 @ 0x56062b77d500] frame=  23 QP=30.50 NAL=0 Slice:B Poc:42  I:0    P:101  SKIP:235  size=865 bytes
bench:     1552 user      159 sys     1686 real flush_video 0.0 
[libx264 @ 0x56062b77d500] frame=  24 QP=29.54 NAL=0 Slice:B Poc:46  I:3    P:92   SKIP:241  size=939 bytes
bench:     2763 user        0 sys     2746 real flush_video 0.0 
[libx264 @ 0x56062b77d500] frame=  25 QP=25.59 NAL=2 Slice:P Poc:56  I:30   P:122  SKIP:184  size=2043 bytes
bench:     3101 user        0 sys     3084 real flush_video 0.0 
[libx264 @ 0x56062b77d500] frame=  26 QP=29.24 NAL=2 Slice:B Poc:52  I:2    P:122  SKIP:212  size=1141 bytes
bench:     4330 user        0 sys     4316 real flush_video 0.0 
[libx264 @ 0x56062b77d500] frame=  27 QP=31.95 NAL=0 Slice:B Poc:50  I:0    P:87   SKIP:249  size=819 bytes
bench:     1638 user        0 sys     1615 real flush_video 0.0 
[libx264 @ 0x56062b77d500] frame=  28 QP=28.64 NAL=0 Slice:B Poc:54  I:2    P:117  SKIP:217  size=959 bytes
bench:     1865 user        0 sys     1846 real flush_video 0.0 
[libx264 @ 0x56062b77d500] frame=  29 QP=26.01 NAL=2 Slice:P Poc:64  I:54   P:102  SKIP:180  size=2020 bytes
bench:     3551 user        0 sys     3541 real flush_video 0.0 
[libx264 @ 0x56062b77d500] frame=  30 QP=26.48 NAL=2 Slice:B Poc:60  I:7    P:125  SKIP:204  size=1248 bytes
bench:     2536 user        0 sys     2515 real flush_video 0.0 
[libx264 @ 0x56062b77d500] frame=  31 QP=31.87 NAL=0 Slice:B Poc:58  I:2    P:93   SKIP:241  size=877 bytes
bench:     1696 user        0 sys     1678 real flush_video 0.0 
[libx264 @ 0x56062b77d500] frame=  32 QP=25.86 NAL=0 Slice:B Poc:62  I:1    P:108  SKIP:227  size=934 bytes
bench:     7116 user        0 sys     7091 real flush_video 0.0 
[libx264 @ 0x56062b77d500] frame=  33 QP=25.47 NAL=2 Slice:P Poc:72  I:77   P:89   SKIP:170  size=2257 bytes
bench:     3220 user       61 sys     3268 real flush_video 0.0 
[libx264 @ 0x56062b77d500] frame=  34 QP=25.78 NAL=2 Slice:B Poc:68  I:4    P:149  SKIP:183  size=1428 bytes
bench:     4933 user        0 sys     4919 real flush_video 0.0 
[libx264 @ 0x56062b77d500] frame=  35 QP=29.67 NAL=0 Slice:B Poc:66  I:1    P:113  SKIP:222  size=1019 bytes
bench:     1967 user        0 sys     1952 real flush_video 0.0 
[libx264 @ 0x56062b77d500] frame=  36 QP=28.49 NAL=0 Slice:B Poc:70  I:1    P:131  SKIP:204  size=1053 bytes
bench:     2016 user        0 sys     1997 real flush_video 0.0 
[libx264 @ 0x56062b77d500] frame=  37 QP=21.08 NAL=2 Slice:P Poc:74  I:36   P:107  SKIP:193  size=1657 bytes
bench:     3013 user        0 sys     2992 real flush_video 0.0 
[libx264 @ 0x56062b77d500] frame=  38 QP=23.21 NAL=2 Slice:P Poc:82  I:63   P:103  SKIP:170  size=1947 bytes
bench:     3138 user        0 sys     3122 real flush_video 0.0 
[libx264 @ 0x56062b77d500] frame=  39 QP=27.14 NAL=2 Slice:B Poc:78  I:8    P:134  SKIP:194  size=1637 bytes
bench:     3059 user        0 sys     3047 real flush_video 0.0 
[libx264 @ 0x56062b77d500] frame=  40 QP=31.62 NAL=0 Slice:B Poc:76  I:1    P:128  SKIP:207  size=1068 bytes
bench:     2074 user        0 sys     2057 real flush_video 0.0 
[libx264 @ 0x56062b77d500] frame=  41 QP=29.40 NAL=0 Slice:B Poc:80  I:0    P:108  SKIP:228  size=1084 bytes
bench:     1862 user        0 sys     1855 real flush_video 0.0 
[libx264 @ 0x56062b77d500] frame=  42 QP=25.52 NAL=2 Slice:P Poc:84  I:35   P:106  SKIP:195  size=1710 bytes
bench:     2488 user        0 sys     2480 real flush_video 0.0 
[libx264 @ 0x56062b77d500] frame=  43 QP=27.36 NAL=2 Slice:P Poc:86  I:15   P:108  SKIP:213  size=1718 bytes
bench:     2322 user        0 sys     2311 real flush_video 0.0 
[libx264 @ 0x56062b77d500] frame=  44 QP=26.37 NAL=2 Slice:P Poc:90  I:25   P:120  SKIP:191  size=1746 bytes
bench:     2666 user        0 sys     2661 real flush_video 0.0 
[libx264 @ 0x56062b77d500] frame=  45 QP=31.20 NAL=0 Slice:B Poc:88  I:3    P:95   SKIP:238  size=1012 bytes
bench:     1860 user        0 sys     1831 real flush_video 0.0 
[libx264 @ 0x56062b77d500] frame=  46 QP=29.17 NAL=2 Slice:P Poc:94  I:15   P:98   SKIP:223  size=1252 bytes
bench:     2194 user        0 sys     2184 real flush_video 0.0 
[libx264 @ 0x56062b77d500] frame=  47 QP=30.16 NAL=0 Slice:B Poc:92  I:1    P:93   SKIP:242  size=1035 bytes
bench:     1736 user        0 sys     1718 real flush_video 0.0 
bench:        8 user        0 sys        8 real flush_video 0.0 
[vost#0:0/libx264 @ 0x56062b791ac0] Terminating thread with return code 0 (success)
[out#0/mp4 @ 0x56062b792900] All streams finished
[out#0/mp4 @ 0x56062b792900] Terminating thread with return code 0 (success)
[mp4 @ 0x56062b77ecc0] Starting second pass: moving the moov atom to the beginning of the file
[mp4 @ 0x56062b77ecc0] Opening '/workspace/video-export-size-estimation/artifacts/decoder-cost-study-2026-10-03/motion-segment11-original-debug.mp4' for reading
[file @ 0x56062b804140] Setting default whitelist 'file,crypto,data'
[AVIOContext @ 0x56062b782100] Statistics: 72218 bytes read, 0 seeks
[AVIOContext @ 0x56062b803180] Statistics: 145803 bytes written, 4 seeks, 5 writeouts
[out#0/mp4 @ 0x56062b792900] Output file #0 (/workspace/video-export-size-estimation/artifacts/decoder-cost-study-2026-10-03/motion-segment11-original-debug.mp4):
[out#0/mp4 @ 0x56062b792900]   Output stream #0:0 (video): 48 frames encoded; 48 packets muxed (72169 bytes); 
[out#0/mp4 @ 0x56062b792900]   Total: 48 packets (72169 bytes) muxed
[out#0/mp4 @ 0x56062b792900] video:70KiB audio:0KiB subtitle:0KiB other streams:0KiB global headers:0KiB muxing overhead: 2.000859%
frame=   48 fps=0.0 q=28.0 Lsize=      72KiB time=00:00:00.00 bitrate=N/A speed=   0x    
bench: utime=0.224s stime=0.037s rtime=0.247s
bench: maxrss=62008KiB
[libx264 @ 0x56062b77d500] frame I:1     Avg QP:15.36  size:  5502
[libx264 @ 0x56062b77d500] frame P:15    Avg QP:25.21  size:  1993
[libx264 @ 0x56062b77d500] frame B:32    Avg QP:29.69  size:  1128
[libx264 @ 0x56062b77d500] consecutive B-frames:  8.3%  8.3%  0.0% 83.3%
[libx264 @ 0x56062b77d500] mb I  I16..4: 63.7% 11.3% 25.0%
[libx264 @ 0x56062b77d500] mb P  I16..4:  3.7%  5.7%  1.1%  P16..4: 15.7%  9.1%  5.6%  0.0%  0.0%    skip:59.1%
[libx264 @ 0x56062b77d500] mb B  I16..4:  0.3%  0.1%  0.1%  B16..8: 21.9%  6.2%  1.7%  direct: 2.2%  skip:67.6%  L0:46.7% L1:46.8% BI: 6.5%
[libx264 @ 0x56062b77d500] 8x8 transform intra:36.5% inter:35.9%
[libx264 @ 0x56062b77d500] coded y,uvDC,uvAC intra: 11.9% 25.9% 22.8% inter: 4.8% 13.8% 10.4%
[libx264 @ 0x56062b77d500] i16 v,h,dc,p: 79% 16%  5%  0%
[libx264 @ 0x56062b77d500] i8 v,h,dc,ddl,ddr,vr,hd,vl,hu:  7% 27% 62%  2%  0%  0%  0%  0%  1%
[libx264 @ 0x56062b77d500] i4 v,h,dc,ddl,ddr,vr,hd,vl,hu: 44% 24% 23%  1%  1%  1%  1%  2%  3%
[libx264 @ 0x56062b77d500] i8c dc,h,v,p: 56% 17% 25%  1%
[libx264 @ 0x56062b77d500] Weighted P-Frames: Y:0.0% UV:0.0%
[libx264 @ 0x56062b77d500] ref P L0: 64.5%  6.2% 19.1% 10.2%
[libx264 @ 0x56062b77d500] ref B L0: 84.3% 12.2%  3.6%
[libx264 @ 0x56062b77d500] ref B L1: 94.3%  5.7%
[libx264 @ 0x56062b77d500] kb/s:285.92
[in#0/mov,mp4,m4a,3gp,3g2,mj2 @ 0x56062b77c580] Input file #0 (/workspace/video-export-size-estimation/artifacts/corpus-v1/motion.mp4):
[in#0/mov,mp4,m4a,3gp,3g2,mj2 @ 0x56062b77c580]   Input stream #0:0 (video): 96 packets read (224170 bytes); 96 frames decoded; 0 decode errors; 
[in#0/mov,mp4,m4a,3gp,3g2,mj2 @ 0x56062b77c580]   Total: 96 packets (224170 bytes) demuxed
[AVIOContext @ 0x56062b784e80] Statistics: 302343 bytes read, 3 seeks
