Input #0, mov,mp4,m4a,3gp,3g2,mj2, from '/workspace/video-export-size-estimation/artifacts/corpus-v1/motion.mp4':
  Metadata:
    major_brand     : isom
    minor_version   : 512
    compatible_brands: isomiso2avc1mp41
    encoder         : Lavf61.7.103
  Duration: 00:00:24.00, start: 0.000000, bitrate: 456 kb/s
  Stream #0:0[0x1](und): Video: h264 (High) (avc1 / 0x31637661), yuv420p(progressive), 384x216 [SAR 1:1 DAR 16:9], 453 kb/s, 24 fps, 24 tbr, 12288 tbn (default)
      Metadata:
        handler_name    : VideoHandler
        vendor_id       : [0][0][0][0]
        encoder         : Lavc61.19.101 libx264
Stream mapping:
  Stream #0:0 -> #0:0 (h264 (native) -> h264 (libx264))
[libx264 @ 0x55f9fe060400] using SAR=1/1
[libx264 @ 0x55f9fe060400] using cpu capabilities: MMX2 SSE2Fast SSSE3 SSE4.2 AVX FMA3 BMI2 AVX2 AVX512
[libx264 @ 0x55f9fe060400] profile High, level 1.3, 4:2:0, 8-bit
[libx264 @ 0x55f9fe060400] 264 - core 164 r3108 31e19f9 - H.264/MPEG-4 AVC codec - Copyleft 2003-2023 - http://www.videolan.org/x264.html - options: cabac=1 ref=3 deblock=1:0:0 analyse=0x3:0x113 me=hex subme=7 psy=1 psy_rd=1.00:0.00 mixed_ref=1 me_range=16 chroma_me=1 trellis=1 8x8dct=1 cqm=0 deadzone=21,11 fast_pskip=1 chroma_qp_offset=-2 threads=1 lookahead_threads=1 sliced_threads=0 nr=0 decimate=1 interlaced=0 bluray_compat=0 constrained_intra=0 bframes=3 b_pyramid=2 b_adapt=1 b_bias=0 direct=1 weightb=1 open_gop=0 weightp=2 keyint=250 keyint_min=1 scenecut=40 intra_refresh=0 rc_lookahead=40 rc=crf mbtree=1 crf=23.0 qcomp=0.60 qpmin=0 qpmax=69 qpstep=4 ip_ratio=1.40 aq=1:1.00
Output #0, mp4, to '/workspace/video-export-size-estimation/artifacts/decoder-cost-study-2026-10-03/motion-segment11-original-0.mp4':
  Metadata:
    encoder         : Lavf61.7.103
  Stream #0:0: Video: h264 (avc1 / 0x31637661), yuv420p(tv, progressive), 384x216 [SAR 1:1 DAR 16:9], q=2-31, 24 fps, 12288 tbn (default)
      Metadata:
        encoder         : Lavc61.19.101 libx264
      Side data:
        cpb: bitrate max/min/avg: 0/0/0 buffer size: 0 vbv_delay: N/A
[mp4 @ 0x55f9fe061bc0] Starting second pass: moving the moov atom to the beginning of the file
[out#0/mp4 @ 0x55f9fe075800] video:70KiB audio:0KiB subtitle:0KiB other streams:0KiB global headers:0KiB muxing overhead: 2.000859%
frame=   48 fps=0.0 q=28.0 Lsize=      72KiB time=00:00:00.00 bitrate=N/A speed=   0x    
bench: utime=0.298s stime=0.029s rtime=0.308s
bench: maxrss=62004KiB
[libx264 @ 0x55f9fe060400] frame I:1     Avg QP:15.36  size:  5502
[libx264 @ 0x55f9fe060400] frame P:15    Avg QP:25.21  size:  1993
[libx264 @ 0x55f9fe060400] frame B:32    Avg QP:29.69  size:  1128
[libx264 @ 0x55f9fe060400] consecutive B-frames:  8.3%  8.3%  0.0% 83.3%
[libx264 @ 0x55f9fe060400] mb I  I16..4: 63.7% 11.3% 25.0%
[libx264 @ 0x55f9fe060400] mb P  I16..4:  3.7%  5.7%  1.1%  P16..4: 15.7%  9.1%  5.6%  0.0%  0.0%    skip:59.1%
[libx264 @ 0x55f9fe060400] mb B  I16..4:  0.3%  0.1%  0.1%  B16..8: 21.9%  6.2%  1.7%  direct: 2.2%  skip:67.6%  L0:46.7% L1:46.8% BI: 6.5%
[libx264 @ 0x55f9fe060400] 8x8 transform intra:36.5% inter:35.9%
[libx264 @ 0x55f9fe060400] coded y,uvDC,uvAC intra: 11.9% 25.9% 22.8% inter: 4.8% 13.8% 10.4%
[libx264 @ 0x55f9fe060400] i16 v,h,dc,p: 79% 16%  5%  0%
[libx264 @ 0x55f9fe060400] i8 v,h,dc,ddl,ddr,vr,hd,vl,hu:  7% 27% 62%  2%  0%  0%  0%  0%  1%
[libx264 @ 0x55f9fe060400] i4 v,h,dc,ddl,ddr,vr,hd,vl,hu: 44% 24% 23%  1%  1%  1%  1%  2%  3%
[libx264 @ 0x55f9fe060400] i8c dc,h,v,p: 56% 17% 25%  1%
[libx264 @ 0x55f9fe060400] Weighted P-Frames: Y:0.0% UV:0.0%
[libx264 @ 0x55f9fe060400] ref P L0: 64.5%  6.2% 19.1% 10.2%
[libx264 @ 0x55f9fe060400] ref B L0: 84.3% 12.2%  3.6%
[libx264 @ 0x55f9fe060400] ref B L1: 94.3%  5.7%
[libx264 @ 0x55f9fe060400] kb/s:285.92
