Splitting the commandline.
Reading option '-hide_banner' ... matched as option 'hide_banner' (do not show program banner) with argument '1'.
Reading option '-loglevel' ... matched as option 'loglevel' (set logging level) with argument 'debug'.
Reading option '-nostdin' ... matched as option 'stdin' (enable or disable interaction on standard input) with argument 0.
Reading option '-y' ... matched as option 'y' (overwrite output files) with argument '1'.
Reading option '-xerror' ... matched as option 'xerror' (exit on error) with argument '1'.
Reading option '-benchmark' ... matched as option 'benchmark' (add timings for benchmarking) with argument '1'.
Reading option '-nostats' ... matched as option 'stats' (print progress report during encoding) with argument 0.
Reading option '-threads' ... matched as AVOption 'threads' with argument '1'.
Reading option '-filter_threads' ... matched as option 'filter_threads' (number of non-complex filter threads) with argument '1'.
Reading option '-filter_complex_threads' ... matched as option 'filter_complex_threads' (number of threads for -filter_complex) with argument '1'.
Reading option '-ss' ... matched as option 'ss' (start transcoding at specified time) with argument '10.000000'.
Reading option '-copyts' ... matched as option 'copyts' (copy timestamps) with argument '1'.
Reading option '-i' ... matched as input url with argument '/workspace/video-export-size-estimation/artifacts/corpus-v1/motion.mp4'.
Reading option '-map' ... matched as option 'map' (set input stream mapping) with argument '0:0'.
Reading option '-an' ... matched as option 'an' (disable audio) with argument '1'.
Reading option '-sn' ... matched as option 'sn' (disable subtitle) with argument '1'.
Reading option '-dn' ... matched as option 'dn' (disable data) with argument '1'.
Reading option '-map_metadata' ... matched as option 'map_metadata' (set metadata information of outfile from infile) with argument '-1'.
Reading option '-vf' ... matched as option 'vf' (alias for -filter:v (apply filters to video streams)) with argument 'trim=start_pts=147456:end_pts=172032,setpts=PTS-STARTPTS'.
Reading option '-fps_mode' ... matched as option 'fps_mode' (set framerate mode for matching video streams; overrides vsync) with argument 'cfr'.
Reading option '-r' ... matched as option 'r' (override input framerate/convert to given output framerate (Hz value, fraction or abbreviation)) with argument '24'.
Reading option '-c:v' ... matched as option 'c' (select encoder/decoder ('copy' to copy stream without reencoding)) with argument 'libx264'.
Reading option '-crf' ... matched as AVOption 'crf' with argument '23'.
Reading option '-preset' ... matched as AVOption 'preset' with argument 'medium'.
Reading option '-threads' ... matched as AVOption 'threads' with argument '1'.
Reading option '-pix_fmt' ... matched as option 'pix_fmt' (set pixel format) with argument 'yuv420p'.
Reading option '-x264-params' ... matched as AVOption 'x264-params' with argument 'open-gop=0:keyint=250:min-keyint=1'.
Reading option '-movflags' ... matched as AVOption 'movflags' with argument '+faststart'.
Reading option '-frames:v' ... matched as option 'frames' (set the number of frames to output) with argument '48'.
Reading option '-benchmark_all' ... matched as option 'benchmark_all' (add timings for each task) with argument '1'.
Reading option '/workspace/video-export-size-estimation/artifacts/decoder-cost-study-2026-10-03/motion-segment6-frames_limit-debug.mp4' ... matched as output url.
Finished splitting the commandline.
Parsing a group of options: global .
Applying option hide_banner (do not show program banner) with argument 1.
Applying option loglevel (set logging level) with argument debug.
Applying option nostdin (enable or disable interaction on standard input) with argument 0.
Applying option y (overwrite output files) with argument 1.
Applying option xerror (exit on error) with argument 1.
Applying option benchmark (add timings for benchmarking) with argument 1.
Applying option nostats (print progress report during encoding) with argument 0.
Applying option filter_threads (number of non-complex filter threads) with argument 1.
Applying option filter_complex_threads (number of threads for -filter_complex) with argument 1.
Applying option copyts (copy timestamps) with argument 1.
Applying option benchmark_all (add timings for each task) with argument 1.
Successfully parsed a group of options.
Parsing a group of options: input url /workspace/video-export-size-estimation/artifacts/corpus-v1/motion.mp4.
Applying option ss (start transcoding at specified time) with argument 10.000000.
Successfully parsed a group of options.
Opening an input file: /workspace/video-export-size-estimation/artifacts/corpus-v1/motion.mp4.
[AVFormatContext @ 0x5625e31a78c0] Opening '/workspace/video-export-size-estimation/artifacts/corpus-v1/motion.mp4' for reading
[file @ 0x5625e3153b00] Setting default whitelist 'file,crypto,data'
[mov,mp4,m4a,3gp,3g2,mj2 @ 0x5625e31a78c0] Format mov,mp4,m4a,3gp,3g2,mj2 probed with size=2048 and score=100
[mov,mp4,m4a,3gp,3g2,mj2 @ 0x5625e31a78c0] ISO: File Type Major Brand: isom
[mov,mp4,m4a,3gp,3g2,mj2 @ 0x5625e31a78c0] Unknown dref type 0x206c7275 size 12
[mov,mp4,m4a,3gp,3g2,mj2 @ 0x5625e31a78c0] Processing st: 0, edit list 0 - media time: 1024, duration: 294912
[mov,mp4,m4a,3gp,3g2,mj2 @ 0x5625e31a78c0] Offset DTS by 1024 to make first pts zero.
[mov,mp4,m4a,3gp,3g2,mj2 @ 0x5625e31a78c0] Setting codecpar->delay to 2 for stream st: 0
[mov,mp4,m4a,3gp,3g2,mj2 @ 0x5625e31a78c0] Before avformat_find_stream_info() pos: 1368858 bytes read:40199 seeks:1 nb_streams:1
[h264 @ 0x5625e31a8640] nal_unit_type: 7(SPS), nal_ref_idc: 3
[h264 @ 0x5625e31a8640] Decoding VUI
[h264 @ 0x5625e31a8640] nal_unit_type: 8(PPS), nal_ref_idc: 3
[h264 @ 0x5625e31a8640] nal_unit_type: 7(SPS), nal_ref_idc: 3
[h264 @ 0x5625e31a8640] Decoding VUI
[h264 @ 0x5625e31a8640] nal_unit_type: 8(PPS), nal_ref_idc: 3
[h264 @ 0x5625e31a8640] nal_unit_type: 6(SEI), nal_ref_idc: 0
[h264 @ 0x5625e31a8640] nal_unit_type: 5(IDR), nal_ref_idc: 3
[h264 @ 0x5625e31a8640] Format yuv420p chosen by get_format().
[h264 @ 0x5625e31a8640] Reinit context to 384x224, pix_fmt: yuv420p
[h264 @ 0x5625e31a8640] no picture 
[mov,mp4,m4a,3gp,3g2,mj2 @ 0x5625e31a78c0] All info found
[mov,mp4,m4a,3gp,3g2,mj2 @ 0x5625e31a78c0] After avformat_find_stream_info() pos: 6551 bytes read:72967 seeks:2 frames:1
Input #0, mov,mp4,m4a,3gp,3g2,mj2, from '/workspace/video-export-size-estimation/artifacts/corpus-v1/motion.mp4':
  Metadata:
    major_brand     : isom
    minor_version   : 512
    compatible_brands: isomiso2avc1mp41
    encoder         : Lavf61.7.103
  Duration: 00:00:24.00, start: 0.000000, bitrate: 456 kb/s
  Stream #0:0[0x1](und), 1, 1/12288: Video: h264 (High), 1 reference frame (avc1 / 0x31637661), yuv420p(progressive, left), 384x216 [SAR 1:1 DAR 16:9], 0/1, 453 kb/s, 24 fps, 24 tbr, 12288 tbn (default)
      Metadata:
        handler_name    : VideoHandler
        vendor_id       : [0][0][0][0]
        encoder         : Lavc61.19.101 libx264
Successfully opened the file.
Parsing a group of options: output url /workspace/video-export-size-estimation/artifacts/decoder-cost-study-2026-10-03/motion-segment6-frames_limit-debug.mp4.
Applying option map (set input stream mapping) with argument 0:0.
Applying option an (disable audio) with argument 1.
Applying option sn (disable subtitle) with argument 1.
Applying option dn (disable data) with argument 1.
Applying option map_metadata (set metadata information of outfile from infile) with argument -1.
Applying option vf (alias for -filter:v (apply filters to video streams)) with argument trim=start_pts=147456:end_pts=172032,setpts=PTS-STARTPTS.
Applying option fps_mode (set framerate mode for matching video streams; overrides vsync) with argument cfr.
Applying option r (override input framerate/convert to given output framerate (Hz value, fraction or abbreviation)) with argument 24.
Applying option c:v (select encoder/decoder ('copy' to copy stream without reencoding)) with argument libx264.
Applying option pix_fmt (set pixel format) with argument yuv420p.
Applying option frames:v (set the number of frames to output) with argument 48.
Successfully parsed a group of options.
Opening an output file: /workspace/video-export-size-estimation/artifacts/decoder-cost-study-2026-10-03/motion-segment6-frames_limit-debug.mp4.
[out#0/mp4 @ 0x5625e31bda40] Adding streams from explicit maps...
[vost#0:0/libx264 @ 0x5625e31bcc00] Created video stream from input stream 0:0
[AVFilterGraph @ 0x5625e31a8a00] Setting 'start_pts' to value '147456'
[AVFilterGraph @ 0x5625e31a8a00] Setting 'end_pts' to value '172032'
[AVFilterGraph @ 0x5625e31a8a00] Setting 'expr' to value 'PTS-STARTPTS'
[h264 @ 0x5625e3225340] nal_unit_type: 7(SPS), nal_ref_idc: 3
[h264 @ 0x5625e3225340] Decoding VUI
[h264 @ 0x5625e3225340] nal_unit_type: 8(PPS), nal_ref_idc: 3
[file @ 0x5625e3224780] Setting default whitelist 'file,crypto,data'
Successfully opened the file.
Stream mapping:
  Stream #0:0 -> #0:0 (h264 (native) -> h264 (libx264))
[vost#0:0/libx264 @ 0x5625e31bcc00] Starting thread...
[vf#0:0 @ 0x5625e31aa200] Starting thread...
[vist#0:0/h264 @ 0x5625e322b900] [dec:h264 @ 0x5625e3224fc0] Starting thread...
[in#0/mov,mp4,m4a,3gp,3g2,mj2 @ 0x5625e31a76c0] Starting thread...
[h264 @ 0x5625e326be80] nal_unit_type: 7(SPS), nal_ref_idc: 3
[h264 @ 0x5625e326be80] Decoding VUI
[h264 @ 0x5625e326be80] nal_unit_type: 8(PPS), nal_ref_idc: 3
[h264 @ 0x5625e3225340] nal_unit_type: 5(IDR), nal_ref_idc: 3
[h264 @ 0x5625e3225340] Format yuv420p chosen by get_format().
[h264 @ 0x5625e3225340] Reinit context to 384x224, pix_fmt: yuv420p
[h264 @ 0x5625e3225340] no picture 
bench:        1 user        0 sys        4 real decode_video 0:0 
[h264 @ 0x5625e3225340] nal_unit_type: 1(Coded slice of a non-IDR picture), nal_ref_idc: 2
[h264 @ 0x5625e3225340] no picture 
bench:        1 user        0 sys        2 real decode_video 0:0 
[h264 @ 0x5625e3225340] nal_unit_type: 1(Coded slice of a non-IDR picture), nal_ref_idc: 2
bench:       92 user        0 sys      121 real decode_video 0:0 
bench:        2 user        0 sys        3 real decode_video 0:0 
[h264 @ 0x5625e3225340] nal_unit_type: 1(Coded slice of a non-IDR picture), nal_ref_idc: 0
[AVFilterGraph @ 0x7f5ebc001000] Setting 'start_pts' to value '147456'
[AVFilterGraph @ 0x7f5ebc001000] Setting 'end_pts' to value '172032'
[AVFilterGraph @ 0x7f5ebc001000] Setting 'expr' to value 'PTS-STARTPTS'
[graph -1 input from stream 0:0 @ 0x7f5ebc002140] Setting 'video_size' to value '384x216'
[graph -1 input from stream 0:0 @ 0x7f5ebc002140] Setting 'pix_fmt' to value '0'
[graph -1 input from stream 0:0 @ 0x7f5ebc002140] Setting 'time_base' to value '1/12288'
[graph -1 input from stream 0:0 @ 0x7f5ebc002140] Setting 'pixel_aspect' to value '1/1'
[graph -1 input from stream 0:0 @ 0x7f5ebc002140] Setting 'colorspace' to value '2'
[graph -1 input from stream 0:0 @ 0x7f5ebc002140] Setting 'range' to value '0'
[graph -1 input from stream 0:0 @ 0x7f5ebc002140] Setting 'frame_rate' to value '24/1'
[graph -1 input from stream 0:0 @ 0x7f5ebc002140] w:384 h:216 pixfmt:yuv420p tb:1/12288 fr:24/1 sar:1/1 csp:unknown range:unknown
[format @ 0x7f5ebc0031c0] Setting 'pix_fmts' to value 'yuv420p'
[format @ 0x7f5ebc0031c0] Setting 'color_ranges' to value 'tv|pc'
bench:        1 user        0 sys        2 real decode_video 0:0 
bench:        1 user        0 sys        1 real decode_video 0:0 
[h264 @ 0x5625e3225340] nal_unit_type: 1(Coded slice of a non-IDR picture), nal_ref_idc: 0
bench:        1 user        0 sys        3 real decode_video 0:0 
bench:        1 user        0 sys        1 real decode_video 0:0 
[h264 @ 0x5625e3225340] nal_unit_type: 1(Coded slice of a non-IDR picture), nal_ref_idc: 2
bench:        1 user        0 sys        3 real decode_video 0:0 
bench:        2 user        0 sys        1 real decode_video 0:0 
[h264 @ 0x5625e3225340] nal_unit_type: 1(Coded slice of a non-IDR picture), nal_ref_idc: 2
[AVFilterGraph @ 0x7f5ebc001000] query_formats: 6 queried, 15 merged, 0 already done, 0 delayed
[Parsed_trim_0 @ 0x7f5ebc001800] TB:0.000081 FRAME_RATE:24.000000 SAMPLE_RATE:nan
[graph -1 input from stream 0:0 @ 0x7f5ebc002140] video frame properties congruent with link at pts_time: 10
bench:        1 user        0 sys        2 real decode_video 0:0 
bench:        1 user        0 sys        1 real decode_video 0:0 
[h264 @ 0x5625e3225340] nal_unit_type: 1(Coded slice of a non-IDR picture), nal_ref_idc: 0
bench:        2 user        0 sys        3 real decode_video 0:0 
bench:        1 user        0 sys        1 real decode_video 0:0 
[h264 @ 0x5625e3225340] nal_unit_type: 1(Coded slice of a non-IDR picture), nal_ref_idc: 0
bench:        2 user        0 sys        4 real decode_video 0:0 
bench:        3 user        0 sys        3 real decode_video 0:0 
[h264 @ 0x5625e3225340] nal_unit_type: 1(Coded slice of a non-IDR picture), nal_ref_idc: 2
bench:        1 user        0 sys        1 real decode_video 0:0 
    Last message repeated 1 times
[h264 @ 0x5625e3225340] nal_unit_type: 1(Coded slice of a non-IDR picture), nal_ref_idc: 2
bench:        1 user        0 sys        2 real decode_video 0:0 
bench:        0 user        0 sys        1 real decode_video 0:0 
[h264 @ 0x5625e3225340] nal_unit_type: 1(Coded slice of a non-IDR picture), nal_ref_idc: 0
bench:        1 user        0 sys        1 real decode_video 0:0 
bench:        0 user        0 sys        1 real decode_video 0:0 
[h264 @ 0x5625e3225340] nal_unit_type: 1(Coded slice of a non-IDR picture), nal_ref_idc: 0
bench:        2 user        0 sys        4 real decode_video 0:0 
bench:        1 user        0 sys        2 real decode_video 0:0 
[h264 @ 0x5625e3225340] nal_unit_type: 1(Coded slice of a non-IDR picture), nal_ref_idc: 2
bench:        1 user        0 sys        1 real decode_video 0:0 
bench:        0 user        0 sys        1 real decode_video 0:0 
[h264 @ 0x5625e3225340] nal_unit_type: 1(Coded slice of a non-IDR picture), nal_ref_idc: 2
bench:        2 user        0 sys        4 real decode_video 0:0 
bench:        1 user        0 sys        1 real decode_video 0:0 
[h264 @ 0x5625e3225340] nal_unit_type: 1(Coded slice of a non-IDR picture), nal_ref_idc: 0
bench:        1 user        0 sys        1 real decode_video 0:0 
bench:        0 user        0 sys        1 real decode_video 0:0 
[h264 @ 0x5625e3225340] nal_unit_type: 1(Coded slice of a non-IDR picture), nal_ref_idc: 2
bench:        1 user        0 sys        1 real decode_video 0:0 
bench:        0 user        0 sys        1 real decode_video 0:0 
[h264 @ 0x5625e3225340] nal_unit_type: 1(Coded slice of a non-IDR picture), nal_ref_idc: 2
bench:        0 user        0 sys        1 real decode_video 0:0 
bench:        1 user        0 sys        1 real decode_video 0:0 
[h264 @ 0x5625e3225340] nal_unit_type: 1(Coded slice of a non-IDR picture), nal_ref_idc: 0
bench:        1 user        0 sys        1 real decode_video 0:0 
bench:        1 user        0 sys        0 real decode_video 0:0 
[h264 @ 0x5625e3225340] nal_unit_type: 1(Coded slice of a non-IDR picture), nal_ref_idc: 0
bench:        1 user        0 sys        1 real decode_video 0:0 
    Last message repeated 1 times
[h264 @ 0x5625e3225340] nal_unit_type: 1(Coded slice of a non-IDR picture), nal_ref_idc: 2
bench:        1 user        0 sys        0 real decode_video 0:0 
bench:        1 user        0 sys        1 real decode_video 0:0 
[h264 @ 0x5625e3225340] nal_unit_type: 1(Coded slice of a non-IDR picture), nal_ref_idc: 2
bench:        2 user        0 sys        4 real decode_video 0:0 
bench:        1 user        0 sys        2 real decode_video 0:0 
[h264 @ 0x5625e3225340] nal_unit_type: 1(Coded slice of a non-IDR picture), nal_ref_idc: 0
bench:        1 user        0 sys        1 real decode_video 0:0 
    Last message repeated 1 times
[h264 @ 0x5625e3225340] nal_unit_type: 1(Coded slice of a non-IDR picture), nal_ref_idc: 0
bench:        1 user        0 sys        0 real decode_video 0:0 
bench:        1 user        0 sys        1 real decode_video 0:0 
[h264 @ 0x5625e3225340] nal_unit_type: 1(Coded slice of a non-IDR picture), nal_ref_idc: 2
bench:        1 user        0 sys        2 real decode_video 0:0 
bench:        1 user        0 sys        1 real decode_video 0:0 
[h264 @ 0x5625e3225340] nal_unit_type: 1(Coded slice of a non-IDR picture), nal_ref_idc: 2
bench:        1 user        0 sys        1 real decode_video 0:0 
bench:        1 user        0 sys        0 real decode_video 0:0 
[h264 @ 0x5625e3225340] nal_unit_type: 1(Coded slice of a non-IDR picture), nal_ref_idc: 0
bench:        1 user        0 sys        2 real decode_video 0:0 
bench:        1 user        0 sys        1 real decode_video 0:0 
[h264 @ 0x5625e3225340] nal_unit_type: 1(Coded slice of a non-IDR picture), nal_ref_idc: 0
bench:        1 user        0 sys        1 real decode_video 0:0 
bench:        0 user        0 sys        1 real decode_video 0:0 
[h264 @ 0x5625e3225340] nal_unit_type: 1(Coded slice of a non-IDR picture), nal_ref_idc: 2
bench:        1 user        0 sys        1 real decode_video 0:0 
    Last message repeated 1 times
[h264 @ 0x5625e3225340] nal_unit_type: 1(Coded slice of a non-IDR picture), nal_ref_idc: 2
bench:        1 user        0 sys        1 real decode_video 0:0 
bench:        0 user        0 sys        1 real decode_video 0:0 
[h264 @ 0x5625e3225340] nal_unit_type: 1(Coded slice of a non-IDR picture), nal_ref_idc: 2
bench:        1 user        0 sys        1 real decode_video 0:0 
bench:        1 user        0 sys        0 real decode_video 0:0 
[h264 @ 0x5625e3225340] nal_unit_type: 1(Coded slice of a non-IDR picture), nal_ref_idc: 2
bench:        1 user        0 sys        2 real decode_video 0:0 
bench:        1 user        0 sys        0 real decode_video 0:0 
[h264 @ 0x5625e3225340] nal_unit_type: 1(Coded slice of a non-IDR picture), nal_ref_idc: 0
bench:        0 user        0 sys        1 real decode_video 0:0 
bench:        1 user        0 sys        1 real decode_video 0:0 
[h264 @ 0x5625e3225340] nal_unit_type: 1(Coded slice of a non-IDR picture), nal_ref_idc: 0
bench:        2 user        0 sys        4 real decode_video 0:0 
bench:        1 user        0 sys        1 real decode_video 0:0 
[h264 @ 0x5625e3225340] nal_unit_type: 1(Coded slice of a non-IDR picture), nal_ref_idc: 2
bench:        1 user        0 sys        2 real decode_video 0:0 
bench:        1 user        0 sys        1 real decode_video 0:0 
[h264 @ 0x5625e3225340] nal_unit_type: 1(Coded slice of a non-IDR picture), nal_ref_idc: 2
bench:        0 user        0 sys        1 real decode_video 0:0 
bench:        1 user        0 sys        1 real decode_video 0:0 
[h264 @ 0x5625e3225340] nal_unit_type: 1(Coded slice of a non-IDR picture), nal_ref_idc: 0
bench:        2 user        0 sys        4 real decode_video 0:0 
bench:        1 user        0 sys        1 real decode_video 0:0 
[h264 @ 0x5625e3225340] nal_unit_type: 1(Coded slice of a non-IDR picture), nal_ref_idc: 0
bench:        1 user        0 sys        1 real decode_video 0:0 
bench:        0 user        0 sys        1 real decode_video 0:0 
[h264 @ 0x5625e3225340] nal_unit_type: 1(Coded slice of a non-IDR picture), nal_ref_idc: 2
bench:        2 user        0 sys        1 real decode_video 0:0 
bench:        1 user        0 sys        1 real decode_video 0:0 
[h264 @ 0x5625e3225340] nal_unit_type: 1(Coded slice of a non-IDR picture), nal_ref_idc: 2
bench:        2 user        0 sys        4 real decode_video 0:0 
bench:        1 user        0 sys        1 real decode_video 0:0 
[h264 @ 0x5625e3225340] nal_unit_type: 1(Coded slice of a non-IDR picture), nal_ref_idc: 0
bench:        2 user        0 sys        4 real decode_video 0:0 
bench:        1 user        0 sys        1 real decode_video 0:0 
[h264 @ 0x5625e3225340] nal_unit_type: 1(Coded slice of a non-IDR picture), nal_ref_idc: 0
bench:        2 user        0 sys        5 real decode_video 0:0 
bench:        2 user        0 sys        2 real decode_video 0:0 
[h264 @ 0x5625e3225340] nal_unit_type: 1(Coded slice of a non-IDR picture), nal_ref_idc: 2
bench:        2 user        0 sys        5 real decode_video 0:0 
bench:        2 user        0 sys        1 real decode_video 0:0 
[h264 @ 0x5625e3225340] nal_unit_type: 1(Coded slice of a non-IDR picture), nal_ref_idc: 2
bench:        1 user        0 sys        2 real decode_video 0:0 
bench:        1 user        0 sys        1 real decode_video 0:0 
[h264 @ 0x5625e3225340] nal_unit_type: 1(Coded slice of a non-IDR picture), nal_ref_idc: 2
bench:        1 user        0 sys        2 real decode_video 0:0 
bench:        1 user        0 sys        1 real decode_video 0:0 
[h264 @ 0x5625e3225340] nal_unit_type: 1(Coded slice of a non-IDR picture), nal_ref_idc: 0
bench:        3 user        0 sys        5 real decode_video 0:0 
bench:        1 user        0 sys        2 real decode_video 0:0 
[h264 @ 0x5625e3225340] nal_unit_type: 1(Coded slice of a non-IDR picture), nal_ref_idc: 2
bench:        1 user        0 sys        1 real decode_video 0:0 
bench:        0 user        0 sys        1 real decode_video 0:0 
[h264 @ 0x5625e3225340] nal_unit_type: 1(Coded slice of a non-IDR picture), nal_ref_idc: 0
bench:        1 user        0 sys        4 real decode_video 0:0 
bench:        2 user        0 sys        1 real decode_video 0:0 
[h264 @ 0x5625e3225340] nal_unit_type: 5(IDR), nal_ref_idc: 3
bench:        1 user        0 sys        3 real decode_video 0:0 
bench:        2 user        0 sys        2 real decode_video 0:0 
[h264 @ 0x5625e3225340] nal_unit_type: 1(Coded slice of a non-IDR picture), nal_ref_idc: 2
bench:        0 user        0 sys        2 real decode_video 0:0 
bench:        1 user        0 sys        0 real decode_video 0:0 
[h264 @ 0x5625e3225340] nal_unit_type: 1(Coded slice of a non-IDR picture), nal_ref_idc: 2
bench:        0 user        0 sys        1 real decode_video 0:0 
    Last message repeated 1 times
[h264 @ 0x5625e3225340] nal_unit_type: 1(Coded slice of a non-IDR picture), nal_ref_idc: 0
[libx264 @ 0x5625e31a8640] using SAR=1/1
bench:        1 user        0 sys        2 real decode_video 0:0 
bench:        1 user        0 sys        1 real decode_video 0:0 
[h264 @ 0x5625e3225340] nal_unit_type: 1(Coded slice of a non-IDR picture), nal_ref_idc: 2
bench:        0 user        0 sys        1 real decode_video 0:0 
    Last message repeated 1 times
[h264 @ 0x5625e3225340] nal_unit_type: 1(Coded slice of a non-IDR picture), nal_ref_idc: 2
[libx264 @ 0x5625e31a8640] using cpu capabilities: MMX2 SSE2Fast SSSE3 SSE4.2 AVX FMA3 BMI2 AVX2 AVX512
bench:        1 user        0 sys        2 real decode_video 0:0 
bench:        1 user        0 sys        1 real decode_video 0:0 
[h264 @ 0x5625e3225340] nal_unit_type: 1(Coded slice of a non-IDR picture), nal_ref_idc: 0
bench:        1 user        0 sys        1 real decode_video 0:0 
    Last message repeated 1 times
[h264 @ 0x5625e3225340] nal_unit_type: 1(Coded slice of a non-IDR picture), nal_ref_idc: 2
[libx264 @ 0x5625e31a8640] profile High, level 1.3, 4:2:0, 8-bit
[libx264 @ 0x5625e31a8640] 264 - core 164 r3108 31e19f9 - H.264/MPEG-4 AVC codec - Copyleft 2003-2023 - http://www.videolan.org/x264.html - options: cabac=1 ref=3 deblock=1:0:0 analyse=0x3:0x113 me=hex subme=7 psy=1 psy_rd=1.00:0.00 mixed_ref=1 me_range=16 chroma_me=1 trellis=1 8x8dct=1 cqm=0 deadzone=21,11 fast_pskip=1 chroma_qp_offset=-2 threads=1 lookahead_threads=1 sliced_threads=0 nr=0 decimate=1 interlaced=0 bluray_compat=0 constrained_intra=0 bframes=3 b_pyramid=2 b_adapt=1 b_bias=0 direct=1 weightb=1 open_gop=0 weightp=2 keyint=250 keyint_min=1 scenecut=40 intra_refresh=0 rc_lookahead=40 rc=crf mbtree=1 crf=23.0 qcomp=0.60 qpmin=0 qpmax=69 qpstep=4 ip_ratio=1.40 aq=1:1.00
Output #0, mp4, to '/workspace/video-export-size-estimation/artifacts/decoder-cost-study-2026-10-03/motion-segment6-frames_limit-debug.mp4':
  Metadata:
    encoder         : Lavf61.7.103
  Stream #0:0, 0, 1/12288: Video: h264, 1 reference frame (avc1 / 0x31637661), yuv420p(tv, progressive, left), 384x216 [SAR 1:1 DAR 16:9], 0/1, q=2-31, 24 fps, 12288 tbn (default)
      Metadata:
        encoder         : Lavc61.19.101 libx264
      Side data:
        cpb: bitrate max/min/avg: 0/0/0 buffer size: 0 vbv_delay: N/A
[out#0/mp4 @ 0x5625e31bda40] Starting thread...
bench:        1 user        0 sys        1 real decode_video 0:0 
    Last message repeated 1 times
[h264 @ 0x5625e3225340] nal_unit_type: 1(Coded slice of a non-IDR picture), nal_ref_idc: 2
[out#0/mp4 @ 0x5625e31bda40] sq: send 0 ts 0.0416667
[out#0/mp4 @ 0x5625e31bda40] sq: receive 0 ts 0.0416667 queue head 0 ts 0.0416667
[out#0/mp4 @ 0x5625e31bda40] sq: send 0 ts 0.0833333
[out#0/mp4 @ 0x5625e31bda40] sq: receive 0 ts 0.0833333 queue head 0 ts 0.0833333
[out#0/mp4 @ 0x5625e31bda40] sq: send 0 ts 0.125
[out#0/mp4 @ 0x5625e31bda40] sq: receive 0 ts 0.125 queue head 0 ts 0.125
[out#0/mp4 @ 0x5625e31bda40] sq: send 0 ts 0.166667
[out#0/mp4 @ 0x5625e31bda40] sq: receive 0 ts 0.166667 queue head 0 ts 0.166667
[out#0/mp4 @ 0x5625e31bda40] sq: send 0 ts 0.208333
[out#0/mp4 @ 0x5625e31bda40] sq: receive 0 ts 0.208333 queue head 0 ts 0.208333
[out#0/mp4 @ 0x5625e31bda40] sq: send 0 ts 0.25
[out#0/mp4 @ 0x5625e31bda40] sq: receive 0 ts 0.25 queue head 0 ts 0.25
bench:     3251 user        0 sys      297 real encode_video 0.0 
bench:        1 user        0 sys        3 real decode_video 0:0 
bench:        1 user        0 sys        2 real decode_video 0:0 
bench:      205 user        0 sys        8 real encode_video 0.0 
[h264 @ 0x5625e3225340] nal_unit_type: 1(Coded slice of a non-IDR picture), nal_ref_idc: 0
[out#0/mp4 @ 0x5625e31bda40] sq: send 0 ts 0.291667
[out#0/mp4 @ 0x5625e31bda40] sq: receive 0 ts 0.291667 queue head 0 ts 0.291667
bench:      293 user        0 sys      202 real encode_video 0.0 
bench:        1 user        0 sys        2 real decode_video 0:0 
bench:        0 user        0 sys        1 real decode_video 0:0 
[h264 @ 0x5625e3225340] nal_unit_type: 1(Coded slice of a non-IDR picture), nal_ref_idc: 0
[out#0/mp4 @ 0x5625e31bda40] sq: send 0 ts 0.333333
[out#0/mp4 @ 0x5625e31bda40] sq: receive 0 ts 0.333333 queue head 0 ts 0.333333
bench:      321 user        0 sys       98 real encode_video 0.0 
bench:      335 user        0 sys      209 real encode_video 0.0 
bench:        1 user        0 sys        3 real decode_video 0:0 
bench:        1 user        0 sys        2 real decode_video 0:0 
bench:      212 user        0 sys        5 real encode_video 0.0 
[h264 @ 0x5625e3225340] nal_unit_type: 1(Coded slice of a non-IDR picture), nal_ref_idc: 2
[out#0/mp4 @ 0x5625e31bda40] sq: send 0 ts 0.375
[out#0/mp4 @ 0x5625e31bda40] sq: receive 0 ts 0.375 queue head 0 ts 0.375
bench:      258 user        0 sys      212 real encode_video 0.0 
bench:      212 user        0 sys      212 real encode_video 0.0 
bench:        2 user        0 sys        5 real decode_video 0:0 
bench:        1 user        0 sys        1 real decode_video 0:0 
[h264 @ 0x5625e3225340] nal_unit_type: 1(Coded slice of a non-IDR picture), nal_ref_idc: 2
[out#0/mp4 @ 0x5625e31bda40] sq: send 0 ts 0.416667
[out#0/mp4 @ 0x5625e31bda40] sq: receive 0 ts 0.416667 queue head 0 ts 0.416667
bench:      285 user        0 sys       89 real encode_video 0.0 
bench:        1 user        0 sys        1 real decode_video 0:0 
    Last message repeated 1 times
[h264 @ 0x5625e3225340] nal_unit_type: 1(Coded slice of a non-IDR picture), nal_ref_idc: 0
bench:      395 user        0 sys      129 real encode_video 0.0 
bench:        2 user        0 sys        4 real decode_video 0:0 
bench:        1 user        0 sys        1 real decode_video 0:0 
[h264 @ 0x5625e3225340] nal_unit_type: 1(Coded slice of a non-IDR picture), nal_ref_idc: 2
[out#0/mp4 @ 0x5625e31bda40] sq: send 0 ts 0.458333
[out#0/mp4 @ 0x5625e31bda40] sq: receive 0 ts 0.458333 queue head 0 ts 0.458333
[out#0/mp4 @ 0x5625e31bda40] sq: send 0 ts 0.5
[out#0/mp4 @ 0x5625e31bda40] sq: receive 0 ts 0.5 queue head 0 ts 0.5
bench:      254 user        0 sys      254 real encode_video 0.0 
bench:        1 user        0 sys        1 real decode_video 0:0 
    Last message repeated 1 times
[h264 @ 0x5625e3225340] nal_unit_type: 1(Coded slice of a non-IDR picture), nal_ref_idc: 2
bench:        5 user        0 sys       32 real decode_video 0:0 
bench:        1 user        0 sys        2 real decode_video 0:0 
[h264 @ 0x5625e3225340] nal_unit_type: 1(Coded slice of a non-IDR picture), nal_ref_idc: 0
[out#0/mp4 @ 0x5625e31bda40] sq: send 0 ts 0.541667
[out#0/mp4 @ 0x5625e31bda40] sq: receive 0 ts 0.541667 queue head 0 ts 0.541667
[out#0/mp4 @ 0x5625e31bda40] sq: send 0 ts 0.583333
[out#0/mp4 @ 0x5625e31bda40] sq: receive 0 ts 0.583333 queue head 0 ts 0.583333
bench:        0 user     1576 sys      589 real encode_video 0.0 
bench:        0 user        1 sys        2 real decode_video 0:0 
bench:        0 user        2 sys        1 real decode_video 0:0 
[h264 @ 0x5625e3225340] nal_unit_type: 1(Coded slice of a non-IDR picture), nal_ref_idc: 0
bench:        0 user      260 sys      131 real encode_video 0.0 
[out#0/mp4 @ 0x5625e31bda40] sq: send 0 ts 0.625
[out#0/mp4 @ 0x5625e31bda40] sq: receive 0 ts 0.625 queue head 0 ts 0.625
bench:        0 user      566 sys      210 real encode_video 0.0 
bench:        1 user        0 sys        2 real decode_video 0:0 
bench:        1 user        0 sys        1 real decode_video 0:0 
[h264 @ 0x5625e3225340] nal_unit_type: 1(Coded slice of a non-IDR picture), nal_ref_idc: 2
[out#0/mp4 @ 0x5625e31bda40] sq: send 0 ts 0.666667
[out#0/mp4 @ 0x5625e31bda40] sq: receive 0 ts 0.666667 queue head 0 ts 0.666667
bench:      666 user      136 sys      283 real encode_video 0.0 
bench:        1 user        0 sys        2 real decode_video 0:0 
bench:      205 user       42 sys        8 real encode_video 0.0 
bench:       39 user        8 sys       41 real decode_video 0:0 
[h264 @ 0x5625e3225340] nal_unit_type: 1(Coded slice of a non-IDR picture), nal_ref_idc: 2
[out#0/mp4 @ 0x5625e31bda40] sq: send 0 ts 0.708333
[out#0/mp4 @ 0x5625e31bda40] sq: receive 0 ts 0.708333 queue head 0 ts 0.708333
bench:      182 user       37 sys      220 real encode_video 0.0 
bench:        1 user        0 sys        2 real decode_video 0:0 
bench:        1 user        1 sys        1 real decode_video 0:0 
[h264 @ 0x5625e3225340] nal_unit_type: 1(Coded slice of a non-IDR picture), nal_ref_idc: 0
[out#0/mp4 @ 0x5625e31bda40] sq: send 0 ts 0.75
[out#0/mp4 @ 0x5625e31bda40] sq: receive 0 ts 0.75 queue head 0 ts 0.75
bench:      240 user       49 sys      233 real encode_video 0.0 
bench:        2 user        1 sys        3 real decode_video 0:0 
bench:        1 user        1 sys        2 real decode_video 0:0 
[h264 @ 0x5625e3225340] nal_unit_type: 1(Coded slice of a non-IDR picture), nal_ref_idc: 0
[out#0/mp4 @ 0x5625e31bda40] sq: send 0 ts 0.791667
[out#0/mp4 @ 0x5625e31bda40] sq: receive 0 ts 0.791667 queue head 0 ts 0.791667
bench:      238 user       49 sys      227 real encode_video 0.0 
bench:        1 user        0 sys        1 real decode_video 0:0 
    Last message repeated 1 times
[h264 @ 0x5625e3225340] nal_unit_type: 1(Coded slice of a non-IDR picture), nal_ref_idc: 2
[out#0/mp4 @ 0x5625e31bda40] sq: send 0 ts 0.833333
[out#0/mp4 @ 0x5625e31bda40] sq: receive 0 ts 0.833333 queue head 0 ts 0.833333
bench:        0 user      486 sys      238 real encode_video 0.0 
bench:        0 user        1 sys        2 real decode_video 0:0 
bench:        0 user        1 sys        1 real decode_video 0:0 
[h264 @ 0x5625e3225340] nal_unit_type: 1(Coded slice of a non-IDR picture), nal_ref_idc: 0
[out#0/mp4 @ 0x5625e31bda40] sq: send 0 ts 0.875
[out#0/mp4 @ 0x5625e31bda40] sq: receive 0 ts 0.875 queue head 0 ts 0.875
bench:        0 user      288 sys      215 real encode_video 0.0 
bench:        0 user        1 sys        1 real decode_video 0:0 
    Last message repeated 1 times
[h264 @ 0x5625e3225340] nal_unit_type: 1(Coded slice of a non-IDR picture), nal_ref_idc: 2
[out#0/mp4 @ 0x5625e31bda40] sq: send 0 ts 0.916667
[out#0/mp4 @ 0x5625e31bda40] sq: receive 0 ts 0.916667 queue head 0 ts 0.916667
bench:        0 user      299 sys      225 real encode_video 0.0 
bench:        0 user        1 sys        2 real decode_video 0:0 
    Last message repeated 1 times
[h264 @ 0x5625e3225340] nal_unit_type: 1(Coded slice of a non-IDR picture), nal_ref_idc: 0
[out#0/mp4 @ 0x5625e31bda40] sq: send 0 ts 0.958333
[out#0/mp4 @ 0x5625e31bda40] sq: receive 0 ts 0.958333 queue head 0 ts 0.958333
bench:        0 user        1 sys        2 real decode_video 0:0 
bench:        0 user      233 sys        7 real encode_video 0.0 
bench:        0 user        3 sys       20 real decode_video 0:0 
[h264 @ 0x5625e3225340] nal_unit_type: 1(Coded slice of a non-IDR picture), nal_ref_idc: 2
[out#0/mp4 @ 0x5625e31bda40] sq: send 0 ts 1
[out#0/mp4 @ 0x5625e31bda40] sq: receive 0 ts 1 queue head 0 ts 1
bench:        0 user      260 sys      209 real encode_video 0.0 
bench:        0 user        1 sys        1 real decode_video 0:0 
bench:        0 user        1 sys        0 real decode_video 0:0 
[h264 @ 0x5625e3225340] nal_unit_type: 1(Coded slice of a non-IDR picture), nal_ref_idc: 2
[out#0/mp4 @ 0x5625e31bda40] sq: send 0 ts 1.041667
[out#0/mp4 @ 0x5625e31bda40] sq: receive 0 ts 1.041667 queue head 0 ts 1.041667
bench:        0 user      290 sys      241 real encode_video 0.0 
bench:        1 user        0 sys        1 real decode_video 0:0 
    Last message repeated 1 times
[h264 @ 0x5625e3225340] nal_unit_type: 1(Coded slice of a non-IDR picture), nal_ref_idc: 0
[out#0/mp4 @ 0x5625e31bda40] sq: send 0 ts 1.083333
[out#0/mp4 @ 0x5625e31bda40] sq: receive 0 ts 1.083333 queue head 0 ts 1.083333
bench:        0 user        0 sys        1 real decode_video 0:0 
bench:        1 user        0 sys        1 real decode_video 0:0 
[out#0/mp4 @ 0x5625e31bda40] sq: send 0 ts 1.125
[out#0/mp4 @ 0x5625e31bda40] sq: receive 0 ts 1.125 queue head 0 ts 1.125
bench:      207 user       49 sys      118 real encode_video 0.0 
[h264 @ 0x5625e3225340] nal_unit_type: 1(Coded slice of a non-IDR picture), nal_ref_idc: 2
bench:      330 user       77 sys      207 real encode_video 0.0 
bench:        1 user        1 sys        2 real decode_video 0:0 
bench:        0 user        0 sys        1 real decode_video 0:0 
[h264 @ 0x5625e3225340] nal_unit_type: 1(Coded slice of a non-IDR picture), nal_ref_idc: 0
[out#0/mp4 @ 0x5625e31bda40] sq: send 0 ts 1.166667
[out#0/mp4 @ 0x5625e31bda40] sq: receive 0 ts 1.166667 queue head 0 ts 1.166667
bench:        0 user        0 sys        1 real decode_video 0:0 
bench:        1 user        0 sys        0 real decode_video 0:0 
[h264 @ 0x5625e3225340] nal_unit_type: 1(Coded slice of a non-IDR picture), nal_ref_idc: 2
[out#0/mp4 @ 0x5625e31bda40] sq: send 0 ts 1.208333
[out#0/mp4 @ 0x5625e31bda40] sq: receive 0 ts 1.208333 queue head 0 ts 1.208333
bench:      197 user       47 sys       41 real encode_video 0.0 
bench:        0 user      324 sys      304 real encode_video 0.0 
bench:        0 user        1 sys        2 real decode_video 0:0 
bench:        0 user        1 sys        1 real decode_video 0:0 
[h264 @ 0x5625e3225340] nal_unit_type: 1(Coded slice of a non-IDR picture), nal_ref_idc: 2
[out#0/mp4 @ 0x5625e31bda40] sq: send 0 ts 1.25
[out#0/mp4 @ 0x5625e31bda40] sq: receive 0 ts 1.25 queue head 0 ts 1.25
bench:        0 user      269 sys      213 real encode_video 0.0 
bench:        0 user        1 sys        2 real decode_video 0:0 
bench:        0 user        1 sys        0 real decode_video 0:0 
[h264 @ 0x5625e3225340] nal_unit_type: 1(Coded slice of a non-IDR picture), nal_ref_idc: 0
[out#0/mp4 @ 0x5625e31bda40] sq: send 0 ts 1.291667
[out#0/mp4 @ 0x5625e31bda40] sq: receive 0 ts 1.291667 queue head 0 ts 1.291667
bench:        0 user      471 sys      341 real encode_video 0.0 
bench:        0 user        1 sys        2 real decode_video 0:0 
bench:        0 user        1 sys        1 real decode_video 0:0 
[h264 @ 0x5625e3225340] nal_unit_type: 1(Coded slice of a non-IDR picture), nal_ref_idc: 0
[out#0/mp4 @ 0x5625e31bda40] sq: send 0 ts 1.333333
[out#0/mp4 @ 0x5625e31bda40] sq: receive 0 ts 1.333333 queue head 0 ts 1.333333
bench:        0 user        1 sys        1 real decode_video 0:0 
    Last message repeated 1 times
[h264 @ 0x5625e3225340] nal_unit_type: 1(Coded slice of a non-IDR picture), nal_ref_idc: 2
[out#0/mp4 @ 0x5625e31bda40] sq: send 0 ts 1.375
[out#0/mp4 @ 0x5625e31bda40] sq: receive 0 ts 1.375 queue head 0 ts 1.375
bench:        0 user      236 sys       40 real encode_video 0.0 
bench:        0 user      224 sys      203 real encode_video 0.0 
bench:        0 user        1 sys        2 real decode_video 0:0 
bench:        0 user        1 sys        1 real decode_video 0:0 
[h264 @ 0x5625e3225340] nal_unit_type: 1(Coded slice of a non-IDR picture), nal_ref_idc: 2
[out#0/mp4 @ 0x5625e31bda40] sq: send 0 ts 1.416667
[out#0/mp4 @ 0x5625e31bda40] sq: receive 0 ts 1.416667 queue head 0 ts 1.416667
bench:        0 user      207 sys      208 real encode_video 0.0 
bench:        0 user        1 sys        2 real decode_video 0:0 
bench:        0 user        0 sys        1 real decode_video 0:0 
[h264 @ 0x5625e3225340] nal_unit_type: 1(Coded slice of a non-IDR picture), nal_ref_idc: 0
[out#0/mp4 @ 0x5625e31bda40] sq: send 0 ts 1.458333
[out#0/mp4 @ 0x5625e31bda40] sq: receive 0 ts 1.458333 queue head 0 ts 1.458333
bench:        0 user      260 sys      207 real encode_video 0.0 
bench:        0 user        1 sys        1 real decode_video 0:0 
bench:        0 user        2 sys        1 real decode_video 0:0 
[h264 @ 0x5625e3225340] nal_unit_type: 1(Coded slice of a non-IDR picture), nal_ref_idc: 0
[out#0/mp4 @ 0x5625e31bda40] sq: send 0 ts 1.5
[out#0/mp4 @ 0x5625e31bda40] sq: receive 0 ts 1.5 queue head 0 ts 1.5
bench:        0 user        0 sys        1 real decode_video 0:0 
bench:        1 user        0 sys        1 real decode_video 0:0 
[h264 @ 0x5625e3225340] nal_unit_type: 1(Coded slice of a non-IDR picture), nal_ref_idc: 2
[out#0/mp4 @ 0x5625e31bda40] sq: send 0 ts 1.541667
[out#0/mp4 @ 0x5625e31bda40] sq: receive 0 ts 1.541667 queue head 0 ts 1.541667
bench:      235 user       65 sys       81 real encode_video 0.0 
bench:      463 user        0 sys      235 real encode_video 0.0 
bench:        2 user        0 sys        5 real decode_video 0:0 
bench:        1 user        0 sys        2 real decode_video 0:0 
[h264 @ 0x5625e3225340] nal_unit_type: 1(Coded slice of a non-IDR picture), nal_ref_idc: 2
[out#0/mp4 @ 0x5625e31bda40] sq: send 0 ts 1.583333
[out#0/mp4 @ 0x5625e31bda40] sq: receive 0 ts 1.583333 queue head 0 ts 1.583333
bench:      234 user        0 sys      235 real encode_video 0.0 
bench:        1 user        0 sys        1 real decode_video 0:0 
    Last message repeated 1 times
[h264 @ 0x5625e3225340] nal_unit_type: 1(Coded slice of a non-IDR picture), nal_ref_idc: 0
[out#0/mp4 @ 0x5625e31bda40] sq: send 0 ts 1.625
[out#0/mp4 @ 0x5625e31bda40] sq: receive 0 ts 1.625 queue head 0 ts 1.625
bench:      284 user        0 sys      234 real encode_video 0.0 
bench:        2 user        0 sys        4 real decode_video 0:0 
bench:        2 user        0 sys        2 real decode_video 0:0 
[h264 @ 0x5625e3225340] nal_unit_type: 1(Coded slice of a non-IDR picture), nal_ref_idc: 2
[out#0/mp4 @ 0x5625e31bda40] sq: send 0 ts 1.666667
[out#0/mp4 @ 0x5625e31bda40] sq: receive 0 ts 1.666667 queue head 0 ts 1.666667
bench:      227 user        0 sys      228 real encode_video 0.0 
bench:        0 user        0 sys        1 real decode_video 0:0 
    Last message repeated 1 times
[h264 @ 0x5625e3225340] nal_unit_type: 1(Coded slice of a non-IDR picture), nal_ref_idc: 2
[out#0/mp4 @ 0x5625e31bda40] sq: send 0 ts 1.708333
[out#0/mp4 @ 0x5625e31bda40] sq: receive 0 ts 1.708333 queue head 0 ts 1.708333
bench:      221 user        0 sys      222 real encode_video 0.0 
bench:        3 user        0 sys        4 real decode_video 0:0 
    Last message repeated 1 times
[h264 @ 0x5625e3225340] nal_unit_type: 1(Coded slice of a non-IDR picture), nal_ref_idc: 0
[out#0/mp4 @ 0x5625e31bda40] sq: send 0 ts 1.75
[out#0/mp4 @ 0x5625e31bda40] sq: receive 0 ts 1.75 queue head 0 ts 1.75
bench:        1 user        0 sys        2 real decode_video 0:0 
bench:        1 user        0 sys        1 real decode_video 0:0 
[h264 @ 0x5625e3225340] nal_unit_type: 1(Coded slice of a non-IDR picture), nal_ref_idc: 0
[out#0/mp4 @ 0x5625e31bda40] sq: send 0 ts 1.791667
[out#0/mp4 @ 0x5625e31bda40] sq: receive 0 ts 1.791667 queue head 0 ts 1.791667
bench:        2 user        0 sys        2 real decode_video 0:0 
bench:        1 user        0 sys        1 real decode_video 0:0 
[h264 @ 0x5625e3225340] nal_unit_type: 1(Coded slice of a non-IDR picture), nal_ref_idc: 2
[out#0/mp4 @ 0x5625e31bda40] sq: send 0 ts 1.833333
[out#0/mp4 @ 0x5625e31bda40] sq: receive 0 ts 1.833333 queue head 0 ts 1.833333
bench:        2 user        0 sys        3 real decode_video 0:0 
bench:        3 user        0 sys        3 real decode_video 0:0 
[h264 @ 0x5625e3225340] nal_unit_type: 1(Coded slice of a non-IDR picture), nal_ref_idc: 0
[out#0/mp4 @ 0x5625e31bda40] sq: send 0 ts 1.875
[out#0/mp4 @ 0x5625e31bda40] sq: receive 0 ts 1.875 queue head 0 ts 1.875
bench:        1 user        0 sys        2 real decode_video 0:0 
bench:        1 user        0 sys        1 real decode_video 0:0 
[h264 @ 0x5625e3225340] nal_unit_type: 5(IDR), nal_ref_idc: 3
[out#0/mp4 @ 0x5625e31bda40] sq: send 0 ts 1.916667
[out#0/mp4 @ 0x5625e31bda40] sq: receive 0 ts 1.916667 queue head 0 ts 1.916667
bench:        2 user        0 sys        3 real decode_video 0:0 
bench:        1 user        0 sys        1 real decode_video 0:0 
[h264 @ 0x5625e3225340] nal_unit_type: 1(Coded slice of a non-IDR picture), nal_ref_idc: 2
[out#0/mp4 @ 0x5625e31bda40] sq: send 0 ts 1.958333
[out#0/mp4 @ 0x5625e31bda40] sq: receive 0 ts 1.958333 queue head 0 ts 1.958333
bench:        2 user        0 sys        4 real decode_video 0:0 
bench:        1 user        0 sys        1 real decode_video 0:0 
[h264 @ 0x5625e3225340] nal_unit_type: 1(Coded slice of a non-IDR picture), nal_ref_idc: 2
[out#0/mp4 @ 0x5625e31bda40] sq: send 0 ts 2
[out#0/mp4 @ 0x5625e31bda40] sq: 0 frames_max 48 reached
[out#0/mp4 @ 0x5625e31bda40] sq: finish 0; head ts 2
[out#0/mp4 @ 0x5625e31bda40] sq: finish queue
[out#0/mp4 @ 0x5625e31bda40] sq: receive 0 ts 2 queue head 0 ts 2
[vf#0:0 @ 0x5625e31aa200] All consumers returned EOF
[out#0/mp4 @ 0x5625e31bda40] sq: 0 EOF
[out#0/mp4 @ 0x5625e31bda40] sq: finish queue
[vf#0:0 @ 0x5625e31aa200] Terminating thread with return code 0 (success)
bench:        1 user        0 sys        3 real decode_video 0:0 
[vist#0:0/h264 @ 0x5625e322b900] [dec:h264 @ 0x5625e3224fc0] Decoder returned EOF, finishing
[vist#0:0/h264 @ 0x5625e322b900] [dec:h264 @ 0x5625e3224fc0] Terminating thread with return code 0 (success)
[vist#0:0/h264 @ 0x5625e322b900] All consumers of this stream are done
[in#0/mov,mp4,m4a,3gp,3g2,mj2 @ 0x5625e31a76c0] All consumers are done
[in#0/mov,mp4,m4a,3gp,3g2,mj2 @ 0x5625e31a76c0] Terminating thread with return code 0 (success)
[libx264 @ 0x5625e31a8640] frame=   0 QP=13.87 NAL=3 Slice:I Poc:0   I:336  P:0    SKIP:0    size=4936 bytes
bench:    22817 user        0 sys    22513 real encode_video 0.0 
bench:       15 user        0 sys       17 real encode_video 0.0 
[libx264 @ 0x5625e31a8640] frame=   1 QP=24.24 NAL=2 Slice:P Poc:2   I:13   P:93   SKIP:230  size=1716 bytes
bench:     6172 user        0 sys     6182 real encode_video 0.0 
bench:       13 user        0 sys       15 real encode_video 0.0 
[libx264 @ 0x5625e31a8640] frame=   2 QP=20.65 NAL=2 Slice:P Poc:10  I:40   P:99   SKIP:197  size=2451 bytes
bench:     3503 user        0 sys     3501 real encode_video 0.0 
bench:        9 user        0 sys       11 real encode_video 0.0 
[libx264 @ 0x5625e31a8640] frame=   3 QP=30.05 NAL=2 Slice:B Poc:6   I:7    P:105  SKIP:224  size=1442 bytes
bench:     4453 user     1330 sys     5784 real encode_video 0.0 
bench:        8 user        1 sys       10 real encode_video 0.0 
[libx264 @ 0x5625e31a8640] frame=   4 QP=30.46 NAL=0 Slice:B Poc:4   I:0    P:108  SKIP:228  size=1003 bytes
bench:     2611 user        0 sys     2610 real encode_video 0.0 
bench:       13 user        0 sys       14 real encode_video 0.0 
[libx264 @ 0x5625e31a8640] frame=   5 QP=30.85 NAL=0 Slice:B Poc:8   I:0    P:92   SKIP:244  size=946 bytes
bench:     5757 user      588 sys     6343 real encode_video 0.0 
bench:        8 user        2 sys       12 real encode_video 0.0 
[libx264 @ 0x5625e31a8640] frame=   6 QP=22.51 NAL=2 Slice:P Poc:14  I:21   P:112  SKIP:203  size=1857 bytes
bench:     4820 user        0 sys     4819 real encode_video 0.0 
bench:       10 user        0 sys       10 real encode_video 0.0 
[vost#0:0/libx264 @ 0x5625e31bcc00] Encoder thread received EOF
[libx264 @ 0x5625e31a8640] frame=   7 QP=31.76 NAL=0 Slice:B Poc:12  I:1    P:92   SKIP:243  size=1027 bytes
bench:     1848 user        0 sys     1847 real flush_video 0.0 
[libx264 @ 0x5625e31a8640] frame=   8 QP=21.03 NAL=2 Slice:P Poc:22  I:50   P:113  SKIP:173  size=2223 bytes
bench:     7507 user        0 sys     7507 real flush_video 0.0 
[libx264 @ 0x5625e31a8640] frame=   9 QP=28.91 NAL=2 Slice:B Poc:18  I:1    P:126  SKIP:209  size=1342 bytes
bench:     3856 user     1982 sys     5849 real flush_video 0.0 
[libx264 @ 0x5625e31a8640] frame=  10 QP=30.75 NAL=0 Slice:B Poc:16  I:2    P:98   SKIP:236  size=1027 bytes
bench:     2115 user        0 sys     2115 real flush_video 0.0 
[libx264 @ 0x5625e31a8640] frame=  11 QP=29.38 NAL=0 Slice:B Poc:20  I:1    P:109  SKIP:226  size=1057 bytes
bench:     1889 user        0 sys     1889 real flush_video 0.0 
[libx264 @ 0x5625e31a8640] frame=  12 QP=23.38 NAL=2 Slice:P Poc:26  I:19   P:97   SKIP:220  size=1920 bytes
bench:     2737 user        0 sys     2737 real flush_video 0.0 
[libx264 @ 0x5625e31a8640] frame=  13 QP=31.82 NAL=0 Slice:B Poc:24  I:1    P:83   SKIP:252  size=1025 bytes
bench:     1915 user        0 sys     1915 real flush_video 0.0 
[libx264 @ 0x5625e31a8640] frame=  14 QP=22.72 NAL=2 Slice:P Poc:34  I:46   P:87   SKIP:203  size=2009 bytes
bench:     3034 user        0 sys     3034 real flush_video 0.0 
[libx264 @ 0x5625e31a8640] frame=  15 QP=29.99 NAL=2 Slice:B Poc:30  I:1    P:114  SKIP:221  size=1316 bytes
bench:     2379 user        0 sys     2380 real flush_video 0.0 
[libx264 @ 0x5625e31a8640] frame=  16 QP=30.25 NAL=0 Slice:B Poc:28  I:2    P:101  SKIP:233  size=992 bytes
bench:     2186 user        0 sys     2185 real flush_video 0.0 
[libx264 @ 0x5625e31a8640] frame=  17 QP=32.22 NAL=0 Slice:B Poc:32  I:1    P:95   SKIP:240  size=1103 bytes
bench:     1784 user        0 sys     1784 real flush_video 0.0 
[libx264 @ 0x5625e31a8640] frame=  18 QP=23.76 NAL=2 Slice:P Poc:42  I:42   P:95   SKIP:199  size=2032 bytes
bench:     3110 user        0 sys     3110 real flush_video 0.0 
[libx264 @ 0x5625e31a8640] frame=  19 QP=28.65 NAL=2 Slice:B Poc:38  I:3    P:109  SKIP:224  size=1292 bytes
bench:     2365 user        0 sys     2365 real flush_video 0.0 
[libx264 @ 0x5625e31a8640] frame=  20 QP=31.41 NAL=0 Slice:B Poc:36  I:1    P:93   SKIP:242  size=1046 bytes
bench:     2005 user        0 sys     2005 real flush_video 0.0 
[libx264 @ 0x5625e31a8640] frame=  21 QP=32.03 NAL=0 Slice:B Poc:40  I:0    P:102  SKIP:234  size=1035 bytes
bench:     1808 user        0 sys     1808 real flush_video 0.0 
[libx264 @ 0x5625e31a8640] frame=  22 QP=23.15 NAL=2 Slice:P Poc:48  I:18   P:107  SKIP:211  size=2082 bytes
bench:     2822 user        0 sys     2822 real flush_video 0.0 
[libx264 @ 0x5625e31a8640] frame=  23 QP=29.98 NAL=2 Slice:B Poc:44  I:3    P:96   SKIP:237  size=1277 bytes
bench:     2158 user        0 sys     2158 real flush_video 0.0 
[libx264 @ 0x5625e31a8640] frame=  24 QP=31.67 NAL=0 Slice:B Poc:46  I:4    P:89   SKIP:243  size=1087 bytes
bench:     1769 user        0 sys     1769 real flush_video 0.0 
[libx264 @ 0x5625e31a8640] frame=  25 QP=24.35 NAL=2 Slice:P Poc:56  I:34   P:102  SKIP:200  size=2081 bytes
bench:     6553 user        0 sys     6554 real flush_video 0.0 
[libx264 @ 0x5625e31a8640] frame=  26 QP=30.68 NAL=2 Slice:B Poc:52  I:3    P:109  SKIP:224  size=1424 bytes
bench:     2555 user        0 sys     2554 real flush_video 0.0 
[libx264 @ 0x5625e31a8640] frame=  27 QP=31.53 NAL=0 Slice:B Poc:50  I:2    P:97   SKIP:237  size=1074 bytes
bench:     1971 user        0 sys     1971 real flush_video 0.0 
[libx264 @ 0x5625e31a8640] frame=  28 QP=31.65 NAL=0 Slice:B Poc:54  I:0    P:91   SKIP:245  size=911 bytes
bench:     5871 user        0 sys     5871 real flush_video 0.0 
[libx264 @ 0x5625e31a8640] frame=  29 QP=27.98 NAL=2 Slice:P Poc:60  I:10   P:103  SKIP:223  size=1577 bytes
bench:     6073 user        0 sys     6073 real flush_video 0.0 
[libx264 @ 0x5625e31a8640] frame=  30 QP=32.18 NAL=0 Slice:B Poc:58  I:0    P:96   SKIP:240  size=924 bytes
bench:     1944 user        0 sys     1945 real flush_video 0.0 
[libx264 @ 0x5625e31a8640] frame=  31 QP=25.66 NAL=2 Slice:P Poc:62  I:13   P:93   SKIP:230  size=1497 bytes
bench:     5500 user        0 sys     5499 real flush_video 0.0 
[libx264 @ 0x5625e31a8640] frame=  32 QP=23.62 NAL=2 Slice:P Poc:70  I:26   P:96   SKIP:214  size=2083 bytes
bench:     2719 user        0 sys     2719 real flush_video 0.0 
[libx264 @ 0x5625e31a8640] frame=  33 QP=29.28 NAL=2 Slice:B Poc:66  I:6    P:116  SKIP:214  size=1283 bytes
bench:     2523 user        0 sys     2524 real flush_video 0.0 
[libx264 @ 0x5625e31a8640] frame=  34 QP=31.97 NAL=0 Slice:B Poc:64  I:5    P:94   SKIP:237  size=1056 bytes
bench:     1752 user        0 sys     1751 real flush_video 0.0 
[libx264 @ 0x5625e31a8640] frame=  35 QP=31.37 NAL=0 Slice:B Poc:68  I:5    P:94   SKIP:237  size=1118 bytes
bench:     1774 user        0 sys     1775 real flush_video 0.0 
[libx264 @ 0x5625e31a8640] frame=  36 QP=25.87 NAL=2 Slice:P Poc:74  I:7    P:84   SKIP:245  size=1788 bytes
bench:     2263 user        0 sys     2263 real flush_video 0.0 
[libx264 @ 0x5625e31a8640] frame=  37 QP=31.68 NAL=0 Slice:B Poc:72  I:7    P:89   SKIP:240  size=1077 bytes
bench:     1875 user        0 sys     1875 real flush_video 0.0 
[libx264 @ 0x5625e31a8640] frame=  38 QP=26.30 NAL=2 Slice:P Poc:82  I:34   P:77   SKIP:225  size=2012 bytes
bench:     2700 user        0 sys     2699 real flush_video 0.0 
[libx264 @ 0x5625e31a8640] frame=  39 QP=27.60 NAL=2 Slice:B Poc:78  I:8    P:116  SKIP:212  size=1508 bytes
bench:     3663 user        0 sys     3663 real flush_video 0.0 
[libx264 @ 0x5625e31a8640] frame=  40 QP=30.97 NAL=0 Slice:B Poc:76  I:4    P:99   SKIP:233  size=1101 bytes
bench:     2100 user        0 sys     2101 real flush_video 0.0 
[libx264 @ 0x5625e31a8640] frame=  41 QP=31.92 NAL=0 Slice:B Poc:80  I:2    P:92   SKIP:242  size=1134 bytes
bench:     1718 user        0 sys     1718 real flush_video 0.0 
[libx264 @ 0x5625e31a8640] frame=  42 QP=26.31 NAL=2 Slice:P Poc:90  I:33   P:79   SKIP:224  size=1918 bytes
bench:     2663 user        0 sys     2663 real flush_video 0.0 
[libx264 @ 0x5625e31a8640] frame=  43 QP=27.79 NAL=2 Slice:B Poc:86  I:4    P:122  SKIP:210  size=1493 bytes
bench:     5718 user        0 sys     5718 real flush_video 0.0 
[libx264 @ 0x5625e31a8640] frame=  44 QP=31.39 NAL=0 Slice:B Poc:84  I:2    P:91   SKIP:243  size=999 bytes
bench:     1729 user        0 sys     1729 real flush_video 0.0 
[libx264 @ 0x5625e31a8640] frame=  45 QP=31.52 NAL=0 Slice:B Poc:88  I:0    P:105  SKIP:231  size=1080 bytes
bench:     1880 user        0 sys     1880 real flush_video 0.0 
[libx264 @ 0x5625e31a8640] frame=  46 QP=28.46 NAL=2 Slice:P Poc:94  I:5    P:85   SKIP:246  size=1317 bytes
bench:     2121 user        0 sys     2121 real flush_video 0.0 
[libx264 @ 0x5625e31a8640] frame=  47 QP=30.97 NAL=0 Slice:B Poc:92  I:4    P:96   SKIP:236  size=1114 bytes
bench:     1841 user        0 sys     1841 real flush_video 0.0 
bench:       22 user        0 sys       22 real flush_video 0.0 
[out#0/mp4 @ 0x5625e31bda40] All streams finished
[out#0/mp4 @ 0x5625e31bda40] Terminating thread with return code 0 (success)
[vost#0:0/libx264 @ 0x5625e31bcc00] Terminating thread with return code 0 (success)
[mp4 @ 0x5625e31a9e00] Starting second pass: moving the moov atom to the beginning of the file
[mp4 @ 0x5625e31a9e00] Opening '/workspace/video-export-size-estimation/artifacts/decoder-cost-study-2026-10-03/motion-segment6-frames_limit-debug.mp4' for reading
[file @ 0x5625e31ad500] Setting default whitelist 'file,crypto,data'
[AVIOContext @ 0x5625e31ad680] Statistics: 71549 bytes read, 0 seeks
[AVIOContext @ 0x5625e322e480] Statistics: 144457 bytes written, 4 seeks, 5 writeouts
[out#0/mp4 @ 0x5625e31bda40] Output file #0 (/workspace/video-export-size-estimation/artifacts/decoder-cost-study-2026-10-03/motion-segment6-frames_limit-debug.mp4):
[out#0/mp4 @ 0x5625e31bda40]   Output stream #0:0 (video): 48 frames encoded; 48 packets muxed (71500 bytes); 
[out#0/mp4 @ 0x5625e31bda40]   Total: 48 packets (71500 bytes) muxed
[out#0/mp4 @ 0x5625e31bda40] video:70KiB audio:0KiB subtitle:0KiB other streams:0KiB global headers:0KiB muxing overhead: 2.008392%
frame=   48 fps=0.0 q=28.0 Lsize=      71KiB time=00:00:00.00 bitrate=N/A speed=   0x    
bench: utime=0.237s stime=0.018s rtime=0.233s
bench: maxrss=62388KiB
[libx264 @ 0x5625e31a8640] frame I:1     Avg QP:13.87  size:  4936
[libx264 @ 0x5625e31a8640] frame P:16    Avg QP:24.37  size:  1910
[libx264 @ 0x5625e31a8640] frame B:31    Avg QP:30.73  size:  1139
[libx264 @ 0x5625e31a8640] consecutive B-frames:  6.2% 20.8%  6.2% 66.7%
[libx264 @ 0x5625e31a8640] mb I  I16..4: 65.8%  9.2% 25.0%
[libx264 @ 0x5625e31a8640] mb P  I16..4:  2.7%  4.0%  1.0%  P16..4: 14.8%  8.6%  5.0%  0.0%  0.0%    skip:64.0%
[libx264 @ 0x5625e31a8640] mb B  I16..4:  0.2%  0.3%  0.2%  B16..8: 20.7%  6.3%  1.3%  direct: 1.7%  skip:69.3%  L0:48.1% L1:44.8% BI: 7.1%
[libx264 @ 0x5625e31a8640] 8x8 transform intra:34.2% inter:39.3%
[libx264 @ 0x5625e31a8640] coded y,uvDC,uvAC intra: 14.7% 30.5% 27.7% inter: 5.0% 12.8% 9.5%
[libx264 @ 0x5625e31a8640] i16 v,h,dc,p: 80% 14%  5%  1%
[libx264 @ 0x5625e31a8640] i8 v,h,dc,ddl,ddr,vr,hd,vl,hu:  9% 18% 68%  3%  0%  0%  0%  1%  1%
[libx264 @ 0x5625e31a8640] i4 v,h,dc,ddl,ddr,vr,hd,vl,hu: 43% 26% 19%  3%  1%  1%  3%  2%  2%
[libx264 @ 0x5625e31a8640] i8c dc,h,v,p: 58% 16% 25%  1%
[libx264 @ 0x5625e31a8640] Weighted P-Frames: Y:0.0% UV:0.0%
[libx264 @ 0x5625e31a8640] ref P L0: 63.7%  7.4% 18.7% 10.1%
[libx264 @ 0x5625e31a8640] ref B L0: 77.4% 18.6%  4.0%
[libx264 @ 0x5625e31a8640] ref B L1: 93.6%  6.4%
[libx264 @ 0x5625e31a8640] kb/s:283.25
[in#0/mov,mp4,m4a,3gp,3g2,mj2 @ 0x5625e31a76c0] Input file #0 (/workspace/video-export-size-estimation/artifacts/corpus-v1/motion.mp4):
[in#0/mov,mp4,m4a,3gp,3g2,mj2 @ 0x5625e31a76c0]   Input stream #0:0 (video): 108 packets read (256927 bytes); 97 frames decoded; 0 decode errors; 
[in#0/mov,mp4,m4a,3gp,3g2,mj2 @ 0x5625e31a76c0]   Total: 108 packets (256927 bytes) demuxed
[AVIOContext @ 0x5625e31affc0] Statistics: 335111 bytes read, 3 seeks
