[h264 @ 0x55f4e3f27f00] Reinit context to 640x368, pix_fmt: yuv420p
Input #0, matroska,webm, from '/tmp/video-estimation-research/bunny-full.mkv':
  Metadata:
    AB_AV1_FFMPEG_ARGS: -c:v libx264 -crf 23 -preset medium
    MAJOR_BRAND     : mp42
    MINOR_VERSION   : 1
    COMPATIBLE_BRANDS: mp42avc1
    ENCODER         : Lavf61.7.103
  Duration: 00:01:00.08, start: 0.000000, bitrate: 588 kb/s
  Stream #0:0(eng): Video: h264 (High), 1 reference frame, yuv420p(tv, smpte170m/smpte170m/bt709, progressive, topleft), 640x360, 24 fps, 24 tbr, 1k tbn (default)
      Metadata:
        HANDLER_NAME    : Apple Video Media Handler
        VENDOR_ID       : [0][0][0][0]
        ENCODER         : Lavc61.19.101 libx264
        DURATION        : 00:01:00.083000000
[out#0/framehash @ 0x55f4e4015740] Adding streams from explicit maps...
[vost#0:0/rawvideo @ 0x55f4e3f28f80] Created video stream from input stream 0:0
[Parsed_fps_0 @ 0x55f4e3ed1b00] 0 frames in, 0 frames out; 0 frames dropped, 0 frames duplicated.
Stream mapping:
  Stream #0:0 -> #0:0 (h264 (native) -> rawvideo (native))
[vost#0:0/rawvideo @ 0x55f4e3f28f80] Starting thread...
[vf#0:0 @ 0x55f4e40159c0] Starting thread...
[vist#0:0/h264 @ 0x55f4e3f29780] [dec:h264 @ 0x55f4e3fa47c0] Starting thread...
[in#0/matroska,webm @ 0x55f4e3f252c0] Starting thread...
[h264 @ 0x55f4e3fa2580] Reinit context to 640x368, pix_fmt: yuv420p
[graph -1 input from stream 0:0 @ 0x7f411c001f80] w:640 h:360 pixfmt:yuv420p tb:1/1000 fr:24/1 sar:0/1 csp:smpte170m range:tv
[Parsed_fps_0 @ 0x7f411c001840] fps=12/1
[graph -1 input from stream 0:0 @ 0x7f411c001f80] video frame properties congruent with link at pts_time: 32
[Parsed_fps_0 @ 0x7f411c001840] Set first pts to 396
Output #0, framehash, to 'pipe:1':
  Metadata:
    AB_AV1_FFMPEG_ARGS: -c:v libx264 -crf 23 -preset medium
    MAJOR_BRAND     : mp42
    MINOR_VERSION   : 1
    COMPATIBLE_BRANDS: mp42avc1
    encoder         : Lavf61.7.103
  Stream #0:0(eng): Video: rawvideo, 1 reference frame (I420 / 0x30323449), yuv420p(tv, smpte170m/smpte170m/bt709, progressive, topleft), 640x360, q=2-31, 33177 kb/s, 12 fps, 12 tbn (default)
      Metadata:
        HANDLER_NAME    : Apple Video Media Handler
        VENDOR_ID       : [0][0][0][0]
        DURATION        : 00:01:00.083000000
        encoder         : Lavc61.19.101 rawvideo
[out#0/framehash @ 0x55f4e4015740] Starting thread...
[vost#0:0/rawvideo @ 0x55f4e3f28f80] Encoder thread received EOF
[vost#0:0/rawvideo @ 0x55f4e3f28f80] Terminating thread with return code 0 (success)
[vf#0:0 @ 0x55f4e40159c0] All consumers returned EOF
[Parsed_fps_0 @ 0x7f411c001840] 13 frames in, 6 frames out; 7 frames dropped, 0 frames duplicated.
[vf#0:0 @ 0x55f4e40159c0] Terminating thread with return code 0 (success)
[vist#0:0/h264 @ 0x55f4e3f29780] [dec:h264 @ 0x55f4e3fa47c0] Decoder returned EOF, finishing
[vist#0:0/h264 @ 0x55f4e3f29780] [dec:h264 @ 0x55f4e3fa47c0] Terminating thread with return code 0 (success)
[vist#0:0/h264 @ 0x55f4e3f29780] All consumers of this stream are done
[in#0/matroska,webm @ 0x55f4e3f252c0] All consumers are done
[in#0/matroska,webm @ 0x55f4e3f252c0] Terminating thread with return code 0 (success)
[out#0/framehash @ 0x55f4e4015740] All streams finished
[out#0/framehash @ 0x55f4e4015740] Terminating thread with return code 0 (success)
[AVIOContext @ 0x55f4e3f41f80] Statistics: 777 bytes written, 0 seeks, 6 writeouts
[out#0/framehash @ 0x55f4e4015740] Output file #0 (pipe:1):
[out#0/framehash @ 0x55f4e4015740]   Output stream #0:0 (video): 5 frames encoded; 5 packets muxed (1728000 bytes); 
[out#0/framehash @ 0x55f4e4015740]   Total: 5 packets (1728000 bytes) muxed
[out#0/framehash @ 0x55f4e4015740] video:1688KiB audio:0KiB subtitle:0KiB other streams:0KiB global headers:0KiB muxing overhead: unknown
frame=    5 fps=0.0 q=-0.0 Lsize=       1KiB time=00:00:00.00 bitrate=N/A speed=   0x    
bench: utime=0.052s stime=0.000s rtime=0.039s
bench: maxrss=39748KiB
[in#0/matroska,webm @ 0x55f4e3f252c0] Input file #0 (/tmp/video-estimation-research/bunny-full.mkv):
[in#0/matroska,webm @ 0x55f4e3f252c0]   Input stream #0:0 (video): 49 packets read (191179 bytes); 38 frames decoded; 0 decode errors; 
[in#0/matroska,webm @ 0x55f4e3f252c0]   Total: 49 packets (191179 bytes) demuxed
[AVIOContext @ 0x55f4e3f2dd00] Statistics: 229376 bytes read, 1 seeks
