[h264 @ 0x55b7093cbf00] Reinit context to 640x368, pix_fmt: yuv420p
Input #0, mov,mp4,m4a,3gp,3g2,mj2, from '/tmp/video-estimation-research/bunny.mp4':
  Metadata:
    major_brand     : mp42
    minor_version   : 1
    compatible_brands: mp42avc1
    creation_time   : 2010-02-09T01:55:39.000000Z
  Duration: 00:01:00.10, start: 0.000000, bitrate: 733 kb/s
  Stream #0:0[0x1](eng): Audio: aac (LC) (mp4a / 0x6134706D), 22050 Hz, stereo, fltp, 65 kb/s (default)
      Metadata:
        creation_time   : 2010-02-09T01:55:39.000000Z
        handler_name    : Apple Sound Media Handler
        vendor_id       : [0][0][0][0]
  Stream #0:1[0x2](eng): Video: h264 (Constrained Baseline), 1 reference frame (avc1 / 0x31637661), yuv420p(tv, smpte170m/smpte170m/bt709, progressive, topleft), 640x360, 612 kb/s, 23.96 fps, 24 tbr, 600 tbn (default)
      Metadata:
        creation_time   : 2010-02-09T01:55:39.000000Z
        handler_name    : Apple Video Media Handler
        vendor_id       : [0][0][0][0]
  Stream #0:2[0x3](eng): Data: none (rtp  / 0x20707472), 45 kb/s
      Metadata:
        creation_time   : 2010-02-09T01:55:39.000000Z
        handler_name    : hint media handler
  Stream #0:3[0x4](eng): Data: none (rtp  / 0x20707472), 5 kb/s
      Metadata:
        creation_time   : 2010-02-09T01:55:39.000000Z
        handler_name    : hint media handler
[out#0/framehash @ 0x55b7093f2300] Adding streams from explicit maps...
[vost#0:0/rawvideo @ 0x55b7093eb440] Created video stream from input stream 0:1
[Parsed_fps_0 @ 0x55b709499cc0] 0 frames in, 0 frames out; 0 frames dropped, 0 frames duplicated.
Stream mapping:
  Stream #0:1 -> #0:0 (h264 (native) -> rawvideo (native))
[vost#0:0/rawvideo @ 0x55b7093eb440] Starting thread...
[vf#0:0 @ 0x55b7094991c0] Starting thread...
[vist#0:1/h264 @ 0x55b7093df200] [dec:h264 @ 0x55b7094943c0] Starting thread...
[in#0/mov,mp4,m4a,3gp,3g2,mj2 @ 0x55b7093c9240] Starting thread...
[h264 @ 0x55b709494840] Reinit context to 640x368, pix_fmt: yuv420p
[graph -1 input from stream 0:1 @ 0x7f26a4001940] w:640 h:360 pixfmt:yuv420p tb:1/600 fr:24/1 sar:0/1 csp:smpte170m range:tv
[Parsed_fps_0 @ 0x7f26a4001580] fps=12/1
[graph -1 input from stream 0:1 @ 0x7f26a4001940] video frame properties congruent with link at pts_time: 0
[Parsed_fps_0 @ 0x7f26a4001580] Set first pts to 0
Output #0, framehash, to 'pipe:1':
  Metadata:
    major_brand     : mp42
    minor_version   : 1
    compatible_brands: mp42avc1
    encoder         : Lavf61.7.103
  Stream #0:0(eng): Video: rawvideo, 1 reference frame (I420 / 0x30323449), yuv420p(tv, smpte170m/smpte170m/bt709, progressive, topleft), 640x360, q=2-31, 33177 kb/s, 12 fps, 12 tbn (default)
      Metadata:
        creation_time   : 2010-02-09T01:55:39.000000Z
        handler_name    : Apple Video Media Handler
        vendor_id       : [0][0][0][0]
        encoder         : Lavc61.19.101 rawvideo
[out#0/framehash @ 0x55b7093f2300] Starting thread...
frame=  269 fps=0.0 q=-0.0 size=      30KiB time=00:00:23.08 bitrate=  10.5kbits/s speed=46.2x    frame=  423 fps=423 q=-0.0 size=      46KiB time=00:00:35.91 bitrate=  10.6kbits/s speed=35.9x    frame=  595 fps=397 q=-0.0 size=      65KiB time=00:00:50.25 bitrate=  10.6kbits/s speed=33.5x    [in#0/mov,mp4,m4a,3gp,3g2,mj2 @ 0x55b7093c9240] EOF while reading input
[in#0/mov,mp4,m4a,3gp,3g2,mj2 @ 0x55b7093c9240] Terminating thread with return code 0 (success)
[vist#0:1/h264 @ 0x55b7093df200] [dec:h264 @ 0x55b7094943c0] Decoder thread received EOF packet
[vist#0:1/h264 @ 0x55b7093df200] [dec:h264 @ 0x55b7094943c0] Decoder returned EOF, finishing
[vist#0:1/h264 @ 0x55b7093df200] [dec:h264 @ 0x55b7094943c0] Terminating thread with return code 0 (success)
[vf#0:0 @ 0x55b7094991c0] Filtergraph returned EOF, finishing
[vf#0:0 @ 0x55b7094991c0] All consumers returned EOF
[Parsed_fps_0 @ 0x7f26a4001580] 1440 frames in, 721 frames out; 719 frames dropped, 0 frames duplicated.
[vf#0:0 @ 0x55b7094991c0] Terminating thread with return code 0 (success)
[vost#0:0/rawvideo @ 0x55b7093eb440] Encoder thread received EOF
[vost#0:0/rawvideo @ 0x55b7093eb440] Terminating thread with return code 0 (success)
[out#0/framehash @ 0x55b7093f2300] All streams finished
[out#0/framehash @ 0x55b7093f2300] Terminating thread with return code 0 (success)
[AVIOContext @ 0x55b709498bc0] Statistics: 80969 bytes written, 0 seeks, 722 writeouts
[out#0/framehash @ 0x55b7093f2300] Output file #0 (pipe:1):
[out#0/framehash @ 0x55b7093f2300]   Output stream #0:0 (video): 721 frames encoded; 721 packets muxed (249177600 bytes); 
[out#0/framehash @ 0x55b7093f2300]   Total: 721 packets (249177600 bytes) muxed
[out#0/framehash @ 0x55b7093f2300] video:243338KiB audio:0KiB subtitle:0KiB other streams:0KiB global headers:0KiB muxing overhead: unknown
frame=  721 fps=402 q=-0.0 Lsize=      79KiB time=00:01:00.08 bitrate=  10.8kbits/s speed=33.5x    
bench: utime=2.889s stime=0.103s rtime=1.794s
bench: maxrss=48528KiB
[in#0/mov,mp4,m4a,3gp,3g2,mj2 @ 0x55b7093c9240] Input file #0 (/tmp/video-estimation-research/bunny.mp4):
[in#0/mov,mp4,m4a,3gp,3g2,mj2 @ 0x55b7093c9240]   Input stream #0:1 (video): 1440 packets read (4598601 bytes); 1440 frames decoded; 0 decode errors; 
[in#0/mov,mp4,m4a,3gp,3g2,mj2 @ 0x55b7093c9240]   Total: 1440 packets (4598601 bytes) demuxed
[AVIOContext @ 0x55b7093d1c80] Statistics: 5510872 bytes read, 0 seeks
