[h264 @ 0x564a5dc29e80] Reinit context to 640x368, pix_fmt: yuv420p
Input #0, matroska,webm, from '/tmp/video-estimation-research/bunny-full.mkv':
  Metadata:
    AB_AV1_FFMPEG_ARGS: -c:v libx264 -crf 23 -preset medium
    MAJOR_BRAND     : mp42
    MINOR_VERSION   : 1
    COMPATIBLE_BRANDS: mp42avc1
    ENCODER         : Lavf61.7.103
  Duration: 00:01:00.08, start: 0.000000, bitrate: 588 kb/s
  Stream #0:0(eng): Video: h264 (High), 1 reference frame, yuv420p(tv, smpte170m/smpte170m/bt709, progressive, topleft), 640x360, 24 fps, 24 tbr, 1k tbn (default)
      Metadata:
        HANDLER_NAME    : Apple Video Media Handler
        VENDOR_ID       : [0][0][0][0]
        ENCODER         : Lavc61.19.101 libx264
        DURATION        : 00:01:00.083000000
[out#0/framehash @ 0x564a5dd176c0] Adding streams from explicit maps...
[vost#0:0/rawvideo @ 0x564a5dca5fc0] Created video stream from input stream 0:0
[Parsed_fps_0 @ 0x564a5dbd3b00] 0 frames in, 0 frames out; 0 frames dropped, 0 frames duplicated.
Stream mapping:
  Stream #0:0 -> #0:0 (h264 (native) -> rawvideo (native))
[vost#0:0/rawvideo @ 0x564a5dca5fc0] Starting thread...
[vf#0:0 @ 0x564a5dca6540] Starting thread...
[vist#0:0/h264 @ 0x564a5dc2b700] [dec:h264 @ 0x564a5dca4a00] Starting thread...
[in#0/matroska,webm @ 0x564a5dc27240] Starting thread...
[h264 @ 0x564a5dca4d80] Reinit context to 640x368, pix_fmt: yuv420p
[graph -1 input from stream 0:0 @ 0x7fedf0001940] w:640 h:360 pixfmt:yuv420p tb:1/1000 fr:24/1 sar:0/1 csp:smpte170m range:tv
[Parsed_fps_0 @ 0x7fedf0001580] fps=30000/1001
[graph -1 input from stream 0:0 @ 0x7fedf0001940] video frame properties congruent with link at pts_time: 0
[Parsed_fps_0 @ 0x7fedf0001580] Set first pts to 0
Output #0, framehash, to 'pipe:1':
  Metadata:
    AB_AV1_FFMPEG_ARGS: -c:v libx264 -crf 23 -preset medium
    MAJOR_BRAND     : mp42
    MINOR_VERSION   : 1
    COMPATIBLE_BRANDS: mp42avc1
    encoder         : Lavf61.7.103
  Stream #0:0(eng): Video: rawvideo, 1 reference frame (I420 / 0x30323449), yuv420p(tv, smpte170m/smpte170m/bt709, progressive, topleft), 640x360, q=2-31, 82861 kb/s, 29.97 fps, 29.97 tbn (default)
      Metadata:
        HANDLER_NAME    : Apple Video Media Handler
        VENDOR_ID       : [0][0][0][0]
        DURATION        : 00:01:00.083000000
        encoder         : Lavc61.19.101 rawvideo
[out#0/framehash @ 0x564a5dd176c0] Starting thread...
frame=  299 fps=0.0 q=-0.0 size=      33KiB time=00:00:10.24 bitrate=  26.2kbits/s speed=20.5x    frame=  609 fps=609 q=-0.0 size=      67KiB time=00:00:20.58 bitrate=  26.5kbits/s speed=20.6x    frame=  924 fps=616 q=-0.0 size=     101KiB time=00:00:31.09 bitrate=  26.7kbits/s speed=20.7x    frame= 1225 fps=612 q=-0.0 size=     134KiB time=00:00:41.14 bitrate=  26.7kbits/s speed=20.6x    frame= 1548 fps=618 q=-0.0 size=     169KiB time=00:00:51.91 bitrate=  26.7kbits/s speed=20.7x    [in#0/matroska,webm @ 0x564a5dc27240] EOF while reading input
[in#0/matroska,webm @ 0x564a5dc27240] Terminating thread with return code 0 (success)
[vist#0:0/h264 @ 0x564a5dc2b700] [dec:h264 @ 0x564a5dca4a00] Decoder thread received EOF packet
[vist#0:0/h264 @ 0x564a5dc2b700] [dec:h264 @ 0x564a5dca4a00] Decoder returned EOF, finishing
[vist#0:0/h264 @ 0x564a5dc2b700] [dec:h264 @ 0x564a5dca4a00] Terminating thread with return code 0 (success)
[vf#0:0 @ 0x564a5dca6540] Filtergraph returned EOF, finishing
[vf#0:0 @ 0x564a5dca6540] All consumers returned EOF
[Parsed_fps_0 @ 0x7fedf0001580] 1440 frames in, 1801 frames out; 0 frames dropped, 361 frames duplicated.
[vf#0:0 @ 0x564a5dca6540] Terminating thread with return code 0 (success)
[vost#0:0/rawvideo @ 0x564a5dca5fc0] Encoder thread received EOF
[vost#0:0/rawvideo @ 0x564a5dca5fc0] Terminating thread with return code 0 (success)
[out#0/framehash @ 0x564a5dd176c0] All streams finished
[out#0/framehash @ 0x564a5dd176c0] Terminating thread with return code 0 (success)
[AVIOContext @ 0x564a5dcb5980] Statistics: 201935 bytes written, 0 seeks, 1802 writeouts
[out#0/framehash @ 0x564a5dd176c0] Output file #0 (pipe:1):
[out#0/framehash @ 0x564a5dd176c0]   Output stream #0:0 (video): 1801 frames encoded; 1801 packets muxed (622425600 bytes); 
[out#0/framehash @ 0x564a5dd176c0]   Total: 1801 packets (622425600 bytes) muxed
[out#0/framehash @ 0x564a5dd176c0] video:607838KiB audio:0KiB subtitle:0KiB other streams:0KiB global headers:0KiB muxing overhead: unknown
frame= 1801 fps=614 q=-0.0 Lsize=     197KiB time=00:01:00.09 bitrate=  26.9kbits/s speed=20.5x    
bench: utime=4.335s stime=0.131s rtime=2.935s
bench: maxrss=48448KiB
[in#0/matroska,webm @ 0x564a5dc27240] Input file #0 (/tmp/video-estimation-research/bunny-full.mkv):
[in#0/matroska,webm @ 0x564a5dc27240]   Input stream #0:0 (video): 1440 packets read (4410773 bytes); 1440 frames decoded; 0 decode errors; 
[in#0/matroska,webm @ 0x564a5dc27240]   Total: 1440 packets (4410773 bytes) demuxed
[AVIOContext @ 0x564a5dc2fc80] Statistics: 4422169 bytes read, 0 seeks
