[h264 @ 0x55dfe9575ec0] Reinit context to 640x368, pix_fmt: yuv420p
Input #0, matroska,webm, from '/tmp/video-estimation-research/bunny-full.mkv':
  Metadata:
    AB_AV1_FFMPEG_ARGS: -c:v libx264 -crf 23 -preset medium
    MAJOR_BRAND     : mp42
    MINOR_VERSION   : 1
    COMPATIBLE_BRANDS: mp42avc1
    ENCODER         : Lavf61.7.103
  Duration: 00:01:00.08, start: 0.000000, bitrate: 588 kb/s
  Stream #0:0(eng): Video: h264 (High), 1 reference frame, yuv420p(tv, smpte170m/smpte170m/bt709, progressive, topleft), 640x360, 24 fps, 24 tbr, 1k tbn (default)
      Metadata:
        HANDLER_NAME    : Apple Video Media Handler
        VENDOR_ID       : [0][0][0][0]
        ENCODER         : Lavc61.19.101 libx264
        DURATION        : 00:01:00.083000000
[out#0/framehash @ 0x55dfe9663700] Adding streams from explicit maps...
[vost#0:0/rawvideo @ 0x55dfe9576f40] Created video stream from input stream 0:0
[Parsed_fps_0 @ 0x55dfe951fb00] 0 frames in, 0 frames out; 0 frames dropped, 0 frames duplicated.
Stream mapping:
  Stream #0:0 -> #0:0 (h264 (native) -> rawvideo (native))
[vost#0:0/rawvideo @ 0x55dfe9576f40] Starting thread...
[vf#0:0 @ 0x55dfe9663980] Starting thread...
[vist#0:0/h264 @ 0x55dfe9577740] [dec:h264 @ 0x55dfe95f2680] Starting thread...
[in#0/matroska,webm @ 0x55dfe9573280] Starting thread...
[h264 @ 0x55dfe95f03c0] Reinit context to 640x368, pix_fmt: yuv420p
[graph -1 input from stream 0:0 @ 0x7fbb54002180] w:640 h:360 pixfmt:yuv420p tb:1/1000 fr:24/1 sar:0/1 csp:smpte170m range:tv
[Parsed_fps_0 @ 0x7fbb54001780] fps=30000/1001
[Parsed_fps_0 @ 0x7fbb54001780] TB:0.033367 FRAME_RATE:29.970030 SAMPLE_RATE:nan
[graph -1 input from stream 0:0 @ 0x7fbb54002180] video frame properties congruent with link at pts_time: -0.367
[Parsed_fps_0 @ 0x7fbb54001780] Set first pts to 0
Output #0, framehash, to 'pipe:1':
  Metadata:
    AB_AV1_FFMPEG_ARGS: -c:v libx264 -crf 23 -preset medium
    MAJOR_BRAND     : mp42
    MINOR_VERSION   : 1
    COMPATIBLE_BRANDS: mp42avc1
    encoder         : Lavf61.7.103
  Stream #0:0(eng): Video: rawvideo, 1 reference frame (I420 / 0x30323449), yuv420p(tv, smpte170m/smpte170m/bt709, progressive, topleft), 640x360, q=2-31, 82861 kb/s, 29.97 tbn (default)
      Metadata:
        HANDLER_NAME    : Apple Video Media Handler
        VENDOR_ID       : [0][0][0][0]
        DURATION        : 00:01:00.083000000
        encoder         : Lavc61.19.101 rawvideo
[out#0/framehash @ 0x55dfe9663700] Starting thread...
[vf#0:0 @ 0x55dfe9663980] All consumers returned EOF
[Parsed_fps_0 @ 0x7fbb54001780] 3 frames in, 3 frames out; 1 frames dropped, 1 frames duplicated.
[vf#0:0 @ 0x55dfe9663980] Terminating thread with return code 0 (success)
[vist#0:0/h264 @ 0x55dfe9577740] [dec:h264 @ 0x55dfe95f2680] Decoder returned EOF, finishing
[vist#0:0/h264 @ 0x55dfe9577740] [dec:h264 @ 0x55dfe95f2680] Terminating thread with return code 0 (success)
[vist#0:0/h264 @ 0x55dfe9577740] All consumers of this stream are done
[in#0/matroska,webm @ 0x55dfe9573280] All consumers are done
[in#0/matroska,webm @ 0x55dfe9573280] Terminating thread with return code 0 (success)
[vost#0:0/rawvideo @ 0x55dfe9576f40] Encoder thread received EOF
[vost#0:0/rawvideo @ 0x55dfe9576f40] Terminating thread with return code 0 (success)
[out#0/framehash @ 0x55dfe9663700] All streams finished
[out#0/framehash @ 0x55dfe9663700] Terminating thread with return code 0 (success)
[AVIOContext @ 0x55dfe958ff40] Statistics: 559 bytes written, 0 seeks, 4 writeouts
[out#0/framehash @ 0x55dfe9663700] Output file #0 (pipe:1):
[out#0/framehash @ 0x55dfe9663700]   Output stream #0:0 (video): 3 frames encoded; 3 packets muxed (1036800 bytes); 
[out#0/framehash @ 0x55dfe9663700]   Total: 3 packets (1036800 bytes) muxed
[out#0/framehash @ 0x55dfe9663700] video:1012KiB audio:0KiB subtitle:0KiB other streams:0KiB global headers:0KiB muxing overhead: unknown
frame=    3 fps=0.0 q=-0.0 Lsize=       1KiB time=00:00:00.43 bitrate=  10.3kbits/s speed=  19x    
bench: utime=0.020s stime=0.007s rtime=0.023s
bench: maxrss=39360KiB
[in#0/matroska,webm @ 0x55dfe9573280] Input file #0 (/tmp/video-estimation-research/bunny-full.mkv):
[in#0/matroska,webm @ 0x55dfe9573280]   Input stream #0:0 (video): 24 packets read (41959 bytes); 13 frames decoded; 0 decode errors; 
[in#0/matroska,webm @ 0x55dfe9573280]   Total: 24 packets (41959 bytes) demuxed
[AVIOContext @ 0x55dfe957bcc0] Statistics: 65536 bytes read, 0 seeks
