[h264 @ 0x55d7c541c940] Reinit context to 256x144, pix_fmt: yuv420p
Input #0, matroska,webm, from '/workspace/video-export-size-estimation/results/fps-seek-study-2026-10-03/sources/bunny-derived-cfr2997.mkv':
  Metadata:
    COMPATIBLE_BRANDS: mp42avc1
    MAJOR_BRAND     : mp42
    MINOR_VERSION   : 1
    ENCODER         : Lavf61.7.103
  Duration: 00:00:19.39, start: 0.000000, bitrate: 1712 kb/s
  Stream #0:0(eng): Video: h264 (High 4:4:4 Predictive), 1 reference frame, yuv420p(tv, smpte170m/smpte170m/bt709, progressive, topleft), 256x144, 29.97 fps, 29.97 tbr, 1k tbn (default)
      Metadata:
        HANDLER_NAME    : Apple Video Media Handler
        VENDOR_ID       : [0][0][0][0]
        ENCODER         : Lavc61.19.101 libx264
        DURATION        : 00:00:19.386000000
[out#0/framehash @ 0x55d7c54d3380] Adding streams from explicit maps...
[vost#0:0/rawvideo @ 0x55d7c54d3800] Created video stream from input stream 0:0
[Parsed_fps_0 @ 0x55d7c549d8c0] 0 frames in, 0 frames out; 0 frames dropped, 0 frames duplicated.
Stream mapping:
  Stream #0:0 -> #0:0 (h264 (native) -> rawvideo (native))
[vost#0:0/rawvideo @ 0x55d7c54d3800] Starting thread...
[vf#0:0 @ 0x55d7c54d3740] Starting thread...
[vist#0:0/h264 @ 0x55d7c549b1c0] [dec:h264 @ 0x55d7c541da80] Starting thread...
[in#0/matroska,webm @ 0x55d7c541a280] Starting thread...
[h264 @ 0x55d7c5497d40] Reinit context to 256x144, pix_fmt: yuv420p
[graph -1 input from stream 0:0 @ 0x7f2e4c002180] w:256 h:144 pixfmt:yuv420p tb:1/1000 fr:30000/1001 sar:0/1 csp:smpte170m range:tv
[Parsed_fps_0 @ 0x7f2e4c001780] fps=30000/1001
[Parsed_fps_0 @ 0x7f2e4c001780] TB:0.033367 FRAME_RATE:29.970030 SAMPLE_RATE:nan
[graph -1 input from stream 0:0 @ 0x7f2e4c002180] video frame properties congruent with link at pts_time: -0.334
[Parsed_fps_0 @ 0x7f2e4c001780] Set first pts to 0
Output #0, framehash, to 'pipe:1':
  Metadata:
    COMPATIBLE_BRANDS: mp42avc1
    MAJOR_BRAND     : mp42
    MINOR_VERSION   : 1
    encoder         : Lavf61.7.103
  Stream #0:0(eng): Video: rawvideo, 1 reference frame (I420 / 0x30323449), yuv420p(tv, smpte170m/smpte170m/bt709, progressive, topleft), 256x144, q=2-31, 13257 kb/s, 29.97 tbn (default)
      Metadata:
        HANDLER_NAME    : Apple Video Media Handler
        VENDOR_ID       : [0][0][0][0]
        DURATION        : 00:00:19.386000000
        encoder         : Lavc61.19.101 rawvideo
[out#0/framehash @ 0x55d7c54d3380] Starting thread...
[vf#0:0 @ 0x55d7c54d3740] All consumers returned EOF
[Parsed_fps_0 @ 0x7f2e4c001780] 6 frames in, 5 frames out; 1 frames dropped, 0 frames duplicated.
[vf#0:0 @ 0x55d7c54d3740] Terminating thread with return code 0 (success)
[vost#0:0/rawvideo @ 0x55d7c54d3800] Encoder thread received EOF
[vost#0:0/rawvideo @ 0x55d7c54d3800] Terminating thread with return code 0 (success)
[vist#0:0/h264 @ 0x55d7c549b1c0] [dec:h264 @ 0x55d7c541da80] Decoder returned EOF, finishing
[vist#0:0/h264 @ 0x55d7c549b1c0] [dec:h264 @ 0x55d7c541da80] Terminating thread with return code 0 (success)
[vist#0:0/h264 @ 0x55d7c549b1c0] All consumers of this stream are done
[in#0/matroska,webm @ 0x55d7c541a280] All consumers are done
[in#0/matroska,webm @ 0x55d7c541a280] Terminating thread with return code 0 (success)
[out#0/framehash @ 0x55d7c54d3380] All streams finished
[out#0/framehash @ 0x55d7c54d3380] Terminating thread with return code 0 (success)
[AVIOContext @ 0x55d7c5499040] Statistics: 783 bytes written, 0 seeks, 6 writeouts
[out#0/framehash @ 0x55d7c54d3380] Output file #0 (pipe:1):
[out#0/framehash @ 0x55d7c54d3380]   Output stream #0:0 (video): 5 frames encoded; 5 packets muxed (276480 bytes); 
[out#0/framehash @ 0x55d7c54d3380]   Total: 5 packets (276480 bytes) muxed
[out#0/framehash @ 0x55d7c54d3380] video:270KiB audio:0KiB subtitle:0KiB other streams:0KiB global headers:0KiB muxing overhead: unknown
frame=    5 fps=0.0 q=-0.0 Lsize=       1KiB time=00:00:01.10 bitrate=   5.7kbits/s speed= 144x    
bench: utime=0.004s stime=0.006s rtime=0.008s
bench: maxrss=36124KiB
[in#0/matroska,webm @ 0x55d7c541a280] Input file #0 (/workspace/video-export-size-estimation/results/fps-seek-study-2026-10-03/sources/bunny-derived-cfr2997.mkv):
[in#0/matroska,webm @ 0x55d7c541a280]   Input stream #0:0 (video): 26 packets read (77226 bytes); 17 frames decoded; 0 decode errors; 
[in#0/matroska,webm @ 0x55d7c541a280]   Total: 26 packets (77226 bytes) demuxed
[AVIOContext @ 0x55d7c5422d00] Statistics: 164151 bytes read, 2 seeks
