[h264 @ 0x556e19e79900] Reinit context to 256x144, pix_fmt: yuv420p
Input #0, matroska,webm, from '/workspace/video-export-size-estimation/results/fps-seek-study-2026-10-03/sources/bunny-derived-cfr2997.mkv':
  Metadata:
    COMPATIBLE_BRANDS: mp42avc1
    MAJOR_BRAND     : mp42
    MINOR_VERSION   : 1
    ENCODER         : Lavf61.7.103
  Duration: 00:00:19.39, start: 0.000000, bitrate: 1712 kb/s
  Stream #0:0(eng): Video: h264 (High 4:4:4 Predictive), 1 reference frame, yuv420p(tv, smpte170m/smpte170m/bt709, progressive, topleft), 256x144, 29.97 fps, 29.97 tbr, 1k tbn (default)
      Metadata:
        HANDLER_NAME    : Apple Video Media Handler
        VENDOR_ID       : [0][0][0][0]
        ENCODER         : Lavc61.19.101 libx264
        DURATION        : 00:00:19.386000000
[out#0/framehash @ 0x556e19f30340] Adding streams from explicit maps...
[vost#0:0/rawvideo @ 0x556e19ef4d00] Created video stream from input stream 0:0
[Parsed_fps_0 @ 0x556e19efa880] 0 frames in, 0 frames out; 0 frames dropped, 0 frames duplicated.
Stream mapping:
  Stream #0:0 -> #0:0 (h264 (native) -> rawvideo (native))
[vost#0:0/rawvideo @ 0x556e19ef4d00] Starting thread...
[vf#0:0 @ 0x556e19f318c0] Starting thread...
[vist#0:0/h264 @ 0x556e19ef8180] [dec:h264 @ 0x556e19ef5780] Starting thread...
[in#0/matroska,webm @ 0x556e19e77240] Starting thread...
[h264 @ 0x556e19ef9680] Reinit context to 256x144, pix_fmt: yuv420p
[graph -1 input from stream 0:0 @ 0x7f4b8c001f00] w:256 h:144 pixfmt:yuv420p tb:1/1000 fr:30000/1001 sar:0/1 csp:smpte170m range:tv
[Parsed_fps_0 @ 0x7f4b8c001840] fps=30000/1001
[graph -1 input from stream 0:0 @ 0x7f4b8c001f00] video frame properties congruent with link at pts_time: 0
[Parsed_fps_0 @ 0x7f4b8c001840] Set first pts to 0
Output #0, framehash, to 'pipe:1':
  Metadata:
    COMPATIBLE_BRANDS: mp42avc1
    MAJOR_BRAND     : mp42
    MINOR_VERSION   : 1
    encoder         : Lavf61.7.103
  Stream #0:0(eng): Video: rawvideo, 1 reference frame (I420 / 0x30323449), yuv420p(tv, smpte170m/smpte170m/bt709, progressive, topleft), 256x144, q=2-31, 13257 kb/s, 29.97 fps, 29.97 tbn (default)
      Metadata:
        HANDLER_NAME    : Apple Video Media Handler
        VENDOR_ID       : [0][0][0][0]
        DURATION        : 00:00:19.386000000
        encoder         : Lavc61.19.101 rawvideo
[out#0/framehash @ 0x556e19f30340] Starting thread...
[vf#0:0 @ 0x556e19f318c0] All consumers returned EOF
[Parsed_fps_0 @ 0x7f4b8c001840] 308 frames in, 307 frames out; 1 frames dropped, 0 frames duplicated.
[vf#0:0 @ 0x556e19f318c0] Terminating thread with return code 0 (success)
[vost#0:0/rawvideo @ 0x556e19ef4d00] Encoder thread received EOF
[vost#0:0/rawvideo @ 0x556e19ef4d00] Terminating thread with return code 0 (success)
[out#0/framehash @ 0x556e19f30340] All streams finished
[out#0/framehash @ 0x556e19f30340] Terminating thread with return code 0 (success)
[vist#0:0/h264 @ 0x556e19ef8180] [dec:h264 @ 0x556e19ef5780] Decoder returned EOF, finishing
[vist#0:0/h264 @ 0x556e19ef8180] [dec:h264 @ 0x556e19ef5780] Terminating thread with return code 0 (success)
[vist#0:0/h264 @ 0x556e19ef8180] All consumers of this stream are done
[in#0/matroska,webm @ 0x556e19e77240] All consumers are done
[in#0/matroska,webm @ 0x556e19e77240] Terminating thread with return code 0 (success)
[AVIOContext @ 0x556e19ef6000] Statistics: 335 bytes written, 0 seeks, 2 writeouts
[out#0/framehash @ 0x556e19f30340] Output file #0 (pipe:1):
[out#0/framehash @ 0x556e19f30340]   Output stream #0:0 (video): 1 frames encoded; 1 packets muxed (55296 bytes); 
[out#0/framehash @ 0x556e19f30340]   Total: 1 packets (55296 bytes) muxed
[out#0/framehash @ 0x556e19f30340] video:54KiB audio:0KiB subtitle:0KiB other streams:0KiB global headers:0KiB muxing overhead: unknown
frame=    1 fps=0.0 q=-0.0 Lsize=       0KiB time=00:00:10.24 bitrate=   0.3kbits/s speed=37.5x    
bench: utime=0.268s stime=0.000s rtime=0.274s
bench: maxrss=36252KiB
[in#0/matroska,webm @ 0x556e19e77240] Input file #0 (/workspace/video-export-size-estimation/results/fps-seek-study-2026-10-03/sources/bunny-derived-cfr2997.mkv):
[in#0/matroska,webm @ 0x556e19e77240]   Input stream #0:0 (video): 318 packets read (2579621 bytes); 309 frames decoded; 0 decode errors; 
[in#0/matroska,webm @ 0x556e19e77240]   Total: 318 packets (2579621 bytes) demuxed
[AVIOContext @ 0x556e19e7fcc0] Statistics: 2588672 bytes read, 0 seeks
