[h264 @ 0x55cfd5d28900] Reinit context to 256x144, pix_fmt: yuv420p
Input #0, matroska,webm, from '/workspace/video-export-size-estimation/results/fps-seek-study-2026-10-03/sources/bunny-derived-vfr-gap.mkv':
  Metadata:
    COMPATIBLE_BRANDS: mp42avc1
    MAJOR_BRAND     : mp42
    MINOR_VERSION   : 1
    ENCODER         : Lavf61.7.103
  Duration: 00:00:19.38, start: 0.000000, bitrate: 1043 kb/s
  Stream #0:0(eng): Video: h264 (High 4:4:4 Predictive), 1 reference frame, yuv420p(tv, smpte170m/smpte170m/bt709, progressive, topleft), 256x144, 24 fps, 24 tbr, 1k tbn (default)
      Metadata:
        HANDLER_NAME    : Apple Video Media Handler
        VENDOR_ID       : [0][0][0][0]
        ENCODER         : Lavc61.19.101 libx264
        DURATION        : 00:00:19.375000000
[out#0/framehash @ 0x55cfd5ddf340] Adding streams from explicit maps...
[vost#0:0/rawvideo @ 0x55cfd5da3d00] Created video stream from input stream 0:0
[Parsed_fps_0 @ 0x55cfd5da9880] 0 frames in, 0 frames out; 0 frames dropped, 0 frames duplicated.
Stream mapping:
  Stream #0:0 -> #0:0 (h264 (native) -> rawvideo (native))
[vost#0:0/rawvideo @ 0x55cfd5da3d00] Starting thread...
[vf#0:0 @ 0x55cfd5daab80] Starting thread...
[vist#0:0/h264 @ 0x55cfd5da7180] [dec:h264 @ 0x55cfd5da86c0] Starting thread...
[in#0/matroska,webm @ 0x55cfd5d26240] Starting thread...
[h264 @ 0x55cfd5da8a40] Reinit context to 256x144, pix_fmt: yuv420p
[graph -1 input from stream 0:0 @ 0x7fb6e4001f00] w:256 h:144 pixfmt:yuv420p tb:1/1000 fr:24/1 sar:0/1 csp:smpte170m range:tv
[Parsed_fps_0 @ 0x7fb6e4001800] fps=12/1
[graph -1 input from stream 0:0 @ 0x7fb6e4001f00] video frame properties congruent with link at pts_time: 0
[Parsed_fps_0 @ 0x7fb6e4001800] Set first pts to 0
[in#0/matroska,webm @ 0x55cfd5d26240] EOF while reading input
[in#0/matroska,webm @ 0x55cfd5d26240] Terminating thread with return code 0 (success)
Output #0, framehash, to 'pipe:1':
  Metadata:
    COMPATIBLE_BRANDS: mp42avc1
    MAJOR_BRAND     : mp42
    MINOR_VERSION   : 1
    encoder         : Lavf61.7.103
  Stream #0:0(eng): Video: rawvideo, 1 reference frame (I420 / 0x30323449), yuv420p(tv, smpte170m/smpte170m/bt709, progressive, topleft), 256x144, q=2-31, 5308 kb/s, 12 fps, 12 tbn (default)
      Metadata:
        HANDLER_NAME    : Apple Video Media Handler
        VENDOR_ID       : [0][0][0][0]
        DURATION        : 00:00:19.375000000
        encoder         : Lavc61.19.101 rawvideo
[out#0/framehash @ 0x55cfd5ddf340] Starting thread...
[vf#0:0 @ 0x55cfd5daab80] All consumers returned EOF
[Parsed_fps_0 @ 0x7fb6e4001800] 297 frames in, 232 frames out; 131 frames dropped, 66 frames duplicated.
[vost#0:0/rawvideo @ 0x55cfd5da3d00] Encoder thread received EOF
[vf#0:0 @ 0x55cfd5daab80] Terminating thread with return code 0 (success)
[vost#0:0/rawvideo @ 0x55cfd5da3d00] Terminating thread with return code 0 (success)
[vist#0:0/h264 @ 0x55cfd5da7180] [dec:h264 @ 0x55cfd5da86c0] Decoder returned EOF, finishing
[vist#0:0/h264 @ 0x55cfd5da7180] [dec:h264 @ 0x55cfd5da86c0] Terminating thread with return code 0 (success)
[out#0/framehash @ 0x55cfd5ddf340] All streams finished
[out#0/framehash @ 0x55cfd5ddf340] Terminating thread with return code 0 (success)
[AVIOContext @ 0x55cfd5da5000] Statistics: 329 bytes written, 0 seeks, 2 writeouts
[out#0/framehash @ 0x55cfd5ddf340] Output file #0 (pipe:1):
[out#0/framehash @ 0x55cfd5ddf340]   Output stream #0:0 (video): 1 frames encoded; 1 packets muxed (55296 bytes); 
[out#0/framehash @ 0x55cfd5ddf340]   Total: 1 packets (55296 bytes) muxed
[out#0/framehash @ 0x55cfd5ddf340] video:54KiB audio:0KiB subtitle:0KiB other streams:0KiB global headers:0KiB muxing overhead: unknown
frame=    1 fps=0.0 q=-0.0 Lsize=       0KiB time=00:00:19.33 bitrate=   0.1kbits/s speed=70.9x    
bench: utime=0.255s stime=0.009s rtime=0.274s
bench: maxrss=36124KiB
[in#0/matroska,webm @ 0x55cfd5d26240] Input file #0 (/workspace/video-export-size-estimation/results/fps-seek-study-2026-10-03/sources/bunny-derived-vfr-gap.mkv):
[in#0/matroska,webm @ 0x55cfd5d26240]   Input stream #0:0 (video): 298 packets read (2524884 bytes); 298 frames decoded; 0 decode errors; 
[in#0/matroska,webm @ 0x55cfd5d26240]   Total: 298 packets (2524884 bytes) demuxed
[AVIOContext @ 0x55cfd5d2ecc0] Statistics: 2528110 bytes read, 0 seeks
