[h264 @ 0x561fc5ec1980] Reinit context to 256x144, pix_fmt: yuv420p
Input #0, matroska,webm, from '/workspace/video-export-size-estimation/results/fps-seek-study-2026-10-03/sources/bunny-derived-vfr-gap.mkv':
  Metadata:
    COMPATIBLE_BRANDS: mp42avc1
    MAJOR_BRAND     : mp42
    MINOR_VERSION   : 1
    ENCODER         : Lavf61.7.103
  Duration: 00:00:19.38, start: 0.000000, bitrate: 1043 kb/s
  Stream #0:0(eng): Video: h264 (High 4:4:4 Predictive), 1 reference frame, yuv420p(tv, smpte170m/smpte170m/bt709, progressive, topleft), 256x144, 24 fps, 24 tbr, 1k tbn (default)
      Metadata:
        HANDLER_NAME    : Apple Video Media Handler
        VENDOR_ID       : [0][0][0][0]
        ENCODER         : Lavc61.19.101 libx264
        DURATION        : 00:00:19.375000000
[out#0/framehash @ 0x561fc5f783c0] Adding streams from explicit maps...
[vost#0:0/rawvideo @ 0x561fc5f43d80] Created video stream from input stream 0:0
[Parsed_fps_0 @ 0x561fc5f42900] 0 frames in, 0 frames out; 0 frames dropped, 0 frames duplicated.
Stream mapping:
  Stream #0:0 -> #0:0 (h264 (native) -> rawvideo (native))
[vost#0:0/rawvideo @ 0x561fc5f43d80] Starting thread...
[vf#0:0 @ 0x561fc5f781c0] Starting thread...
[vist#0:0/h264 @ 0x561fc5f40200] [dec:h264 @ 0x561fc5ec2680] Starting thread...
[in#0/matroska,webm @ 0x561fc5ebf2c0] Starting thread...
[h264 @ 0x561fc5ec2a00] Reinit context to 256x144, pix_fmt: yuv420p
[graph -1 input from stream 0:0 @ 0x7f9c90001f00] w:256 h:144 pixfmt:yuv420p tb:1/1000 fr:24/1 sar:0/1 csp:smpte170m range:tv
[Parsed_fps_0 @ 0x7f9c90001840] fps=30000/1001
[graph -1 input from stream 0:0 @ 0x7f9c90001f00] video frame properties congruent with link at pts_time: 7.542
[Parsed_fps_0 @ 0x7f9c90001840] Set first pts to 293
Output #0, framehash, to 'pipe:1':
  Metadata:
    COMPATIBLE_BRANDS: mp42avc1
    MAJOR_BRAND     : mp42
    MINOR_VERSION   : 1
    encoder         : Lavf61.7.103
  Stream #0:0(eng): Video: rawvideo, 1 reference frame (I420 / 0x30323449), yuv420p(tv, smpte170m/smpte170m/bt709, progressive, topleft), 256x144, q=2-31, 13257 kb/s, 29.97 fps, 29.97 tbn (default)
      Metadata:
        HANDLER_NAME    : Apple Video Media Handler
        VENDOR_ID       : [0][0][0][0]
        DURATION        : 00:00:19.375000000
        encoder         : Lavc61.19.101 rawvideo
[out#0/framehash @ 0x561fc5f783c0] Starting thread...
[vf#0:0 @ 0x561fc5f781c0] All consumers returned EOF
[Parsed_fps_0 @ 0x7f9c90001840] 2 frames in, 14 frames out; 1 frames dropped, 13 frames duplicated.
[vf#0:0 @ 0x561fc5f781c0] Terminating thread with return code 0 (success)
[vist#0:0/h264 @ 0x561fc5f40200] [dec:h264 @ 0x561fc5ec2680] Decoder returned EOF, finishing
[vist#0:0/h264 @ 0x561fc5f40200] [dec:h264 @ 0x561fc5ec2680] Terminating thread with return code 0 (success)
[vist#0:0/h264 @ 0x561fc5f40200] All consumers of this stream are done
[in#0/matroska,webm @ 0x561fc5ebf2c0] All consumers are done
[in#0/matroska,webm @ 0x561fc5ebf2c0] Terminating thread with return code 0 (success)
[vost#0:0/rawvideo @ 0x561fc5f43d80] Encoder thread received EOF
[vost#0:0/rawvideo @ 0x561fc5f43d80] Terminating thread with return code 0 (success)
[out#0/framehash @ 0x561fc5f783c0] All streams finished
[out#0/framehash @ 0x561fc5f783c0] Terminating thread with return code 0 (success)
[AVIOContext @ 0x561fc5f3e080] Statistics: 335 bytes written, 0 seeks, 2 writeouts
[out#0/framehash @ 0x561fc5f783c0] Output file #0 (pipe:1):
[out#0/framehash @ 0x561fc5f783c0]   Output stream #0:0 (video): 1 frames encoded; 1 packets muxed (55296 bytes); 
[out#0/framehash @ 0x561fc5f783c0]   Total: 1 packets (55296 bytes) muxed
[out#0/framehash @ 0x561fc5f783c0] video:54KiB audio:0KiB subtitle:0KiB other streams:0KiB global headers:0KiB muxing overhead: unknown
frame=    1 fps=0.0 q=-0.0 Lsize=       0KiB time=00:00:00.00 bitrate=N/A speed=   0x    
bench: utime=0.077s stime=0.000s rtime=0.072s
bench: maxrss=36252KiB
[in#0/matroska,webm @ 0x561fc5ebf2c0] Input file #0 (/workspace/video-export-size-estimation/results/fps-seek-study-2026-10-03/sources/bunny-derived-vfr-gap.mkv):
[in#0/matroska,webm @ 0x561fc5ebf2c0]   Input stream #0:0 (video): 59 packets read (807360 bytes); 50 frames decoded; 0 decode errors; 
[in#0/matroska,webm @ 0x561fc5ebf2c0]   Total: 59 packets (807360 bytes) demuxed
[AVIOContext @ 0x561fc5ec7d40] Statistics: 884933 bytes read, 3 seeks
