[matroska,webm @ 0x55c77c20c540] max_analyze_duration 5000000 reached at 5019000 microseconds st:1
[matroska,webm @ 0x55c77c20c540] Could not find codec parameters for stream 0 (Video: h264, 1 reference frame, none(tv, smpte170m/smpte170m/bt709, progressive, topleft), 256x144): unspecified pixel format
Consider increasing the value for the 'analyzeduration' (0) and 'probesize' (5000000) options
Input #0, matroska,webm, from '/workspace/video-export-size-estimation/results/fps-seek-study-2026-10-03/sources/bunny-derived-vfr-delayed-video.mkv':
  Metadata:
    MINOR_VERSION   : 1
    COMPATIBLE_BRANDS: mp42avc1
    MAJOR_BRAND     : mp42
    ENCODER         : Lavf61.7.103
  Duration: 00:00:25.02, start: -0.021000, bitrate: 812 kb/s
  Stream #0:0(eng): Video: h264, 1 reference frame, none(tv, smpte170m/smpte170m/bt709, progressive, topleft), 256x144, 24 fps, 24 tbr, 1k tbn (default)
      Metadata:
        HANDLER_NAME    : Apple Video Media Handler
        VENDOR_ID       : [0][0][0][0]
        ENCODER         : Lavc61.19.101 libx264
        DURATION        : 00:00:24.499000000
  Stream #0:1: Audio: aac (LC), 48000 Hz, mono, fltp, delay 1024
      Metadata:
        ENCODER         : Lavc61.19.101 aac
        DURATION        : 00:00:25.021000000
[out#0/framehash @ 0x55c77c262840] Adding streams from explicit maps...
[vost#0:0/rawvideo @ 0x55c77c262a00] Created video stream from input stream 0:0
[Parsed_fps_0 @ 0x55c77c1b8b00] 0 frames in, 0 frames out; 0 frames dropped, 0 frames duplicated.
Stream mapping:
  Stream #0:0 -> #0:0 (h264 (native) -> rawvideo (native))
[vost#0:0/rawvideo @ 0x55c77c262a00] Starting thread...
[vf#0:0 @ 0x55c77c264380] Starting thread...
[vist#0:0/h264 @ 0x55c77c2696c0] [dec:h264 @ 0x55c77c269580] Starting thread...
[in#0/matroska,webm @ 0x55c77c20c280] Starting thread...
[h264 @ 0x55c77c291bc0] Reinit context to 256x144, pix_fmt: yuv420p
[graph -1 input from stream 0:0 @ 0x7f30f8002180] w:256 h:144 pixfmt:yuv420p tb:1/1000 fr:24/1 sar:0/1 csp:smpte170m range:tv
[Parsed_fps_0 @ 0x7f30f8001780] fps=12/1
[Parsed_fps_0 @ 0x7f30f8001780] TB:0.083333 FRAME_RATE:12.000000 SAMPLE_RATE:nan
[graph -1 input from stream 0:0 @ 0x7f30f8002180] video frame properties congruent with link at pts_time: -2.271
[Parsed_fps_0 @ 0x7f30f8001780] Set first pts to 14
Output #0, framehash, to 'pipe:1':
  Metadata:
    MINOR_VERSION   : 1
    COMPATIBLE_BRANDS: mp42avc1
    MAJOR_BRAND     : mp42
    encoder         : Lavf61.7.103
  Stream #0:0(eng): Video: rawvideo, 1 reference frame (I420 / 0x30323449), yuv420p(tv, smpte170m/smpte170m/bt709, progressive, topleft), 256x144, q=2-31, 5308 kb/s, 12 tbn (default)
      Metadata:
        HANDLER_NAME    : Apple Video Media Handler
        VENDOR_ID       : [0][0][0][0]
        DURATION        : 00:00:24.499000000
        encoder         : Lavc61.19.101 rawvideo
[out#0/framehash @ 0x55c77c262840] Starting thread...
[vf#0:0 @ 0x55c77c264380] All consumers returned EOF
[Parsed_fps_0 @ 0x7f30f8001780] 11 frames in, 6 frames out; 5 frames dropped, 0 frames duplicated.
[vf#0:0 @ 0x55c77c264380] Terminating thread with return code 0 (success)
[vost#0:0/rawvideo @ 0x55c77c262a00] Encoder thread received EOF
[vost#0:0/rawvideo @ 0x55c77c262a00] Terminating thread with return code 0 (success)
[out#0/framehash @ 0x55c77c262840] All streams finished
[out#0/framehash @ 0x55c77c262840] Terminating thread with return code 0 (success)
[vist#0:0/h264 @ 0x55c77c2696c0] [dec:h264 @ 0x55c77c269580] Decoder returned EOF, finishing
[vist#0:0/h264 @ 0x55c77c2696c0] [dec:h264 @ 0x55c77c269580] Terminating thread with return code 0 (success)
[vist#0:0/h264 @ 0x55c77c2696c0] All consumers of this stream are done
[in#0/matroska,webm @ 0x55c77c20c280] All consumers are done
[in#0/matroska,webm @ 0x55c77c20c280] Terminating thread with return code 0 (success)
[AVIOContext @ 0x55c77c27c7c0] Statistics: 889 bytes written, 0 seeks, 7 writeouts
[out#0/framehash @ 0x55c77c262840] Output file #0 (pipe:1):
[out#0/framehash @ 0x55c77c262840]   Output stream #0:0 (video): 6 frames encoded; 6 packets muxed (331776 bytes); 
[out#0/framehash @ 0x55c77c262840]   Total: 6 packets (331776 bytes) muxed
[out#0/framehash @ 0x55c77c262840] video:324KiB audio:0KiB subtitle:0KiB other streams:0KiB global headers:0KiB muxing overhead: unknown
frame=    6 fps=0.0 q=-0.0 Lsize=       1KiB time=00:00:10.83 bitrate=   0.7kbits/s speed= 246x    
bench: utime=0.048s stime=0.000s rtime=0.044s
bench: maxrss=36552KiB
[in#0/matroska,webm @ 0x55c77c20c280] Input file #0 (/workspace/video-export-size-estimation/results/fps-seek-study-2026-10-03/sources/bunny-derived-vfr-delayed-video.mkv):
[in#0/matroska,webm @ 0x55c77c20c280]   Input stream #0:0 (video): 46 packets read (479919 bytes); 37 frames decoded; 0 decode errors; 
[in#0/matroska,webm @ 0x55c77c20c280]   Total: 46 packets (479919 bytes) demuxed
[AVIOContext @ 0x55c77c214d00] Statistics: 524562 bytes read, 3 seeks
