[h264 @ 0x559944379ec0] Reinit context to 640x368, pix_fmt: yuv420p
Input #0, matroska,webm, from '/tmp/video-estimation-research/bunny-full.mkv':
  Metadata:
    AB_AV1_FFMPEG_ARGS: -c:v libx264 -crf 23 -preset medium
    MAJOR_BRAND     : mp42
    MINOR_VERSION   : 1
    COMPATIBLE_BRANDS: mp42avc1
    ENCODER         : Lavf61.7.103
  Duration: 00:01:00.08, start: 0.000000, bitrate: 588 kb/s
  Stream #0:0(eng): Video: h264 (High), 1 reference frame, yuv420p(tv, smpte170m/smpte170m/bt709, progressive, topleft), 640x360, 24 fps, 24 tbr, 1k tbn (default)
      Metadata:
        HANDLER_NAME    : Apple Video Media Handler
        VENDOR_ID       : [0][0][0][0]
        ENCODER         : Lavc61.19.101 libx264
        DURATION        : 00:01:00.083000000
[out#0/framehash @ 0x559944467700] Adding streams from explicit maps...
[vost#0:0/rawvideo @ 0x559944395d40] Created video stream from input stream 0:0
[Parsed_fps_0 @ 0x559944323b00] 0 frames in, 0 frames out; 0 frames dropped, 0 frames duplicated.
Stream mapping:
  Stream #0:0 -> #0:0 (h264 (native) -> rawvideo (native))
[vost#0:0/rawvideo @ 0x559944395d40] Starting thread...
[vf#0:0 @ 0x559944467980] Starting thread...
[vist#0:0/h264 @ 0x559944395580] [dec:h264 @ 0x5599443f6dc0] Starting thread...
[in#0/matroska,webm @ 0x559944377280] Starting thread...
[h264 @ 0x5599443f7140] Reinit context to 640x368, pix_fmt: yuv420p
[graph -1 input from stream 0:0 @ 0x7f1a88002140] w:640 h:360 pixfmt:yuv420p tb:1/1000 fr:24/1 sar:0/1 csp:smpte170m range:tv
[Parsed_fps_0 @ 0x7f1a88001740] fps=30000/1001
[Parsed_fps_0 @ 0x7f1a88001740] TB:0.033367 FRAME_RATE:29.970030 SAMPLE_RATE:nan
[graph -1 input from stream 0:0 @ 0x7f1a88002140] video frame properties congruent with link at pts_time: -3.91
[in#0/matroska,webm @ 0x559944377280] EOF while reading input
[in#0/matroska,webm @ 0x559944377280] Terminating thread with return code 0 (success)
[vist#0:0/h264 @ 0x559944395580] [dec:h264 @ 0x5599443f6dc0] Decoder thread received EOF packet
[vist#0:0/h264 @ 0x559944395580] [dec:h264 @ 0x5599443f6dc0] Decoder returned EOF, finishing
[vist#0:0/h264 @ 0x559944395580] [dec:h264 @ 0x5599443f6dc0] Terminating thread with return code 0 (success)
[vf#0:0 @ 0x559944467980] Filtergraph returned EOF, finishing
[vf#0:0 @ 0x559944467980] All consumers returned EOF
[vf#0:0 @ 0x5599443966c0] No filtered frames for output stream, trying to initialize anyway.
Output #0, framehash, to 'pipe:1':
  Metadata:
    AB_AV1_FFMPEG_ARGS: -c:v libx264 -crf 23 -preset medium
    MAJOR_BRAND     : mp42
    MINOR_VERSION   : 1
    COMPATIBLE_BRANDS: mp42avc1
    encoder         : Lavf61.7.103
  Stream #0:0(eng): Video: rawvideo, 1 reference frame (I420 / 0x30323449), yuv420p(progressive), 640x360, q=2-31, 82861 kb/s, 29.97 tbn (default)
      Metadata:
        HANDLER_NAME    : Apple Video Media Handler
        VENDOR_ID       : [0][0][0][0]
        DURATION        : 00:01:00.083000000
        encoder         : Lavc61.19.101 rawvideo
[out#0/framehash @ 0x559944467700] Starting thread...
[Parsed_fps_0 @ 0x7f1a88001740] 0 frames in, 0 frames out; 0 frames dropped, 0 frames duplicated.
[vost#0:0/rawvideo @ 0x559944395d40] Encoder thread received EOF
[vf#0:0 @ 0x559944467980] Terminating thread with return code 0 (success)
[vost#0:0/rawvideo @ 0x559944395d40] Terminating thread with return code 0 (success)
[out#0/framehash @ 0x559944467700] All streams finished
[out#0/framehash @ 0x559944467700] Terminating thread with return code 0 (success)
[AVIOContext @ 0x559944395100] Statistics: 223 bytes written, 0 seeks, 1 writeouts
[out#0/framehash @ 0x559944467700] Output file #0 (pipe:1):
[out#0/framehash @ 0x559944467700]   Output stream #0:0 (video): 0 frames encoded; 0 packets muxed (0 bytes); 
[out#0/framehash @ 0x559944467700]   Total: 0 packets (0 bytes) muxed
[out#0/framehash @ 0x559944467700] video:0KiB audio:0KiB subtitle:0KiB other streams:0KiB global headers:0KiB muxing overhead: unknown
[out#0/framehash @ 0x559944467700] Output file is empty, nothing was encoded(check -ss / -t / -frames parameters if used)
frame=    0 fps=0.0 q=0.0 Lsize=       0KiB time=N/A bitrate=N/A speed=N/A    
bench: utime=0.042s stime=0.001s rtime=0.040s
bench: maxrss=38720KiB
[in#0/matroska,webm @ 0x559944377280] Input file #0 (/tmp/video-estimation-research/bunny-full.mkv):
[in#0/matroska,webm @ 0x559944377280]   Input stream #0:0 (video): 94 packets read (85900 bytes); 94 frames decoded; 0 decode errors; 
[in#0/matroska,webm @ 0x559944377280]   Total: 94 packets (85900 bytes) demuxed
[AVIOContext @ 0x55994437fcc0] Statistics: 205926 bytes read, 2 seeks
