[matroska,webm @ 0x55c9aedcb540] max_analyze_duration 5000000 reached at 5019000 microseconds st:1
[matroska,webm @ 0x55c9aedcb540] Could not find codec parameters for stream 0 (Video: h264, 1 reference frame, none(tv, smpte170m/smpte170m/bt709, progressive, topleft), 256x144): unspecified pixel format
Consider increasing the value for the 'analyzeduration' (0) and 'probesize' (5000000) options
Input #0, matroska,webm, from '/workspace/video-export-size-estimation/results/fps-seek-study-2026-10-03/sources/bunny-derived-vfr-delayed-video.mkv':
  Metadata:
    MINOR_VERSION   : 1
    COMPATIBLE_BRANDS: mp42avc1
    MAJOR_BRAND     : mp42
    ENCODER         : Lavf61.7.103
  Duration: 00:00:25.02, start: -0.021000, bitrate: 812 kb/s
  Stream #0:0(eng): Video: h264, 1 reference frame, none(tv, smpte170m/smpte170m/bt709, progressive, topleft), 256x144, 24 fps, 24 tbr, 1k tbn (default)
      Metadata:
        HANDLER_NAME    : Apple Video Media Handler
        VENDOR_ID       : [0][0][0][0]
        ENCODER         : Lavc61.19.101 libx264
        DURATION        : 00:00:24.499000000
  Stream #0:1: Audio: aac (LC), 48000 Hz, mono, fltp, delay 1024
      Metadata:
        ENCODER         : Lavc61.19.101 aac
        DURATION        : 00:00:25.021000000
[out#0/framehash @ 0x55c9aee21840] Adding streams from explicit maps...
[vost#0:0/rawvideo @ 0x55c9aee21a00] Created video stream from input stream 0:0
[Parsed_fps_0 @ 0x55c9aed77b00] 0 frames in, 0 frames out; 0 frames dropped, 0 frames duplicated.
Stream mapping:
  Stream #0:0 -> #0:0 (h264 (native) -> rawvideo (native))
[vost#0:0/rawvideo @ 0x55c9aee21a00] Starting thread...
[vf#0:0 @ 0x55c9aee23380] Starting thread...
[vist#0:0/h264 @ 0x55c9aee286c0] [dec:h264 @ 0x55c9aee28580] Starting thread...
[in#0/matroska,webm @ 0x55c9aedcb280] Starting thread...
[h264 @ 0x55c9aee50bc0] Reinit context to 256x144, pix_fmt: yuv420p
[graph -1 input from stream 0:0 @ 0x7efd2c002180] w:256 h:144 pixfmt:yuv420p tb:1/1000 fr:24/1 sar:0/1 csp:smpte170m range:tv
[Parsed_fps_0 @ 0x7efd2c001780] fps=30000/1001
[Parsed_fps_0 @ 0x7efd2c001780] TB:0.033367 FRAME_RATE:29.970030 SAMPLE_RATE:nan
[graph -1 input from stream 0:0 @ 0x7efd2c002180] video frame properties congruent with link at pts_time: -0.193
[Parsed_fps_0 @ 0x7efd2c001780] Set first pts to 0
Output #0, framehash, to 'pipe:1':
  Metadata:
    MINOR_VERSION   : 1
    COMPATIBLE_BRANDS: mp42avc1
    MAJOR_BRAND     : mp42
    encoder         : Lavf61.7.103
  Stream #0:0(eng): Video: rawvideo, 1 reference frame (I420 / 0x30323449), yuv420p(tv, smpte170m/smpte170m/bt709, progressive, topleft), 256x144, q=2-31, 13257 kb/s, 29.97 tbn (default)
      Metadata:
        HANDLER_NAME    : Apple Video Media Handler
        VENDOR_ID       : [0][0][0][0]
        DURATION        : 00:00:24.499000000
        encoder         : Lavc61.19.101 rawvideo
[out#0/framehash @ 0x55c9aee21840] Starting thread...
[vf#0:0 @ 0x55c9aee23380] All consumers returned EOF
[Parsed_fps_0 @ 0x7efd2c001780] 3 frames in, 3 frames out; 1 frames dropped, 1 frames duplicated.
[vf#0:0 @ 0x55c9aee23380] Terminating thread with return code 0 (success)
[vist#0:0/h264 @ 0x55c9aee286c0] [dec:h264 @ 0x55c9aee28580] Decoder returned EOF, finishing
[vist#0:0/h264 @ 0x55c9aee286c0] [dec:h264 @ 0x55c9aee28580] Terminating thread with return code 0 (success)
[vist#0:0/h264 @ 0x55c9aee286c0] All consumers of this stream are done
[in#0/matroska,webm @ 0x55c9aedcb280] All consumers are done
[in#0/matroska,webm @ 0x55c9aedcb280] Terminating thread with return code 0 (success)
[vost#0:0/rawvideo @ 0x55c9aee21a00] Encoder thread received EOF
[vost#0:0/rawvideo @ 0x55c9aee21a00] Terminating thread with return code 0 (success)
[out#0/framehash @ 0x55c9aee21840] All streams finished
[out#0/framehash @ 0x55c9aee21840] Terminating thread with return code 0 (success)
[AVIOContext @ 0x55c9aee3b7c0] Statistics: 559 bytes written, 0 seeks, 4 writeouts
[out#0/framehash @ 0x55c9aee21840] Output file #0 (pipe:1):
[out#0/framehash @ 0x55c9aee21840]   Output stream #0:0 (video): 3 frames encoded; 3 packets muxed (165888 bytes); 
[out#0/framehash @ 0x55c9aee21840]   Total: 3 packets (165888 bytes) muxed
[out#0/framehash @ 0x55c9aee21840] video:162KiB audio:0KiB subtitle:0KiB other streams:0KiB global headers:0KiB muxing overhead: unknown
frame=    3 fps=0.0 q=-0.0 Lsize=       1KiB time=00:00:05.40 bitrate=   0.8kbits/s speed= 536x    
bench: utime=0.009s stime=0.000s rtime=0.010s
bench: maxrss=36808KiB
[in#0/matroska,webm @ 0x55c9aedcb280] Input file #0 (/workspace/video-export-size-estimation/results/fps-seek-study-2026-10-03/sources/bunny-derived-vfr-delayed-video.mkv):
[in#0/matroska,webm @ 0x55c9aedcb280]   Input stream #0:0 (video): 19 packets read (56459 bytes); 15 frames decoded; 0 decode errors; 
[in#0/matroska,webm @ 0x55c9aedcb280]   Total: 19 packets (56459 bytes) demuxed
[AVIOContext @ 0x55c9aedd3d00] Statistics: 98578 bytes read, 3 seeks
