[h264 @ 0x5646de193900] Reinit context to 256x144, pix_fmt: yuv420p
Input #0, matroska,webm, from '/workspace/video-export-size-estimation/results/fps-seek-study-2026-10-03/sources/bunny-derived-cfr2997.mkv':
  Metadata:
    COMPATIBLE_BRANDS: mp42avc1
    MAJOR_BRAND     : mp42
    MINOR_VERSION   : 1
    ENCODER         : Lavf61.7.103
  Duration: 00:00:19.39, start: 0.000000, bitrate: 1712 kb/s
  Stream #0:0(eng): Video: h264 (High 4:4:4 Predictive), 1 reference frame, yuv420p(tv, smpte170m/smpte170m/bt709, progressive, topleft), 256x144, 29.97 fps, 29.97 tbr, 1k tbn (default)
      Metadata:
        HANDLER_NAME    : Apple Video Media Handler
        VENDOR_ID       : [0][0][0][0]
        ENCODER         : Lavc61.19.101 libx264
        DURATION        : 00:00:19.386000000
[out#0/framehash @ 0x5646de24a340] Adding streams from explicit maps...
[vost#0:0/rawvideo @ 0x5646de20ed00] Created video stream from input stream 0:0
[Parsed_fps_0 @ 0x5646de214880] 0 frames in, 0 frames out; 0 frames dropped, 0 frames duplicated.
Stream mapping:
  Stream #0:0 -> #0:0 (h264 (native) -> rawvideo (native))
[vost#0:0/rawvideo @ 0x5646de20ed00] Starting thread...
[vf#0:0 @ 0x5646de24b8c0] Starting thread...
[vist#0:0/h264 @ 0x5646de212180] [dec:h264 @ 0x5646de20f080] Starting thread...
[in#0/matroska,webm @ 0x5646de191240] Starting thread...
[h264 @ 0x5646de20f400] Reinit context to 256x144, pix_fmt: yuv420p
[graph -1 input from stream 0:0 @ 0x7f9158001940] w:256 h:144 pixfmt:yuv420p tb:1/1000 fr:30000/1001 sar:0/1 csp:smpte170m range:tv
[Parsed_fps_0 @ 0x7f9158001580] fps=30000/1001
[graph -1 input from stream 0:0 @ 0x7f9158001940] video frame properties congruent with link at pts_time: 0
[Parsed_fps_0 @ 0x7f9158001580] Set first pts to 0
Output #0, framehash, to 'pipe:1':
  Metadata:
    COMPATIBLE_BRANDS: mp42avc1
    MAJOR_BRAND     : mp42
    MINOR_VERSION   : 1
    encoder         : Lavf61.7.103
  Stream #0:0(eng): Video: rawvideo, 1 reference frame (I420 / 0x30323449), yuv420p(tv, smpte170m/smpte170m/bt709, progressive, topleft), 256x144, q=2-31, 13257 kb/s, 29.97 fps, 29.97 tbn (default)
      Metadata:
        HANDLER_NAME    : Apple Video Media Handler
        VENDOR_ID       : [0][0][0][0]
        DURATION        : 00:00:19.386000000
        encoder         : Lavc61.19.101 rawvideo
[out#0/framehash @ 0x5646de24a340] Starting thread...
[in#0/matroska,webm @ 0x5646de191240] EOF while reading input
[in#0/matroska,webm @ 0x5646de191240] Terminating thread with return code 0 (success)
[vist#0:0/h264 @ 0x5646de212180] [dec:h264 @ 0x5646de20f080] Decoder thread received EOF packet
[vist#0:0/h264 @ 0x5646de212180] [dec:h264 @ 0x5646de20f080] Decoder returned EOF, finishing
[vist#0:0/h264 @ 0x5646de212180] [dec:h264 @ 0x5646de20f080] Terminating thread with return code 0 (success)
[vf#0:0 @ 0x5646de24b8c0] Filtergraph returned EOF, finishing
[vf#0:0 @ 0x5646de24b8c0] All consumers returned EOF
[Parsed_fps_0 @ 0x7f9158001580] 581 frames in, 581 frames out; 0 frames dropped, 0 frames duplicated.
[vf#0:0 @ 0x5646de24b8c0] Terminating thread with return code 0 (success)
[vost#0:0/rawvideo @ 0x5646de20ed00] Encoder thread received EOF
[vost#0:0/rawvideo @ 0x5646de20ed00] Terminating thread with return code 0 (success)
[out#0/framehash @ 0x5646de24a340] All streams finished
[out#0/framehash @ 0x5646de24a340] Terminating thread with return code 0 (success)
[AVIOContext @ 0x5646de210000] Statistics: 65295 bytes written, 0 seeks, 582 writeouts
[out#0/framehash @ 0x5646de24a340] Output file #0 (pipe:1):
[out#0/framehash @ 0x5646de24a340]   Output stream #0:0 (video): 581 frames encoded; 581 packets muxed (32126976 bytes); 
[out#0/framehash @ 0x5646de24a340]   Total: 581 packets (32126976 bytes) muxed
[out#0/framehash @ 0x5646de24a340] video:31374KiB audio:0KiB subtitle:0KiB other streams:0KiB global headers:0KiB muxing overhead: unknown
frame=  581 fps=0.0 q=-0.0 Lsize=      64KiB time=00:00:19.38 bitrate=  26.9kbits/s speed=47.4x    
bench: utime=0.575s stime=0.038s rtime=0.413s
bench: maxrss=37148KiB
[in#0/matroska,webm @ 0x5646de191240] Input file #0 (/workspace/video-export-size-estimation/results/fps-seek-study-2026-10-03/sources/bunny-derived-cfr2997.mkv):
[in#0/matroska,webm @ 0x5646de191240]   Input stream #0:0 (video): 581 packets read (4144807 bytes); 581 frames decoded; 0 decode errors; 
[in#0/matroska,webm @ 0x5646de191240]   Total: 581 packets (4144807 bytes) demuxed
[AVIOContext @ 0x5646de199cc0] Statistics: 4150118 bytes read, 0 seeks
