[h264 @ 0x5635a77e4900] Reinit context to 256x144, pix_fmt: yuv420p
Input #0, matroska,webm, from '/workspace/video-export-size-estimation/results/fps-seek-study-2026-10-03/sources/bunny-derived-cfr2997.mkv':
  Metadata:
    COMPATIBLE_BRANDS: mp42avc1
    MAJOR_BRAND     : mp42
    MINOR_VERSION   : 1
    ENCODER         : Lavf61.7.103
  Duration: 00:00:19.39, start: 0.000000, bitrate: 1712 kb/s
  Stream #0:0(eng): Video: h264 (High 4:4:4 Predictive), 1 reference frame, yuv420p(tv, smpte170m/smpte170m/bt709, progressive, topleft), 256x144, 29.97 fps, 29.97 tbr, 1k tbn (default)
      Metadata:
        HANDLER_NAME    : Apple Video Media Handler
        VENDOR_ID       : [0][0][0][0]
        ENCODER         : Lavc61.19.101 libx264
        DURATION        : 00:00:19.386000000
[out#0/framehash @ 0x5635a789b340] Adding streams from explicit maps...
[vost#0:0/rawvideo @ 0x5635a785fd00] Created video stream from input stream 0:0
[Parsed_fps_0 @ 0x5635a7865880] 0 frames in, 0 frames out; 0 frames dropped, 0 frames duplicated.
Stream mapping:
  Stream #0:0 -> #0:0 (h264 (native) -> rawvideo (native))
[vost#0:0/rawvideo @ 0x5635a785fd00] Starting thread...
[vf#0:0 @ 0x5635a789c8c0] Starting thread...
[vist#0:0/h264 @ 0x5635a7863180] [dec:h264 @ 0x5635a7860780] Starting thread...
[in#0/matroska,webm @ 0x5635a77e2240] Starting thread...
[h264 @ 0x5635a7864680] Reinit context to 256x144, pix_fmt: yuv420p
[graph -1 input from stream 0:0 @ 0x7f0418001f00] w:256 h:144 pixfmt:yuv420p tb:1/1000 fr:30000/1001 sar:0/1 csp:smpte170m range:tv
[Parsed_fps_0 @ 0x7f0418001800] fps=12/1
[graph -1 input from stream 0:0 @ 0x7f0418001f00] video frame properties congruent with link at pts_time: 0
[Parsed_fps_0 @ 0x7f0418001800] Set first pts to 0
Output #0, framehash, to 'pipe:1':
  Metadata:
    COMPATIBLE_BRANDS: mp42avc1
    MAJOR_BRAND     : mp42
    MINOR_VERSION   : 1
    encoder         : Lavf61.7.103
  Stream #0:0(eng): Video: rawvideo, 1 reference frame (I420 / 0x30323449), yuv420p(tv, smpte170m/smpte170m/bt709, progressive, topleft), 256x144, q=2-31, 5308 kb/s, 12 fps, 12 tbn (default)
      Metadata:
        HANDLER_NAME    : Apple Video Media Handler
        VENDOR_ID       : [0][0][0][0]
        DURATION        : 00:00:19.386000000
        encoder         : Lavc61.19.101 rawvideo
[out#0/framehash @ 0x5635a789b340] Starting thread...
[vf#0:0 @ 0x5635a789c8c0] All consumers returned EOF
[Parsed_fps_0 @ 0x7f0418001800] 305 frames in, 122 frames out; 183 frames dropped, 0 frames duplicated.
[vost#0:0/rawvideo @ 0x5635a785fd00] Encoder thread received EOF
[vost#0:0/rawvideo @ 0x5635a785fd00] Terminating thread with return code 0 (success)
[vf#0:0 @ 0x5635a789c8c0] Terminating thread with return code 0 (success)
[out#0/framehash @ 0x5635a789b340] All streams finished
[out#0/framehash @ 0x5635a789b340] Terminating thread with return code 0 (success)
[vist#0:0/h264 @ 0x5635a7863180] [dec:h264 @ 0x5635a7860780] Decoder returned EOF, finishing
[vist#0:0/h264 @ 0x5635a7863180] All consumers of this stream are done
[in#0/matroska,webm @ 0x5635a77e2240] All consumers are done
[in#0/matroska,webm @ 0x5635a77e2240] Terminating thread with return code 0 (success)
[vist#0:0/h264 @ 0x5635a7863180] [dec:h264 @ 0x5635a7860780] Terminating thread with return code 0 (success)
[AVIOContext @ 0x5635a7861000] Statistics: 889 bytes written, 0 seeks, 7 writeouts
[out#0/framehash @ 0x5635a789b340] Output file #0 (pipe:1):
[out#0/framehash @ 0x5635a789b340]   Output stream #0:0 (video): 6 frames encoded; 6 packets muxed (331776 bytes); 
[out#0/framehash @ 0x5635a789b340]   Total: 6 packets (331776 bytes) muxed
[out#0/framehash @ 0x5635a789b340] video:324KiB audio:0KiB subtitle:0KiB other streams:0KiB global headers:0KiB muxing overhead: unknown
frame=    6 fps=0.0 q=-0.0 Lsize=       1KiB time=00:00:10.16 bitrate=   0.7kbits/s speed=36.1x    
bench: utime=0.274s stime=0.000s rtime=0.282s
bench: maxrss=36384KiB
[in#0/matroska,webm @ 0x5635a77e2240] Input file #0 (/workspace/video-export-size-estimation/results/fps-seek-study-2026-10-03/sources/bunny-derived-cfr2997.mkv):
[in#0/matroska,webm @ 0x5635a77e2240]   Input stream #0:0 (video): 315 packets read (2542861 bytes); 306 frames decoded; 0 decode errors; 
[in#0/matroska,webm @ 0x5635a77e2240]   Total: 315 packets (2542861 bytes) demuxed
[AVIOContext @ 0x5635a77eacc0] Statistics: 2555904 bytes read, 0 seeks
