[h264 @ 0x55729e667900] Reinit context to 256x144, pix_fmt: yuv420p
Input #0, matroska,webm, from '/workspace/video-export-size-estimation/results/fps-seek-study-2026-10-03/sources/bunny-derived-cfr2997.mkv':
  Metadata:
    COMPATIBLE_BRANDS: mp42avc1
    MAJOR_BRAND     : mp42
    MINOR_VERSION   : 1
    ENCODER         : Lavf61.7.103
  Duration: 00:00:19.39, start: 0.000000, bitrate: 1712 kb/s
  Stream #0:0(eng): Video: h264 (High 4:4:4 Predictive), 1 reference frame, yuv420p(tv, smpte170m/smpte170m/bt709, progressive, topleft), 256x144, 29.97 fps, 29.97 tbr, 1k tbn (default)
      Metadata:
        HANDLER_NAME    : Apple Video Media Handler
        VENDOR_ID       : [0][0][0][0]
        ENCODER         : Lavc61.19.101 libx264
        DURATION        : 00:00:19.386000000
[out#0/framehash @ 0x55729e71e340] Adding streams from explicit maps...
[vost#0:0/rawvideo @ 0x55729e6e2d00] Created video stream from input stream 0:0
[Parsed_fps_0 @ 0x55729e6e8880] 0 frames in, 0 frames out; 0 frames dropped, 0 frames duplicated.
Stream mapping:
  Stream #0:0 -> #0:0 (h264 (native) -> rawvideo (native))
[vost#0:0/rawvideo @ 0x55729e6e2d00] Starting thread...
[vf#0:0 @ 0x55729e71f8c0] Starting thread...
[vist#0:0/h264 @ 0x55729e6e6180] [dec:h264 @ 0x55729e6e3780] Starting thread...
[in#0/matroska,webm @ 0x55729e665240] Starting thread...
[h264 @ 0x55729e6e7680] Reinit context to 256x144, pix_fmt: yuv420p
[graph -1 input from stream 0:0 @ 0x7f42dc001f00] w:256 h:144 pixfmt:yuv420p tb:1/1000 fr:30000/1001 sar:0/1 csp:smpte170m range:tv
[Parsed_fps_0 @ 0x7f42dc001800] fps=12/1
[graph -1 input from stream 0:0 @ 0x7f42dc001f00] video frame properties congruent with link at pts_time: 0
[Parsed_fps_0 @ 0x7f42dc001800] Set first pts to 0
[in#0/matroska,webm @ 0x55729e665240] EOF while reading input
[in#0/matroska,webm @ 0x55729e665240] Terminating thread with return code 0 (success)
Output #0, framehash, to 'pipe:1':
  Metadata:
    COMPATIBLE_BRANDS: mp42avc1
    MAJOR_BRAND     : mp42
    MINOR_VERSION   : 1
    encoder         : Lavf61.7.103
  Stream #0:0(eng): Video: rawvideo, 1 reference frame (I420 / 0x30323449), yuv420p(tv, smpte170m/smpte170m/bt709, progressive, topleft), 256x144, q=2-31, 5308 kb/s, 12 fps, 12 tbn (default)
      Metadata:
        HANDLER_NAME    : Apple Video Media Handler
        VENDOR_ID       : [0][0][0][0]
        DURATION        : 00:00:19.386000000
        encoder         : Lavc61.19.101 rawvideo
[out#0/framehash @ 0x55729e71e340] Starting thread...
[vist#0:0/h264 @ 0x55729e6e6180] [dec:h264 @ 0x55729e6e3780] Decoder thread received EOF packet
[vist#0:0/h264 @ 0x55729e6e6180] [dec:h264 @ 0x55729e6e3780] Decoder returned EOF, finishing
[vist#0:0/h264 @ 0x55729e6e6180] [dec:h264 @ 0x55729e6e3780] Terminating thread with return code 0 (success)
[vf#0:0 @ 0x55729e71f8c0] All consumers returned EOF
[Parsed_fps_0 @ 0x7f42dc001800] 581 frames in, 233 frames out; 348 frames dropped, 0 frames duplicated.
[vf#0:0 @ 0x55729e71f8c0] Terminating thread with return code 0 (success)
[vost#0:0/rawvideo @ 0x55729e6e2d00] Encoder thread received EOF
[vost#0:0/rawvideo @ 0x55729e6e2d00] Terminating thread with return code 0 (success)
[out#0/framehash @ 0x55729e71e340] All streams finished
[out#0/framehash @ 0x55729e71e340] Terminating thread with return code 0 (success)
[AVIOContext @ 0x55729e6e4000] Statistics: 553 bytes written, 0 seeks, 4 writeouts
[out#0/framehash @ 0x55729e71e340] Output file #0 (pipe:1):
[out#0/framehash @ 0x55729e71e340]   Output stream #0:0 (video): 3 frames encoded; 3 packets muxed (165888 bytes); 
[out#0/framehash @ 0x55729e71e340]   Total: 3 packets (165888 bytes) muxed
[out#0/framehash @ 0x55729e71e340] video:162KiB audio:0KiB subtitle:0KiB other streams:0KiB global headers:0KiB muxing overhead: unknown
frame=    3 fps=0.0 q=-0.0 Lsize=       1KiB time=00:00:19.41 bitrate=   0.2kbits/s speed=43.3x    
bench: utime=0.416s stime=0.033s rtime=0.448s
bench: maxrss=35816KiB
[in#0/matroska,webm @ 0x55729e665240] Input file #0 (/workspace/video-export-size-estimation/results/fps-seek-study-2026-10-03/sources/bunny-derived-cfr2997.mkv):
[in#0/matroska,webm @ 0x55729e665240]   Input stream #0:0 (video): 581 packets read (4144807 bytes); 581 frames decoded; 0 decode errors; 
[in#0/matroska,webm @ 0x55729e665240]   Total: 581 packets (4144807 bytes) demuxed
[AVIOContext @ 0x55729e66dcc0] Statistics: 4150118 bytes read, 0 seeks
