[h264 @ 0x564a4b50fec0] Reinit context to 640x368, pix_fmt: yuv420p
Input #0, matroska,webm, from '/tmp/video-estimation-research/bunny-full.mkv':
  Metadata:
    AB_AV1_FFMPEG_ARGS: -c:v libx264 -crf 23 -preset medium
    MAJOR_BRAND     : mp42
    MINOR_VERSION   : 1
    COMPATIBLE_BRANDS: mp42avc1
    ENCODER         : Lavf61.7.103
  Duration: 00:01:00.08, start: 0.000000, bitrate: 588 kb/s
  Stream #0:0(eng): Video: h264 (High), 1 reference frame, yuv420p(tv, smpte170m/smpte170m/bt709, progressive, topleft), 640x360, 24 fps, 24 tbr, 1k tbn (default)
      Metadata:
        HANDLER_NAME    : Apple Video Media Handler
        VENDOR_ID       : [0][0][0][0]
        ENCODER         : Lavc61.19.101 libx264
        DURATION        : 00:01:00.083000000
[out#0/framehash @ 0x564a4b5fd700] Adding streams from explicit maps...
[vost#0:0/rawvideo @ 0x564a4b52bd40] Created video stream from input stream 0:0
[Parsed_fps_0 @ 0x564a4b4b9b00] 0 frames in, 0 frames out; 0 frames dropped, 0 frames duplicated.
Stream mapping:
  Stream #0:0 -> #0:0 (h264 (native) -> rawvideo (native))
[vost#0:0/rawvideo @ 0x564a4b52bd40] Starting thread...
[vf#0:0 @ 0x564a4b5fd980] Starting thread...
[vist#0:0/h264 @ 0x564a4b52b580] [dec:h264 @ 0x564a4b58cdc0] Starting thread...
[in#0/matroska,webm @ 0x564a4b50d280] Starting thread...
[h264 @ 0x564a4b58d140] Reinit context to 640x368, pix_fmt: yuv420p
[graph -1 input from stream 0:0 @ 0x7f8404002140] w:640 h:360 pixfmt:yuv420p tb:1/1000 fr:24/1 sar:0/1 csp:smpte170m range:tv
[Parsed_fps_0 @ 0x7f8404001740] fps=30000/1001
[Parsed_fps_0 @ 0x7f8404001740] TB:0.033367 FRAME_RATE:29.970030 SAMPLE_RATE:nan
[graph -1 input from stream 0:0 @ 0x7f8404002140] video frame properties congruent with link at pts_time: -3.977
[in#0/matroska,webm @ 0x564a4b50d280] EOF while reading input
[in#0/matroska,webm @ 0x564a4b50d280] Terminating thread with return code 0 (success)
[vist#0:0/h264 @ 0x564a4b52b580] [dec:h264 @ 0x564a4b58cdc0] Decoder thread received EOF packet
[vist#0:0/h264 @ 0x564a4b52b580] [dec:h264 @ 0x564a4b58cdc0] Decoder returned EOF, finishing
[vist#0:0/h264 @ 0x564a4b52b580] [dec:h264 @ 0x564a4b58cdc0] Terminating thread with return code 0 (success)
[vf#0:0 @ 0x564a4b5fd980] Filtergraph returned EOF, finishing
[vf#0:0 @ 0x564a4b5fd980] All consumers returned EOF
[vf#0:0 @ 0x564a4b52c6c0] No filtered frames for output stream, trying to initialize anyway.
Output #0, framehash, to 'pipe:1':
  Metadata:
    AB_AV1_FFMPEG_ARGS: -c:v libx264 -crf 23 -preset medium
    MAJOR_BRAND     : mp42
    MINOR_VERSION   : 1
    COMPATIBLE_BRANDS: mp42avc1
    encoder         : Lavf61.7.103
  Stream #0:0(eng): Video: rawvideo, 1 reference frame (I420 / 0x30323449), yuv420p(progressive), 640x360, q=2-31, 82861 kb/s, 29.97 tbn (default)
      Metadata:
        HANDLER_NAME    : Apple Video Media Handler
        VENDOR_ID       : [0][0][0][0]
        DURATION        : 00:01:00.083000000
        encoder         : Lavc61.19.101 rawvideo
[out#0/framehash @ 0x564a4b5fd700] Starting thread...
[Parsed_fps_0 @ 0x7f8404001740] 0 frames in, 0 frames out; 0 frames dropped, 0 frames duplicated.
[vf#0:0 @ 0x564a4b5fd980] Terminating thread with return code 0 (success)
[vost#0:0/rawvideo @ 0x564a4b52bd40] Encoder thread received EOF
[vost#0:0/rawvideo @ 0x564a4b52bd40] Terminating thread with return code 0 (success)
[out#0/framehash @ 0x564a4b5fd700] All streams finished
[out#0/framehash @ 0x564a4b5fd700] Terminating thread with return code 0 (success)
[AVIOContext @ 0x564a4b52b100] Statistics: 223 bytes written, 0 seeks, 1 writeouts
[out#0/framehash @ 0x564a4b5fd700] Output file #0 (pipe:1):
[out#0/framehash @ 0x564a4b5fd700]   Output stream #0:0 (video): 0 frames encoded; 0 packets muxed (0 bytes); 
[out#0/framehash @ 0x564a4b5fd700]   Total: 0 packets (0 bytes) muxed
[out#0/framehash @ 0x564a4b5fd700] video:0KiB audio:0KiB subtitle:0KiB other streams:0KiB global headers:0KiB muxing overhead: unknown
[out#0/framehash @ 0x564a4b5fd700] Output file is empty, nothing was encoded(check -ss / -t / -frames parameters if used)
frame=    0 fps=0.0 q=0.0 Lsize=       0KiB time=N/A bitrate=N/A speed=N/A    
bench: utime=0.049s stime=0.000s rtime=0.054s
bench: maxrss=38592KiB
[in#0/matroska,webm @ 0x564a4b50d280] Input file #0 (/tmp/video-estimation-research/bunny-full.mkv):
[in#0/matroska,webm @ 0x564a4b50d280]   Input stream #0:0 (video): 94 packets read (85900 bytes); 94 frames decoded; 0 decode errors; 
[in#0/matroska,webm @ 0x564a4b50d280]   Total: 94 packets (85900 bytes) demuxed
[AVIOContext @ 0x564a4b515cc0] Statistics: 205926 bytes read, 2 seeks
