[h264 @ 0x56325477b980] Reinit context to 256x144, pix_fmt: yuv420p
Input #0, matroska,webm, from '/workspace/video-export-size-estimation/results/fps-seek-study-2026-10-03/sources/bunny-derived-vfr-offset.mkv':
  Metadata:
    MINOR_VERSION   : 1
    COMPATIBLE_BRANDS: mp42avc1
    MAJOR_BRAND     : mp42
    ENCODER         : Lavf61.7.103
  Duration: 00:00:24.50, start: 5.125000, bitrate: 825 kb/s
  Stream #0:0(eng): Video: h264 (High 4:4:4 Predictive), 1 reference frame, yuv420p(tv, smpte170m/smpte170m/bt709, progressive, topleft), 256x144, 24 fps, 24 tbr, 1k tbn (default)
      Metadata:
        HANDLER_NAME    : Apple Video Media Handler
        VENDOR_ID       : [0][0][0][0]
        ENCODER         : Lavc61.19.101 libx264
        DURATION        : 00:00:24.499000000
[out#0/framehash @ 0x5632548323c0] Adding streams from explicit maps...
[vost#0:0/rawvideo @ 0x5632547fe100] Created video stream from input stream 0:0
[Parsed_fps_0 @ 0x5632547fc900] 0 frames in, 0 frames out; 0 frames dropped, 0 frames duplicated.
Stream mapping:
  Stream #0:0 -> #0:0 (h264 (native) -> rawvideo (native))
[vost#0:0/rawvideo @ 0x5632547fe100] Starting thread...
[vf#0:0 @ 0x563254833280] Starting thread...
[vist#0:0/h264 @ 0x5632547fa200] [dec:h264 @ 0x56325477d780] Starting thread...
[in#0/matroska,webm @ 0x5632547792c0] Starting thread...
[h264 @ 0x5632547f6d80] Reinit context to 256x144, pix_fmt: yuv420p
[graph -1 input from stream 0:0 @ 0x7fcf50001f40] w:256 h:144 pixfmt:yuv420p tb:1/1000 fr:24/1 sar:0/1 csp:smpte170m range:tv
[Parsed_fps_0 @ 0x7fcf50001800] fps=12/1
[graph -1 input from stream 0:0 @ 0x7fcf50001f40] video frame properties congruent with link at pts_time: 0.667
[Parsed_fps_0 @ 0x7fcf50001800] Set first pts to 35
Output #0, framehash, to 'pipe:1':
  Metadata:
    MINOR_VERSION   : 1
    COMPATIBLE_BRANDS: mp42avc1
    MAJOR_BRAND     : mp42
    encoder         : Lavf61.7.103
  Stream #0:0(eng): Video: rawvideo, 1 reference frame (I420 / 0x30323449), yuv420p(tv, smpte170m/smpte170m/bt709, progressive, topleft), 256x144, q=2-31, 5308 kb/s, 12 fps, 12 tbn (default)
      Metadata:
        HANDLER_NAME    : Apple Video Media Handler
        VENDOR_ID       : [0][0][0][0]
        DURATION        : 00:00:24.499000000
        encoder         : Lavc61.19.101 rawvideo
[out#0/framehash @ 0x5632548323c0] Starting thread...
[vf#0:0 @ 0x563254833280] All consumers returned EOF
[Parsed_fps_0 @ 0x7fcf50001800] 9 frames in, 6 frames out; 3 frames dropped, 0 frames duplicated.
[vf#0:0 @ 0x563254833280] Terminating thread with return code 0 (success)
[vost#0:0/rawvideo @ 0x5632547fe100] Encoder thread received EOF
[vost#0:0/rawvideo @ 0x5632547fe100] Terminating thread with return code 0 (success)
[out#0/framehash @ 0x5632548323c0] All streams finished
[out#0/framehash @ 0x5632548323c0] Terminating thread with return code 0 (success)
[vist#0:0/h264 @ 0x5632547fa200] [dec:h264 @ 0x56325477d780] Decoder returned EOF, finishing
[vist#0:0/h264 @ 0x5632547fa200] [dec:h264 @ 0x56325477d780] Terminating thread with return code 0 (success)
[vist#0:0/h264 @ 0x5632547fa200] All consumers of this stream are done
[in#0/matroska,webm @ 0x5632547792c0] All consumers are done
[in#0/matroska,webm @ 0x5632547792c0] Terminating thread with return code 0 (success)
[AVIOContext @ 0x5632547f8080] Statistics: 665 bytes written, 0 seeks, 5 writeouts
[out#0/framehash @ 0x5632548323c0] Output file #0 (pipe:1):
[out#0/framehash @ 0x5632548323c0]   Output stream #0:0 (video): 4 frames encoded; 4 packets muxed (221184 bytes); 
[out#0/framehash @ 0x5632548323c0]   Total: 4 packets (221184 bytes) muxed
[out#0/framehash @ 0x5632548323c0] video:216KiB audio:0KiB subtitle:0KiB other streams:0KiB global headers:0KiB muxing overhead: unknown
frame=    4 fps=0.0 q=-0.0 Lsize=       1KiB time=00:00:00.00 bitrate=N/A speed=   0x    
bench: utime=0.050s stime=0.000s rtime=0.048s
bench: maxrss=36124KiB
[in#0/matroska,webm @ 0x5632547792c0] Input file #0 (/workspace/video-export-size-estimation/results/fps-seek-study-2026-10-03/sources/bunny-derived-vfr-offset.mkv):
[in#0/matroska,webm @ 0x5632547792c0]   Input stream #0:0 (video): 66 packets read (414414 bytes); 57 frames decoded; 0 decode errors; 
[in#0/matroska,webm @ 0x5632547792c0]   Total: 66 packets (414414 bytes) demuxed
[AVIOContext @ 0x563254781d40] Statistics: 491794 bytes read, 2 seeks
