[h264 @ 0x55c5682cff40] Reinit context to 640x368, pix_fmt: yuv420p
Input #0, mov,mp4,m4a,3gp,3g2,mj2, from '/tmp/video-estimation-research/bunny.mp4':
  Metadata:
    major_brand     : mp42
    minor_version   : 1
    compatible_brands: mp42avc1
    creation_time   : 2010-02-09T01:55:39.000000Z
  Duration: 00:01:00.10, start: 0.000000, bitrate: 733 kb/s
  Stream #0:0[0x1](eng): Audio: aac (LC) (mp4a / 0x6134706D), 22050 Hz, stereo, fltp, 65 kb/s (default)
      Metadata:
        creation_time   : 2010-02-09T01:55:39.000000Z
        handler_name    : Apple Sound Media Handler
        vendor_id       : [0][0][0][0]
  Stream #0:1[0x2](eng): Video: h264 (Constrained Baseline), 1 reference frame (avc1 / 0x31637661), yuv420p(tv, smpte170m/smpte170m/bt709, progressive, topleft), 640x360, 612 kb/s, 23.96 fps, 24 tbr, 600 tbn (default)
      Metadata:
        creation_time   : 2010-02-09T01:55:39.000000Z
        handler_name    : Apple Video Media Handler
        vendor_id       : [0][0][0][0]
  Stream #0:2[0x3](eng): Data: none (rtp  / 0x20707472), 45 kb/s
      Metadata:
        creation_time   : 2010-02-09T01:55:39.000000Z
        handler_name    : hint media handler
  Stream #0:3[0x4](eng): Data: none (rtp  / 0x20707472), 5 kb/s
      Metadata:
        creation_time   : 2010-02-09T01:55:39.000000Z
        handler_name    : hint media handler
[out#0/framehash @ 0x55c56840de40] Adding streams from explicit maps...
[vost#0:0/rawvideo @ 0x55c5682ef480] Created video stream from input stream 0:1
[Parsed_fps_0 @ 0x55c56839dd00] 0 frames in, 0 frames out; 0 frames dropped, 0 frames duplicated.
Stream mapping:
  Stream #0:1 -> #0:0 (h264 (native) -> rawvideo (native))
[vost#0:0/rawvideo @ 0x55c5682ef480] Starting thread...
[vf#0:0 @ 0x55c568360500] Starting thread...
[vist#0:1/h264 @ 0x55c568360200] [dec:h264 @ 0x55c5682e33c0] Starting thread...
[in#0/mov,mp4,m4a,3gp,3g2,mj2 @ 0x55c5682cd280] Starting thread...
[h264 @ 0x55c56831d380] Reinit context to 640x368, pix_fmt: yuv420p
[graph -1 input from stream 0:1 @ 0x7f5d74002180] w:640 h:360 pixfmt:yuv420p tb:1/600 fr:24/1 sar:0/1 csp:smpte170m range:tv
[Parsed_fps_0 @ 0x7f5d74001780] fps=12/1
[Parsed_fps_0 @ 0x7f5d74001780] TB:0.083333 FRAME_RATE:12.000000 SAMPLE_RATE:nan
[graph -1 input from stream 0:1 @ 0x7f5d74002180] video frame properties congruent with link at pts_time: -0.666667
[Parsed_fps_0 @ 0x7f5d74001780] Set first pts to 0
Output #0, framehash, to 'pipe:1':
  Metadata:
    major_brand     : mp42
    minor_version   : 1
    compatible_brands: mp42avc1
    encoder         : Lavf61.7.103
  Stream #0:0(eng): Video: rawvideo, 1 reference frame (I420 / 0x30323449), yuv420p(tv, smpte170m/smpte170m/bt709, progressive, topleft), 640x360, q=2-31, 33177 kb/s, 12 tbn (default)
      Metadata:
        creation_time   : 2010-02-09T01:55:39.000000Z
        handler_name    : Apple Video Media Handler
        vendor_id       : [0][0][0][0]
        encoder         : Lavc61.19.101 rawvideo
[out#0/framehash @ 0x55c56840de40] Starting thread...
[vf#0:0 @ 0x55c568360500] All consumers returned EOF
[Parsed_fps_0 @ 0x7f5d74001780] 10 frames in, 5 frames out; 5 frames dropped, 0 frames duplicated.
[vf#0:0 @ 0x55c568360500] Terminating thread with return code 0 (success)
[vist#0:1/h264 @ 0x55c568360200] [dec:h264 @ 0x55c5682e33c0] Decoder returned EOF, finishing
[vist#0:1/h264 @ 0x55c568360200] [dec:h264 @ 0x55c5682e33c0] Terminating thread with return code 0 (success)
[vist#0:1/h264 @ 0x55c568360200] All consumers of this stream are done
[in#0/mov,mp4,m4a,3gp,3g2,mj2 @ 0x55c5682cd280] All consumers are done
[in#0/mov,mp4,m4a,3gp,3g2,mj2 @ 0x55c5682cd280] Terminating thread with return code 0 (success)
[vost#0:0/rawvideo @ 0x55c5682ef480] Encoder thread received EOF
[vost#0:0/rawvideo @ 0x55c5682ef480] Terminating thread with return code 0 (success)
[out#0/framehash @ 0x55c56840de40] All streams finished
[out#0/framehash @ 0x55c56840de40] Terminating thread with return code 0 (success)
[AVIOContext @ 0x55c56839ccc0] Statistics: 777 bytes written, 0 seeks, 6 writeouts
[out#0/framehash @ 0x55c56840de40] Output file #0 (pipe:1):
[out#0/framehash @ 0x55c56840de40]   Output stream #0:0 (video): 5 frames encoded; 5 packets muxed (1728000 bytes); 
[out#0/framehash @ 0x55c56840de40]   Total: 5 packets (1728000 bytes) muxed
[out#0/framehash @ 0x55c56840de40] video:1688KiB audio:0KiB subtitle:0KiB other streams:0KiB global headers:0KiB muxing overhead: unknown
frame=    5 fps=0.0 q=-0.0 Lsize=       1KiB time=00:00:25.00 bitrate=   0.2kbits/s speed= 360x    
bench: utime=0.064s stime=0.011s rtime=0.070s
bench: maxrss=41364KiB
[in#0/mov,mp4,m4a,3gp,3g2,mj2 @ 0x55c5682cd280] Input file #0 (/tmp/video-estimation-research/bunny.mp4):
[in#0/mov,mp4,m4a,3gp,3g2,mj2 @ 0x55c5682cd280]   Input stream #0:1 (video): 36 packets read (83238 bytes); 27 frames decoded; 0 decode errors; 
[in#0/mov,mp4,m4a,3gp,3g2,mj2 @ 0x55c5682cd280]   Total: 36 packets (83238 bytes) demuxed
[AVIOContext @ 0x55c5682d5cc0] Statistics: 229376 bytes read, 1 seeks
