[h264 @ 0x5603ed2a6940] Reinit context to 256x144, pix_fmt: yuv420p
Input #0, matroska,webm, from '/workspace/video-export-size-estimation/results/fps-seek-study-2026-10-03/sources/bunny-derived-vfr-gap.mkv':
  Metadata:
    COMPATIBLE_BRANDS: mp42avc1
    MAJOR_BRAND     : mp42
    MINOR_VERSION   : 1
    ENCODER         : Lavf61.7.103
  Duration: 00:00:19.38, start: 0.000000, bitrate: 1043 kb/s
  Stream #0:0(eng): Video: h264 (High 4:4:4 Predictive), 1 reference frame, yuv420p(tv, smpte170m/smpte170m/bt709, progressive, topleft), 256x144, 24 fps, 24 tbr, 1k tbn (default)
      Metadata:
        HANDLER_NAME    : Apple Video Media Handler
        VENDOR_ID       : [0][0][0][0]
        ENCODER         : Lavc61.19.101 libx264
        DURATION        : 00:00:19.375000000
[out#0/framehash @ 0x5603ed35d380] Adding streams from explicit maps...
[vost#0:0/rawvideo @ 0x5603ed328d40] Created video stream from input stream 0:0
[Parsed_fps_0 @ 0x5603ed3278c0] 0 frames in, 0 frames out; 0 frames dropped, 0 frames duplicated.
Stream mapping:
  Stream #0:0 -> #0:0 (h264 (native) -> rawvideo (native))
[vost#0:0/rawvideo @ 0x5603ed328d40] Starting thread...
[vf#0:0 @ 0x5603ed35d180] Starting thread...
[vist#0:0/h264 @ 0x5603ed3251c0] [dec:h264 @ 0x5603ed2a7440] Starting thread...
[in#0/matroska,webm @ 0x5603ed2a4280] Starting thread...
[h264 @ 0x5603ed2a77c0] Reinit context to 256x144, pix_fmt: yuv420p
[graph -1 input from stream 0:0 @ 0x7fd59c002180] w:256 h:144 pixfmt:yuv420p tb:1/1000 fr:24/1 sar:0/1 csp:smpte170m range:tv
[Parsed_fps_0 @ 0x7fd59c001780] fps=30000/1001
[Parsed_fps_0 @ 0x7fd59c001780] TB:0.033367 FRAME_RATE:29.970030 SAMPLE_RATE:nan
[graph -1 input from stream 0:0 @ 0x7fd59c002180] video frame properties congruent with link at pts_time: 0
[Parsed_fps_0 @ 0x7fd59c001780] Set first pts to 0
Output #0, framehash, to 'pipe:1':
  Metadata:
    COMPATIBLE_BRANDS: mp42avc1
    MAJOR_BRAND     : mp42
    MINOR_VERSION   : 1
    encoder         : Lavf61.7.103
  Stream #0:0(eng): Video: rawvideo, 1 reference frame (I420 / 0x30323449), yuv420p(tv, smpte170m/smpte170m/bt709, progressive, topleft), 256x144, q=2-31, 13257 kb/s, 29.97 tbn (default)
      Metadata:
        HANDLER_NAME    : Apple Video Media Handler
        VENDOR_ID       : [0][0][0][0]
        DURATION        : 00:00:19.375000000
        encoder         : Lavc61.19.101 rawvideo
[out#0/framehash @ 0x5603ed35d380] Starting thread...
[vf#0:0 @ 0x5603ed35d180] All consumers returned EOF
[Parsed_fps_0 @ 0x7fd59c001780] 5 frames in, 6 frames out; 1 frames dropped, 2 frames duplicated.
[vf#0:0 @ 0x5603ed35d180] Terminating thread with return code 0 (success)
[vist#0:0/h264 @ 0x5603ed3251c0] [dec:h264 @ 0x5603ed2a7440] Decoder returned EOF, finishing
[vist#0:0/h264 @ 0x5603ed3251c0] [dec:h264 @ 0x5603ed2a7440] Terminating thread with return code 0 (success)
[vist#0:0/h264 @ 0x5603ed3251c0] All consumers of this stream are done
[in#0/matroska,webm @ 0x5603ed2a4280] All consumers are done
[in#0/matroska,webm @ 0x5603ed2a4280] Terminating thread with return code 0 (success)
[vost#0:0/rawvideo @ 0x5603ed328d40] Encoder thread received EOF
[vost#0:0/rawvideo @ 0x5603ed328d40] Terminating thread with return code 0 (success)
[out#0/framehash @ 0x5603ed35d380] All streams finished
[out#0/framehash @ 0x5603ed35d380] Terminating thread with return code 0 (success)
[AVIOContext @ 0x5603ed323040] Statistics: 895 bytes written, 0 seeks, 7 writeouts
[out#0/framehash @ 0x5603ed35d380] Output file #0 (pipe:1):
[out#0/framehash @ 0x5603ed35d380]   Output stream #0:0 (video): 6 frames encoded; 6 packets muxed (331776 bytes); 
[out#0/framehash @ 0x5603ed35d380]   Total: 6 packets (331776 bytes) muxed
[out#0/framehash @ 0x5603ed35d380] video:324KiB audio:0KiB subtitle:0KiB other streams:0KiB global headers:0KiB muxing overhead: unknown
frame=    6 fps=0.0 q=-0.0 Lsize=       1KiB time=00:00:00.16 bitrate=  42.9kbits/s speed=19.7x    
bench: utime=0.003s stime=0.007s rtime=0.010s
bench: maxrss=36764KiB
[in#0/matroska,webm @ 0x5603ed2a4280] Input file #0 (/workspace/video-export-size-estimation/results/fps-seek-study-2026-10-03/sources/bunny-derived-vfr-gap.mkv):
[in#0/matroska,webm @ 0x5603ed2a4280]   Input stream #0:0 (video): 20 packets read (59514 bytes); 11 frames decoded; 0 decode errors; 
[in#0/matroska,webm @ 0x5603ed2a4280]   Total: 20 packets (59514 bytes) demuxed
[AVIOContext @ 0x5603ed2acd00] Statistics: 131269 bytes read, 3 seeks
