[h264 @ 0x5644889d3980] Reinit context to 256x144, pix_fmt: yuv420p
Input #0, matroska,webm, from '/workspace/video-export-size-estimation/results/fps-seek-study-2026-10-03/sources/bunny-derived-cfr2997.mkv':
  Metadata:
    COMPATIBLE_BRANDS: mp42avc1
    MAJOR_BRAND     : mp42
    MINOR_VERSION   : 1
    ENCODER         : Lavf61.7.103
  Duration: 00:00:19.39, start: 0.000000, bitrate: 1712 kb/s
  Stream #0:0(eng): Video: h264 (High 4:4:4 Predictive), 1 reference frame, yuv420p(tv, smpte170m/smpte170m/bt709, progressive, topleft), 256x144, 29.97 fps, 29.97 tbr, 1k tbn (default)
      Metadata:
        HANDLER_NAME    : Apple Video Media Handler
        VENDOR_ID       : [0][0][0][0]
        ENCODER         : Lavc61.19.101 libx264
        DURATION        : 00:00:19.386000000
[out#0/framehash @ 0x564488a8a3c0] Adding streams from explicit maps...
[vost#0:0/rawvideo @ 0x564488a8a840] Created video stream from input stream 0:0
[Parsed_fps_0 @ 0x564488a54900] 0 frames in, 0 frames out; 0 frames dropped, 0 frames duplicated.
Stream mapping:
  Stream #0:0 -> #0:0 (h264 (native) -> rawvideo (native))
[vost#0:0/rawvideo @ 0x564488a8a840] Starting thread...
[vf#0:0 @ 0x564488a8a780] Starting thread...
[vist#0:0/h264 @ 0x564488a52200] [dec:h264 @ 0x5644889d4d40] Starting thread...
[in#0/matroska,webm @ 0x5644889d12c0] Starting thread...
[h264 @ 0x564488a4efc0] Reinit context to 256x144, pix_fmt: yuv420p
[graph -1 input from stream 0:0 @ 0x7fea7c001f80] w:256 h:144 pixfmt:yuv420p tb:1/1000 fr:30000/1001 sar:0/1 csp:smpte170m range:tv
[Parsed_fps_0 @ 0x7fea7c001840] fps=12/1
[graph -1 input from stream 0:0 @ 0x7fea7c001f80] video frame properties congruent with link at pts_time: 18.952
[Parsed_fps_0 @ 0x7fea7c001840] Set first pts to 227
[in#0/matroska,webm @ 0x5644889d12c0] EOF while reading input
[in#0/matroska,webm @ 0x5644889d12c0] Terminating thread with return code 0 (success)
Output #0, framehash, to 'pipe:1':
  Metadata:
    COMPATIBLE_BRANDS: mp42avc1
    MAJOR_BRAND     : mp42
    MINOR_VERSION   : 1
    encoder         : Lavf61.7.103
  Stream #0:0(eng): Video: rawvideo, 1 reference frame (I420 / 0x30323449), yuv420p(tv, smpte170m/smpte170m/bt709, progressive, topleft), 256x144, q=2-31, 5308 kb/s, 12 fps, 12 tbn (default)
      Metadata:
        HANDLER_NAME    : Apple Video Media Handler
        VENDOR_ID       : [0][0][0][0]
        DURATION        : 00:00:19.386000000
        encoder         : Lavc61.19.101 rawvideo
[out#0/framehash @ 0x564488a8a3c0] Starting thread...
[vist#0:0/h264 @ 0x564488a52200] [dec:h264 @ 0x5644889d4d40] Decoder thread received EOF packet
[vist#0:0/h264 @ 0x564488a52200] [dec:h264 @ 0x5644889d4d40] Decoder returned EOF, finishing
[vist#0:0/h264 @ 0x564488a52200] [dec:h264 @ 0x5644889d4d40] Terminating thread with return code 0 (success)
[vf#0:0 @ 0x564488a8a780] All consumers returned EOF
[Parsed_fps_0 @ 0x7fea7c001840] 13 frames in, 6 frames out; 7 frames dropped, 0 frames duplicated.
[vf#0:0 @ 0x564488a8a780] Terminating thread with return code 0 (success)
[vost#0:0/rawvideo @ 0x564488a8a840] Encoder thread received EOF
[vost#0:0/rawvideo @ 0x564488a8a840] Terminating thread with return code 0 (success)
[out#0/framehash @ 0x564488a8a3c0] All streams finished
[out#0/framehash @ 0x564488a8a3c0] Terminating thread with return code 0 (success)
[AVIOContext @ 0x564488a50080] Statistics: 553 bytes written, 0 seeks, 4 writeouts
[out#0/framehash @ 0x564488a8a3c0] Output file #0 (pipe:1):
[out#0/framehash @ 0x564488a8a3c0]   Output stream #0:0 (video): 3 frames encoded; 3 packets muxed (165888 bytes); 
[out#0/framehash @ 0x564488a8a3c0]   Total: 3 packets (165888 bytes) muxed
[out#0/framehash @ 0x564488a8a3c0] video:162KiB audio:0KiB subtitle:0KiB other streams:0KiB global headers:0KiB muxing overhead: unknown
frame=    3 fps=0.0 q=-0.0 Lsize=       1KiB time=00:00:00.00 bitrate=N/A speed=   0x    
bench: utime=0.005s stime=0.004s rtime=0.008s
bench: maxrss=35868KiB
[in#0/matroska,webm @ 0x5644889d12c0] Input file #0 (/workspace/video-export-size-estimation/results/fps-seek-study-2026-10-03/sources/bunny-derived-cfr2997.mkv):
[in#0/matroska,webm @ 0x5644889d12c0]   Input stream #0:0 (video): 13 packets read (37417 bytes); 13 frames decoded; 0 decode errors; 
[in#0/matroska,webm @ 0x5644889d12c0]   Total: 13 packets (37417 bytes) demuxed
[AVIOContext @ 0x5644889d9d40] Statistics: 141515 bytes read, 4 seeks
