[h264 @ 0x55bd8fbb8900] Reinit context to 256x144, pix_fmt: yuv420p
Input #0, matroska,webm, from '/workspace/video-export-size-estimation/results/fps-seek-study-2026-10-03/sources/bunny-derived-vfr-gap.mkv':
  Metadata:
    COMPATIBLE_BRANDS: mp42avc1
    MAJOR_BRAND     : mp42
    MINOR_VERSION   : 1
    ENCODER         : Lavf61.7.103
  Duration: 00:00:19.38, start: 0.000000, bitrate: 1043 kb/s
  Stream #0:0(eng): Video: h264 (High 4:4:4 Predictive), 1 reference frame, yuv420p(tv, smpte170m/smpte170m/bt709, progressive, topleft), 256x144, 24 fps, 24 tbr, 1k tbn (default)
      Metadata:
        HANDLER_NAME    : Apple Video Media Handler
        VENDOR_ID       : [0][0][0][0]
        ENCODER         : Lavc61.19.101 libx264
        DURATION        : 00:00:19.375000000
[out#0/framehash @ 0x55bd8fc6f340] Adding streams from explicit maps...
[vost#0:0/rawvideo @ 0x55bd8fc33d00] Created video stream from input stream 0:0
[Parsed_fps_0 @ 0x55bd8fc39880] 0 frames in, 0 frames out; 0 frames dropped, 0 frames duplicated.
Stream mapping:
  Stream #0:0 -> #0:0 (h264 (native) -> rawvideo (native))
[vost#0:0/rawvideo @ 0x55bd8fc33d00] Starting thread...
[vf#0:0 @ 0x55bd8fc3ab80] Starting thread...
[vist#0:0/h264 @ 0x55bd8fc37180] [dec:h264 @ 0x55bd8fc386c0] Starting thread...
[in#0/matroska,webm @ 0x55bd8fbb6240] Starting thread...
[h264 @ 0x55bd8fc38a40] Reinit context to 256x144, pix_fmt: yuv420p
[graph -1 input from stream 0:0 @ 0x7f3ca0001f00] w:256 h:144 pixfmt:yuv420p tb:1/1000 fr:24/1 sar:0/1 csp:smpte170m range:tv
[Parsed_fps_0 @ 0x7f3ca0001840] fps=30000/1001
[graph -1 input from stream 0:0 @ 0x7f3ca0001f00] video frame properties congruent with link at pts_time: 0
[Parsed_fps_0 @ 0x7f3ca0001840] Set first pts to 0
Output #0, framehash, to 'pipe:1':
  Metadata:
    COMPATIBLE_BRANDS: mp42avc1
    MAJOR_BRAND     : mp42
    MINOR_VERSION   : 1
    encoder         : Lavf61.7.103
  Stream #0:0(eng): Video: rawvideo, 1 reference frame (I420 / 0x30323449), yuv420p(tv, smpte170m/smpte170m/bt709, progressive, topleft), 256x144, q=2-31, 13257 kb/s, 29.97 fps, 29.97 tbn (default)
      Metadata:
        HANDLER_NAME    : Apple Video Media Handler
        VENDOR_ID       : [0][0][0][0]
        DURATION        : 00:00:19.375000000
        encoder         : Lavc61.19.101 rawvideo
[out#0/framehash @ 0x55bd8fc6f340] Starting thread...
[vf#0:0 @ 0x55bd8fc3ab80] All consumers returned EOF
[Parsed_fps_0 @ 0x7f3ca0001840] 7 frames in, 9 frames out; 1 frames dropped, 3 frames duplicated.
[vf#0:0 @ 0x55bd8fc3ab80] Terminating thread with return code 0 (success)
[vist#0:0/h264 @ 0x55bd8fc37180] [dec:h264 @ 0x55bd8fc386c0] Decoder returned EOF, finishing
[vist#0:0/h264 @ 0x55bd8fc37180] [dec:h264 @ 0x55bd8fc386c0] Terminating thread with return code 0 (success)
[vost#0:0/rawvideo @ 0x55bd8fc33d00] Encoder thread received EOF
[vost#0:0/rawvideo @ 0x55bd8fc33d00] Terminating thread with return code 0 (success)
[vist#0:0/h264 @ 0x55bd8fc37180] All consumers of this stream are done
[in#0/matroska,webm @ 0x55bd8fbb6240] All consumers are done
[in#0/matroska,webm @ 0x55bd8fbb6240] Terminating thread with return code 0 (success)
[out#0/framehash @ 0x55bd8fc6f340] All streams finished
[out#0/framehash @ 0x55bd8fc6f340] Terminating thread with return code 0 (success)
[AVIOContext @ 0x55bd8fc35000] Statistics: 559 bytes written, 0 seeks, 4 writeouts
[out#0/framehash @ 0x55bd8fc6f340] Output file #0 (pipe:1):
[out#0/framehash @ 0x55bd8fc6f340]   Output stream #0:0 (video): 3 frames encoded; 3 packets muxed (165888 bytes); 
[out#0/framehash @ 0x55bd8fc6f340]   Total: 3 packets (165888 bytes) muxed
[out#0/framehash @ 0x55bd8fc6f340] video:162KiB audio:0KiB subtitle:0KiB other streams:0KiB global headers:0KiB muxing overhead: unknown
frame=    3 fps=0.0 q=-0.0 Lsize=       1KiB time=00:00:00.30 bitrate=  14.9kbits/s speed=20.2x    
bench: utime=0.000s stime=0.008s rtime=0.016s
bench: maxrss=36124KiB
[in#0/matroska,webm @ 0x55bd8fbb6240] Input file #0 (/workspace/video-export-size-estimation/results/fps-seek-study-2026-10-03/sources/bunny-derived-vfr-gap.mkv):
[in#0/matroska,webm @ 0x55bd8fbb6240]   Input stream #0:0 (video): 22 packets read (66615 bytes); 13 frames decoded; 0 decode errors; 
[in#0/matroska,webm @ 0x55bd8fbb6240]   Total: 22 packets (66615 bytes) demuxed
[AVIOContext @ 0x55bd8fbbecc0] Statistics: 98304 bytes read, 0 seeks
