[h264 @ 0x555e4130e940] Reinit context to 256x144, pix_fmt: yuv420p
Input #0, matroska,webm, from '/workspace/video-export-size-estimation/results/fps-seek-study-2026-10-03/sources/bunny-derived-vfr-offset.mkv':
  Metadata:
    MINOR_VERSION   : 1
    COMPATIBLE_BRANDS: mp42avc1
    MAJOR_BRAND     : mp42
    ENCODER         : Lavf61.7.103
  Duration: 00:00:24.50, start: 5.125000, bitrate: 825 kb/s
  Stream #0:0(eng): Video: h264 (High 4:4:4 Predictive), 1 reference frame, yuv420p(tv, smpte170m/smpte170m/bt709, progressive, topleft), 256x144, 24 fps, 24 tbr, 1k tbn (default)
      Metadata:
        HANDLER_NAME    : Apple Video Media Handler
        VENDOR_ID       : [0][0][0][0]
        ENCODER         : Lavc61.19.101 libx264
        DURATION        : 00:00:24.499000000
[out#0/framehash @ 0x555e413c5380] Adding streams from explicit maps...
[vost#0:0/rawvideo @ 0x555e413910c0] Created video stream from input stream 0:0
[Parsed_fps_0 @ 0x555e4138f8c0] 0 frames in, 0 frames out; 0 frames dropped, 0 frames duplicated.
Stream mapping:
  Stream #0:0 -> #0:0 (h264 (native) -> rawvideo (native))
[vost#0:0/rawvideo @ 0x555e413910c0] Starting thread...
[vf#0:0 @ 0x555e413c6240] Starting thread...
[vist#0:0/h264 @ 0x555e4138d1c0] [dec:h264 @ 0x555e41310740] Starting thread...
[in#0/matroska,webm @ 0x555e4130c280] Starting thread...
[h264 @ 0x555e41389d40] Reinit context to 256x144, pix_fmt: yuv420p
[graph -1 input from stream 0:0 @ 0x7fa0f8002180] w:256 h:144 pixfmt:yuv420p tb:1/1000 fr:24/1 sar:0/1 csp:smpte170m range:tv
[Parsed_fps_0 @ 0x7fa0f8001780] fps=12/1
[Parsed_fps_0 @ 0x7fa0f8001780] TB:0.083333 FRAME_RATE:12.000000 SAMPLE_RATE:nan
[graph -1 input from stream 0:0 @ 0x7fa0f8002180] video frame properties congruent with link at pts_time: -1.666
[Parsed_fps_0 @ 0x7fa0f8001780] Set first pts to 0
Output #0, framehash, to 'pipe:1':
  Metadata:
    MINOR_VERSION   : 1
    COMPATIBLE_BRANDS: mp42avc1
    MAJOR_BRAND     : mp42
    encoder         : Lavf61.7.103
  Stream #0:0(eng): Video: rawvideo, 1 reference frame (I420 / 0x30323449), yuv420p(tv, smpte170m/smpte170m/bt709, progressive, topleft), 256x144, q=2-31, 5308 kb/s, 12 tbn (default)
      Metadata:
        HANDLER_NAME    : Apple Video Media Handler
        VENDOR_ID       : [0][0][0][0]
        DURATION        : 00:00:24.499000000
        encoder         : Lavc61.19.101 rawvideo
[out#0/framehash @ 0x555e413c5380] Starting thread...
[vf#0:0 @ 0x555e413c6240] All consumers returned EOF
[Parsed_fps_0 @ 0x7fa0f8001780] 9 frames in, 5 frames out; 4 frames dropped, 0 frames duplicated.
[vf#0:0 @ 0x555e413c6240] Terminating thread with return code 0 (success)
[vost#0:0/rawvideo @ 0x555e413910c0] Encoder thread received EOF
[vost#0:0/rawvideo @ 0x555e413910c0] Terminating thread with return code 0 (success)
[out#0/framehash @ 0x555e413c5380] All streams finished
[out#0/framehash @ 0x555e413c5380] Terminating thread with return code 0 (success)
[vist#0:0/h264 @ 0x555e4138d1c0] [dec:h264 @ 0x555e41310740] Decoder returned EOF, finishing
[vist#0:0/h264 @ 0x555e4138d1c0] [dec:h264 @ 0x555e41310740] Terminating thread with return code 0 (success)
[vist#0:0/h264 @ 0x555e4138d1c0] All consumers of this stream are done
[in#0/matroska,webm @ 0x555e4130c280] All consumers are done
[in#0/matroska,webm @ 0x555e4130c280] Terminating thread with return code 0 (success)
[AVIOContext @ 0x555e4138b040] Statistics: 777 bytes written, 0 seeks, 6 writeouts
[out#0/framehash @ 0x555e413c5380] Output file #0 (pipe:1):
[out#0/framehash @ 0x555e413c5380]   Output stream #0:0 (video): 5 frames encoded; 5 packets muxed (276480 bytes); 
[out#0/framehash @ 0x555e413c5380]   Total: 5 packets (276480 bytes) muxed
[out#0/framehash @ 0x555e413c5380] video:270KiB audio:0KiB subtitle:0KiB other streams:0KiB global headers:0KiB muxing overhead: unknown
frame=    5 fps=0.0 q=-0.0 Lsize=       1KiB time=00:00:02.66 bitrate=   2.3kbits/s speed=89.4x    
bench: utime=0.032s stime=0.001s rtime=0.030s
bench: maxrss=36252KiB
[in#0/matroska,webm @ 0x555e4130c280] Input file #0 (/workspace/video-export-size-estimation/results/fps-seek-study-2026-10-03/sources/bunny-derived-vfr-offset.mkv):
[in#0/matroska,webm @ 0x555e4130c280]   Input stream #0:0 (video): 53 packets read (313316 bytes); 44 frames decoded; 0 decode errors; 
[in#0/matroska,webm @ 0x555e4130c280]   Total: 53 packets (313316 bytes) demuxed
[AVIOContext @ 0x555e41314d00] Statistics: 393490 bytes read, 2 seeks
