[h264 @ 0x559f6d45e900] Reinit context to 256x144, pix_fmt: yuv420p
Input #0, matroska,webm, from '/workspace/video-export-size-estimation/results/fps-seek-study-2026-10-03/sources/bunny-derived-vfr-gap.mkv':
  Metadata:
    COMPATIBLE_BRANDS: mp42avc1
    MAJOR_BRAND     : mp42
    MINOR_VERSION   : 1
    ENCODER         : Lavf61.7.103
  Duration: 00:00:19.38, start: 0.000000, bitrate: 1043 kb/s
  Stream #0:0(eng): Video: h264 (High 4:4:4 Predictive), 1 reference frame, yuv420p(tv, smpte170m/smpte170m/bt709, progressive, topleft), 256x144, 24 fps, 24 tbr, 1k tbn (default)
      Metadata:
        HANDLER_NAME    : Apple Video Media Handler
        VENDOR_ID       : [0][0][0][0]
        ENCODER         : Lavc61.19.101 libx264
        DURATION        : 00:00:19.375000000
[out#0/framehash @ 0x559f6d515340] Adding streams from explicit maps...
[vost#0:0/rawvideo @ 0x559f6d4d9d00] Created video stream from input stream 0:0
[Parsed_fps_0 @ 0x559f6d4df880] 0 frames in, 0 frames out; 0 frames dropped, 0 frames duplicated.
Stream mapping:
  Stream #0:0 -> #0:0 (h264 (native) -> rawvideo (native))
[vost#0:0/rawvideo @ 0x559f6d4d9d00] Starting thread...
[vf#0:0 @ 0x559f6d4e0b80] Starting thread...
[vist#0:0/h264 @ 0x559f6d4dd180] [dec:h264 @ 0x559f6d4de680] Starting thread...
[in#0/matroska,webm @ 0x559f6d45c240] Starting thread...
[h264 @ 0x559f6d4dea00] Reinit context to 256x144, pix_fmt: yuv420p
[graph -1 input from stream 0:0 @ 0x7efdd4001f80] w:256 h:144 pixfmt:yuv420p tb:1/1000 fr:24/1 sar:0/1 csp:smpte170m range:tv
[Parsed_fps_0 @ 0x7efdd4001840] fps=12/1
[graph -1 input from stream 0:0 @ 0x7efdd4001f80] video frame properties congruent with link at pts_time: 0
[Parsed_fps_0 @ 0x7efdd4001840] Set first pts to 0
Output #0, framehash, to 'pipe:1':
  Metadata:
    COMPATIBLE_BRANDS: mp42avc1
    MAJOR_BRAND     : mp42
    MINOR_VERSION   : 1
    encoder         : Lavf61.7.103
  Stream #0:0(eng): Video: rawvideo, 1 reference frame (I420 / 0x30323449), yuv420p(tv, smpte170m/smpte170m/bt709, progressive, topleft), 256x144, q=2-31, 5308 kb/s, 12 fps, 12 tbn (default)
      Metadata:
        HANDLER_NAME    : Apple Video Media Handler
        VENDOR_ID       : [0][0][0][0]
        DURATION        : 00:00:19.375000000
        encoder         : Lavc61.19.101 rawvideo
[out#0/framehash @ 0x559f6d515340] Starting thread...
[vf#0:0 @ 0x559f6d4e0b80] All consumers returned EOF
[Parsed_fps_0 @ 0x7efdd4001840] 11 frames in, 6 frames out; 5 frames dropped, 0 frames duplicated.
[vf#0:0 @ 0x559f6d4e0b80] Terminating thread with return code 0 (success)
[vost#0:0/rawvideo @ 0x559f6d4d9d00] Encoder thread received EOF
[vost#0:0/rawvideo @ 0x559f6d4d9d00] Terminating thread with return code 0 (success)
[vist#0:0/h264 @ 0x559f6d4dd180] [dec:h264 @ 0x559f6d4de680] Decoder returned EOF, finishing
[vist#0:0/h264 @ 0x559f6d4dd180] [dec:h264 @ 0x559f6d4de680] Terminating thread with return code 0 (success)
[vist#0:0/h264 @ 0x559f6d4dd180] All consumers of this stream are done
[in#0/matroska,webm @ 0x559f6d45c240] All consumers are done
[in#0/matroska,webm @ 0x559f6d45c240] Terminating thread with return code 0 (success)
[out#0/framehash @ 0x559f6d515340] All streams finished
[out#0/framehash @ 0x559f6d515340] Terminating thread with return code 0 (success)
[AVIOContext @ 0x559f6d4db000] Statistics: 889 bytes written, 0 seeks, 7 writeouts
[out#0/framehash @ 0x559f6d515340] Output file #0 (pipe:1):
[out#0/framehash @ 0x559f6d515340]   Output stream #0:0 (video): 6 frames encoded; 6 packets muxed (331776 bytes); 
[out#0/framehash @ 0x559f6d515340]   Total: 6 packets (331776 bytes) muxed
[out#0/framehash @ 0x559f6d515340] video:324KiB audio:0KiB subtitle:0KiB other streams:0KiB global headers:0KiB muxing overhead: unknown
frame=    6 fps=0.0 q=-0.0 Lsize=       1KiB time=00:00:00.50 bitrate=  14.2kbits/s speed=  75x    
bench: utime=0.003s stime=0.003s rtime=0.007s
bench: maxrss=36052KiB
[in#0/matroska,webm @ 0x559f6d45c240] Input file #0 (/workspace/video-export-size-estimation/results/fps-seek-study-2026-10-03/sources/bunny-derived-vfr-gap.mkv):
[in#0/matroska,webm @ 0x559f6d45c240]   Input stream #0:0 (video): 21 packets read (62862 bytes); 12 frames decoded; 0 decode errors; 
[in#0/matroska,webm @ 0x559f6d45c240]   Total: 21 packets (62862 bytes) demuxed
[AVIOContext @ 0x559f6d464cc0] Statistics: 65536 bytes read, 0 seeks
