[h264 @ 0x558a10a09980] Reinit context to 256x144, pix_fmt: yuv420p
Input #0, matroska,webm, from '/workspace/video-export-size-estimation/results/fps-seek-study-2026-10-03/sources/bunny-derived-vfr-gap.mkv':
  Metadata:
    COMPATIBLE_BRANDS: mp42avc1
    MAJOR_BRAND     : mp42
    MINOR_VERSION   : 1
    ENCODER         : Lavf61.7.103
  Duration: 00:00:19.38, start: 0.000000, bitrate: 1043 kb/s
  Stream #0:0(eng): Video: h264 (High 4:4:4 Predictive), 1 reference frame, yuv420p(tv, smpte170m/smpte170m/bt709, progressive, topleft), 256x144, 24 fps, 24 tbr, 1k tbn (default)
      Metadata:
        HANDLER_NAME    : Apple Video Media Handler
        VENDOR_ID       : [0][0][0][0]
        ENCODER         : Lavc61.19.101 libx264
        DURATION        : 00:00:19.375000000
[out#0/framehash @ 0x558a10ac03c0] Adding streams from explicit maps...
[vost#0:0/rawvideo @ 0x558a10a8bd80] Created video stream from input stream 0:0
[Parsed_fps_0 @ 0x558a10a8a900] 0 frames in, 0 frames out; 0 frames dropped, 0 frames duplicated.
Stream mapping:
  Stream #0:0 -> #0:0 (h264 (native) -> rawvideo (native))
[vost#0:0/rawvideo @ 0x558a10a8bd80] Starting thread...
[vf#0:0 @ 0x558a10ac01c0] Starting thread...
[vist#0:0/h264 @ 0x558a10a88200] [dec:h264 @ 0x558a10a0a680] Starting thread...
[in#0/matroska,webm @ 0x558a10a072c0] Starting thread...
[h264 @ 0x558a10a0aa00] Reinit context to 256x144, pix_fmt: yuv420p
[graph -1 input from stream 0:0 @ 0x7f7710001f00] w:256 h:144 pixfmt:yuv420p tb:1/1000 fr:24/1 sar:0/1 csp:smpte170m range:tv
[Parsed_fps_0 @ 0x7f7710001840] fps=30000/1001
[graph -1 input from stream 0:0 @ 0x7f7710001f00] video frame properties congruent with link at pts_time: 3
[Parsed_fps_0 @ 0x7f7710001840] Set first pts to 192
[vf#0:0 @ 0x558a10ac01c0] Filtergraph returned EOF, finishing
[vf#0:0 @ 0x558a10ac01c0] All consumers returned EOF
[vf#0:0 @ 0x558a10a0a200] No filtered frames for output stream, trying to initialize anyway.
Output #0, framehash, to 'pipe:1':
  Metadata:
    COMPATIBLE_BRANDS: mp42avc1
    MAJOR_BRAND     : mp42
    MINOR_VERSION   : 1
    encoder         : Lavf61.7.103
  Stream #0:0(eng): Video: rawvideo, 1 reference frame (I420 / 0x30323449), yuv420p(progressive), 256x144, q=2-31, 13257 kb/s, 29.97 fps, 29.97 tbn (default)
      Metadata:
        HANDLER_NAME    : Apple Video Media Handler
        VENDOR_ID       : [0][0][0][0]
        DURATION        : 00:00:19.375000000
        encoder         : Lavc61.19.101 rawvideo
[out#0/framehash @ 0x558a10ac03c0] Starting thread...
[Parsed_fps_0 @ 0x7f7710001840] 2 frames in, 1 frames out; 1 frames dropped, 0 frames duplicated.
[vf#0:0 @ 0x558a10ac01c0] Terminating thread with return code 0 (success)
[vost#0:0/rawvideo @ 0x558a10a8bd80] Encoder thread received EOF
[vist#0:0/h264 @ 0x558a10a88200] [dec:h264 @ 0x558a10a0a680] Decoder returned EOF, finishing
[vist#0:0/h264 @ 0x558a10a88200] [dec:h264 @ 0x558a10a0a680] Terminating thread with return code 0 (success)
[vist#0:0/h264 @ 0x558a10a88200] All consumers of this stream are done
[in#0/matroska,webm @ 0x558a10a072c0] All consumers are done
[in#0/matroska,webm @ 0x558a10a072c0] Terminating thread with return code 0 (success)
[vost#0:0/rawvideo @ 0x558a10a8bd80] Terminating thread with return code 0 (success)
[out#0/framehash @ 0x558a10ac03c0] All streams finished
[out#0/framehash @ 0x558a10ac03c0] Terminating thread with return code 0 (success)
[AVIOContext @ 0x558a10a86080] Statistics: 223 bytes written, 0 seeks, 1 writeouts
[out#0/framehash @ 0x558a10ac03c0] Output file #0 (pipe:1):
[out#0/framehash @ 0x558a10ac03c0]   Output stream #0:0 (video): 0 frames encoded; 0 packets muxed (0 bytes); 
[out#0/framehash @ 0x558a10ac03c0]   Total: 0 packets (0 bytes) muxed
[out#0/framehash @ 0x558a10ac03c0] video:0KiB audio:0KiB subtitle:0KiB other streams:0KiB global headers:0KiB muxing overhead: unknown
[out#0/framehash @ 0x558a10ac03c0] Output file is empty, nothing was encoded(check -ss / -t / -frames parameters if used)
frame=    0 fps=0.0 q=0.0 Lsize=       0KiB time=N/A bitrate=N/A speed=N/A    
bench: utime=0.028s stime=0.000s rtime=0.026s
bench: maxrss=36124KiB
[in#0/matroska,webm @ 0x558a10a072c0] Input file #0 (/workspace/video-export-size-estimation/results/fps-seek-study-2026-10-03/sources/bunny-derived-vfr-gap.mkv):
[in#0/matroska,webm @ 0x558a10a072c0]   Input stream #0:0 (video): 37 packets read (359065 bytes); 28 frames decoded; 0 decode errors; 
[in#0/matroska,webm @ 0x558a10a072c0]   Total: 37 packets (359065 bytes) demuxed
[AVIOContext @ 0x558a10a0fd40] Statistics: 426181 bytes read, 3 seeks
