[matroska,webm @ 0x562660933580] max_analyze_duration 5000000 reached at 5019000 microseconds st:1
[matroska,webm @ 0x562660933580] Could not find codec parameters for stream 0 (Video: h264, 1 reference frame, none(tv, smpte170m/smpte170m/bt709, progressive, topleft), 256x144): unspecified pixel format
Consider increasing the value for the 'analyzeduration' (0) and 'probesize' (5000000) options
Input #0, matroska,webm, from '/workspace/video-export-size-estimation/results/fps-seek-study-2026-10-03/sources/bunny-derived-vfr-delayed-video.mkv':
  Metadata:
    MINOR_VERSION   : 1
    COMPATIBLE_BRANDS: mp42avc1
    MAJOR_BRAND     : mp42
    ENCODER         : Lavf61.7.103
  Duration: 00:00:25.02, start: -0.021000, bitrate: 812 kb/s
  Stream #0:0(eng): Video: h264, 1 reference frame, none(tv, smpte170m/smpte170m/bt709, progressive, topleft), 256x144, 24 fps, 24 tbr, 1k tbn (default)
      Metadata:
        HANDLER_NAME    : Apple Video Media Handler
        VENDOR_ID       : [0][0][0][0]
        ENCODER         : Lavc61.19.101 libx264
        DURATION        : 00:00:24.499000000
  Stream #0:1: Audio: aac (LC), 48000 Hz, mono, fltp, delay 1024
      Metadata:
        ENCODER         : Lavc61.19.101 aac
        DURATION        : 00:00:25.021000000
[out#0/framehash @ 0x562660989880] Adding streams from explicit maps...
[vost#0:0/rawvideo @ 0x562660989a40] Created video stream from input stream 0:0
[Parsed_fps_0 @ 0x5626608dfb00] 0 frames in, 0 frames out; 0 frames dropped, 0 frames duplicated.
Stream mapping:
  Stream #0:0 -> #0:0 (h264 (native) -> rawvideo (native))
[vost#0:0/rawvideo @ 0x562660989a40] Starting thread...
[vf#0:0 @ 0x56266098b3c0] Starting thread...
[vist#0:0/h264 @ 0x562660990700] [dec:h264 @ 0x5626609905c0] Starting thread...
[in#0/matroska,webm @ 0x5626609332c0] Starting thread...
[h264 @ 0x5626609b8c40] Reinit context to 256x144, pix_fmt: yuv420p
[graph -1 input from stream 0:0 @ 0x7f6ef4001f80] w:256 h:144 pixfmt:yuv420p tb:1/1000 fr:24/1 sar:0/1 csp:smpte170m range:tv
[Parsed_fps_0 @ 0x7f6ef4001840] fps=12/1
[graph -1 input from stream 0:0 @ 0x7f6ef4001f80] video frame properties congruent with link at pts_time: 8.146
[Parsed_fps_0 @ 0x7f6ef4001840] Set first pts to 139
Output #0, framehash, to 'pipe:1':
  Metadata:
    MINOR_VERSION   : 1
    COMPATIBLE_BRANDS: mp42avc1
    MAJOR_BRAND     : mp42
    encoder         : Lavf61.7.103
  Stream #0:0(eng): Video: rawvideo, 1 reference frame (I420 / 0x30323449), yuv420p(tv, smpte170m/smpte170m/bt709, progressive, topleft), 256x144, q=2-31, 5308 kb/s, 12 fps, 12 tbn (default)
      Metadata:
        HANDLER_NAME    : Apple Video Media Handler
        VENDOR_ID       : [0][0][0][0]
        DURATION        : 00:00:24.499000000
        encoder         : Lavc61.19.101 rawvideo
[out#0/framehash @ 0x562660989880] Starting thread...
[vf#0:0 @ 0x56266098b3c0] Filtergraph returned EOF, finishing
[vf#0:0 @ 0x56266098b3c0] All consumers returned EOF
[Parsed_fps_0 @ 0x7f6ef4001840] 6 frames in, 3 frames out; 3 frames dropped, 0 frames duplicated.
[vf#0:0 @ 0x56266098b3c0] Terminating thread with return code 0 (success)
[vost#0:0/rawvideo @ 0x562660989a40] Encoder thread received EOF
[vost#0:0/rawvideo @ 0x562660989a40] Terminating thread with return code 0 (success)
[out#0/framehash @ 0x562660989880] All streams finished
[out#0/framehash @ 0x562660989880] Terminating thread with return code 0 (success)
[vist#0:0/h264 @ 0x562660990700] [dec:h264 @ 0x5626609905c0] Decoder returned EOF, finishing
[vist#0:0/h264 @ 0x562660990700] All consumers of this stream are done
[in#0/matroska,webm @ 0x5626609332c0] All consumers are done
[in#0/matroska,webm @ 0x5626609332c0] Terminating thread with return code 0 (success)
[vist#0:0/h264 @ 0x562660990700] [dec:h264 @ 0x5626609905c0] Terminating thread with return code 0 (success)
[AVIOContext @ 0x5626609a1e40] Statistics: 441 bytes written, 0 seeks, 3 writeouts
[out#0/framehash @ 0x562660989880] Output file #0 (pipe:1):
[out#0/framehash @ 0x562660989880]   Output stream #0:0 (video): 2 frames encoded; 2 packets muxed (110592 bytes); 
[out#0/framehash @ 0x562660989880]   Total: 2 packets (110592 bytes) muxed
[out#0/framehash @ 0x562660989880] video:108KiB audio:0KiB subtitle:0KiB other streams:0KiB global headers:0KiB muxing overhead: unknown
frame=    2 fps=0.0 q=-0.0 Lsize=       0KiB time=00:00:00.00 bitrate=N/A speed=   0x    
bench: utime=0.037s stime=0.000s rtime=0.050s
bench: maxrss=36424KiB
[in#0/matroska,webm @ 0x5626609332c0] Input file #0 (/workspace/video-export-size-estimation/results/fps-seek-study-2026-10-03/sources/bunny-derived-vfr-delayed-video.mkv):
[in#0/matroska,webm @ 0x5626609332c0]   Input stream #0:0 (video): 41 packets read (412108 bytes); 32 frames decoded; 0 decode errors; 
[in#0/matroska,webm @ 0x5626609332c0]   Total: 41 packets (412108 bytes) demuxed
[AVIOContext @ 0x56266093bd40] Statistics: 459026 bytes read, 3 seeks
