[h264 @ 0x55c7c0aa2940] Reinit context to 256x144, pix_fmt: yuv420p
Input #0, matroska,webm, from '/workspace/video-export-size-estimation/results/fps-seek-study-2026-10-03/sources/bunny-derived-cfr2997.mkv':
  Metadata:
    COMPATIBLE_BRANDS: mp42avc1
    MAJOR_BRAND     : mp42
    MINOR_VERSION   : 1
    ENCODER         : Lavf61.7.103
  Duration: 00:00:19.39, start: 0.000000, bitrate: 1712 kb/s
  Stream #0:0(eng): Video: h264 (High 4:4:4 Predictive), 1 reference frame, yuv420p(tv, smpte170m/smpte170m/bt709, progressive, topleft), 256x144, 29.97 fps, 29.97 tbr, 1k tbn (default)
      Metadata:
        HANDLER_NAME    : Apple Video Media Handler
        VENDOR_ID       : [0][0][0][0]
        ENCODER         : Lavc61.19.101 libx264
        DURATION        : 00:00:19.386000000
[out#0/framehash @ 0x55c7c0b59380] Adding streams from explicit maps...
[vost#0:0/rawvideo @ 0x55c7c0b59800] Created video stream from input stream 0:0
[Parsed_fps_0 @ 0x55c7c0b238c0] 0 frames in, 0 frames out; 0 frames dropped, 0 frames duplicated.
Stream mapping:
  Stream #0:0 -> #0:0 (h264 (native) -> rawvideo (native))
[vost#0:0/rawvideo @ 0x55c7c0b59800] Starting thread...
[vf#0:0 @ 0x55c7c0b59740] Starting thread...
[vist#0:0/h264 @ 0x55c7c0b211c0] [dec:h264 @ 0x55c7c0aa3a80] Starting thread...
[in#0/matroska,webm @ 0x55c7c0aa0280] Starting thread...
[h264 @ 0x55c7c0b1dd40] Reinit context to 256x144, pix_fmt: yuv420p
[graph -1 input from stream 0:0 @ 0x7f5e98002180] w:256 h:144 pixfmt:yuv420p tb:1/1000 fr:30000/1001 sar:0/1 csp:smpte170m range:tv
[Parsed_fps_0 @ 0x7f5e98001780] fps=12/1
[Parsed_fps_0 @ 0x7f5e98001780] TB:0.083333 FRAME_RATE:12.000000 SAMPLE_RATE:nan
[graph -1 input from stream 0:0 @ 0x7f5e98002180] video frame properties congruent with link at pts_time: -0.978
[Parsed_fps_0 @ 0x7f5e98001780] Set first pts to 0
Output #0, framehash, to 'pipe:1':
  Metadata:
    COMPATIBLE_BRANDS: mp42avc1
    MAJOR_BRAND     : mp42
    MINOR_VERSION   : 1
    encoder         : Lavf61.7.103
  Stream #0:0(eng): Video: rawvideo, 1 reference frame (I420 / 0x30323449), yuv420p(tv, smpte170m/smpte170m/bt709, progressive, topleft), 256x144, q=2-31, 5308 kb/s, 12 tbn (default)
      Metadata:
        HANDLER_NAME    : Apple Video Media Handler
        VENDOR_ID       : [0][0][0][0]
        DURATION        : 00:00:19.386000000
        encoder         : Lavc61.19.101 rawvideo
[out#0/framehash @ 0x55c7c0b59380] Starting thread...
[vf#0:0 @ 0x55c7c0b59740] All consumers returned EOF
[Parsed_fps_0 @ 0x7f5e98001780] 2 frames in, 1 frames out; 1 frames dropped, 0 frames duplicated.
[vf#0:0 @ 0x55c7c0b59740] Terminating thread with return code 0 (success)
[vost#0:0/rawvideo @ 0x55c7c0b59800] Encoder thread received EOF
[vost#0:0/rawvideo @ 0x55c7c0b59800] Terminating thread with return code 0 (success)
[vist#0:0/h264 @ 0x55c7c0b211c0] [dec:h264 @ 0x55c7c0aa3a80] Decoder returned EOF, finishing
[vist#0:0/h264 @ 0x55c7c0b211c0] [dec:h264 @ 0x55c7c0aa3a80] Terminating thread with return code 0 (success)
[vist#0:0/h264 @ 0x55c7c0b211c0] All consumers of this stream are done
[in#0/matroska,webm @ 0x55c7c0aa0280] All consumers are done
[in#0/matroska,webm @ 0x55c7c0aa0280] Terminating thread with return code 0 (success)
[out#0/framehash @ 0x55c7c0b59380] All streams finished
[out#0/framehash @ 0x55c7c0b59380] Terminating thread with return code 0 (success)
[AVIOContext @ 0x55c7c0b1f040] Statistics: 329 bytes written, 0 seeks, 2 writeouts
[out#0/framehash @ 0x55c7c0b59380] Output file #0 (pipe:1):
[out#0/framehash @ 0x55c7c0b59380]   Output stream #0:0 (video): 1 frames encoded; 1 packets muxed (55296 bytes); 
[out#0/framehash @ 0x55c7c0b59380]   Total: 1 packets (55296 bytes) muxed
[out#0/framehash @ 0x55c7c0b59380] video:54KiB audio:0KiB subtitle:0KiB other streams:0KiB global headers:0KiB muxing overhead: unknown
frame=    1 fps=0.0 q=-0.0 Lsize=       0KiB time=00:00:06.41 bitrate=   0.4kbits/s speed= 170x    
bench: utime=0.041s stime=0.000s rtime=0.038s
bench: maxrss=36252KiB
[in#0/matroska,webm @ 0x55c7c0aa0280] Input file #0 (/workspace/video-export-size-estimation/results/fps-seek-study-2026-10-03/sources/bunny-derived-cfr2997.mkv):
[in#0/matroska,webm @ 0x55c7c0aa0280]   Input stream #0:0 (video): 45 packets read (445315 bytes); 36 frames decoded; 0 decode errors; 
[in#0/matroska,webm @ 0x55c7c0aa0280]   Total: 45 packets (445315 bytes) demuxed
[AVIOContext @ 0x55c7c0aa8d00] Statistics: 524599 bytes read, 3 seeks
