[h264 @ 0x55a029b7fec0] Reinit context to 640x368, pix_fmt: yuv420p
Input #0, matroska,webm, from '/tmp/video-estimation-research/bunny-full.mkv':
  Metadata:
    AB_AV1_FFMPEG_ARGS: -c:v libx264 -crf 23 -preset medium
    MAJOR_BRAND     : mp42
    MINOR_VERSION   : 1
    COMPATIBLE_BRANDS: mp42avc1
    ENCODER         : Lavf61.7.103
  Duration: 00:01:00.08, start: 0.000000, bitrate: 588 kb/s
  Stream #0:0(eng): Video: h264 (High), 1 reference frame, yuv420p(tv, smpte170m/smpte170m/bt709, progressive, topleft), 640x360, 24 fps, 24 tbr, 1k tbn (default)
      Metadata:
        HANDLER_NAME    : Apple Video Media Handler
        VENDOR_ID       : [0][0][0][0]
        ENCODER         : Lavc61.19.101 libx264
        DURATION        : 00:01:00.083000000
[out#0/framehash @ 0x55a029c6d700] Adding streams from explicit maps...
[vost#0:0/rawvideo @ 0x55a029b80f40] Created video stream from input stream 0:0
[Parsed_fps_0 @ 0x55a029b29b00] 0 frames in, 0 frames out; 0 frames dropped, 0 frames duplicated.
Stream mapping:
  Stream #0:0 -> #0:0 (h264 (native) -> rawvideo (native))
[vost#0:0/rawvideo @ 0x55a029b80f40] Starting thread...
[vf#0:0 @ 0x55a029c6d980] Starting thread...
[vist#0:0/h264 @ 0x55a029b81740] [dec:h264 @ 0x55a029bfc680] Starting thread...
[in#0/matroska,webm @ 0x55a029b7d280] Starting thread...
[h264 @ 0x55a029bfa3c0] Reinit context to 640x368, pix_fmt: yuv420p
[graph -1 input from stream 0:0 @ 0x7f7cb4002180] w:640 h:360 pixfmt:yuv420p tb:1/1000 fr:24/1 sar:0/1 csp:smpte170m range:tv
[Parsed_fps_0 @ 0x7f7cb4001780] fps=12/1
[Parsed_fps_0 @ 0x7f7cb4001780] TB:0.083333 FRAME_RATE:12.000000 SAMPLE_RATE:nan
[graph -1 input from stream 0:0 @ 0x7f7cb4002180] video frame properties congruent with link at pts_time: -9.167
[Parsed_fps_0 @ 0x7f7cb4001780] Set first pts to 0
Output #0, framehash, to 'pipe:1':
  Metadata:
    AB_AV1_FFMPEG_ARGS: -c:v libx264 -crf 23 -preset medium
    MAJOR_BRAND     : mp42
    MINOR_VERSION   : 1
    COMPATIBLE_BRANDS: mp42avc1
    encoder         : Lavf61.7.103
  Stream #0:0(eng): Video: rawvideo, 1 reference frame (I420 / 0x30323449), yuv420p(tv, smpte170m/smpte170m/bt709, progressive, topleft), 640x360, q=2-31, 33177 kb/s, 12 tbn (default)
      Metadata:
        HANDLER_NAME    : Apple Video Media Handler
        VENDOR_ID       : [0][0][0][0]
        DURATION        : 00:01:00.083000000
        encoder         : Lavc61.19.101 rawvideo
[out#0/framehash @ 0x55a029c6d700] Starting thread...
[vf#0:0 @ 0x55a029c6d980] All consumers returned EOF
[Parsed_fps_0 @ 0x7f7cb4001780] 10 frames in, 5 frames out; 5 frames dropped, 0 frames duplicated.
[vf#0:0 @ 0x55a029c6d980] Terminating thread with return code 0 (success)
[vost#0:0/rawvideo @ 0x55a029b80f40] Encoder thread received EOF
[vost#0:0/rawvideo @ 0x55a029b80f40] Terminating thread with return code 0 (success)
[vist#0:0/h264 @ 0x55a029b81740] [dec:h264 @ 0x55a029bfc680] Decoder returned EOF, finishing
[vist#0:0/h264 @ 0x55a029b81740] [dec:h264 @ 0x55a029bfc680] Terminating thread with return code 0 (success)
[vist#0:0/h264 @ 0x55a029b81740] All consumers of this stream are done
[in#0/matroska,webm @ 0x55a029b7d280] All consumers are done
[in#0/matroska,webm @ 0x55a029b7d280] Terminating thread with return code 0 (success)
[out#0/framehash @ 0x55a029c6d700] All streams finished
[out#0/framehash @ 0x55a029c6d700] Terminating thread with return code 0 (success)
[AVIOContext @ 0x55a029b99f40] Statistics: 777 bytes written, 0 seeks, 6 writeouts
[out#0/framehash @ 0x55a029c6d700] Output file #0 (pipe:1):
[out#0/framehash @ 0x55a029c6d700]   Output stream #0:0 (video): 5 frames encoded; 5 packets muxed (1728000 bytes); 
[out#0/framehash @ 0x55a029c6d700]   Total: 5 packets (1728000 bytes) muxed
[out#0/framehash @ 0x55a029c6d700] video:1688KiB audio:0KiB subtitle:0KiB other streams:0KiB global headers:0KiB muxing overhead: unknown
frame=    5 fps=0.0 q=-0.0 Lsize=       1KiB time=00:00:09.50 bitrate=   0.7kbits/s speed=45.3x    
bench: utime=0.201s stime=0.019s rtime=0.210s
bench: maxrss=40128KiB
[in#0/matroska,webm @ 0x55a029b7d280] Input file #0 (/tmp/video-estimation-research/bunny-full.mkv):
[in#0/matroska,webm @ 0x55a029b7d280]   Input stream #0:0 (video): 242 packets read (719703 bytes); 231 frames decoded; 0 decode errors; 
[in#0/matroska,webm @ 0x55a029b7d280]   Total: 242 packets (719703 bytes) demuxed
[AVIOContext @ 0x55a029b85cc0] Statistics: 753664 bytes read, 0 seeks
