[h264 @ 0x560a2c4e8940] Reinit context to 256x144, pix_fmt: yuv420p
Input #0, matroska,webm, from '/workspace/video-export-size-estimation/results/fps-seek-study-2026-10-03/sources/bunny-derived-vfr-offset.mkv':
  Metadata:
    MINOR_VERSION   : 1
    COMPATIBLE_BRANDS: mp42avc1
    MAJOR_BRAND     : mp42
    ENCODER         : Lavf61.7.103
  Duration: 00:00:24.50, start: 5.125000, bitrate: 825 kb/s
  Stream #0:0(eng): Video: h264 (High 4:4:4 Predictive), 1 reference frame, yuv420p(tv, smpte170m/smpte170m/bt709, progressive, topleft), 256x144, 24 fps, 24 tbr, 1k tbn (default)
      Metadata:
        HANDLER_NAME    : Apple Video Media Handler
        VENDOR_ID       : [0][0][0][0]
        ENCODER         : Lavc61.19.101 libx264
        DURATION        : 00:00:24.499000000
[out#0/framehash @ 0x560a2c59f380] Adding streams from explicit maps...
[vost#0:0/rawvideo @ 0x560a2c56b0c0] Created video stream from input stream 0:0
[Parsed_fps_0 @ 0x560a2c5698c0] 0 frames in, 0 frames out; 0 frames dropped, 0 frames duplicated.
Stream mapping:
  Stream #0:0 -> #0:0 (h264 (native) -> rawvideo (native))
[vost#0:0/rawvideo @ 0x560a2c56b0c0] Starting thread...
[vf#0:0 @ 0x560a2c5a0240] Starting thread...
[vist#0:0/h264 @ 0x560a2c5671c0] [dec:h264 @ 0x560a2c4ea740] Starting thread...
[in#0/matroska,webm @ 0x560a2c4e6280] Starting thread...
[h264 @ 0x560a2c563d40] Reinit context to 256x144, pix_fmt: yuv420p
[graph -1 input from stream 0:0 @ 0x7f48a4001f40] w:256 h:144 pixfmt:yuv420p tb:1/1000 fr:24/1 sar:0/1 csp:smpte170m range:tv
[Parsed_fps_0 @ 0x7f48a4001800] fps=12/1
[graph -1 input from stream 0:0 @ 0x7f48a4001f40] video frame properties congruent with link at pts_time: 5.792
[Parsed_fps_0 @ 0x7f48a4001800] Set first pts to 97
[vf#0:0 @ 0x560a2c5a0240] Filtergraph returned EOF, finishing
[vf#0:0 @ 0x560a2c5a0240] All consumers returned EOF
[vf#0:0 @ 0x560a2c4e9500] No filtered frames for output stream, trying to initialize anyway.
Output #0, framehash, to 'pipe:1':
  Metadata:
    MINOR_VERSION   : 1
    COMPATIBLE_BRANDS: mp42avc1
    MAJOR_BRAND     : mp42
    encoder         : Lavf61.7.103
  Stream #0:0(eng): Video: rawvideo, 1 reference frame (I420 / 0x30323449), yuv420p(progressive), 256x144, q=2-31, 5308 kb/s, 12 fps, 12 tbn (default)
      Metadata:
        HANDLER_NAME    : Apple Video Media Handler
        VENDOR_ID       : [0][0][0][0]
        DURATION        : 00:00:24.499000000
        encoder         : Lavc61.19.101 rawvideo
[out#0/framehash @ 0x560a2c59f380] Starting thread...
[Parsed_fps_0 @ 0x7f48a4001800] 2 frames in, 1 frames out; 1 frames dropped, 0 frames duplicated.
[vf#0:0 @ 0x560a2c5a0240] Terminating thread with return code 0 (success)
[vost#0:0/rawvideo @ 0x560a2c56b0c0] Encoder thread received EOF
[vost#0:0/rawvideo @ 0x560a2c56b0c0] Terminating thread with return code 0 (success)
[vist#0:0/h264 @ 0x560a2c5671c0] [dec:h264 @ 0x560a2c4ea740] Decoder returned EOF, finishing
[out#0/framehash @ 0x560a2c59f380] All streams finished
[vist#0:0/h264 @ 0x560a2c5671c0] [dec:h264 @ 0x560a2c4ea740] Terminating thread with return code 0 (success)
[out#0/framehash @ 0x560a2c59f380] Terminating thread with return code 0 (success)
[vist#0:0/h264 @ 0x560a2c5671c0] All consumers of this stream are done
[in#0/matroska,webm @ 0x560a2c4e6280] All consumers are done
[in#0/matroska,webm @ 0x560a2c4e6280] Terminating thread with return code 0 (success)
[AVIOContext @ 0x560a2c565040] Statistics: 217 bytes written, 0 seeks, 1 writeouts
[out#0/framehash @ 0x560a2c59f380] Output file #0 (pipe:1):
[out#0/framehash @ 0x560a2c59f380]   Output stream #0:0 (video): 0 frames encoded; 0 packets muxed (0 bytes); 
[out#0/framehash @ 0x560a2c59f380]   Total: 0 packets (0 bytes) muxed
[out#0/framehash @ 0x560a2c59f380] video:0KiB audio:0KiB subtitle:0KiB other streams:0KiB global headers:0KiB muxing overhead: unknown
[out#0/framehash @ 0x560a2c59f380] Output file is empty, nothing was encoded(check -ss / -t / -frames parameters if used)
frame=    0 fps=0.0 q=0.0 Lsize=       0KiB time=N/A bitrate=N/A speed=N/A    
bench: utime=0.046s stime=0.000s rtime=0.042s
bench: maxrss=36252KiB
[in#0/matroska,webm @ 0x560a2c4e6280] Input file #0 (/workspace/video-export-size-estimation/results/fps-seek-study-2026-10-03/sources/bunny-derived-vfr-offset.mkv):
[in#0/matroska,webm @ 0x560a2c4e6280]   Input stream #0:0 (video): 62 packets read (382572 bytes); 53 frames decoded; 0 decode errors; 
[in#0/matroska,webm @ 0x560a2c4e6280]   Total: 62 packets (382572 bytes) demuxed
[AVIOContext @ 0x560a2c4eed00] Statistics: 459026 bytes read, 2 seeks
