[matroska,webm @ 0x55abf4604580] max_analyze_duration 5000000 reached at 5019000 microseconds st:1
[matroska,webm @ 0x55abf4604580] Could not find codec parameters for stream 0 (Video: h264, 1 reference frame, none(tv, smpte170m/smpte170m/bt709, progressive, topleft), 256x144): unspecified pixel format
Consider increasing the value for the 'analyzeduration' (0) and 'probesize' (5000000) options
Input #0, matroska,webm, from '/workspace/video-export-size-estimation/results/fps-seek-study-2026-10-03/sources/bunny-derived-vfr-delayed-video.mkv':
  Metadata:
    MINOR_VERSION   : 1
    COMPATIBLE_BRANDS: mp42avc1
    MAJOR_BRAND     : mp42
    ENCODER         : Lavf61.7.103
  Duration: 00:00:25.02, start: -0.021000, bitrate: 812 kb/s
  Stream #0:0(eng): Video: h264, 1 reference frame, none(tv, smpte170m/smpte170m/bt709, progressive, topleft), 256x144, 24 fps, 24 tbr, 1k tbn (default)
      Metadata:
        HANDLER_NAME    : Apple Video Media Handler
        VENDOR_ID       : [0][0][0][0]
        ENCODER         : Lavc61.19.101 libx264
        DURATION        : 00:00:24.499000000
  Stream #0:1: Audio: aac (LC), 48000 Hz, mono, fltp, delay 1024
      Metadata:
        ENCODER         : Lavc61.19.101 aac
        DURATION        : 00:00:25.021000000
[out#0/framehash @ 0x55abf465a880] Adding streams from explicit maps...
[vost#0:0/rawvideo @ 0x55abf465aa40] Created video stream from input stream 0:0
[Parsed_fps_0 @ 0x55abf45b0b00] 0 frames in, 0 frames out; 0 frames dropped, 0 frames duplicated.
Stream mapping:
  Stream #0:0 -> #0:0 (h264 (native) -> rawvideo (native))
[vost#0:0/rawvideo @ 0x55abf465aa40] Starting thread...
[vf#0:0 @ 0x55abf465c3c0] Starting thread...
[vist#0:0/h264 @ 0x55abf4661700] [dec:h264 @ 0x55abf46615c0] Starting thread...
[in#0/matroska,webm @ 0x55abf46042c0] Starting thread...
[h264 @ 0x55abf4689c40] Reinit context to 256x144, pix_fmt: yuv420p
[graph -1 input from stream 0:0 @ 0x7fb3d0001f80] w:256 h:144 pixfmt:yuv420p tb:1/1000 fr:24/1 sar:0/1 csp:smpte170m range:tv
[Parsed_fps_0 @ 0x7fb3d0001840] fps=12/1
[graph -1 input from stream 0:0 @ 0x7fb3d0001f80] video frame properties congruent with link at pts_time: 5.813
[Parsed_fps_0 @ 0x7fb3d0001840] Set first pts to 93
Output #0, framehash, to 'pipe:1':
  Metadata:
    MINOR_VERSION   : 1
    COMPATIBLE_BRANDS: mp42avc1
    MAJOR_BRAND     : mp42
    encoder         : Lavf61.7.103
  Stream #0:0(eng): Video: rawvideo, 1 reference frame (I420 / 0x30323449), yuv420p(tv, smpte170m/smpte170m/bt709, progressive, topleft), 256x144, q=2-31, 5308 kb/s, 12 fps, 12 tbn (default)
      Metadata:
        HANDLER_NAME    : Apple Video Media Handler
        VENDOR_ID       : [0][0][0][0]
        DURATION        : 00:00:24.499000000
        encoder         : Lavc61.19.101 rawvideo
[out#0/framehash @ 0x55abf465a880] Starting thread...
[vf#0:0 @ 0x55abf465c3c0] All consumers returned EOF
[Parsed_fps_0 @ 0x7fb3d0001840] 17 frames in, 10 frames out; 7 frames dropped, 0 frames duplicated.
[vf#0:0 @ 0x55abf465c3c0] Terminating thread with return code 0 (success)
[vost#0:0/rawvideo @ 0x55abf465aa40] Encoder thread received EOF
[vost#0:0/rawvideo @ 0x55abf465aa40] Terminating thread with return code 0 (success)
[out#0/framehash @ 0x55abf465a880] All streams finished
[out#0/framehash @ 0x55abf465a880] Terminating thread with return code 0 (success)
[vist#0:0/h264 @ 0x55abf4661700] [dec:h264 @ 0x55abf46615c0] Decoder returned EOF, finishing
[vist#0:0/h264 @ 0x55abf4661700] [dec:h264 @ 0x55abf46615c0] Terminating thread with return code 0 (success)
[vist#0:0/h264 @ 0x55abf4661700] All consumers of this stream are done
[in#0/matroska,webm @ 0x55abf46042c0] All consumers are done
[in#0/matroska,webm @ 0x55abf46042c0] Terminating thread with return code 0 (success)
[AVIOContext @ 0x55abf4672e40] Statistics: 665 bytes written, 0 seeks, 5 writeouts
[out#0/framehash @ 0x55abf465a880] Output file #0 (pipe:1):
[out#0/framehash @ 0x55abf465a880]   Output stream #0:0 (video): 4 frames encoded; 4 packets muxed (221184 bytes); 
[out#0/framehash @ 0x55abf465a880]   Total: 4 packets (221184 bytes) muxed
[out#0/framehash @ 0x55abf465a880] video:216KiB audio:0KiB subtitle:0KiB other streams:0KiB global headers:0KiB muxing overhead: unknown
frame=    4 fps=0.0 q=-0.0 Lsize=       1KiB time=00:00:00.00 bitrate=N/A speed=   0x    
bench: utime=0.039s stime=0.004s rtime=0.041s
bench: maxrss=36424KiB
[in#0/matroska,webm @ 0x55abf46042c0] Input file #0 (/workspace/video-export-size-estimation/results/fps-seek-study-2026-10-03/sources/bunny-derived-vfr-delayed-video.mkv):
[in#0/matroska,webm @ 0x55abf46042c0]   Input stream #0:0 (video): 67 packets read (422064 bytes); 58 frames decoded; 0 decode errors; 
[in#0/matroska,webm @ 0x55abf46042c0]   Total: 67 packets (422064 bytes) demuxed
[AVIOContext @ 0x55abf460cd40] Statistics: 459026 bytes read, 3 seeks
