[h264 @ 0x564743ae8f00] Reinit context to 640x368, pix_fmt: yuv420p
Input #0, mov,mp4,m4a,3gp,3g2,mj2, from '/tmp/video-estimation-research/bunny.mp4':
  Metadata:
    major_brand     : mp42
    minor_version   : 1
    compatible_brands: mp42avc1
    creation_time   : 2010-02-09T01:55:39.000000Z
  Duration: 00:01:00.10, start: 0.000000, bitrate: 733 kb/s
  Stream #0:0[0x1](eng): Audio: aac (LC) (mp4a / 0x6134706D), 22050 Hz, stereo, fltp, 65 kb/s (default)
      Metadata:
        creation_time   : 2010-02-09T01:55:39.000000Z
        handler_name    : Apple Sound Media Handler
        vendor_id       : [0][0][0][0]
  Stream #0:1[0x2](eng): Video: h264 (Constrained Baseline), 1 reference frame (avc1 / 0x31637661), yuv420p(tv, smpte170m/smpte170m/bt709, progressive, topleft), 640x360, 612 kb/s, 23.96 fps, 24 tbr, 600 tbn (default)
      Metadata:
        creation_time   : 2010-02-09T01:55:39.000000Z
        handler_name    : Apple Video Media Handler
        vendor_id       : [0][0][0][0]
  Stream #0:2[0x3](eng): Data: none (rtp  / 0x20707472), 45 kb/s
      Metadata:
        creation_time   : 2010-02-09T01:55:39.000000Z
        handler_name    : hint media handler
  Stream #0:3[0x4](eng): Data: none (rtp  / 0x20707472), 5 kb/s
      Metadata:
        creation_time   : 2010-02-09T01:55:39.000000Z
        handler_name    : hint media handler
[out#0/framehash @ 0x564743b0f300] Adding streams from explicit maps...
[vost#0:0/rawvideo @ 0x564743b08440] Created video stream from input stream 0:1
[Parsed_fps_0 @ 0x564743bb6cc0] 0 frames in, 0 frames out; 0 frames dropped, 0 frames duplicated.
Stream mapping:
  Stream #0:1 -> #0:0 (h264 (native) -> rawvideo (native))
[vost#0:0/rawvideo @ 0x564743b08440] Starting thread...
[vf#0:0 @ 0x564743bb61c0] Starting thread...
[vist#0:1/h264 @ 0x564743afc200] [dec:h264 @ 0x564743bb1740] Starting thread...
[in#0/mov,mp4,m4a,3gp,3g2,mj2 @ 0x564743ae6240] Starting thread...
[h264 @ 0x564743bb1c80] Reinit context to 640x368, pix_fmt: yuv420p
[graph -1 input from stream 0:1 @ 0x7f44a4001f00] w:640 h:360 pixfmt:yuv420p tb:1/600 fr:24/1 sar:0/1 csp:smpte170m range:tv
[Parsed_fps_0 @ 0x7f44a4001800] fps=12/1
[graph -1 input from stream 0:1 @ 0x7f44a4001f00] video frame properties congruent with link at pts_time: 0
[Parsed_fps_0 @ 0x7f44a4001800] Set first pts to 0
[in#0/mov,mp4,m4a,3gp,3g2,mj2 @ 0x564743ae6240] EOF while reading input
[in#0/mov,mp4,m4a,3gp,3g2,mj2 @ 0x564743ae6240] Terminating thread with return code 0 (success)
Output #0, framehash, to 'pipe:1':
  Metadata:
    major_brand     : mp42
    minor_version   : 1
    compatible_brands: mp42avc1
    encoder         : Lavf61.7.103
  Stream #0:0(eng): Video: rawvideo, 1 reference frame (I420 / 0x30323449), yuv420p(tv, smpte170m/smpte170m/bt709, progressive, topleft), 640x360, q=2-31, 33177 kb/s, 12 fps, 12 tbn (default)
      Metadata:
        creation_time   : 2010-02-09T01:55:39.000000Z
        handler_name    : Apple Video Media Handler
        vendor_id       : [0][0][0][0]
        encoder         : Lavc61.19.101 rawvideo
[out#0/framehash @ 0x564743b0f300] Starting thread...
[vist#0:1/h264 @ 0x564743afc200] [dec:h264 @ 0x564743bb1740] Decoder thread received EOF packet
[vist#0:1/h264 @ 0x564743afc200] [dec:h264 @ 0x564743bb1740] Decoder returned EOF, finishing
[vist#0:1/h264 @ 0x564743afc200] [dec:h264 @ 0x564743bb1740] Terminating thread with return code 0 (success)
[vf#0:0 @ 0x564743bb61c0] All consumers returned EOF
[Parsed_fps_0 @ 0x7f44a4001800] 1440 frames in, 721 frames out; 719 frames dropped, 0 frames duplicated.
[vf#0:0 @ 0x564743bb61c0] Terminating thread with return code 0 (success)
[vost#0:0/rawvideo @ 0x564743b08440] Encoder thread received EOF
[vost#0:0/rawvideo @ 0x564743b08440] Terminating thread with return code 0 (success)
[out#0/framehash @ 0x564743b0f300] All streams finished
[out#0/framehash @ 0x564743b0f300] Terminating thread with return code 0 (success)
[AVIOContext @ 0x564743bb3480] Statistics: 553 bytes written, 0 seeks, 4 writeouts
[out#0/framehash @ 0x564743b0f300] Output file #0 (pipe:1):
[out#0/framehash @ 0x564743b0f300]   Output stream #0:0 (video): 3 frames encoded; 3 packets muxed (1036800 bytes); 
[out#0/framehash @ 0x564743b0f300]   Total: 3 packets (1036800 bytes) muxed
[out#0/framehash @ 0x564743b0f300] video:1012KiB audio:0KiB subtitle:0KiB other streams:0KiB global headers:0KiB muxing overhead: unknown
frame=    3 fps=0.0 q=-0.0 Lsize=       1KiB time=00:01:00.08 bitrate=   0.1kbits/s speed=96.4x    
bench: utime=0.607s stime=0.057s rtime=0.623s
bench: maxrss=42256KiB
[in#0/mov,mp4,m4a,3gp,3g2,mj2 @ 0x564743ae6240] Input file #0 (/tmp/video-estimation-research/bunny.mp4):
[in#0/mov,mp4,m4a,3gp,3g2,mj2 @ 0x564743ae6240]   Input stream #0:1 (video): 1440 packets read (4598601 bytes); 1440 frames decoded; 0 decode errors; 
[in#0/mov,mp4,m4a,3gp,3g2,mj2 @ 0x564743ae6240]   Total: 1440 packets (4598601 bytes) demuxed
[AVIOContext @ 0x564743aeec80] Statistics: 5510872 bytes read, 0 seeks
