[h264 @ 0x55e906904940] Reinit context to 256x144, pix_fmt: yuv420p
Input #0, matroska,webm, from '/workspace/video-export-size-estimation/results/fps-seek-study-2026-10-03/sources/bunny-derived-cfr2997.mkv':
  Metadata:
    COMPATIBLE_BRANDS: mp42avc1
    MAJOR_BRAND     : mp42
    MINOR_VERSION   : 1
    ENCODER         : Lavf61.7.103
  Duration: 00:00:19.39, start: 0.000000, bitrate: 1712 kb/s
  Stream #0:0(eng): Video: h264 (High 4:4:4 Predictive), 1 reference frame, yuv420p(tv, smpte170m/smpte170m/bt709, progressive, topleft), 256x144, 29.97 fps, 29.97 tbr, 1k tbn (default)
      Metadata:
        HANDLER_NAME    : Apple Video Media Handler
        VENDOR_ID       : [0][0][0][0]
        ENCODER         : Lavc61.19.101 libx264
        DURATION        : 00:00:19.386000000
[out#0/framehash @ 0x55e9069bb380] Adding streams from explicit maps...
[vost#0:0/rawvideo @ 0x55e9069bb800] Created video stream from input stream 0:0
[Parsed_fps_0 @ 0x55e9069858c0] 0 frames in, 0 frames out; 0 frames dropped, 0 frames duplicated.
Stream mapping:
  Stream #0:0 -> #0:0 (h264 (native) -> rawvideo (native))
[vost#0:0/rawvideo @ 0x55e9069bb800] Starting thread...
[vf#0:0 @ 0x55e9069bb740] Starting thread...
[vist#0:0/h264 @ 0x55e9069831c0] [dec:h264 @ 0x55e906905a80] Starting thread...
[in#0/matroska,webm @ 0x55e906902280] Starting thread...
[h264 @ 0x55e90697fd40] Reinit context to 256x144, pix_fmt: yuv420p
[graph -1 input from stream 0:0 @ 0x7fa81c002180] w:256 h:144 pixfmt:yuv420p tb:1/1000 fr:30000/1001 sar:0/1 csp:smpte170m range:tv
[Parsed_fps_0 @ 0x7fa81c001780] fps=12/1
[Parsed_fps_0 @ 0x7fa81c001780] TB:0.083333 FRAME_RATE:12.000000 SAMPLE_RATE:nan
[graph -1 input from stream 0:0 @ 0x7fa81c002180] video frame properties congruent with link at pts_time: -0.167
[Parsed_fps_0 @ 0x7fa81c001780] Set first pts to 0
Output #0, framehash, to 'pipe:1':
  Metadata:
    COMPATIBLE_BRANDS: mp42avc1
    MAJOR_BRAND     : mp42
    MINOR_VERSION   : 1
    encoder         : Lavf61.7.103
  Stream #0:0(eng): Video: rawvideo, 1 reference frame (I420 / 0x30323449), yuv420p(tv, smpte170m/smpte170m/bt709, progressive, topleft), 256x144, q=2-31, 5308 kb/s, 12 tbn (default)
      Metadata:
        HANDLER_NAME    : Apple Video Media Handler
        VENDOR_ID       : [0][0][0][0]
        DURATION        : 00:00:19.386000000
        encoder         : Lavc61.19.101 rawvideo
[out#0/framehash @ 0x55e9069bb380] Starting thread...
[vf#0:0 @ 0x55e9069bb740] All consumers returned EOF
[Parsed_fps_0 @ 0x7fa81c001780] 8 frames in, 3 frames out; 5 frames dropped, 0 frames duplicated.
[vf#0:0 @ 0x55e9069bb740] Terminating thread with return code 0 (success)
[vost#0:0/rawvideo @ 0x55e9069bb800] Encoder thread received EOF
[vost#0:0/rawvideo @ 0x55e9069bb800] Terminating thread with return code 0 (success)
[vist#0:0/h264 @ 0x55e9069831c0] [dec:h264 @ 0x55e906905a80] Decoder returned EOF, finishing
[vist#0:0/h264 @ 0x55e9069831c0] [dec:h264 @ 0x55e906905a80] Terminating thread with return code 0 (success)
[vist#0:0/h264 @ 0x55e9069831c0] All consumers of this stream are done
[in#0/matroska,webm @ 0x55e906902280] All consumers are done
[in#0/matroska,webm @ 0x55e906902280] Terminating thread with return code 0 (success)
[out#0/framehash @ 0x55e9069bb380] All streams finished
[out#0/framehash @ 0x55e9069bb380] Terminating thread with return code 0 (success)
[AVIOContext @ 0x55e906981040] Statistics: 553 bytes written, 0 seeks, 4 writeouts
[out#0/framehash @ 0x55e9069bb380] Output file #0 (pipe:1):
[out#0/framehash @ 0x55e9069bb380]   Output stream #0:0 (video): 3 frames encoded; 3 packets muxed (165888 bytes); 
[out#0/framehash @ 0x55e9069bb380]   Total: 3 packets (165888 bytes) muxed
[out#0/framehash @ 0x55e9069bb380] video:162KiB audio:0KiB subtitle:0KiB other streams:0KiB global headers:0KiB muxing overhead: unknown
frame=    3 fps=0.0 q=-0.0 Lsize=       1KiB time=00:00:00.33 bitrate=  13.3kbits/s speed=  55x    
bench: utime=0.004s stime=0.004s rtime=0.007s
bench: maxrss=36252KiB
[in#0/matroska,webm @ 0x55e906902280] Input file #0 (/workspace/video-export-size-estimation/results/fps-seek-study-2026-10-03/sources/bunny-derived-cfr2997.mkv):
[in#0/matroska,webm @ 0x55e906902280]   Input stream #0:0 (video): 24 packets read (52083 bytes); 15 frames decoded; 0 decode errors; 
[in#0/matroska,webm @ 0x55e906902280]   Total: 24 packets (52083 bytes) demuxed
[AVIOContext @ 0x55e90690ad00] Statistics: 131383 bytes read, 3 seeks
