Splitting the commandline.
Reading option '-hide_banner' ... matched as option 'hide_banner' (do not show program banner) with argument '1'.
Reading option '-loglevel' ... matched as option 'loglevel' (set logging level) with argument 'debug'.
Reading option '-nostdin' ... matched as option 'stdin' (enable or disable interaction on standard input) with argument 0.
Reading option '-xerror' ... matched as option 'xerror' (exit on error) with argument '1'.
Reading option '-benchmark' ... matched as option 'benchmark' (add timings for benchmarking) with argument '1'.
Reading option '-threads' ... matched as AVOption 'threads' with argument '1'.
Reading option '-filter_threads' ... matched as option 'filter_threads' (number of non-complex filter threads) with argument '1'.
Reading option '-filter_complex_threads' ... matched as option 'filter_complex_threads' (number of threads for -filter_complex) with argument '1'.
Reading option '-ss' ... matched as option 'ss' (start transcoding at specified time) with argument '24.354000'.
Reading option '-copyts' ... matched as option 'copyts' (copy timestamps) with argument '1'.
Reading option '-start_at_zero' ... matched as option 'start_at_zero' (shift input timestamps to start at 0 when using copyts) with argument '1'.
Reading option '-i' ... matched as input url with argument '/workspace/video-export-size-estimation/results/fps-seek-study-2026-10-03/sources/bunny-derived-vfr-delayed-video.mkv'.
Reading option '-map' ... matched as option 'map' (set input stream mapping) with argument '0:v:0'.
Reading option '-an' ... matched as option 'an' (disable audio) with argument '1'.
Reading option '-sn' ... matched as option 'sn' (disable subtitle) with argument '1'.
Reading option '-dn' ... matched as option 'dn' (disable data) with argument '1'.
Reading option '-vf' ... matched as option 'vf' (alias for -filter:v (apply filters to video streams)) with argument 'showinfo,fps=30000/1001'.
Reading option '-fps_mode' ... matched as option 'fps_mode' (set framerate mode for matching video streams; overrides vsync) with argument 'passthrough'.
Reading option '-c:v' ... matched as option 'c' (select encoder/decoder ('copy' to copy stream without reencoding)) with argument 'rawvideo'.
Reading option '-threads' ... matched as AVOption 'threads' with argument '1'.
Reading option '-pix_fmt' ... matched as option 'pix_fmt' (set pixel format) with argument 'yuv420p'.
Reading option '-enc_time_base' ... matched as option 'enc_time_base' (set the desired time base for the encoder (1:24, 1:48000 or 0.04166, 2.0833e-5). two special values are defined - 0 = use frame rate (video) or sample rate (audio),-1 = match source time base) with argument '1001/30000'.
Reading option '-f' ... matched as option 'f' (force container format (auto-detected otherwise)) with argument 'framehash'.
Reading option '-hash' ... matched as AVOption 'hash' with argument 'sha256'.
Reading option 'pipe:1' ... matched as output url.
Finished splitting the commandline.
Parsing a group of options: global .
Applying option hide_banner (do not show program banner) with argument 1.
Applying option loglevel (set logging level) with argument debug.
Applying option nostdin (enable or disable interaction on standard input) with argument 0.
Applying option xerror (exit on error) with argument 1.
Applying option benchmark (add timings for benchmarking) with argument 1.
Applying option filter_threads (number of non-complex filter threads) with argument 1.
Applying option filter_complex_threads (number of threads for -filter_complex) with argument 1.
Applying option copyts (copy timestamps) with argument 1.
Applying option start_at_zero (shift input timestamps to start at 0 when using copyts) with argument 1.
Successfully parsed a group of options.
Parsing a group of options: input url /workspace/video-export-size-estimation/results/fps-seek-study-2026-10-03/sources/bunny-derived-vfr-delayed-video.mkv.
Applying option ss (start transcoding at specified time) with argument 24.354000.
Successfully parsed a group of options.
Opening an input file: /workspace/video-export-size-estimation/results/fps-seek-study-2026-10-03/sources/bunny-derived-vfr-delayed-video.mkv.
[AVFormatContext @ 0x5611c9823540] Opening '/workspace/video-export-size-estimation/results/fps-seek-study-2026-10-03/sources/bunny-derived-vfr-delayed-video.mkv' for reading
[file @ 0x5611c9823b40] Setting default whitelist 'file,crypto,data'
[matroska,webm @ 0x5611c9823540] Format matroska,webm probed with size=2048 and score=100
st:0 removing common factor 1000000 from timebase
st:1 removing common factor 1000000 from timebase
[matroska,webm @ 0x5611c9823540] Before avformat_find_stream_info() pos: 940 bytes read:32768 seeks:0 nb_streams:2
[h264 @ 0x5611c9826400] nal_unit_type: 7(SPS), nal_ref_idc: 3
[h264 @ 0x5611c9826400] Decoding VUI
[h264 @ 0x5611c9826400] nal_unit_type: 8(PPS), nal_ref_idc: 3
Transform tree:
    mdct_inv_float_avx2 - type: mdct_float, len: 64, factors[2]: [2, any], flags: [aligned, out_of_place, inv_only]
        fft32_asm_float_fma3 - type: fft_float, len: 32, factor: 2, flags: [aligned, inplace, out_of_place, preshuf, asm_call]
Transform tree:
    mdct_inv_float_avx2 - type: mdct_float, len: 64, factors[2]: [2, any], flags: [aligned, out_of_place, inv_only]
        fft32_asm_float_fma3 - type: fft_float, len: 32, factor: 2, flags: [aligned, inplace, out_of_place, preshuf, asm_call]
Transform tree:
    mdct_pfa_3xM_inv_float_c - type: mdct_float, len: 96, factors[2]: [3, any], flags: [unaligned, out_of_place, inv_only]
        fft16_ns_float_fma3 - type: fft_float, len: 16, factor: 2, flags: [aligned, inplace, out_of_place, preshuf]
Transform tree:
    mdct_inv_float_avx2 - type: mdct_float, len: 120, factors[2]: [2, any], flags: [aligned, out_of_place, inv_only]
        fft_pfa_15xM_asm_float_avx2 - type: fft_float, len: 60, factors[2]: [15, 2], flags: [aligned, inplace, out_of_place, preshuf, asm_call]
            fft4_fwd_asm_float_sse2 - type: fft_float, len: 4, factor: 2, flags: [aligned, inplace, out_of_place, preshuf, asm_call]
Transform tree:
    mdct_inv_float_avx2 - type: mdct_float, len: 128, factors[2]: [2, any], flags: [aligned, out_of_place, inv_only]
        fft_sr_asm_float_avx2 - type: fft_float, len: 64, factor: 2, flags: [aligned, inplace, out_of_place, preshuf, asm_call]
Transform tree:
    mdct_inv_float_avx2 - type: mdct_float, len: 480, factors[2]: [2, any], flags: [aligned, out_of_place, inv_only]
        fft_pfa_15xM_asm_float_avx2 - type: fft_float, len: 240, factors[2]: [15, 2], flags: [aligned, inplace, out_of_place, preshuf, asm_call]
            fft16_asm_float_fma3 - type: fft_float, len: 16, factor: 2, flags: [aligned, inplace, out_of_place, preshuf, asm_call]
Transform tree:
    mdct_inv_float_avx2 - type: mdct_float, len: 512, factors[2]: [2, any], flags: [aligned, out_of_place, inv_only]
        fft_sr_asm_float_avx2 - type: fft_float, len: 256, factor: 2, flags: [aligned, inplace, out_of_place, preshuf, asm_call]
Transform tree:
    mdct_pfa_3xM_inv_float_c - type: mdct_float, len: 768, factors[2]: [3, any], flags: [unaligned, out_of_place, inv_only]
        fft_sr_ns_float_avx2 - type: fft_float, len: 128, factor: 2, flags: [aligned, inplace, out_of_place, preshuf]
Transform tree:
    mdct_inv_float_avx2 - type: mdct_float, len: 960, factors[2]: [2, any], flags: [aligned, out_of_place, inv_only]
        fft_pfa_15xM_asm_float_avx2 - type: fft_float, len: 480, factors[2]: [15, 2], flags: [aligned, inplace, out_of_place, preshuf, asm_call]
            fft32_asm_float_fma3 - type: fft_float, len: 32, factor: 2, flags: [aligned, inplace, out_of_place, preshuf, asm_call]
Transform tree:
    mdct_inv_float_avx2 - type: mdct_float, len: 1024, factors[2]: [2, any], flags: [aligned, out_of_place, inv_only]
        fft_sr_asm_float_avx2 - type: fft_float, len: 512, factor: 2, flags: [aligned, inplace, out_of_place, preshuf, asm_call]
Transform tree:
    mdct_fwd_float_c - type: mdct_float, len: 1024, factors[2]: [2, any], flags: [unaligned, out_of_place, fwd_only]
        fft_sr_ns_float_avx2 - type: fft_float, len: 512, factor: 2, flags: [aligned, inplace, out_of_place, preshuf]
[matroska,webm @ 0x5611c9823540] max_analyze_duration 5000000 reached at 5019000 microseconds st:1
[matroska,webm @ 0x5611c9823540] Could not find codec parameters for stream 0 (Video: h264, 1 reference frame, none(tv, smpte170m/smpte170m/bt709, progressive, topleft), 256x144, 0/1): unspecified pixel format
Consider increasing the value for the 'analyzeduration' (0) and 'probesize' (5000000) options
[matroska,webm @ 0x5611c9823540] After avformat_find_stream_info() pos: 3405 bytes read:32768 seeks:0 frames:241
Input #0, matroska,webm, from '/workspace/video-export-size-estimation/results/fps-seek-study-2026-10-03/sources/bunny-derived-vfr-delayed-video.mkv':
  Metadata:
    MINOR_VERSION   : 1
    COMPATIBLE_BRANDS: mp42avc1
    MAJOR_BRAND     : mp42
    ENCODER         : Lavf61.7.103
  Duration: 00:00:25.02, start: -0.021000, bitrate: 812 kb/s
  Stream #0:0(eng), 0, 1/1000: Video: h264, 1 reference frame, none(tv, smpte170m/smpte170m/bt709, progressive, topleft), 256x144, 0/1, 24 fps, 24 tbr, 1k tbn (default)
      Metadata:
        HANDLER_NAME    : Apple Video Media Handler
        VENDOR_ID       : [0][0][0][0]
        ENCODER         : Lavc61.19.101 libx264
        DURATION        : 00:00:24.499000000
  Stream #0:1, 241, 1/1000: Audio: aac (LC), 48000 Hz, mono, fltp, delay 1024
      Metadata:
        ENCODER         : Lavc61.19.101 aac
        DURATION        : 00:00:25.021000000
Successfully opened the file.
Parsing a group of options: output url pipe:1.
Applying option map (set input stream mapping) with argument 0:v:0.
Applying option an (disable audio) with argument 1.
Applying option sn (disable subtitle) with argument 1.
Applying option dn (disable data) with argument 1.
Applying option vf (alias for -filter:v (apply filters to video streams)) with argument showinfo,fps=30000/1001.
Applying option fps_mode (set framerate mode for matching video streams; overrides vsync) with argument passthrough.
Applying option c:v (select encoder/decoder ('copy' to copy stream without reencoding)) with argument rawvideo.
Applying option pix_fmt (set pixel format) with argument yuv420p.
Applying option enc_time_base (set the desired time base for the encoder (1:24, 1:48000 or 0.04166, 2.0833e-5). two special values are defined - 0 = use frame rate (video) or sample rate (audio),-1 = match source time base) with argument 1001/30000.
Applying option f (force container format (auto-detected otherwise)) with argument framehash.
Successfully parsed a group of options.
Opening an output file: pipe:1.
[out#0/framehash @ 0x5611c98a81c0] Adding streams from explicit maps...
[vost#0:0/rawvideo @ 0x5611c9879a00] Created video stream from input stream 0:0
[AVFilterGraph @ 0x5611c9879640] Setting 'fps' to value '30000/1001'
[Parsed_fps_1 @ 0x5611c9879900] 0 frames in, 0 frames out; 0 frames dropped, 0 frames duplicated.
[h264 @ 0x5611c98a7c00] nal_unit_type: 7(SPS), nal_ref_idc: 3
[h264 @ 0x5611c98a7c00] Decoding VUI
[h264 @ 0x5611c98a7c00] nal_unit_type: 8(PPS), nal_ref_idc: 3
[pipe @ 0x5611c98a9400] Setting default whitelist 'crypto,data'
Successfully opened the file.
Stream mapping:
  Stream #0:0 -> #0:0 (h264 (native) -> rawvideo (native))
[vost#0:0/rawvideo @ 0x5611c9879a00] Starting thread...
[vf#0:0 @ 0x5611c9892a00] Starting thread...
[vist#0:0/h264 @ 0x5611c98806c0] [dec:h264 @ 0x5611c98a7900] Starting thread...
[in#0/matroska,webm @ 0x5611c9823280] Starting thread...
[h264 @ 0x5611c98a8400] nal_unit_type: 7(SPS), nal_ref_idc: 3
[h264 @ 0x5611c98a8400] Decoding VUI
[h264 @ 0x5611c98a8400] nal_unit_type: 8(PPS), nal_ref_idc: 3
[h264 @ 0x5611c98a7c00] nal_unit_type: 5(IDR), nal_ref_idc: 3
[h264 @ 0x5611c98a7c00] Format yuv420p chosen by get_format().
[h264 @ 0x5611c98a7c00] Reinit context to 256x144, pix_fmt: yuv420p
[h264 @ 0x5611c98a7c00] nal_unit_type: 1(Coded slice of a non-IDR picture), nal_ref_idc: 2
[AVFilterGraph @ 0x7fad98001000] Setting 'fps' to value '30000/1001'
[graph -1 input from stream 0:0 @ 0x7fad98001e00] Setting 'video_size' to value '256x144'
[graph -1 input from stream 0:0 @ 0x7fad98001e00] Setting 'pix_fmt' to value '0'
[graph -1 input from stream 0:0 @ 0x7fad98001e00] Setting 'time_base' to value '1/1000'
[graph -1 input from stream 0:0 @ 0x7fad98001e00] Setting 'pixel_aspect' to value '0/1'
[graph -1 input from stream 0:0 @ 0x7fad98001e00] Setting 'colorspace' to value '6'
[graph -1 input from stream 0:0 @ 0x7fad98001e00] Setting 'range' to value '1'
[graph -1 input from stream 0:0 @ 0x7fad98001e00] Setting 'frame_rate' to value '24/1'
[graph -1 input from stream 0:0 @ 0x7fad98001e00] w:256 h:144 pixfmt:yuv420p tb:1/1000 fr:24/1 sar:0/1 csp:smpte170m range:tv
[format @ 0x7fad98002c00] Setting 'pix_fmts' to value 'yuv420p'
[h264 @ 0x5611c98a7c00] nal_unit_type: 1(Coded slice of a non-IDR picture), nal_ref_idc: 2
    Last message repeated 1 times
[AVFilterGraph @ 0x7fad98001000] query_formats: 6 queried, 15 merged, 0 already done, 0 delayed
[Parsed_showinfo_0 @ 0x7fad98001640] config in time_base: 1/1000, frame_rate: 24/1
[Parsed_showinfo_0 @ 0x7fad98001640] config out time_base: 0/0, frame_rate: 0/0
[Parsed_fps_1 @ 0x7fad98001880] fps=30000/1001
[graph -1 input from stream 0:0 @ 0x7fad98001e00] video frame properties congruent with link at pts_time: 23.229
[h264 @ 0x5611c98a7c00] nal_unit_type: 1(Coded slice of a non-IDR picture), nal_ref_idc: 2
    Last message repeated 14 times
[in#0/matroska,webm @ 0x5611c9823280] EOF while reading input
[in#0/matroska,webm @ 0x5611c9823280] Terminating thread with return code 0 (success)
[h264 @ 0x5611c98a7c00] nal_unit_type: 1(Coded slice of a non-IDR picture), nal_ref_idc: 2
    Last message repeated 5 times
[Parsed_showinfo_0 @ 0x7fad98001640] n:   0 pts:  24354 pts_time:24.354  duration:     41 duration_time:0.041   fmt:yuv420p cl:topleft sar:0/1 s:256x144 i:P iskey:0 type:P checksum:31B8B2D1 plane_checksum:[CC14C249 3AEF0046 9638F033] mean:[163 135 128] stdev:[37.2 20.5 12.6]
[Parsed_showinfo_0 @ 0x7fad98001640] color_range:tv color_space:smpte170m color_primaries:smpte170m color_trc:bt709
[Parsed_fps_1 @ 0x7fad98001880] Read frame with in pts 24354, out pts 730
[h264 @ 0x5611c98a7c00] nal_unit_type: 1(Coded slice of a non-IDR picture), nal_ref_idc: 2
[Parsed_showinfo_0 @ 0x7fad98001640] n:   1 pts:  24396 pts_time:24.396  duration:     41 duration_time:0.041   fmt:yuv420p cl:topleft sar:0/1 s:256x144 i:P iskey:0 type:P checksum:C484B320 plane_checksum:[0367C232 2C0E00AF B429F030] mean:[163 135 128] stdev:[37.2 20.5 12.6]
[Parsed_showinfo_0 @ 0x7fad98001640] color_range:tv color_space:smpte170m color_primaries:smpte170m color_trc:bt709
[Parsed_fps_1 @ 0x7fad98001880] Read frame with in pts 24396, out pts 731
[Parsed_fps_1 @ 0x7fad98001880] Set first pts to 730
[Parsed_fps_1 @ 0x7fad98001880] Writing frame with pts 730 to pts 730
[h264 @ 0x5611c98a7c00] nal_unit_type: 1(Coded slice of a non-IDR picture), nal_ref_idc: 2
Output #0, framehash, to 'pipe:1':
  Metadata:
    MINOR_VERSION   : 1
    COMPATIBLE_BRANDS: mp42avc1
    MAJOR_BRAND     : mp42
    encoder         : Lavf61.7.103
  Stream #0:0(eng), 0, 1001/30000: Video: rawvideo, 1 reference frame (I420 / 0x30323449), yuv420p(tv, smpte170m/smpte170m/bt709, progressive, topleft), 256x144, 0/1, q=2-31, 13257 kb/s, 29.97 fps, 29.97 tbn (default)
      Metadata:
        HANDLER_NAME    : Apple Video Media Handler
        VENDOR_ID       : [0][0][0][0]
        DURATION        : 00:00:24.499000000
        encoder         : Lavc61.19.101 rawvideo
[out#0/framehash @ 0x5611c98a81c0] Starting thread...
[vist#0:0/h264 @ 0x5611c98806c0] [dec:h264 @ 0x5611c98a7900] Decoder thread received EOF packet
[vist#0:0/h264 @ 0x5611c98806c0] [dec:h264 @ 0x5611c98a7900] Decoder returned EOF, finishing
[vist#0:0/h264 @ 0x5611c98806c0] [dec:h264 @ 0x5611c98a7900] Terminating thread with return code 0 (success)
[Parsed_showinfo_0 @ 0x7fad98001640] n:   2 pts:  24438 pts_time:24.438  duration:     41 duration_time:0.041   fmt:yuv420p cl:topleft sar:0/1 s:256x144 i:P iskey:0 type:P checksum:6A77B095 plane_checksum:[B78FBF19 F3AD0104 FE94F069] mean:[163 135 128] stdev:[37.2 20.5 12.6]
[Parsed_showinfo_0 @ 0x7fad98001640] color_range:tv color_space:smpte170m color_primaries:smpte170m color_trc:bt709
[Parsed_fps_1 @ 0x7fad98001880] Read frame with in pts 24438, out pts 732
[Parsed_fps_1 @ 0x7fad98001880] Writing frame with pts 731 to pts 731
[Parsed_showinfo_0 @ 0x7fad98001640] n:   3 pts:  24479 pts_time:24.479  duration:     41 duration_time:0.041   fmt:yuv420p cl:topleft sar:0/1 s:256x144 i:P iskey:0 type:P checksum:0B67ACDD plane_checksum:[3FA9BAE8 58870179 1761F06D] mean:[163 135 128] stdev:[37.2 20.5 12.6]
[Parsed_showinfo_0 @ 0x7fad98001640] color_range:tv color_space:smpte170m color_primaries:smpte170m color_trc:bt709
[Parsed_fps_1 @ 0x7fad98001880] Read frame with in pts 24479, out pts 734
[Parsed_fps_1 @ 0x7fad98001880] Writing frame with pts 732 to pts 732
[Parsed_fps_1 @ 0x7fad98001880] Writing frame with pts 732 to pts 733
[Parsed_fps_1 @ 0x7fad98001880] Duplicated frame with pts 732 1 times
[Parsed_fps_1 @ 0x7fad98001880] EOF is at pts 735
[Parsed_fps_1 @ 0x7fad98001880] Writing frame with pts 734 to pts 734
[out_#0:0 @ 0x7fad98002a00] EOF on sink link out_#0:0:default.
[vf#0:0 @ 0x5611c9892a00] Filtergraph returned EOF, finishing
[vf#0:0 @ 0x5611c9892a00] All consumers returned EOF
[Parsed_fps_1 @ 0x7fad98001880] 4 frames in, 5 frames out; 0 frames dropped, 1 frames duplicated.
[vf#0:0 @ 0x5611c9892a00] Terminating thread with return code 0 (success)
[vost#0:0/rawvideo @ 0x5611c9879a00] Encoder thread received EOF
[vost#0:0/rawvideo @ 0x5611c9879a00] Terminating thread with return code 0 (success)
[out#0/framehash @ 0x5611c98a81c0] All streams finished
[out#0/framehash @ 0x5611c98a81c0] Terminating thread with return code 0 (success)
[AVIOContext @ 0x5611c98951c0] Statistics: 783 bytes written, 0 seeks, 6 writeouts
[out#0/framehash @ 0x5611c98a81c0] Output file #0 (pipe:1):
[out#0/framehash @ 0x5611c98a81c0]   Output stream #0:0 (video): 5 frames encoded; 5 packets muxed (276480 bytes); 
[out#0/framehash @ 0x5611c98a81c0]   Total: 5 packets (276480 bytes) muxed
[out#0/framehash @ 0x5611c98a81c0] video:270KiB audio:0KiB subtitle:0KiB other streams:0KiB global headers:0KiB muxing overhead: unknown
frame=    5 fps=0.0 q=-0.0 Lsize=       1KiB time=00:00:00.00 bitrate=N/A speed=   0x    
bench: utime=0.012s stime=0.005s rtime=0.017s
bench: maxrss=36552KiB
[in#0/matroska,webm @ 0x5611c9823280] Input file #0 (/workspace/video-export-size-estimation/results/fps-seek-study-2026-10-03/sources/bunny-derived-vfr-delayed-video.mkv):
[in#0/matroska,webm @ 0x5611c9823280]   Input stream #0:0 (video): 27 packets read (111503 bytes); 27 frames decoded; 0 decode errors; 
[in#0/matroska,webm @ 0x5611c9823280]   Total: 27 packets (111503 bytes) demuxed
[AVIOContext @ 0x5611c982bd00] Statistics: 258710 bytes read, 4 seeks
