Splitting the commandline.
Reading option '-hide_banner' ... matched as option 'hide_banner' (do not show program banner) with argument '1'.
Reading option '-loglevel' ... matched as option 'loglevel' (set logging level) with argument 'debug'.
Reading option '-nostdin' ... matched as option 'stdin' (enable or disable interaction on standard input) with argument 0.
Reading option '-xerror' ... matched as option 'xerror' (exit on error) with argument '1'.
Reading option '-benchmark' ... matched as option 'benchmark' (add timings for benchmarking) with argument '1'.
Reading option '-threads' ... matched as AVOption 'threads' with argument '1'.
Reading option '-filter_threads' ... matched as option 'filter_threads' (number of non-complex filter threads) with argument '1'.
Reading option '-filter_complex_threads' ... matched as option 'filter_complex_threads' (number of threads for -filter_complex) with argument '1'.
Reading option '-ss' ... matched as option 'ss' (start transcoding at specified time) with argument '19.208000'.
Reading option '-copyts' ... matched as option 'copyts' (copy timestamps) with argument '1'.
Reading option '-start_at_zero' ... matched as option 'start_at_zero' (shift input timestamps to start at 0 when using copyts) with argument '1'.
Reading option '-i' ... matched as input url with argument '/workspace/video-export-size-estimation/results/fps-seek-study-2026-10-03/sources/bunny-derived-vfr-gap.mkv'.
Reading option '-map' ... matched as option 'map' (set input stream mapping) with argument '0:v:0'.
Reading option '-an' ... matched as option 'an' (disable audio) with argument '1'.
Reading option '-sn' ... matched as option 'sn' (disable subtitle) with argument '1'.
Reading option '-dn' ... matched as option 'dn' (disable data) with argument '1'.
Reading option '-vf' ... matched as option 'vf' (alias for -filter:v (apply filters to video streams)) with argument 'showinfo,fps=12'.
Reading option '-fps_mode' ... matched as option 'fps_mode' (set framerate mode for matching video streams; overrides vsync) with argument 'passthrough'.
Reading option '-c:v' ... matched as option 'c' (select encoder/decoder ('copy' to copy stream without reencoding)) with argument 'rawvideo'.
Reading option '-threads' ... matched as AVOption 'threads' with argument '1'.
Reading option '-pix_fmt' ... matched as option 'pix_fmt' (set pixel format) with argument 'yuv420p'.
Reading option '-enc_time_base' ... matched as option 'enc_time_base' (set the desired time base for the encoder (1:24, 1:48000 or 0.04166, 2.0833e-5). two special values are defined - 0 = use frame rate (video) or sample rate (audio),-1 = match source time base) with argument '1/12'.
Reading option '-f' ... matched as option 'f' (force container format (auto-detected otherwise)) with argument 'framehash'.
Reading option '-hash' ... matched as AVOption 'hash' with argument 'sha256'.
Reading option 'pipe:1' ... matched as output url.
Finished splitting the commandline.
Parsing a group of options: global .
Applying option hide_banner (do not show program banner) with argument 1.
Applying option loglevel (set logging level) with argument debug.
Applying option nostdin (enable or disable interaction on standard input) with argument 0.
Applying option xerror (exit on error) with argument 1.
Applying option benchmark (add timings for benchmarking) with argument 1.
Applying option filter_threads (number of non-complex filter threads) with argument 1.
Applying option filter_complex_threads (number of threads for -filter_complex) with argument 1.
Applying option copyts (copy timestamps) with argument 1.
Applying option start_at_zero (shift input timestamps to start at 0 when using copyts) with argument 1.
Successfully parsed a group of options.
Parsing a group of options: input url /workspace/video-export-size-estimation/results/fps-seek-study-2026-10-03/sources/bunny-derived-vfr-gap.mkv.
Applying option ss (start transcoding at specified time) with argument 19.208000.
Successfully parsed a group of options.
Opening an input file: /workspace/video-export-size-estimation/results/fps-seek-study-2026-10-03/sources/bunny-derived-vfr-gap.mkv.
[AVFormatContext @ 0x564c14a11540] Opening '/workspace/video-export-size-estimation/results/fps-seek-study-2026-10-03/sources/bunny-derived-vfr-gap.mkv' for reading
[file @ 0x564c14a11b40] Setting default whitelist 'file,crypto,data'
[matroska,webm @ 0x564c14a11540] Format matroska,webm probed with size=2048 and score=100
st:0 removing common factor 1000000 from timebase
[matroska,webm @ 0x564c14a11540] Before avformat_find_stream_info() pos: 770 bytes read:32768 seeks:0 nb_streams:1
[h264 @ 0x564c14a13940] nal_unit_type: 7(SPS), nal_ref_idc: 3
[h264 @ 0x564c14a13940] Decoding VUI
[h264 @ 0x564c14a13940] nal_unit_type: 8(PPS), nal_ref_idc: 3
[h264 @ 0x564c14a13940] nal_unit_type: 7(SPS), nal_ref_idc: 3
[h264 @ 0x564c14a13940] Decoding VUI
[h264 @ 0x564c14a13940] nal_unit_type: 8(PPS), nal_ref_idc: 3
[h264 @ 0x564c14a13940] nal_unit_type: 6(SEI), nal_ref_idc: 0
[h264 @ 0x564c14a13940] nal_unit_type: 5(IDR), nal_ref_idc: 3
[h264 @ 0x564c14a13940] Format yuv420p chosen by get_format().
[h264 @ 0x564c14a13940] Reinit context to 256x144, pix_fmt: yuv420p
[h264 @ 0x564c14a13940] nal_unit_type: 1(Coded slice of a non-IDR picture), nal_ref_idc: 2
    Last message repeated 4 times
[h264 @ 0x564c14a13940] nal_unit_type: 5(IDR), nal_ref_idc: 3
[matroska,webm @ 0x564c14a11540] All info found
[matroska,webm @ 0x564c14a11540] After avformat_find_stream_info() pos: 36476 bytes read:65536 seeks:0 frames:8
Input #0, matroska,webm, from '/workspace/video-export-size-estimation/results/fps-seek-study-2026-10-03/sources/bunny-derived-vfr-gap.mkv':
  Metadata:
    COMPATIBLE_BRANDS: mp42avc1
    MAJOR_BRAND     : mp42
    MINOR_VERSION   : 1
    ENCODER         : Lavf61.7.103
  Duration: 00:00:19.38, start: 0.000000, bitrate: 1043 kb/s
  Stream #0:0(eng), 8, 1/1000: Video: h264 (High 4:4:4 Predictive), 1 reference frame, yuv420p(tv, smpte170m/smpte170m/bt709, progressive, topleft), 256x144, 0/1, 24 fps, 24 tbr, 1k tbn (default)
      Metadata:
        HANDLER_NAME    : Apple Video Media Handler
        VENDOR_ID       : [0][0][0][0]
        ENCODER         : Lavc61.19.101 libx264
        DURATION        : 00:00:19.375000000
Successfully opened the file.
Parsing a group of options: output url pipe:1.
Applying option map (set input stream mapping) with argument 0:v:0.
Applying option an (disable audio) with argument 1.
Applying option sn (disable subtitle) with argument 1.
Applying option dn (disable data) with argument 1.
Applying option vf (alias for -filter:v (apply filters to video streams)) with argument showinfo,fps=12.
Applying option fps_mode (set framerate mode for matching video streams; overrides vsync) with argument passthrough.
Applying option c:v (select encoder/decoder ('copy' to copy stream without reencoding)) with argument rawvideo.
Applying option pix_fmt (set pixel format) with argument yuv420p.
Applying option enc_time_base (set the desired time base for the encoder (1:24, 1:48000 or 0.04166, 2.0833e-5). two special values are defined - 0 = use frame rate (video) or sample rate (audio),-1 = match source time base) with argument 1/12.
Applying option f (force container format (auto-detected otherwise)) with argument framehash.
Successfully parsed a group of options.
Opening an output file: pipe:1.
[out#0/framehash @ 0x564c14aca380] Adding streams from explicit maps...
[vost#0:0/rawvideo @ 0x564c14a95d40] Created video stream from input stream 0:0
[AVFilterGraph @ 0x564c14a13d00] Setting 'fps' to value '12'
[Parsed_fps_1 @ 0x564c149bdb00] 0 frames in, 0 frames out; 0 frames dropped, 0 frames duplicated.
[h264 @ 0x564c14a147c0] nal_unit_type: 7(SPS), nal_ref_idc: 3
[h264 @ 0x564c14a147c0] Decoding VUI
[h264 @ 0x564c14a147c0] nal_unit_type: 8(PPS), nal_ref_idc: 3
[pipe @ 0x564c14ac9d00] Setting default whitelist 'crypto,data'
Successfully opened the file.
Stream mapping:
  Stream #0:0 -> #0:0 (h264 (native) -> rawvideo (native))
[vost#0:0/rawvideo @ 0x564c14a95d40] Starting thread...
[vf#0:0 @ 0x564c14a15740] Starting thread...
[vist#0:0/h264 @ 0x564c14a921c0] [dec:h264 @ 0x564c14a14440] Starting thread...
[in#0/matroska,webm @ 0x564c14a11280] Starting thread...
[h264 @ 0x564c14acc780] nal_unit_type: 7(SPS), nal_ref_idc: 3
[h264 @ 0x564c14acc780] Decoding VUI
[h264 @ 0x564c14acc780] nal_unit_type: 8(PPS), nal_ref_idc: 3
[h264 @ 0x564c14a147c0] nal_unit_type: 5(IDR), nal_ref_idc: 3
[h264 @ 0x564c14a147c0] Format yuv420p chosen by get_format().
[h264 @ 0x564c14a147c0] Reinit context to 256x144, pix_fmt: yuv420p
[h264 @ 0x564c14a147c0] nal_unit_type: 1(Coded slice of a non-IDR picture), nal_ref_idc: 2
[AVFilterGraph @ 0x7f872c001000] Setting 'fps' to value '12'
[graph -1 input from stream 0:0 @ 0x7f872c001e00] Setting 'video_size' to value '256x144'
[graph -1 input from stream 0:0 @ 0x7f872c001e00] Setting 'pix_fmt' to value '0'
[graph -1 input from stream 0:0 @ 0x7f872c001e00] Setting 'time_base' to value '1/1000'
[graph -1 input from stream 0:0 @ 0x7f872c001e00] Setting 'pixel_aspect' to value '0/1'
[graph -1 input from stream 0:0 @ 0x7f872c001e00] Setting 'colorspace' to value '6'
[graph -1 input from stream 0:0 @ 0x7f872c001e00] Setting 'range' to value '1'
[graph -1 input from stream 0:0 @ 0x7f872c001e00] Setting 'frame_rate' to value '24/1'
[graph -1 input from stream 0:0 @ 0x7f872c001e00] w:256 h:144 pixfmt:yuv420p tb:1/1000 fr:24/1 sar:0/1 csp:smpte170m range:tv
[format @ 0x7f872c002c00] Setting 'pix_fmts' to value 'yuv420p'
[h264 @ 0x564c14a147c0] nal_unit_type: 1(Coded slice of a non-IDR picture), nal_ref_idc: 2
[AVFilterGraph @ 0x7f872c001000] query_formats: 6 queried, 15 merged, 0 already done, 0 delayed
[Parsed_showinfo_0 @ 0x7f872c001640] config in time_base: 1/1000, frame_rate: 24/1
[Parsed_showinfo_0 @ 0x7f872c001640] config out time_base: 0/0, frame_rate: 0/0
[Parsed_fps_1 @ 0x7f872c001880] fps=12/1
[graph -1 input from stream 0:0 @ 0x7f872c001e00] video frame properties congruent with link at pts_time: 18.083
[h264 @ 0x564c14a147c0] nal_unit_type: 1(Coded slice of a non-IDR picture), nal_ref_idc: 2
    Last message repeated 15 times
[in#0/matroska,webm @ 0x564c14a11280] EOF while reading input
[in#0/matroska,webm @ 0x564c14a11280] Terminating thread with return code 0 (success)
[h264 @ 0x564c14a147c0] nal_unit_type: 1(Coded slice of a non-IDR picture), nal_ref_idc: 2
    Last message repeated 5 times
[Parsed_showinfo_0 @ 0x7f872c001640] n:   0 pts:  19208 pts_time:19.208  duration:     41 duration_time:0.041   fmt:yuv420p cl:topleft sar:0/1 s:256x144 i:P iskey:0 type:P checksum:31B8B2D1 plane_checksum:[CC14C249 3AEF0046 9638F033] mean:[163 135 128] stdev:[37.2 20.5 12.6]
[Parsed_showinfo_0 @ 0x7f872c001640] color_range:tv color_space:smpte170m color_primaries:smpte170m color_trc:bt709
[Parsed_fps_1 @ 0x7f872c001880] Read frame with in pts 19208, out pts 230
[h264 @ 0x564c14a147c0] nal_unit_type: 1(Coded slice of a non-IDR picture), nal_ref_idc: 2
[Parsed_showinfo_0 @ 0x7f872c001640] n:   1 pts:  19250 pts_time:19.25   duration:     41 duration_time:0.041   fmt:yuv420p cl:topleft sar:0/1 s:256x144 i:P iskey:0 type:P checksum:C484B320 plane_checksum:[0367C232 2C0E00AF B429F030] mean:[163 135 128] stdev:[37.2 20.5 12.6]
[Parsed_showinfo_0 @ 0x7f872c001640] color_range:tv color_space:smpte170m color_primaries:smpte170m color_trc:bt709
[Parsed_fps_1 @ 0x7f872c001880] Read frame with in pts 19250, out pts 231
[Parsed_fps_1 @ 0x7f872c001880] Set first pts to 230
[Parsed_fps_1 @ 0x7f872c001880] Writing frame with pts 230 to pts 230
Output #0, framehash, to 'pipe:1':
  Metadata:
    COMPATIBLE_BRANDS: mp42avc1
    MAJOR_BRAND     : mp42
    MINOR_VERSION   : 1
    encoder         : Lavf61.7.103
  Stream #0:0(eng), 0, 1/12: Video: rawvideo, 1 reference frame (I420 / 0x30323449), yuv420p(tv, smpte170m/smpte170m/bt709, progressive, topleft), 256x144, 0/1, q=2-31, 5308 kb/s, 12 fps, 12 tbn (default)
      Metadata:
        HANDLER_NAME    : Apple Video Media Handler
        VENDOR_ID       : [0][0][0][0]
        DURATION        : 00:00:19.375000000
        encoder         : Lavc61.19.101 rawvideo
[out#0/framehash @ 0x564c14aca380] Starting thread...
[h264 @ 0x564c14a147c0] nal_unit_type: 1(Coded slice of a non-IDR picture), nal_ref_idc: 2
[Parsed_showinfo_0 @ 0x7f872c001640] n:   2 pts:  19292 pts_time:19.292  duration:     41 duration_time:0.041   fmt:yuv420p cl:topleft sar:0/1 s:256x144 i:P iskey:0 type:P checksum:6A77B095 plane_checksum:[B78FBF19 F3AD0104 FE94F069] mean:[163 135 128] stdev:[37.2 20.5 12.6]
[Parsed_showinfo_0 @ 0x7f872c001640] color_range:tv color_space:smpte170m color_primaries:smpte170m color_trc:bt709
[Parsed_fps_1 @ 0x7f872c001880] Read frame with in pts 19292, out pts 232
[Parsed_fps_1 @ 0x7f872c001880] Writing frame with pts 231 to pts 231
[vist#0:0/h264 @ 0x564c14a921c0] [dec:h264 @ 0x564c14a14440] Decoder thread received EOF packet
[vist#0:0/h264 @ 0x564c14a921c0] [dec:h264 @ 0x564c14a14440] Decoder returned EOF, finishing
[vist#0:0/h264 @ 0x564c14a921c0] [dec:h264 @ 0x564c14a14440] Terminating thread with return code 0 (success)
[Parsed_showinfo_0 @ 0x7f872c001640] n:   3 pts:  19333 pts_time:19.333  duration:     41 duration_time:0.041   fmt:yuv420p cl:topleft sar:0/1 s:256x144 i:P iskey:0 type:P checksum:0B67ACDD plane_checksum:[3FA9BAE8 58870179 1761F06D] mean:[163 135 128] stdev:[37.2 20.5 12.6]
[Parsed_showinfo_0 @ 0x7f872c001640] color_range:tv color_space:smpte170m color_primaries:smpte170m color_trc:bt709
[Parsed_fps_1 @ 0x7f872c001880] Read frame with in pts 19333, out pts 232
[Parsed_fps_1 @ 0x7f872c001880] Dropping frame with pts 232
[Parsed_fps_1 @ 0x7f872c001880] EOF is at pts 232
[Parsed_fps_1 @ 0x7f872c001880] Dropping frame with pts 232
[out_#0:0 @ 0x7f872c002a00] EOF on sink link out_#0:0:default.
[vf#0:0 @ 0x564c14a15740] Filtergraph returned EOF, finishing
[vf#0:0 @ 0x564c14a15740] All consumers returned EOF
[Parsed_fps_1 @ 0x7f872c001880] 4 frames in, 2 frames out; 2 frames dropped, 0 frames duplicated.
[vf#0:0 @ 0x564c14a15740] Terminating thread with return code 0 (success)
[vost#0:0/rawvideo @ 0x564c14a95d40] Encoder thread received EOF
[vost#0:0/rawvideo @ 0x564c14a95d40] Terminating thread with return code 0 (success)
[out#0/framehash @ 0x564c14aca380] All streams finished
[out#0/framehash @ 0x564c14aca380] Terminating thread with return code 0 (success)
[AVIOContext @ 0x564c14a90040] Statistics: 441 bytes written, 0 seeks, 3 writeouts
[out#0/framehash @ 0x564c14aca380] Output file #0 (pipe:1):
[out#0/framehash @ 0x564c14aca380]   Output stream #0:0 (video): 2 frames encoded; 2 packets muxed (110592 bytes); 
[out#0/framehash @ 0x564c14aca380]   Total: 2 packets (110592 bytes) muxed
[out#0/framehash @ 0x564c14aca380] video:108KiB audio:0KiB subtitle:0KiB other streams:0KiB global headers:0KiB muxing overhead: unknown
frame=    2 fps=0.0 q=-0.0 Lsize=       0KiB time=00:00:00.00 bitrate=N/A speed=   0x    
bench: utime=0.012s stime=0.002s rtime=0.013s
bench: maxrss=35900KiB
[in#0/matroska,webm @ 0x564c14a11280] Input file #0 (/workspace/video-export-size-estimation/results/fps-seek-study-2026-10-03/sources/bunny-derived-vfr-gap.mkv):
[in#0/matroska,webm @ 0x564c14a11280]   Input stream #0:0 (video): 27 packets read (111503 bytes); 27 frames decoded; 0 decode errors; 
[in#0/matroska,webm @ 0x564c14a11280]   Total: 27 packets (111503 bytes) demuxed
[AVIOContext @ 0x564c14a19d00] Statistics: 289547 bytes read, 4 seeks
