[matroska,webm @ 0x55b0fb688ac0] max_analyze_duration 5000000 reached at 5019000 microseconds st:1
[matroska,webm @ 0x55b0fb688ac0] Could not find codec parameters for stream 0 (Video: h264, 1 reference frame, none(tv, smpte170m/smpte170m/bt709, progressive, topleft), 256x144): unspecified pixel format
Consider increasing the value for the 'analyzeduration' (0) and 'probesize' (5000000) options
Input #0, matroska,webm, from '/workspace/video-export-size-estimation/results/fps-seek-study-2026-10-03/sources/bunny-derived-vfr-delayed-video.mkv':
  Metadata:
    MINOR_VERSION   : 1
    COMPATIBLE_BRANDS: mp42avc1
    MAJOR_BRAND     : mp42
    ENCODER         : Lavf61.7.103
  Duration: 00:00:25.02, start: -0.021000, bitrate: 812 kb/s
  Stream #0:0(eng): Video: h264, 1 reference frame, none(tv, smpte170m/smpte170m/bt709, progressive, topleft), 256x144, 24 fps, 24 tbr, 1k tbn (default)
      Metadata:
        HANDLER_NAME    : Apple Video Media Handler
        VENDOR_ID       : [0][0][0][0]
        ENCODER         : Lavc61.19.101 libx264
        DURATION        : 00:00:24.499000000
  Stream #0:1: Audio: aac (LC), 48000 Hz, mono, fltp, delay 1024
      Metadata:
        ENCODER         : Lavc61.19.101 aac
        DURATION        : 00:00:25.021000000
[out#0/null @ 0x55b0fb68d800] Adding streams from explicit maps...
[vost#0:0/wrapped_avframe @ 0x55b0fb6dedc0] Created video stream from input stream 0:0
[Parsed_fps_0 @ 0x55b0fb62cb00] 0 frames in, 0 frames out; 0 frames dropped, 0 frames duplicated.
Stream mapping:
  Stream #0:0 -> #0:0 (h264 (native) -> wrapped_avframe (native))
[vost#0:0/wrapped_avframe @ 0x55b0fb6dedc0] Starting thread...
[vf#0:0 @ 0x55b0fb6dec00] Starting thread...
[vist#0:0/h264 @ 0x55b0fb6d3700] [dec:h264 @ 0x55b0fb6f73c0] Starting thread...
[in#0/matroska,webm @ 0x55b0fb688800] Starting thread...
[h264 @ 0x55b0fb6e8f40] Reinit context to 256x144, pix_fmt: yuv420p
[graph -1 input from stream 0:0 @ 0x7fdde0001940] w:256 h:144 pixfmt:yuv420p tb:1/1000 fr:24/1 sar:0/1 csp:smpte170m range:tv
[Parsed_fps_0 @ 0x7fdde0001580] fps=12/1
[graph -1 input from stream 0:0 @ 0x7fdde0001940] video frame properties congruent with link at pts_time: 5.146
[Parsed_fps_0 @ 0x7fdde0001580] Set first pts to 62
Output #0, null, to 'pipe:':
  Metadata:
    MINOR_VERSION   : 1
    COMPATIBLE_BRANDS: mp42avc1
    MAJOR_BRAND     : mp42
    encoder         : Lavf61.7.103
  Stream #0:0(eng): Video: wrapped_avframe, 1 reference frame, yuv420p(tv, smpte170m/smpte170m/bt709, progressive, topleft), 256x144, q=2-31, 200 kb/s, 12 fps, 12 tbn (default)
      Metadata:
        HANDLER_NAME    : Apple Video Media Handler
        VENDOR_ID       : [0][0][0][0]
        DURATION        : 00:00:24.499000000
        encoder         : Lavc61.19.101 wrapped_avframe
[out#0/null @ 0x55b0fb68d800] Starting thread...
[in#0/matroska,webm @ 0x55b0fb688800] EOF while reading input
[in#0/matroska,webm @ 0x55b0fb688800] Terminating thread with return code 0 (success)
[vist#0:0/h264 @ 0x55b0fb6d3700] [dec:h264 @ 0x55b0fb6f73c0] Decoder thread received EOF packet
[vist#0:0/h264 @ 0x55b0fb6d3700] [dec:h264 @ 0x55b0fb6f73c0] Decoder returned EOF, finishing
[vist#0:0/h264 @ 0x55b0fb6d3700] [dec:h264 @ 0x55b0fb6f73c0] Terminating thread with return code 0 (success)
[vf#0:0 @ 0x55b0fb6dec00] Filtergraph returned EOF, finishing
[vf#0:0 @ 0x55b0fb6dec00] All consumers returned EOF
[Parsed_fps_0 @ 0x7fdde0001580] 298 frames in, 232 frames out; 124 frames dropped, 58 frames duplicated.
[vf#0:0 @ 0x55b0fb6dec00] Terminating thread with return code 0 (success)
[vost#0:0/wrapped_avframe @ 0x55b0fb6dedc0] Encoder thread received EOF
[vost#0:0/wrapped_avframe @ 0x55b0fb6dedc0] Terminating thread with return code 0 (success)
[out#0/null @ 0x55b0fb68d800] All streams finished
[out#0/null @ 0x55b0fb68d800] Terminating thread with return code 0 (success)
[out#0/null @ 0x55b0fb68d800] Output file #0 (pipe:):
[out#0/null @ 0x55b0fb68d800]   Output stream #0:0 (video): 232 frames encoded; 232 packets muxed (102080 bytes); 
[out#0/null @ 0x55b0fb68d800]   Total: 232 packets (102080 bytes) muxed
[out#0/null @ 0x55b0fb68d800] video:100KiB audio:0KiB subtitle:0KiB other streams:0KiB global headers:0KiB muxing overhead: unknown
frame=  232 fps=0.0 q=-0.0 Lsize=N/A time=00:00:24.50 bitrate=N/A speed=91.6x    
[AVIOContext @ 0x55b0fb6886c0] Statistics: 183 bytes written, 0 seeks, 1 writeouts
bench: utime=0.255s stime=0.027s rtime=0.268s
bench: maxrss=36588KiB
[in#0/matroska,webm @ 0x55b0fb688800] Input file #0 (/workspace/video-export-size-estimation/results/fps-seek-study-2026-10-03/sources/bunny-derived-vfr-delayed-video.mkv):
[in#0/matroska,webm @ 0x55b0fb688800]   Input stream #0:0 (video): 298 packets read (2524884 bytes); 298 frames decoded; 0 decode errors; 
[in#0/matroska,webm @ 0x55b0fb688800]   Total: 298 packets (2524884 bytes) demuxed
[AVIOContext @ 0x55b0fb6910c0] Statistics: 2540188 bytes read, 0 seeks
