frame=904
fps=0.00
stream_0_0_q=-0.0
bitrate=N/A
total_size=N/A
out_time_us=30163467
out_time_ms=30163467
out_time=00:00:30.163467
dup_frames=0
drop_frames=0
speed=60.3x
progress=continue
frame=1585
fps=1584.50
stream_0_0_q=-0.0
bitrate=N/A
total_size=N/A
out_time_us=52886167
out_time_ms=52886167
out_time=00:00:52.886167
dup_frames=0
drop_frames=0
speed=52.9x
progress=continue
frame=1801
fps=1649.20
stream_0_0_q=-0.0
bitrate=N/A
total_size=N/A
out_time_us=60093367
out_time_ms=60093367
out_time=00:01:00.093367
dup_frames=0
drop_frames=0
speed=  55x
progress=end
