[h264 @ 0x563639335d00] Reinit context to 256x144, pix_fmt: yuv420p
Input #0, matroska,webm, from '/workspace/video-export-size-estimation/results/fps-seek-study-2026-10-03/sources/bunny-derived-vfr-gap.mkv':
  Metadata:
    COMPATIBLE_BRANDS: mp42avc1
    MAJOR_BRAND     : mp42
    MINOR_VERSION   : 1
    ENCODER         : Lavf61.7.103
  Duration: 00:00:19.38, start: 0.000000, bitrate: 1043 kb/s
  Stream #0:0(eng): Video: h264 (High 4:4:4 Predictive), 1 reference frame, yuv420p(tv, smpte170m/smpte170m/bt709, progressive, topleft), 256x144, 24 fps, 24 tbr, 1k tbn (default)
      Metadata:
        HANDLER_NAME    : Apple Video Media Handler
        VENDOR_ID       : [0][0][0][0]
        ENCODER         : Lavc61.19.101 libx264
        DURATION        : 00:00:19.375000000
[out#0/null @ 0x5636393ec740] Adding streams from explicit maps...
[vost#0:0/wrapped_avframe @ 0x5636393b1100] Created video stream from input stream 0:0
[Parsed_fps_0 @ 0x5636393b6c80] 0 frames in, 0 frames out; 0 frames dropped, 0 frames duplicated.
Stream mapping:
  Stream #0:0 -> #0:0 (h264 (native) -> wrapped_avframe (native))
[vost#0:0/wrapped_avframe @ 0x5636393b1100] Starting thread...
[vf#0:0 @ 0x5636393b7f80] Starting thread...
[vist#0:0/h264 @ 0x5636393b4580] [dec:h264 @ 0x5636393b1900] Starting thread...
[in#0/matroska,webm @ 0x563639333800] Starting thread...
[h264 @ 0x5636393b1c80] Reinit context to 256x144, pix_fmt: yuv420p
[graph -1 input from stream 0:0 @ 0x7fd9b8001940] w:256 h:144 pixfmt:yuv420p tb:1/1000 fr:24/1 sar:0/1 csp:smpte170m range:tv
[Parsed_fps_0 @ 0x7fd9b8001580] fps=12/1
[graph -1 input from stream 0:0 @ 0x7fd9b8001940] video frame properties congruent with link at pts_time: 0
[Parsed_fps_0 @ 0x7fd9b8001580] Set first pts to 0
Output #0, null, to 'pipe:':
  Metadata:
    COMPATIBLE_BRANDS: mp42avc1
    MAJOR_BRAND     : mp42
    MINOR_VERSION   : 1
    encoder         : Lavf61.7.103
  Stream #0:0(eng): Video: wrapped_avframe, 1 reference frame, yuv420p(tv, smpte170m/smpte170m/bt709, progressive, topleft), 256x144, q=2-31, 200 kb/s, 12 fps, 12 tbn (default)
      Metadata:
        HANDLER_NAME    : Apple Video Media Handler
        VENDOR_ID       : [0][0][0][0]
        DURATION        : 00:00:19.375000000
        encoder         : Lavc61.19.101 wrapped_avframe
[out#0/null @ 0x5636393ec740] Starting thread...
[in#0/matroska,webm @ 0x563639333800] EOF while reading input
[in#0/matroska,webm @ 0x563639333800] Terminating thread with return code 0 (success)
[vist#0:0/h264 @ 0x5636393b4580] [dec:h264 @ 0x5636393b1900] Decoder thread received EOF packet
[vist#0:0/h264 @ 0x5636393b4580] [dec:h264 @ 0x5636393b1900] Decoder returned EOF, finishing
[vist#0:0/h264 @ 0x5636393b4580] [dec:h264 @ 0x5636393b1900] Terminating thread with return code 0 (success)
[vf#0:0 @ 0x5636393b7f80] Filtergraph returned EOF, finishing
[vf#0:0 @ 0x5636393b7f80] All consumers returned EOF
[Parsed_fps_0 @ 0x7fd9b8001580] 298 frames in, 232 frames out; 132 frames dropped, 66 frames duplicated.
[vf#0:0 @ 0x5636393b7f80] Terminating thread with return code 0 (success)
[vost#0:0/wrapped_avframe @ 0x5636393b1100] Encoder thread received EOF
[vost#0:0/wrapped_avframe @ 0x5636393b1100] Terminating thread with return code 0 (success)
[out#0/null @ 0x5636393ec740] All streams finished
[out#0/null @ 0x5636393ec740] Terminating thread with return code 0 (success)
[out#0/null @ 0x5636393ec740] Output file #0 (pipe:):
[out#0/null @ 0x5636393ec740]   Output stream #0:0 (video): 232 frames encoded; 232 packets muxed (102080 bytes); 
[out#0/null @ 0x5636393ec740]   Total: 232 packets (102080 bytes) muxed
[out#0/null @ 0x5636393ec740] video:100KiB audio:0KiB subtitle:0KiB other streams:0KiB global headers:0KiB muxing overhead: unknown
frame=  232 fps=0.0 q=-0.0 Lsize=N/A time=00:00:19.33 bitrate=N/A speed=77.9x    
[AVIOContext @ 0x5636393336c0] Statistics: 183 bytes written, 0 seeks, 1 writeouts
bench: utime=0.250s stime=0.011s rtime=0.249s
bench: maxrss=35904KiB
[in#0/matroska,webm @ 0x563639333800] Input file #0 (/workspace/video-export-size-estimation/results/fps-seek-study-2026-10-03/sources/bunny-derived-vfr-gap.mkv):
[in#0/matroska,webm @ 0x563639333800]   Input stream #0:0 (video): 298 packets read (2524884 bytes); 298 frames decoded; 0 decode errors; 
[in#0/matroska,webm @ 0x563639333800]   Total: 298 packets (2524884 bytes) demuxed
[AVIOContext @ 0x56363933c0c0] Statistics: 2528110 bytes read, 0 seeks
