[h264 @ 0x558e0b7bdd00] Reinit context to 256x144, pix_fmt: yuv420p
Input #0, matroska,webm, from '/workspace/video-export-size-estimation/results/fps-seek-study-2026-10-03/sources/bunny-derived-vfr-offset.mkv':
  Metadata:
    MINOR_VERSION   : 1
    COMPATIBLE_BRANDS: mp42avc1
    MAJOR_BRAND     : mp42
    ENCODER         : Lavf61.7.103
  Duration: 00:00:24.50, start: 5.125000, bitrate: 825 kb/s
  Stream #0:0(eng): Video: h264 (High 4:4:4 Predictive), 1 reference frame, yuv420p(tv, smpte170m/smpte170m/bt709, progressive, topleft), 256x144, 24 fps, 24 tbr, 1k tbn (default)
      Metadata:
        HANDLER_NAME    : Apple Video Media Handler
        VENDOR_ID       : [0][0][0][0]
        ENCODER         : Lavc61.19.101 libx264
        DURATION        : 00:00:24.499000000
[out#0/null @ 0x558e0b874740] Adding streams from explicit maps...
[vost#0:0/wrapped_avframe @ 0x558e0b839100] Created video stream from input stream 0:0
[Parsed_fps_0 @ 0x558e0b83ec80] 0 frames in, 0 frames out; 0 frames dropped, 0 frames duplicated.
Stream mapping:
  Stream #0:0 -> #0:0 (h264 (native) -> wrapped_avframe (native))
[vost#0:0/wrapped_avframe @ 0x558e0b839100] Starting thread...
[vf#0:0 @ 0x558e0b83ff80] Starting thread...
[vist#0:0/h264 @ 0x558e0b83c580] [dec:h264 @ 0x558e0b839800] Starting thread...
[in#0/matroska,webm @ 0x558e0b7bb800] Starting thread...
[h264 @ 0x558e0b839b80] Reinit context to 256x144, pix_fmt: yuv420p
[graph -1 input from stream 0:0 @ 0x7f7960001940] w:256 h:144 pixfmt:yuv420p tb:1/1000 fr:24/1 sar:0/1 csp:smpte170m range:tv
[Parsed_fps_0 @ 0x7f7960001580] fps=30000/1001
[graph -1 input from stream 0:0 @ 0x7f7960001940] video frame properties congruent with link at pts_time: 0
[Parsed_fps_0 @ 0x7f7960001580] Set first pts to 0
Output #0, null, to 'pipe:':
  Metadata:
    MINOR_VERSION   : 1
    COMPATIBLE_BRANDS: mp42avc1
    MAJOR_BRAND     : mp42
    encoder         : Lavf61.7.103
  Stream #0:0(eng): Video: wrapped_avframe, 1 reference frame, yuv420p(tv, smpte170m/smpte170m/bt709, progressive, topleft), 256x144, q=2-31, 200 kb/s, 29.97 fps, 29.97 tbn (default)
      Metadata:
        HANDLER_NAME    : Apple Video Media Handler
        VENDOR_ID       : [0][0][0][0]
        DURATION        : 00:00:24.499000000
        encoder         : Lavc61.19.101 wrapped_avframe
[out#0/null @ 0x558e0b874740] Starting thread...
[in#0/matroska,webm @ 0x558e0b7bb800] EOF while reading input
[in#0/matroska,webm @ 0x558e0b7bb800] Terminating thread with return code 0 (success)
[vist#0:0/h264 @ 0x558e0b83c580] [dec:h264 @ 0x558e0b839800] Decoder thread received EOF packet
[vist#0:0/h264 @ 0x558e0b83c580] [dec:h264 @ 0x558e0b839800] Decoder returned EOF, finishing
[vist#0:0/h264 @ 0x558e0b83c580] [dec:h264 @ 0x558e0b839800] Terminating thread with return code 0 (success)
[vf#0:0 @ 0x558e0b83ff80] Filtergraph returned EOF, finishing
[vf#0:0 @ 0x558e0b83ff80] All consumers returned EOF
[Parsed_fps_0 @ 0x7f7960001580] 298 frames in, 581 frames out; 0 frames dropped, 283 frames duplicated.
[vost#0:0/wrapped_avframe @ 0x558e0b839100] Encoder thread received EOF
[vf#0:0 @ 0x558e0b83ff80] Terminating thread with return code 0 (success)
[vost#0:0/wrapped_avframe @ 0x558e0b839100] Terminating thread with return code 0 (success)
[out#0/null @ 0x558e0b874740] All streams finished
[out#0/null @ 0x558e0b874740] Terminating thread with return code 0 (success)
[out#0/null @ 0x558e0b874740] Output file #0 (pipe:):
[out#0/null @ 0x558e0b874740]   Output stream #0:0 (video): 581 frames encoded; 581 packets muxed (255640 bytes); 
[out#0/null @ 0x558e0b874740]   Total: 581 packets (255640 bytes) muxed
[out#0/null @ 0x558e0b874740] video:250KiB audio:0KiB subtitle:0KiB other streams:0KiB global headers:0KiB muxing overhead: unknown
frame=  581 fps=0.0 q=-0.0 Lsize=N/A time=00:00:19.38 bitrate=N/A speed=  79x    
[AVIOContext @ 0x558e0b7bb6c0] Statistics: 183 bytes written, 0 seeks, 1 writeouts
bench: utime=0.242s stime=0.026s rtime=0.246s
bench: maxrss=36204KiB
[in#0/matroska,webm @ 0x558e0b7bb800] Input file #0 (/workspace/video-export-size-estimation/results/fps-seek-study-2026-10-03/sources/bunny-derived-vfr-offset.mkv):
[in#0/matroska,webm @ 0x558e0b7bb800]   Input stream #0:0 (video): 298 packets read (2524884 bytes); 298 frames decoded; 0 decode errors; 
[in#0/matroska,webm @ 0x558e0b7bb800]   Total: 298 packets (2524884 bytes) demuxed
[AVIOContext @ 0x558e0b7c40c0] Statistics: 2528188 bytes read, 0 seeks
