[h264 @ 0x55fb99ebb280] Reinit context to 640x368, pix_fmt: yuv420p
Input #0, matroska,webm, from '/tmp/video-estimation-research/bunny-full.mkv':
  Metadata:
    AB_AV1_FFMPEG_ARGS: -c:v libx264 -crf 23 -preset medium
    MAJOR_BRAND     : mp42
    MINOR_VERSION   : 1
    COMPATIBLE_BRANDS: mp42avc1
    ENCODER         : Lavf61.7.103
  Duration: 00:01:00.08, start: 0.000000, bitrate: 588 kb/s
  Stream #0:0(eng): Video: h264 (High), 1 reference frame, yuv420p(tv, smpte170m/smpte170m/bt709, progressive, topleft), 640x360, 24 fps, 24 tbr, 1k tbn (default)
      Metadata:
        HANDLER_NAME    : Apple Video Media Handler
        VENDOR_ID       : [0][0][0][0]
        ENCODER         : Lavc61.19.101 libx264
        DURATION        : 00:01:00.083000000
[out#0/null @ 0x55fb99fa8ac0] Adding streams from explicit maps...
[vost#0:0/wrapped_avframe @ 0x55fb99f373c0] Created video stream from input stream 0:0
[Parsed_fps_0 @ 0x55fb99e5cb00] 0 frames in, 0 frames out; 0 frames dropped, 0 frames duplicated.
Stream mapping:
  Stream #0:0 -> #0:0 (h264 (native) -> wrapped_avframe (native))
[vost#0:0/wrapped_avframe @ 0x55fb99f373c0] Starting thread...
[vf#0:0 @ 0x55fb99f37900] Starting thread...
[vist#0:0/h264 @ 0x55fb99ebcb00] [dec:h264 @ 0x55fb99f35c80] Starting thread...
[in#0/matroska,webm @ 0x55fb99eb8800] Starting thread...
[h264 @ 0x55fb99f36000] Reinit context to 640x368, pix_fmt: yuv420p
[graph -1 input from stream 0:0 @ 0x7f08c8001940] w:640 h:360 pixfmt:yuv420p tb:1/1000 fr:24/1 sar:0/1 csp:smpte170m range:tv
[Parsed_fps_0 @ 0x7f08c8001580] fps=12/1
[graph -1 input from stream 0:0 @ 0x7f08c8001940] video frame properties congruent with link at pts_time: 0
[Parsed_fps_0 @ 0x7f08c8001580] Set first pts to 0
Output #0, null, to 'pipe:':
  Metadata:
    AB_AV1_FFMPEG_ARGS: -c:v libx264 -crf 23 -preset medium
    MAJOR_BRAND     : mp42
    MINOR_VERSION   : 1
    COMPATIBLE_BRANDS: mp42avc1
    encoder         : Lavf61.7.103
  Stream #0:0(eng): Video: wrapped_avframe, 1 reference frame, yuv420p(tv, smpte170m/smpte170m/bt709, progressive, topleft), 640x360, q=2-31, 200 kb/s, 12 fps, 12 tbn (default)
      Metadata:
        HANDLER_NAME    : Apple Video Media Handler
        VENDOR_ID       : [0][0][0][0]
        DURATION        : 00:01:00.083000000
        encoder         : Lavc61.19.101 wrapped_avframe
[out#0/null @ 0x55fb99fa8ac0] Starting thread...
frame=  325 fps=0.0 q=-0.0 size=N/A time=00:00:27.08 bitrate=N/A speed=54.2x    frame=  593 fps=593 q=-0.0 size=N/A time=00:00:49.41 bitrate=N/A speed=49.4x    [in#0/matroska,webm @ 0x55fb99eb8800] EOF while reading input
[in#0/matroska,webm @ 0x55fb99eb8800] Terminating thread with return code 0 (success)
[vist#0:0/h264 @ 0x55fb99ebcb00] [dec:h264 @ 0x55fb99f35c80] Decoder thread received EOF packet
[vist#0:0/h264 @ 0x55fb99ebcb00] [dec:h264 @ 0x55fb99f35c80] Decoder returned EOF, finishing
[vist#0:0/h264 @ 0x55fb99ebcb00] [dec:h264 @ 0x55fb99f35c80] Terminating thread with return code 0 (success)
[vf#0:0 @ 0x55fb99f37900] Filtergraph returned EOF, finishing
[vf#0:0 @ 0x55fb99f37900] All consumers returned EOF
[Parsed_fps_0 @ 0x7f08c8001580] 1440 frames in, 721 frames out; 720 frames dropped, 1 frames duplicated.
[vf#0:0 @ 0x55fb99f37900] Terminating thread with return code 0 (success)
[vost#0:0/wrapped_avframe @ 0x55fb99f373c0] Encoder thread received EOF
[vost#0:0/wrapped_avframe @ 0x55fb99f373c0] Terminating thread with return code 0 (success)
[out#0/null @ 0x55fb99fa8ac0] All streams finished
[out#0/null @ 0x55fb99fa8ac0] Terminating thread with return code 0 (success)
[out#0/null @ 0x55fb99fa8ac0] Output file #0 (pipe:):
[out#0/null @ 0x55fb99fa8ac0]   Output stream #0:0 (video): 721 frames encoded; 721 packets muxed (317240 bytes); 
[out#0/null @ 0x55fb99fa8ac0]   Total: 721 packets (317240 bytes) muxed
[out#0/null @ 0x55fb99fa8ac0] video:310KiB audio:0KiB subtitle:0KiB other streams:0KiB global headers:0KiB muxing overhead: unknown
frame=  721 fps=615 q=-0.0 Lsize=N/A time=00:01:00.08 bitrate=N/A speed=51.3x    
[AVIOContext @ 0x55fb99eb86c0] Statistics: 563 bytes written, 0 seeks, 3 writeouts
bench: utime=1.157s stime=0.095s rtime=1.173s
bench: maxrss=39648KiB
[in#0/matroska,webm @ 0x55fb99eb8800] Input file #0 (/tmp/video-estimation-research/bunny-full.mkv):
[in#0/matroska,webm @ 0x55fb99eb8800]   Input stream #0:0 (video): 1440 packets read (4410773 bytes); 1440 frames decoded; 0 decode errors; 
[in#0/matroska,webm @ 0x55fb99eb8800]   Total: 1440 packets (4410773 bytes) demuxed
[AVIOContext @ 0x55fb99ec1080] Statistics: 4422169 bytes read, 0 seeks
