frame=325
fps=0.00
stream_0_0_q=-0.0
bitrate=N/A
total_size=N/A
out_time_us=27083333
out_time_ms=27083333
out_time=00:00:27.083333
dup_frames=0
drop_frames=0
speed=54.2x
progress=continue
frame=593
fps=592.82
stream_0_0_q=-0.0
bitrate=N/A
total_size=N/A
out_time_us=49416667
out_time_ms=49416667
out_time=00:00:49.416667
dup_frames=0
drop_frames=0
speed=49.4x
progress=continue
frame=721
fps=615.06
stream_0_0_q=-0.0
bitrate=N/A
total_size=N/A
out_time_us=60083333
out_time_ms=60083333
out_time=00:01:00.083333
dup_frames=0
drop_frames=0
speed=51.3x
progress=end
