[rawvideo @ 0x555d86d52680] Estimating duration from bitrate, this may be inaccurate
Input #0, rawvideo, from '/workspace/video-export-size-estimation/artifacts/bunny-vui-chroma-proof/bunny-leading2.i420':
  Duration: 00:00:04.88, start: 0.000000, bitrate: 66355 kb/s
  Stream #0:0: Video: rawvideo (I420 / 0x30323449), yuv420p(tv, smpte170m/smpte170m/bt709), 640x360, 66355 kb/s, 24 tbr, 24 tbn
Stream mapping:
  Stream #0:0 -> #0:0 (rawvideo (native) -> h264 (libx264))
[libx264 @ 0x555d86d5b840] using cpu capabilities: MMX2 SSE2Fast SSSE3 SSE4.2 AVX FMA3 BMI2 AVX2 AVX512
[libx264 @ 0x555d86d5b840] profile High, level 3.0, 4:2:0, 8-bit
[libx264 @ 0x555d86d5b840] 264 - core 164 r3108 31e19f9 - H.264/MPEG-4 AVC codec - Copyleft 2003-2023 - http://www.videolan.org/x264.html - options: cabac=1 ref=3 deblock=1:0:0 analyse=0x3:0x113 me=hex subme=7 psy=1 psy_rd=1.00:0.00 mixed_ref=1 me_range=16 chroma_me=1 trellis=1 8x8dct=1 cqm=0 deadzone=21,11 fast_pskip=1 chroma_qp_offset=-2 threads=1 lookahead_threads=1 sliced_threads=0 nr=0 decimate=1 interlaced=0 bluray_compat=0 constrained_intra=0 bframes=3 b_pyramid=2 b_adapt=1 b_bias=0 direct=1 weightb=1 open_gop=0 weightp=2 keyint=250 keyint_min=24 scenecut=40 intra_refresh=0 rc_lookahead=40 rc=crf mbtree=1 crf=23.0 qcomp=0.60 qpmin=0 qpmax=69 qpstep=4 ip_ratio=1.40 aq=1:1.00
Output #0, mp4, to '/workspace/video-export-size-estimation/artifacts/bunny-vui-chroma-proof/bunny-leading2-ffmpeg.mp4':
  Metadata:
    encoder         : Lavf61.7.103
  Stream #0:0: Video: h264 (avc1 / 0x31637661), yuv420p(tv, smpte170m/smpte170m/bt709, progressive), 640x360, q=2-31, 24 fps, 12288 tbn
      Metadata:
        encoder         : Lavc61.19.101 libx264
      Side data:
        cpb: bitrate max/min/avg: 0/0/0 buffer size: 0 vbv_delay: N/A
[mp4 @ 0x555d86d5d100] Starting second pass: moving the moov atom to the beginning of the file
[out#0/mp4 @ 0x555d86d5d000] video:433KiB audio:0KiB subtitle:0KiB other streams:0KiB global headers:0KiB muxing overhead: 0.374325%
frame=  117 fps= 59 q=28.0 Lsize=     434KiB time=00:00:04.79 bitrate= 742.3kbits/s speed= 2.4x    
bench: utime=1.899s stime=0.140s rtime=1.999s
bench: maxrss=95968KiB
[libx264 @ 0x555d86d5b840] frame I:2     Avg QP:20.31  size: 44846
[libx264 @ 0x555d86d5b840] frame P:89    Avg QP:24.23  size:  3716
[libx264 @ 0x555d86d5b840] frame B:26    Avg QP:26.02  size:   838
[libx264 @ 0x555d86d5b840] consecutive B-frames: 68.4%  3.4%  7.7% 20.5%
[libx264 @ 0x555d86d5b840] mb I  I16..4:  9.6% 31.1% 59.3%
[libx264 @ 0x555d86d5b840] mb P  I16..4:  0.4%  0.5%  0.7%  P16..4: 28.5% 11.9%  5.2%  0.0%  0.0%    skip:52.8%
[libx264 @ 0x555d86d5b840] mb B  I16..4:  0.1%  0.0%  0.1%  B16..8: 37.0%  5.8%  1.5%  direct: 2.0%  skip:53.5%  L0:48.8% L1:44.8% BI: 6.4%
[libx264 @ 0x555d86d5b840] 8x8 transform intra:30.4% inter:27.1%
[libx264 @ 0x555d86d5b840] coded y,uvDC,uvAC intra: 68.0% 84.5% 54.7% inter: 11.2% 10.9% 2.1%
[libx264 @ 0x555d86d5b840] i16 v,h,dc,p: 42% 31% 18%  9%
[libx264 @ 0x555d86d5b840] i8 v,h,dc,ddl,ddr,vr,hd,vl,hu: 14% 25% 30%  4%  5%  4%  7%  4%  8%
[libx264 @ 0x555d86d5b840] i4 v,h,dc,ddl,ddr,vr,hd,vl,hu: 22% 15% 12%  7%  9%  8%  9%  8%  9%
[libx264 @ 0x555d86d5b840] i8c dc,h,v,p: 42% 31% 16% 11%
[libx264 @ 0x555d86d5b840] Weighted P-Frames: Y:1.1% UV:1.1%
[libx264 @ 0x555d86d5b840] ref P L0: 88.4%  5.0%  4.9%  1.5%  0.2%
[libx264 @ 0x555d86d5b840] ref B L0: 93.4%  6.2%  0.3%
[libx264 @ 0x555d86d5b840] ref B L1: 96.6%  3.4%
[libx264 @ 0x555d86d5b840] kb/s:725.73
