[rawvideo @ 0x558346034580] Estimating duration from bitrate, this may be inaccurate
Input #0, rawvideo, from '/workspace/video-export-size-estimation/artifacts/development-fixed/alternating-leading2.i420':
  Duration: 00:00:04.88, start: 0.000000, bitrate: 23887 kb/s
  Stream #0:0: Video: rawvideo (I420 / 0x30323449), yuv420p, 384x216, 23887 kb/s, 24 tbr, 24 tbn
Stream mapping:
  Stream #0:0 -> #0:0 (rawvideo (native) -> h264 (libx264))
[libx264 @ 0x55834603d740] using SAR=1/1
[libx264 @ 0x55834603d740] using cpu capabilities: MMX2 SSE2Fast SSSE3 SSE4.2 AVX FMA3 BMI2 AVX2 AVX512
[libx264 @ 0x55834603d740] profile High, level 1.3, 4:2:0, 8-bit
[libx264 @ 0x55834603d740] 264 - core 164 r3108 31e19f9 - H.264/MPEG-4 AVC codec - Copyleft 2003-2023 - http://www.videolan.org/x264.html - options: cabac=1 ref=3 deblock=1:0:0 analyse=0x3:0x113 me=hex subme=7 psy=1 psy_rd=1.00:0.00 mixed_ref=1 me_range=16 chroma_me=1 trellis=1 8x8dct=1 cqm=0 deadzone=21,11 fast_pskip=1 chroma_qp_offset=-2 threads=1 lookahead_threads=1 sliced_threads=0 nr=0 decimate=1 interlaced=0 bluray_compat=0 constrained_intra=0 bframes=3 b_pyramid=2 b_adapt=1 b_bias=0 direct=1 weightb=1 open_gop=0 weightp=2 keyint=250 keyint_min=24 scenecut=40 intra_refresh=0 rc_lookahead=40 rc=crf mbtree=1 crf=23.0 qcomp=0.60 qpmin=0 qpmax=69 qpstep=4 ip_ratio=1.40 aq=1:1.00
Output #0, mp4, to '/workspace/video-export-size-estimation/artifacts/development-fixed/alternating-leading2-ffmpeg.mp4':
  Metadata:
    encoder         : Lavf61.7.103
  Stream #0:0: Video: h264 (avc1 / 0x31637661), yuv420p(tv, progressive), 384x216 [SAR 1:1 DAR 16:9], q=2-31, 24 fps, 12288 tbn
      Metadata:
        encoder         : Lavc61.19.101 libx264
      Side data:
        cpb: bitrate max/min/avg: 0/0/0 buffer size: 0 vbv_delay: N/A
[mp4 @ 0x55834605d380] Starting second pass: moving the moov atom to the beginning of the file
[out#0/mp4 @ 0x55834605d280] video:165KiB audio:0KiB subtitle:0KiB other streams:0KiB global headers:0KiB muxing overhead: 1.300113%
frame=  117 fps=0.0 q=28.0 Lsize=     167KiB time=00:00:04.79 bitrate= 286.2kbits/s speed=  12x    
bench: utime=0.388s stime=0.025s rtime=0.399s
bench: maxrss=60544KiB
[libx264 @ 0x55834603d740] frame I:1     Avg QP:15.07  size:  5522
[libx264 @ 0x55834603d740] frame P:33    Avg QP:24.31  size:  2094
[libx264 @ 0x55834603d740] frame B:83    Avg QP:30.03  size:  1131
[libx264 @ 0x55834603d740] consecutive B-frames:  0.9%  5.1% 25.6% 68.4%
[libx264 @ 0x55834603d740] mb I  I16..4: 36.6% 39.6% 23.8%
[libx264 @ 0x55834603d740] mb P  I16..4:  3.0%  5.2%  1.3%  P16..4: 14.8%  9.3%  5.7%  0.0%  0.0%    skip:60.8%
[libx264 @ 0x55834603d740] mb B  I16..4:  0.3%  0.2%  0.1%  B16..8: 20.9%  6.1%  1.6%  direct: 2.1%  skip:68.7%  L0:49.3% L1:44.5% BI: 6.2%
[libx264 @ 0x55834603d740] 8x8 transform intra:49.2% inter:37.9%
[libx264 @ 0x55834603d740] coded y,uvDC,uvAC intra: 12.7% 27.0% 24.1% inter: 5.0% 13.4% 10.2%
[libx264 @ 0x55834603d740] i16 v,h,dc,p: 80% 16%  3%  0%
[libx264 @ 0x55834603d740] i8 v,h,dc,ddl,ddr,vr,hd,vl,hu:  5% 26% 66%  1%  0%  0%  0%  0%  1%
[libx264 @ 0x55834603d740] i4 v,h,dc,ddl,ddr,vr,hd,vl,hu: 41% 24% 25%  2%  1%  1%  2%  2%  3%
[libx264 @ 0x55834603d740] i8c dc,h,v,p: 59% 15% 25%  1%
[libx264 @ 0x55834603d740] Weighted P-Frames: Y:0.0% UV:0.0%
[libx264 @ 0x55834603d740] ref P L0: 59.9%  7.1% 20.1% 12.9%
[libx264 @ 0x55834603d740] ref B L0: 79.7% 16.7%  3.6%
[libx264 @ 0x55834603d740] ref B L1: 94.9%  5.1%
[libx264 @ 0x55834603d740] kb/s:276.56
