[rawvideo @ 0x559e87a35580] Estimating duration from bitrate, this may be inaccurate
Input #0, rawvideo, from '/workspace/video-export-size-estimation/artifacts/development-fixed/brief-burst-leading6.i420':
  Duration: 00:00:08.88, start: 0.000000, bitrate: 23887 kb/s
  Stream #0:0: Video: rawvideo (I420 / 0x30323449), yuv420p, 384x216, 23887 kb/s, 24 tbr, 24 tbn
Stream mapping:
  Stream #0:0 -> #0:0 (rawvideo (native) -> h264 (libx264))
[libx264 @ 0x559e87a3e740] using SAR=1/1
[libx264 @ 0x559e87a3e740] using cpu capabilities: MMX2 SSE2Fast SSSE3 SSE4.2 AVX FMA3 BMI2 AVX2 AVX512
[libx264 @ 0x559e87a3e740] profile High, level 1.3, 4:2:0, 8-bit
[libx264 @ 0x559e87a3e740] 264 - core 164 r3108 31e19f9 - H.264/MPEG-4 AVC codec - Copyleft 2003-2023 - http://www.videolan.org/x264.html - options: cabac=1 ref=3 deblock=1:0:0 analyse=0x3:0x113 me=hex subme=7 psy=1 psy_rd=1.00:0.00 mixed_ref=1 me_range=16 chroma_me=1 trellis=1 8x8dct=1 cqm=0 deadzone=21,11 fast_pskip=1 chroma_qp_offset=-2 threads=1 lookahead_threads=1 sliced_threads=0 nr=0 decimate=1 interlaced=0 bluray_compat=0 constrained_intra=0 bframes=3 b_pyramid=2 b_adapt=1 b_bias=0 direct=1 weightb=1 open_gop=0 weightp=2 keyint=250 keyint_min=24 scenecut=40 intra_refresh=0 rc_lookahead=40 rc=crf mbtree=1 crf=23.0 qcomp=0.60 qpmin=0 qpmax=69 qpstep=4 ip_ratio=1.40 aq=1:1.00
Output #0, mp4, to '/workspace/video-export-size-estimation/artifacts/development-fixed/brief-burst-leading6-ffmpeg.mp4':
  Metadata:
    encoder         : Lavf61.7.103
  Stream #0:0: Video: h264 (avc1 / 0x31637661), yuv420p(tv, progressive), 384x216 [SAR 1:1 DAR 16:9], q=2-31, 24 fps, 12288 tbn
      Metadata:
        encoder         : Lavc61.19.101 libx264
      Side data:
        cpb: bitrate max/min/avg: 0/0/0 buffer size: 0 vbv_delay: N/A
[mp4 @ 0x559e87a5e380] Starting second pass: moving the moov atom to the beginning of the file
[out#0/mp4 @ 0x559e87a5e280] video:1367KiB audio:0KiB subtitle:0KiB other streams:0KiB global headers:0KiB muxing overhead: 0.218348%
frame=  213 fps=190 q=28.0 Lsize=    1370KiB time=00:00:08.79 bitrate=1276.4kbits/s speed=7.84x    
bench: utime=1.108s stime=0.039s rtime=1.122s
bench: maxrss=62240KiB
[libx264 @ 0x559e87a3e740] frame I:1     Avg QP: 9.00  size:    71
[libx264 @ 0x559e87a3e740] frame P:90    Avg QP:20.40  size: 15221
[libx264 @ 0x559e87a3e740] frame B:122   Avg QP:12.98  size:   238
[libx264 @ 0x559e87a3e740] consecutive B-frames: 23.0%  0.9%  2.8% 73.2%
[libx264 @ 0x559e87a3e740] mb I  I16..4: 100.0%  0.0%  0.0%
[libx264 @ 0x559e87a3e740] mb P  I16..4:  1.9% 33.1% 19.1%  P16..4:  0.1%  0.2%  0.1%  0.0%  0.0%    skip:45.6%
[libx264 @ 0x559e87a3e740] mb B  I16..4:  0.2%  0.4%  0.0%  B16..8:  0.1%  0.0%  0.0%  direct: 0.1%  skip:99.2%  L0: 0.0% L1:12.1% BI:87.9%
[libx264 @ 0x559e87a3e740] 8x8 transform intra:60.1% inter:33.9%
[libx264 @ 0x559e87a3e740] coded y,uvDC,uvAC intra: 95.9% 96.0% 96.0% inter: 0.3% 0.3% 0.3%
[libx264 @ 0x559e87a3e740] i16 v,h,dc,p: 63%  0% 36%  2%
[libx264 @ 0x559e87a3e740] i8 v,h,dc,ddl,ddr,vr,hd,vl,hu:  7%  2% 65%  5%  4%  4%  4%  4%  4%
[libx264 @ 0x559e87a3e740] i4 v,h,dc,ddl,ddr,vr,hd,vl,hu:  6%  3% 41% 10%  9%  8%  8%  7%  7%
[libx264 @ 0x559e87a3e740] i8c dc,h,v,p: 95%  0%  0%  5%
[libx264 @ 0x559e87a3e740] Weighted P-Frames: Y:6.7% UV:2.2%
[libx264 @ 0x559e87a3e740] ref P L0: 40.2%  5.8% 22.0% 26.9%  5.1%
[libx264 @ 0x559e87a3e740] ref B L0: 76.8% 23.2%
[libx264 @ 0x559e87a3e740] kb/s:1260.99
