[rawvideo @ 0x5568c0809580] Estimating duration from bitrate, this may be inaccurate
Input #0, rawvideo, from '/workspace/video-export-size-estimation/artifacts/development-fixed/brief-burst-leading2.i420':
  Duration: 00:00:04.88, start: 0.000000, bitrate: 23887 kb/s
  Stream #0:0: Video: rawvideo (I420 / 0x30323449), yuv420p, 384x216, 23887 kb/s, 24 tbr, 24 tbn
Stream mapping:
  Stream #0:0 -> #0:0 (rawvideo (native) -> h264 (libx264))
[libx264 @ 0x5568c0812740] using SAR=1/1
[libx264 @ 0x5568c0812740] using cpu capabilities: MMX2 SSE2Fast SSSE3 SSE4.2 AVX FMA3 BMI2 AVX2 AVX512
[libx264 @ 0x5568c0812740] profile High, level 1.3, 4:2:0, 8-bit
[libx264 @ 0x5568c0812740] 264 - core 164 r3108 31e19f9 - H.264/MPEG-4 AVC codec - Copyleft 2003-2023 - http://www.videolan.org/x264.html - options: cabac=1 ref=3 deblock=1:0:0 analyse=0x3:0x113 me=hex subme=7 psy=1 psy_rd=1.00:0.00 mixed_ref=1 me_range=16 chroma_me=1 trellis=1 8x8dct=1 cqm=0 deadzone=21,11 fast_pskip=1 chroma_qp_offset=-2 threads=1 lookahead_threads=1 sliced_threads=0 nr=0 decimate=1 interlaced=0 bluray_compat=0 constrained_intra=0 bframes=3 b_pyramid=2 b_adapt=1 b_bias=0 direct=1 weightb=1 open_gop=0 weightp=2 keyint=250 keyint_min=24 scenecut=40 intra_refresh=0 rc_lookahead=40 rc=crf mbtree=1 crf=23.0 qcomp=0.60 qpmin=0 qpmax=69 qpstep=4 ip_ratio=1.40 aq=1:1.00
Output #0, mp4, to '/workspace/video-export-size-estimation/artifacts/development-fixed/brief-burst-leading2-ffmpeg.mp4':
  Metadata:
    encoder         : Lavf61.7.103
  Stream #0:0: Video: h264 (avc1 / 0x31637661), yuv420p(tv, progressive), 384x216 [SAR 1:1 DAR 16:9], q=2-31, 24 fps, 12288 tbn
      Metadata:
        encoder         : Lavc61.19.101 libx264
      Side data:
        cpb: bitrate max/min/avg: 0/0/0 buffer size: 0 vbv_delay: N/A
[mp4 @ 0x5568c0832380] Starting second pass: moving the moov atom to the beginning of the file
[out#0/mp4 @ 0x5568c0832280] video:1031KiB audio:0KiB subtitle:0KiB other streams:0KiB global headers:0KiB muxing overhead: 0.190251%
frame=  117 fps=0.0 q=28.0 Lsize=    1033KiB time=00:00:04.79 bitrate=1765.5kbits/s speed=4.96x    
bench: utime=0.960s stime=0.014s rtime=0.967s
bench: maxrss=60928KiB
[libx264 @ 0x5568c0812740] frame I:1     Avg QP:30.00  size: 29035
[libx264 @ 0x5568c0812740] frame P:56    Avg QP:22.32  size: 17817
[libx264 @ 0x5568c0812740] frame B:60    Avg QP:13.28  size:   466
[libx264 @ 0x5568c0812740] consecutive B-frames: 30.8%  1.7%  2.6% 65.0%
[libx264 @ 0x5568c0812740] mb I  I16..4:  0.0%  4.5% 95.5%
[libx264 @ 0x5568c0812740] mb P  I16..4:  2.3% 44.1% 17.5%  P16..4:  0.1%  0.2%  0.1%  0.0%  0.0%    skip:35.7%
[libx264 @ 0x5568c0812740] mb B  I16..4:  0.4%  0.8%  0.1%  B16..8:  0.2%  0.0%  0.0%  direct: 0.2%  skip:98.3%  L0: 0.0% L1: 4.2% BI:95.8%
[libx264 @ 0x5568c0812740] 8x8 transform intra:67.1% inter:52.7%
[libx264 @ 0x5568c0812740] coded y,uvDC,uvAC intra: 97.2% 97.4% 97.3% inter: 0.5% 0.6% 0.6%
[libx264 @ 0x5568c0812740] i16 v,h,dc,p: 59%  0% 39%  2%
[libx264 @ 0x5568c0812740] i8 v,h,dc,ddl,ddr,vr,hd,vl,hu:  7%  2% 64%  5%  4%  4%  4%  4%  4%
[libx264 @ 0x5568c0812740] i4 v,h,dc,ddl,ddr,vr,hd,vl,hu:  6%  3% 41% 10%  9%  9%  9%  7%  7%
[libx264 @ 0x5568c0812740] i8c dc,h,v,p: 95%  0%  0%  4%
[libx264 @ 0x5568c0812740] Weighted P-Frames: Y:8.9% UV:1.8%
[libx264 @ 0x5568c0812740] ref P L0: 37.3%  5.3% 25.4% 27.5%  4.6%
[libx264 @ 0x5568c0812740] ref B L0: 59.4% 40.6%
[libx264 @ 0x5568c0812740] kb/s:1730.89
