[rawvideo @ 0x55b3f691b580] Estimating duration from bitrate, this may be inaccurate
Input #0, rawvideo, from '/workspace/video-export-size-estimation/artifacts/development-fixed/grain-leading2.i420':
  Duration: 00:00:04.88, start: 0.000000, bitrate: 23887 kb/s
  Stream #0:0: Video: rawvideo (I420 / 0x30323449), yuv420p, 384x216, 23887 kb/s, 24 tbr, 24 tbn
Stream mapping:
  Stream #0:0 -> #0:0 (rawvideo (native) -> h264 (libx264))
[libx264 @ 0x55b3f6924740] using SAR=1/1
[libx264 @ 0x55b3f6924740] using cpu capabilities: MMX2 SSE2Fast SSSE3 SSE4.2 AVX FMA3 BMI2 AVX2 AVX512
[libx264 @ 0x55b3f6924740] profile High, level 1.3, 4:2:0, 8-bit
[libx264 @ 0x55b3f6924740] 264 - core 164 r3108 31e19f9 - H.264/MPEG-4 AVC codec - Copyleft 2003-2023 - http://www.videolan.org/x264.html - options: cabac=1 ref=3 deblock=1:0:0 analyse=0x3:0x113 me=hex subme=7 psy=1 psy_rd=1.00:0.00 mixed_ref=1 me_range=16 chroma_me=1 trellis=1 8x8dct=1 cqm=0 deadzone=21,11 fast_pskip=1 chroma_qp_offset=-2 threads=1 lookahead_threads=1 sliced_threads=0 nr=0 decimate=1 interlaced=0 bluray_compat=0 constrained_intra=0 bframes=3 b_pyramid=2 b_adapt=1 b_bias=0 direct=1 weightb=1 open_gop=0 weightp=2 keyint=250 keyint_min=24 scenecut=40 intra_refresh=0 rc_lookahead=40 rc=crf mbtree=1 crf=23.0 qcomp=0.60 qpmin=0 qpmax=69 qpstep=4 ip_ratio=1.40 aq=1:1.00
Output #0, mp4, to '/workspace/video-export-size-estimation/artifacts/development-fixed/grain-leading2-ffmpeg.mp4':
  Metadata:
    encoder         : Lavf61.7.103
  Stream #0:0: Video: h264 (avc1 / 0x31637661), yuv420p(tv, progressive), 384x216 [SAR 1:1 DAR 16:9], q=2-31, 24 fps, 12288 tbn
      Metadata:
        encoder         : Lavc61.19.101 libx264
      Side data:
        cpb: bitrate max/min/avg: 0/0/0 buffer size: 0 vbv_delay: N/A
[mp4 @ 0x55b3f6944400] Starting second pass: moving the moov atom to the beginning of the file
[out#0/mp4 @ 0x55b3f6944300] video:1180KiB audio:0KiB subtitle:0KiB other streams:0KiB global headers:0KiB muxing overhead: 0.190072%
frame=  117 fps= 58 q=28.0 Lsize=    1182KiB time=00:00:04.79 bitrate=2020.6kbits/s speed=2.36x    
bench: utime=2.015s stime=0.048s rtime=2.030s
bench: maxrss=60672KiB
[libx264 @ 0x55b3f6924740] frame I:1     Avg QP:27.46  size: 18291
[libx264 @ 0x55b3f6924740] frame P:29    Avg QP:27.87  size: 13403
[libx264 @ 0x55b3f6924740] frame B:87    Avg QP:28.74  size:  9199
[libx264 @ 0x55b3f6924740] consecutive B-frames:  0.9%  0.0%  0.0% 99.1%
[libx264 @ 0x55b3f6924740] mb I  I16..4: 17.3% 48.8% 33.9%
[libx264 @ 0x55b3f6924740] mb P  I16..4:  3.8% 26.4%  8.6%  P16..4: 20.4% 23.4% 17.2%  0.0%  0.0%    skip: 0.2%
[libx264 @ 0x55b3f6924740] mb B  I16..4:  3.1% 18.4%  2.5%  B16..8: 38.6% 14.4%  6.4%  direct:10.2%  skip: 6.4%  L0:43.5% L1:43.4% BI:13.1%
[libx264 @ 0x55b3f6924740] 8x8 transform intra:72.8% inter:58.5%
[libx264 @ 0x55b3f6924740] coded y,uvDC,uvAC intra: 97.3% 100.0% 100.0% inter: 57.4% 90.0% 84.7%
[libx264 @ 0x55b3f6924740] i16 v,h,dc,p: 11%  3% 78%  8%
[libx264 @ 0x55b3f6924740] i8 v,h,dc,ddl,ddr,vr,hd,vl,hu:  8%  4% 60%  8%  3%  3%  4%  5%  4%
[libx264 @ 0x55b3f6924740] i4 v,h,dc,ddl,ddr,vr,hd,vl,hu: 15%  6% 47%  8%  5%  5%  5%  5%  5%
[libx264 @ 0x55b3f6924740] i8c dc,h,v,p: 79%  3% 15%  3%
[libx264 @ 0x55b3f6924740] Weighted P-Frames: Y:0.0% UV:0.0%
[libx264 @ 0x55b3f6924740] ref P L0: 35.9% 11.0% 34.1% 19.0%
[libx264 @ 0x55b3f6924740] ref B L0: 70.3% 22.9%  6.8%
[libx264 @ 0x55b3f6924740] ref B L1: 87.7% 12.3%
[libx264 @ 0x55b3f6924740] kb/s:1981.17
