[rawvideo @ 0x564cc926a580] Estimating duration from bitrate, this may be inaccurate
Input #0, rawvideo, from '/workspace/video-export-size-estimation/artifacts/development-fixed/grain-leading0.i420':
  Duration: 00:00:02.88, start: 0.000000, bitrate: 23887 kb/s
  Stream #0:0: Video: rawvideo (I420 / 0x30323449), yuv420p, 384x216, 23887 kb/s, 24 tbr, 24 tbn
Stream mapping:
  Stream #0:0 -> #0:0 (rawvideo (native) -> h264 (libx264))
[libx264 @ 0x564cc9273740] using SAR=1/1
[libx264 @ 0x564cc9273740] using cpu capabilities: MMX2 SSE2Fast SSSE3 SSE4.2 AVX FMA3 BMI2 AVX2 AVX512
[libx264 @ 0x564cc9273740] profile High, level 1.3, 4:2:0, 8-bit
[libx264 @ 0x564cc9273740] 264 - core 164 r3108 31e19f9 - H.264/MPEG-4 AVC codec - Copyleft 2003-2023 - http://www.videolan.org/x264.html - options: cabac=1 ref=3 deblock=1:0:0 analyse=0x3:0x113 me=hex subme=7 psy=1 psy_rd=1.00:0.00 mixed_ref=1 me_range=16 chroma_me=1 trellis=1 8x8dct=1 cqm=0 deadzone=21,11 fast_pskip=1 chroma_qp_offset=-2 threads=1 lookahead_threads=1 sliced_threads=0 nr=0 decimate=1 interlaced=0 bluray_compat=0 constrained_intra=0 bframes=3 b_pyramid=2 b_adapt=1 b_bias=0 direct=1 weightb=1 open_gop=0 weightp=2 keyint=250 keyint_min=24 scenecut=40 intra_refresh=0 rc_lookahead=40 rc=crf mbtree=1 crf=23.0 qcomp=0.60 qpmin=0 qpmax=69 qpstep=4 ip_ratio=1.40 aq=1:1.00
Output #0, mp4, to '/workspace/video-export-size-estimation/artifacts/development-fixed/grain-leading0-ffmpeg.mp4':
  Metadata:
    encoder         : Lavf61.7.103
  Stream #0:0: Video: h264 (avc1 / 0x31637661), yuv420p(tv, progressive), 384x216 [SAR 1:1 DAR 16:9], q=2-31, 24 fps, 12288 tbn
      Metadata:
        encoder         : Lavc61.19.101 libx264
      Side data:
        cpb: bitrate max/min/avg: 0/0/0 buffer size: 0 vbv_delay: N/A
[mp4 @ 0x564cc9293400] Starting second pass: moving the moov atom to the beginning of the file
[out#0/mp4 @ 0x564cc9293300] video:697KiB audio:0KiB subtitle:0KiB other streams:0KiB global headers:0KiB muxing overhead: 0.238766%
frame=   69 fps=0.0 q=28.0 Lsize=     699KiB time=00:00:02.79 bitrate=2050.0kbits/s speed=2.93x    
bench: utime=0.943s stime=0.017s rtime=0.952s
bench: maxrss=60544KiB
[libx264 @ 0x564cc9273740] frame I:1     Avg QP:27.55  size: 18613
[libx264 @ 0x564cc9273740] frame P:17    Avg QP:27.93  size: 13090
[libx264 @ 0x564cc9273740] frame B:51    Avg QP:28.69  size:  9252
[libx264 @ 0x564cc9273740] consecutive B-frames:  1.4%  0.0%  0.0% 98.6%
[libx264 @ 0x564cc9273740] mb I  I16..4: 14.0% 57.4% 28.6%
[libx264 @ 0x564cc9273740] mb P  I16..4:  4.1% 24.9%  8.5%  P16..4: 20.8% 23.9% 17.6%  0.0%  0.0%    skip: 0.2%
[libx264 @ 0x564cc9273740] mb B  I16..4:  3.0% 18.6%  2.5%  B16..8: 39.8% 14.0%  5.7%  direct: 9.9%  skip: 6.5%  L0:43.1% L1:43.7% BI:13.3%
[libx264 @ 0x564cc9273740] 8x8 transform intra:72.6% inter:57.3%
[libx264 @ 0x564cc9273740] coded y,uvDC,uvAC intra: 97.4% 100.0% 100.0% inter: 57.8% 90.0% 84.8%
[libx264 @ 0x564cc9273740] i16 v,h,dc,p: 11%  3% 79%  7%
[libx264 @ 0x564cc9273740] i8 v,h,dc,ddl,ddr,vr,hd,vl,hu:  8%  4% 61%  8%  3%  3%  3%  5%  4%
[libx264 @ 0x564cc9273740] i4 v,h,dc,ddl,ddr,vr,hd,vl,hu: 14%  6% 48%  7%  5%  5%  6%  5%  4%
[libx264 @ 0x564cc9273740] i8c dc,h,v,p: 79%  3% 14%  3%
[libx264 @ 0x564cc9273740] Weighted P-Frames: Y:0.0% UV:0.0%
[libx264 @ 0x564cc9273740] ref P L0: 39.4% 12.2% 31.7% 16.6%
[libx264 @ 0x564cc9273740] ref B L0: 70.4% 23.3%  6.3%
[libx264 @ 0x564cc9273740] ref B L1: 87.6% 12.4%
[libx264 @ 0x564cc9273740] kb/s:1983.94
