[rawvideo @ 0x55a018867580] Estimating duration from bitrate, this may be inaccurate
Input #0, rawvideo, from '/workspace/video-export-size-estimation/artifacts/development-fixed/motion-leading6.i420':
  Duration: 00:00:08.88, start: 0.000000, bitrate: 23887 kb/s
  Stream #0:0: Video: rawvideo (I420 / 0x30323449), yuv420p, 384x216, 23887 kb/s, 24 tbr, 24 tbn
Stream mapping:
  Stream #0:0 -> #0:0 (rawvideo (native) -> h264 (libx264))
[libx264 @ 0x55a018870740] using SAR=1/1
[libx264 @ 0x55a018870740] using cpu capabilities: MMX2 SSE2Fast SSSE3 SSE4.2 AVX FMA3 BMI2 AVX2 AVX512
[libx264 @ 0x55a018870740] profile High, level 1.3, 4:2:0, 8-bit
[libx264 @ 0x55a018870740] 264 - core 164 r3108 31e19f9 - H.264/MPEG-4 AVC codec - Copyleft 2003-2023 - http://www.videolan.org/x264.html - options: cabac=1 ref=3 deblock=1:0:0 analyse=0x3:0x113 me=hex subme=7 psy=1 psy_rd=1.00:0.00 mixed_ref=1 me_range=16 chroma_me=1 trellis=1 8x8dct=1 cqm=0 deadzone=21,11 fast_pskip=1 chroma_qp_offset=-2 threads=1 lookahead_threads=1 sliced_threads=0 nr=0 decimate=1 interlaced=0 bluray_compat=0 constrained_intra=0 bframes=3 b_pyramid=2 b_adapt=1 b_bias=0 direct=1 weightb=1 open_gop=0 weightp=2 keyint=250 keyint_min=24 scenecut=40 intra_refresh=0 rc_lookahead=40 rc=crf mbtree=1 crf=23.0 qcomp=0.60 qpmin=0 qpmax=69 qpstep=4 ip_ratio=1.40 aq=1:1.00
Output #0, mp4, to '/workspace/video-export-size-estimation/artifacts/development-fixed/motion-leading6-ffmpeg.mp4':
  Metadata:
    encoder         : Lavf61.7.103
  Stream #0:0: Video: h264 (avc1 / 0x31637661), yuv420p(tv, progressive), 384x216 [SAR 1:1 DAR 16:9], q=2-31, 24 fps, 12288 tbn
      Metadata:
        encoder         : Lavc61.19.101 libx264
      Side data:
        cpb: bitrate max/min/avg: 0/0/0 buffer size: 0 vbv_delay: N/A
[mp4 @ 0x55a018890380] Starting second pass: moving the moov atom to the beginning of the file
[out#0/mp4 @ 0x55a018890280] video:302KiB audio:0KiB subtitle:0KiB other streams:0KiB global headers:0KiB muxing overhead: 1.083447%
frame=  213 fps=0.0 q=28.0 Lsize=     305KiB time=00:00:08.79 bitrate= 284.6kbits/s speed=  13x    
bench: utime=0.676s stime=0.027s rtime=0.679s
bench: maxrss=61456KiB
[libx264 @ 0x55a018870740] frame I:1     Avg QP:15.27  size:  5989
[libx264 @ 0x55a018870740] frame P:68    Avg QP:24.28  size:  2022
[libx264 @ 0x55a018870740] frame B:144   Avg QP:30.08  size:  1147
[libx264 @ 0x55a018870740] consecutive B-frames:  3.8% 14.1% 12.7% 69.5%
[libx264 @ 0x55a018870740] mb I  I16..4: 62.5% 12.5% 25.0%
[libx264 @ 0x55a018870740] mb P  I16..4:  2.9%  4.9%  1.0%  P16..4: 14.5%  9.4%  5.5%  0.0%  0.0%    skip:61.8%
[libx264 @ 0x55a018870740] mb B  I16..4:  0.3%  0.2%  0.2%  B16..8: 21.7%  6.1%  1.5%  direct: 2.0%  skip:68.0%  L0:49.8% L1:44.3% BI: 5.9%
[libx264 @ 0x55a018870740] 8x8 transform intra:47.2% inter:39.2%
[libx264 @ 0x55a018870740] coded y,uvDC,uvAC intra: 11.3% 25.1% 22.6% inter: 4.9% 13.6% 10.5%
[libx264 @ 0x55a018870740] i16 v,h,dc,p: 77% 19%  4%  0%
[libx264 @ 0x55a018870740] i8 v,h,dc,ddl,ddr,vr,hd,vl,hu:  6% 24% 67%  1%  0%  0%  0%  0%  1%
[libx264 @ 0x55a018870740] i4 v,h,dc,ddl,ddr,vr,hd,vl,hu: 35% 25% 29%  2%  1%  1%  2%  2%  3%
[libx264 @ 0x55a018870740] i8c dc,h,v,p: 57% 17% 25%  1%
[libx264 @ 0x55a018870740] Weighted P-Frames: Y:0.0% UV:0.0%
[libx264 @ 0x55a018870740] ref P L0: 59.2%  8.2% 19.2% 13.4%
[libx264 @ 0x55a018870740] ref B L0: 81.1% 14.9%  4.0%
[libx264 @ 0x55a018870740] ref B L1: 94.4%  5.6%
[libx264 @ 0x55a018870740] kb/s:278.26
