[rawvideo @ 0x5578342e0580] Estimating duration from bitrate, this may be inaccurate
Input #0, rawvideo, from '/workspace/video-export-size-estimation/artifacts/development-fixed/motion-leading0.i420':
  Duration: 00:00:02.88, start: 0.000000, bitrate: 23887 kb/s
  Stream #0:0: Video: rawvideo (I420 / 0x30323449), yuv420p, 384x216, 23887 kb/s, 24 tbr, 24 tbn
Stream mapping:
  Stream #0:0 -> #0:0 (rawvideo (native) -> h264 (libx264))
[libx264 @ 0x5578342e9740] using SAR=1/1
[libx264 @ 0x5578342e9740] using cpu capabilities: MMX2 SSE2Fast SSSE3 SSE4.2 AVX FMA3 BMI2 AVX2 AVX512
[libx264 @ 0x5578342e9740] profile High, level 1.3, 4:2:0, 8-bit
[libx264 @ 0x5578342e9740] 264 - core 164 r3108 31e19f9 - H.264/MPEG-4 AVC codec - Copyleft 2003-2023 - http://www.videolan.org/x264.html - options: cabac=1 ref=3 deblock=1:0:0 analyse=0x3:0x113 me=hex subme=7 psy=1 psy_rd=1.00:0.00 mixed_ref=1 me_range=16 chroma_me=1 trellis=1 8x8dct=1 cqm=0 deadzone=21,11 fast_pskip=1 chroma_qp_offset=-2 threads=1 lookahead_threads=1 sliced_threads=0 nr=0 decimate=1 interlaced=0 bluray_compat=0 constrained_intra=0 bframes=3 b_pyramid=2 b_adapt=1 b_bias=0 direct=1 weightb=1 open_gop=0 weightp=2 keyint=250 keyint_min=24 scenecut=40 intra_refresh=0 rc_lookahead=40 rc=crf mbtree=1 crf=23.0 qcomp=0.60 qpmin=0 qpmax=69 qpstep=4 ip_ratio=1.40 aq=1:1.00
Output #0, mp4, to '/workspace/video-export-size-estimation/artifacts/development-fixed/motion-leading0-ffmpeg.mp4':
  Metadata:
    encoder         : Lavf61.7.103
  Stream #0:0: Video: h264 (avc1 / 0x31637661), yuv420p(tv, progressive), 384x216 [SAR 1:1 DAR 16:9], q=2-31, 24 fps, 12288 tbn
      Metadata:
        encoder         : Lavc61.19.101 libx264
      Side data:
        cpb: bitrate max/min/avg: 0/0/0 buffer size: 0 vbv_delay: N/A
[mp4 @ 0x557834309380] Starting second pass: moving the moov atom to the beginning of the file
[out#0/mp4 @ 0x557834309280] video:99KiB audio:0KiB subtitle:0KiB other streams:0KiB global headers:0KiB muxing overhead: 1.659505%
frame=   69 fps=0.0 q=28.0 Lsize=     101KiB time=00:00:02.79 bitrate= 294.9kbits/s speed=12.6x    
bench: utime=0.208s stime=0.020s rtime=0.222s
bench: maxrss=60288KiB
[libx264 @ 0x5578342e9740] frame I:1     Avg QP:13.87  size:  4936
[libx264 @ 0x5578342e9740] frame P:21    Avg QP:24.78  size:  1986
[libx264 @ 0x5578342e9740] frame B:47    Avg QP:30.71  size:  1147
[libx264 @ 0x5578342e9740] consecutive B-frames:  4.3% 11.6%  8.7% 75.4%
[libx264 @ 0x5578342e9740] mb I  I16..4: 65.8%  9.2% 25.0%
[libx264 @ 0x5578342e9740] mb P  I16..4:  2.5%  3.8%  0.9%  P16..4: 14.4%  9.2%  5.2%  0.0%  0.0%    skip:63.9%
[libx264 @ 0x5578342e9740] mb B  I16..4:  0.2%  0.3%  0.1%  B16..8: 20.9%  6.4%  1.4%  direct: 1.9%  skip:68.8%  L0:49.5% L1:44.3% BI: 6.2%
[libx264 @ 0x5578342e9740] 8x8 transform intra:36.7% inter:38.2%
[libx264 @ 0x5578342e9740] coded y,uvDC,uvAC intra: 14.9% 29.4% 26.8% inter: 4.9% 13.1% 9.9%
[libx264 @ 0x5578342e9740] i16 v,h,dc,p: 81% 15%  4%  0%
[libx264 @ 0x5578342e9740] i8 v,h,dc,ddl,ddr,vr,hd,vl,hu:  7% 19% 69%  3%  0%  0%  0%  1%  1%
[libx264 @ 0x5578342e9740] i4 v,h,dc,ddl,ddr,vr,hd,vl,hu: 41% 25% 22%  3%  1%  1%  3%  2%  2%
[libx264 @ 0x5578342e9740] i8c dc,h,v,p: 58% 16% 25%  1%
[libx264 @ 0x5578342e9740] Weighted P-Frames: Y:0.0% UV:0.0%
[libx264 @ 0x5578342e9740] ref P L0: 61.5%  7.9% 18.3% 12.3%
[libx264 @ 0x5578342e9740] ref B L0: 79.7% 16.5%  3.9%
[libx264 @ 0x5578342e9740] ref B L1: 93.6%  6.4%
[libx264 @ 0x5578342e9740] kb/s:279.78
