[rawvideo @ 0x55fe5a67b580] Estimating duration from bitrate, this may be inaccurate
Input #0, rawvideo, from '/workspace/video-export-size-estimation/artifacts/development-fixed/motion-leading2.i420':
  Duration: 00:00:04.88, start: 0.000000, bitrate: 23887 kb/s
  Stream #0:0: Video: rawvideo (I420 / 0x30323449), yuv420p, 384x216, 23887 kb/s, 24 tbr, 24 tbn
Stream mapping:
  Stream #0:0 -> #0:0 (rawvideo (native) -> h264 (libx264))
[libx264 @ 0x55fe5a684740] using SAR=1/1
[libx264 @ 0x55fe5a684740] using cpu capabilities: MMX2 SSE2Fast SSSE3 SSE4.2 AVX FMA3 BMI2 AVX2 AVX512
[libx264 @ 0x55fe5a684740] profile High, level 1.3, 4:2:0, 8-bit
[libx264 @ 0x55fe5a684740] 264 - core 164 r3108 31e19f9 - H.264/MPEG-4 AVC codec - Copyleft 2003-2023 - http://www.videolan.org/x264.html - options: cabac=1 ref=3 deblock=1:0:0 analyse=0x3:0x113 me=hex subme=7 psy=1 psy_rd=1.00:0.00 mixed_ref=1 me_range=16 chroma_me=1 trellis=1 8x8dct=1 cqm=0 deadzone=21,11 fast_pskip=1 chroma_qp_offset=-2 threads=1 lookahead_threads=1 sliced_threads=0 nr=0 decimate=1 interlaced=0 bluray_compat=0 constrained_intra=0 bframes=3 b_pyramid=2 b_adapt=1 b_bias=0 direct=1 weightb=1 open_gop=0 weightp=2 keyint=250 keyint_min=24 scenecut=40 intra_refresh=0 rc_lookahead=40 rc=crf mbtree=1 crf=23.0 qcomp=0.60 qpmin=0 qpmax=69 qpstep=4 ip_ratio=1.40 aq=1:1.00
Output #0, mp4, to '/workspace/video-export-size-estimation/artifacts/development-fixed/motion-leading2-ffmpeg.mp4':
  Metadata:
    encoder         : Lavf61.7.103
  Stream #0:0: Video: h264 (avc1 / 0x31637661), yuv420p(tv, progressive), 384x216 [SAR 1:1 DAR 16:9], q=2-31, 24 fps, 12288 tbn
      Metadata:
        encoder         : Lavc61.19.101 libx264
      Side data:
        cpb: bitrate max/min/avg: 0/0/0 buffer size: 0 vbv_delay: N/A
[mp4 @ 0x55fe5a6a4380] Starting second pass: moving the moov atom to the beginning of the file
[out#0/mp4 @ 0x55fe5a6a4280] video:167KiB audio:0KiB subtitle:0KiB other streams:0KiB global headers:0KiB muxing overhead: 1.319406%
frame=  117 fps=0.0 q=28.0 Lsize=     169KiB time=00:00:04.79 bitrate= 289.2kbits/s speed=13.7x    
bench: utime=0.345s stime=0.017s rtime=0.350s
bench: maxrss=60544KiB
[libx264 @ 0x55fe5a684740] frame I:1     Avg QP:14.48  size:  5423
[libx264 @ 0x55fe5a684740] frame P:35    Avg QP:23.61  size:  2053
[libx264 @ 0x55fe5a684740] frame B:81    Avg QP:30.28  size:  1148
[libx264 @ 0x55fe5a684740] consecutive B-frames:  3.4% 10.3%  7.7% 78.6%
[libx264 @ 0x55fe5a684740] mb I  I16..4: 68.8%  6.2% 25.0%
[libx264 @ 0x55fe5a684740] mb P  I16..4:  3.3%  4.4%  1.1%  P16..4: 14.5%  9.6%  5.6%  0.0%  0.0%    skip:61.5%
[libx264 @ 0x55fe5a684740] mb B  I16..4:  0.3%  0.3%  0.1%  B16..8: 21.2%  6.2%  1.5%  direct: 1.9%  skip:68.4%  L0:50.0% L1:43.9% BI: 6.1%
[libx264 @ 0x55fe5a684740] 8x8 transform intra:39.5% inter:39.3%
[libx264 @ 0x55fe5a684740] coded y,uvDC,uvAC intra: 12.5% 27.2% 24.3% inter: 5.0% 13.6% 10.2%
[libx264 @ 0x55fe5a684740] i16 v,h,dc,p: 83% 13%  4%  0%
[libx264 @ 0x55fe5a684740] i8 v,h,dc,ddl,ddr,vr,hd,vl,hu:  5% 23% 67%  2%  0%  0%  0%  0%  1%
[libx264 @ 0x55fe5a684740] i4 v,h,dc,ddl,ddr,vr,hd,vl,hu: 36% 25% 28%  2%  1%  1%  2%  2%  3%
[libx264 @ 0x55fe5a684740] i8c dc,h,v,p: 56% 16% 26%  1%
[libx264 @ 0x55fe5a684740] Weighted P-Frames: Y:0.0% UV:0.0%
[libx264 @ 0x55fe5a684740] ref P L0: 59.7%  7.8% 18.9% 13.6%
[libx264 @ 0x55fe5a684740] ref B L0: 81.0% 14.9%  4.2%
[libx264 @ 0x55fe5a684740] ref B L1: 93.7%  6.3%
[libx264 @ 0x55fe5a684740] kb/s:279.46
