[rawvideo @ 0x55d85efbf580] Estimating duration from bitrate, this may be inaccurate
Input #0, rawvideo, from '/workspace/video-export-size-estimation/artifacts/development-fixed/pedestrians-leading0.i420':
  Duration: 00:00:05.50, start: 0.000000, bitrate: 13271 kb/s
  Stream #0:0: Video: rawvideo (I420 / 0x30323449), yuv420p, 384x288, 13271 kb/s, 10 tbr, 10 tbn
Stream mapping:
  Stream #0:0 -> #0:0 (rawvideo (native) -> h264 (libx264))
[libx264 @ 0x55d85efc8740] using cpu capabilities: MMX2 SSE2Fast SSSE3 SSE4.2 AVX FMA3 BMI2 AVX2 AVX512
[libx264 @ 0x55d85efc8740] profile High, level 2.1, 4:2:0, 8-bit
[libx264 @ 0x55d85efc8740] 264 - core 164 r3108 31e19f9 - H.264/MPEG-4 AVC codec - Copyleft 2003-2023 - http://www.videolan.org/x264.html - options: cabac=1 ref=3 deblock=1:0:0 analyse=0x3:0x113 me=hex subme=7 psy=1 psy_rd=1.00:0.00 mixed_ref=1 me_range=16 chroma_me=1 trellis=1 8x8dct=1 cqm=0 deadzone=21,11 fast_pskip=1 chroma_qp_offset=-2 threads=1 lookahead_threads=1 sliced_threads=0 nr=0 decimate=1 interlaced=0 bluray_compat=0 constrained_intra=0 bframes=3 b_pyramid=2 b_adapt=1 b_bias=0 direct=1 weightb=1 open_gop=0 weightp=2 keyint=250 keyint_min=10 scenecut=40 intra_refresh=0 rc_lookahead=40 rc=crf mbtree=1 crf=23.0 qcomp=0.60 qpmin=0 qpmax=69 qpstep=4 ip_ratio=1.40 aq=1:1.00
Output #0, mp4, to '/workspace/video-export-size-estimation/artifacts/development-fixed/pedestrians-leading0-ffmpeg.mp4':
  Metadata:
    encoder         : Lavf61.7.103
  Stream #0:0: Video: h264 (avc1 / 0x31637661), yuv420p(tv, progressive), 384x288, q=2-31, 10 fps, 10240 tbn
      Metadata:
        encoder         : Lavc61.19.101 libx264
      Side data:
        cpb: bitrate max/min/avg: 0/0/0 buffer size: 0 vbv_delay: N/A
[mp4 @ 0x55d85eff2580] Starting second pass: moving the moov atom to the beginning of the file
[out#0/mp4 @ 0x55d85eff2480] video:98KiB audio:0KiB subtitle:0KiB other streams:0KiB global headers:0KiB muxing overhead: 1.489472%
frame=   55 fps=0.0 q=25.0 Lsize=      99KiB time=00:00:05.30 bitrate= 153.7kbits/s speed=22.3x    
bench: utime=0.216s stime=0.028s rtime=0.238s
bench: maxrss=66248KiB
[libx264 @ 0x55d85efc8740] frame I:1     Avg QP:17.59  size: 33563
[libx264 @ 0x55d85efc8740] frame P:18    Avg QP:18.74  size:  2330
[libx264 @ 0x55d85efc8740] frame B:36    Avg QP:26.30  size:   670
[libx264 @ 0x55d85efc8740] consecutive B-frames: 10.9%  3.6%  5.5% 80.0%
[libx264 @ 0x55d85efc8740] mb I  I16..4:  1.2% 44.7% 54.2%
[libx264 @ 0x55d85efc8740] mb P  I16..4:  0.1%  0.5%  1.0%  P16..4: 28.2%  8.4% 10.6%  0.0%  0.0%    skip:51.2%
[libx264 @ 0x55d85efc8740] mb B  I16..4:  0.0%  0.0%  0.2%  B16..8: 11.8%  3.1%  2.7%  direct: 1.4%  skip:80.9%  L0:34.2% L1:57.0% BI: 8.8%
[libx264 @ 0x55d85efc8740] 8x8 transform intra:40.0% inter:38.3%
[libx264 @ 0x55d85efc8740] coded y,uvDC,uvAC intra: 97.8% 92.9% 79.8% inter: 9.3% 6.2% 1.2%
[libx264 @ 0x55d85efc8740] i16 v,h,dc,p:  0%  0% 27% 73%
[libx264 @ 0x55d85efc8740] i8 v,h,dc,ddl,ddr,vr,hd,vl,hu:  7% 27% 16%  4%  8%  3% 20%  4% 11%
[libx264 @ 0x55d85efc8740] i4 v,h,dc,ddl,ddr,vr,hd,vl,hu: 17% 23% 12%  4%  7%  7% 12%  6% 11%
[libx264 @ 0x55d85efc8740] i8c dc,h,v,p: 54% 29% 11%  6%
[libx264 @ 0x55d85efc8740] Weighted P-Frames: Y:0.0% UV:0.0%
[libx264 @ 0x55d85efc8740] ref P L0: 73.4% 11.0% 10.2%  5.4%
[libx264 @ 0x55d85efc8740] ref B L0: 93.0%  5.2%  1.9%
[libx264 @ 0x55d85efc8740] ref B L1: 94.1%  5.9%
[libx264 @ 0x55d85efc8740] kb/s:144.89
