[rawvideo @ 0x55f5ad623580] Estimating duration from bitrate, this may be inaccurate
Input #0, rawvideo, from '/workspace/video-export-size-estimation/artifacts/development-fixed/pedestrians-leading2.i420':
  Duration: 00:00:07.50, start: 0.000000, bitrate: 13271 kb/s
  Stream #0:0: Video: rawvideo (I420 / 0x30323449), yuv420p, 384x288, 13271 kb/s, 10 tbr, 10 tbn
Stream mapping:
  Stream #0:0 -> #0:0 (rawvideo (native) -> h264 (libx264))
[libx264 @ 0x55f5ad62c740] using cpu capabilities: MMX2 SSE2Fast SSSE3 SSE4.2 AVX FMA3 BMI2 AVX2 AVX512
[libx264 @ 0x55f5ad62c740] profile High, level 2.1, 4:2:0, 8-bit
[libx264 @ 0x55f5ad62c740] 264 - core 164 r3108 31e19f9 - H.264/MPEG-4 AVC codec - Copyleft 2003-2023 - http://www.videolan.org/x264.html - options: cabac=1 ref=3 deblock=1:0:0 analyse=0x3:0x113 me=hex subme=7 psy=1 psy_rd=1.00:0.00 mixed_ref=1 me_range=16 chroma_me=1 trellis=1 8x8dct=1 cqm=0 deadzone=21,11 fast_pskip=1 chroma_qp_offset=-2 threads=1 lookahead_threads=1 sliced_threads=0 nr=0 decimate=1 interlaced=0 bluray_compat=0 constrained_intra=0 bframes=3 b_pyramid=2 b_adapt=1 b_bias=0 direct=1 weightb=1 open_gop=0 weightp=2 keyint=250 keyint_min=10 scenecut=40 intra_refresh=0 rc_lookahead=40 rc=crf mbtree=1 crf=23.0 qcomp=0.60 qpmin=0 qpmax=69 qpstep=4 ip_ratio=1.40 aq=1:1.00
Output #0, mp4, to '/workspace/video-export-size-estimation/artifacts/development-fixed/pedestrians-leading2-ffmpeg.mp4':
  Metadata:
    encoder         : Lavf61.7.103
  Stream #0:0: Video: h264 (avc1 / 0x31637661), yuv420p(tv, progressive), 384x288, q=2-31, 10 fps, 10240 tbn
      Metadata:
        encoder         : Lavc61.19.101 libx264
      Side data:
        cpb: bitrate max/min/avg: 0/0/0 buffer size: 0 vbv_delay: N/A
[mp4 @ 0x55f5ad656580] Starting second pass: moving the moov atom to the beginning of the file
[out#0/mp4 @ 0x55f5ad656480] video:126KiB audio:0KiB subtitle:0KiB other streams:0KiB global headers:0KiB muxing overhead: 1.342825%
frame=   75 fps=0.0 q=25.0 Lsize=     127KiB time=00:00:07.30 bitrate= 142.8kbits/s speed=23.2x    
bench: utime=0.306s stime=0.013s rtime=0.315s
bench: maxrss=67016KiB
[libx264 @ 0x55f5ad62c740] frame I:1     Avg QP:17.54  size: 34113
[libx264 @ 0x55f5ad62c740] frame P:23    Avg QP:18.51  size:  2576
[libx264 @ 0x55f5ad62c740] frame B:51    Avg QP:25.84  size:   676
[libx264 @ 0x55f5ad62c740] consecutive B-frames:  5.3%  8.0% 12.0% 74.7%
[libx264 @ 0x55f5ad62c740] mb I  I16..4:  0.0% 38.2% 61.8%
[libx264 @ 0x55f5ad62c740] mb P  I16..4:  0.0%  0.6%  1.0%  P16..4: 30.6%  8.5% 13.5%  0.0%  0.0%    skip:45.7%
[libx264 @ 0x55f5ad62c740] mb B  I16..4:  0.0%  0.0%  0.1%  B16..8: 11.0%  2.9%  2.8%  direct: 1.4%  skip:81.8%  L0:30.1% L1:60.8% BI: 9.1%
[libx264 @ 0x55f5ad62c740] 8x8 transform intra:36.1% inter:36.6%
[libx264 @ 0x55f5ad62c740] coded y,uvDC,uvAC intra: 97.7% 91.2% 75.9% inter: 9.7% 6.3% 1.3%
[libx264 @ 0x55f5ad62c740] i16 v,h,dc,p: 25%  0% 50% 25%
[libx264 @ 0x55f5ad62c740] i8 v,h,dc,ddl,ddr,vr,hd,vl,hu:  9% 27% 14%  3%  7%  4% 21%  4% 11%
[libx264 @ 0x55f5ad62c740] i4 v,h,dc,ddl,ddr,vr,hd,vl,hu: 17% 24% 13%  4%  7%  6% 13%  5% 10%
[libx264 @ 0x55f5ad62c740] i8c dc,h,v,p: 59% 24% 11%  7%
[libx264 @ 0x55f5ad62c740] Weighted P-Frames: Y:0.0% UV:0.0%
[libx264 @ 0x55f5ad62c740] ref P L0: 73.7% 13.3%  8.2%  4.7%
[libx264 @ 0x55f5ad62c740] ref B L0: 91.7%  6.9%  1.4%
[libx264 @ 0x55f5ad62c740] ref B L1: 96.1%  3.9%
[libx264 @ 0x55f5ad62c740] kb/s:136.37
