[rawvideo @ 0x56233a7f4580] Estimating duration from bitrate, this may be inaccurate
Input #0, rawvideo, from '/workspace/video-export-size-estimation/artifacts/development-fixed/screen-leading6.i420':
  Duration: 00:00:08.88, start: 0.000000, bitrate: 23887 kb/s
  Stream #0:0: Video: rawvideo (I420 / 0x30323449), yuv420p, 384x216, 23887 kb/s, 24 tbr, 24 tbn
Stream mapping:
  Stream #0:0 -> #0:0 (rawvideo (native) -> h264 (libx264))
[libx264 @ 0x56233a7fd740] using SAR=1/1
[libx264 @ 0x56233a7fd740] using cpu capabilities: MMX2 SSE2Fast SSSE3 SSE4.2 AVX FMA3 BMI2 AVX2 AVX512
[libx264 @ 0x56233a7fd740] profile High, level 1.3, 4:2:0, 8-bit
[libx264 @ 0x56233a7fd740] 264 - core 164 r3108 31e19f9 - H.264/MPEG-4 AVC codec - Copyleft 2003-2023 - http://www.videolan.org/x264.html - options: cabac=1 ref=3 deblock=1:0:0 analyse=0x3:0x113 me=hex subme=7 psy=1 psy_rd=1.00:0.00 mixed_ref=1 me_range=16 chroma_me=1 trellis=1 8x8dct=1 cqm=0 deadzone=21,11 fast_pskip=1 chroma_qp_offset=-2 threads=1 lookahead_threads=1 sliced_threads=0 nr=0 decimate=1 interlaced=0 bluray_compat=0 constrained_intra=0 bframes=3 b_pyramid=2 b_adapt=1 b_bias=0 direct=1 weightb=1 open_gop=0 weightp=2 keyint=250 keyint_min=24 scenecut=40 intra_refresh=0 rc_lookahead=40 rc=crf mbtree=1 crf=23.0 qcomp=0.60 qpmin=0 qpmax=69 qpstep=4 ip_ratio=1.40 aq=1:1.00
Output #0, mp4, to '/workspace/video-export-size-estimation/artifacts/development-fixed/screen-leading6-ffmpeg.mp4':
  Metadata:
    encoder         : Lavf61.7.103
  Stream #0:0: Video: h264 (avc1 / 0x31637661), yuv420p(tv, progressive), 384x216 [SAR 1:1 DAR 16:9], q=2-31, 24 fps, 12288 tbn
      Metadata:
        encoder         : Lavc61.19.101 libx264
      Side data:
        cpb: bitrate max/min/avg: 0/0/0 buffer size: 0 vbv_delay: N/A
[mp4 @ 0x56233a81d380] Starting second pass: moving the moov atom to the beginning of the file
[out#0/mp4 @ 0x56233a81d280] video:39KiB audio:0KiB subtitle:0KiB other streams:0KiB global headers:0KiB muxing overhead: 8.673018%
frame=  213 fps=0.0 q=28.0 Lsize=      42KiB time=00:00:08.79 bitrate=  39.1kbits/s speed=25.2x    
bench: utime=0.346s stime=0.023s rtime=0.349s
bench: maxrss=61908KiB
[libx264 @ 0x56233a7fd740] frame I:1     Avg QP:13.59  size:  3395
[libx264 @ 0x56233a7fd740] frame P:54    Avg QP:14.66  size:   522
[libx264 @ 0x56233a7fd740] frame B:158   Avg QP:13.52  size:    46
[libx264 @ 0x56233a7fd740] consecutive B-frames:  0.5%  1.9%  0.0% 97.7%
[libx264 @ 0x56233a7fd740] mb I  I16..4: 73.5%  2.1% 24.4%
[libx264 @ 0x56233a7fd740] mb P  I16..4:  1.8%  1.2%  0.7%  P16..4: 11.0%  1.8%  3.2%  0.0%  0.0%    skip:80.4%
[libx264 @ 0x56233a7fd740] mb B  I16..4:  0.4%  0.0%  0.0%  B16..8:  5.0%  0.1%  0.0%  direct: 0.0%  skip:94.6%  L0:56.3% L1:42.6% BI: 1.1%
[libx264 @ 0x56233a7fd740] 8x8 transform intra:19.2% inter:88.4%
[libx264 @ 0x56233a7fd740] coded y,uvDC,uvAC intra: 11.6% 30.0% 27.1% inter: 0.6% 2.1% 1.3%
[libx264 @ 0x56233a7fd740] i16 v,h,dc,p: 64% 31%  5%  0%
[libx264 @ 0x56233a7fd740] i8 v,h,dc,ddl,ddr,vr,hd,vl,hu: 18% 40% 35%  1%  1%  2%  0%  1%  1%
[libx264 @ 0x56233a7fd740] i4 v,h,dc,ddl,ddr,vr,hd,vl,hu: 65% 22%  9%  1%  1%  1%  1%  1%  0%
[libx264 @ 0x56233a7fd740] i8c dc,h,v,p: 37% 48% 15%  0%
[libx264 @ 0x56233a7fd740] Weighted P-Frames: Y:0.0% UV:0.0%
[libx264 @ 0x56233a7fd740] ref P L0: 53.3%  8.6% 35.1%  3.0%
[libx264 @ 0x56233a7fd740] ref B L0: 59.8% 34.1%  6.0%
[libx264 @ 0x56233a7fd740] ref B L1: 91.1%  8.9%
[libx264 @ 0x56233a7fd740] kb/s:35.05
