{"case": "static", "measured_block": 0}
{"case": "static", "measured_block": 2}
{"case": "static", "measured_block": 5}
{"case": "static", "measured_block": 6}
{"case": "static", "measured_block": 7}
{"case": "static", "measured_block": 8}
{"case": "static", "measured_block": 9}
{"case": "static", "measured_block": 10}
{"case": "motion", "measured_block": 0}
{"case": "motion", "measured_block": 2}
{"case": "motion", "measured_block": 5}
{"case": "motion", "measured_block": 6}
{"case": "motion", "measured_block": 7}
{"case": "motion", "measured_block": 8}
{"case": "motion", "measured_block": 9}
{"case": "motion", "measured_block": 10}
{"case": "motion", "measured_block": 11}
{"case": "grain", "measured_block": 0}
{"case": "grain", "measured_block": 2}
{"case": "grain", "measured_block": 4}
{"case": "grain", "measured_block": 5}
{"case": "grain", "measured_block": 6}
{"case": "grain", "measured_block": 7}
{"case": "grain", "measured_block": 8}
{"case": "grain", "measured_block": 9}
{"case": "grain", "measured_block": 10}
{"case": "grain", "measured_block": 11}
{"case": "brief-burst", "measured_block": 0}
{"case": "brief-burst", "measured_block": 2}
{"case": "brief-burst", "measured_block": 4}
{"case": "brief-burst", "measured_block": 5}
{"case": "brief-burst", "measured_block": 6}
{"case": "brief-burst", "measured_block": 7}
{"case": "brief-burst", "measured_block": 8}
{"case": "brief-burst", "measured_block": 9}
{"case": "brief-burst", "measured_block": 10}
{"case": "cbr-burst", "measured_block": 0}
{"case": "cbr-burst", "measured_block": 2}
{"case": "cbr-burst", "measured_block": 5}
{"case": "cbr-burst", "measured_block": 6}
{"case": "cbr-burst", "measured_block": 7}
{"case": "cbr-burst", "measured_block": 8}
{"case": "cbr-burst", "measured_block": 9}
{"case": "cbr-burst", "measured_block": 10}
{"case": "alternating", "measured_block": 0}
{"case": "alternating", "measured_block": 2}
{"case": "alternating", "measured_block": 4}
{"case": "alternating", "measured_block": 5}
{"case": "alternating", "measured_block": 6}
{"case": "alternating", "measured_block": 7}
{"case": "alternating", "measured_block": 8}
{"case": "alternating", "measured_block": 9}
{"case": "alternating", "measured_block": 10}
{"case": "screen", "measured_block": 0}
{"case": "screen", "measured_block": 2}
{"case": "screen", "measured_block": 4}
{"case": "screen", "measured_block": 5}
{"case": "screen", "measured_block": 6}
{"case": "screen", "measured_block": 7}
{"case": "screen", "measured_block": 8}
{"case": "screen", "measured_block": 9}
{"case": "screen", "measured_block": 10}
{"case": "pedestrians", "measured_block": 3}
{"case": "pedestrians", "measured_block": 5}
{"case": "pedestrians", "measured_block": 9}
{"case": "pedestrians", "measured_block": 10}
{"case": "pedestrians", "measured_block": 11}
{"case": "pedestrians", "measured_block": 12}
{"case": "pedestrians", "measured_block": 15}
{"case": "pedestrians", "measured_block": 16}
{"case": "pedestrians", "measured_block": 17}
{"case": "pedestrians", "measured_block": 18}
{"case": "megamind", "measured_block": 0}
{"case": "megamind", "measured_block": 1}
{"case": "megamind", "measured_block": 2}
{"case": "megamind", "measured_block": 3}
{"case": "megamind", "measured_block": 4}
[{"method": "uniform3", "sample_count": 3, "cases": 9, "raw_payload_median_absolute_relative_error": 0.06953648429085202, "raw_payload_max_absolute_relative_error": 0.9926682196226543, "periodic_payload_median_absolute_relative_error": 0.01572246245210196, "median_total_wall_seconds": 2.9738059070077725, "median_encoded_fraction": 0.734375}, {"method": "uniform3", "sample_count": 4, "cases": 9, "raw_payload_median_absolute_relative_error": 0.07011154316592727, "raw_payload_max_absolute_relative_error": 0.9927254660281455, "periodic_payload_median_absolute_relative_error": 0.03192721450113489, "median_total_wall_seconds": 3.618187324005703, "median_encoded_fraction": 0.9791666666666666}, {"method": "uniform3", "sample_count": 5, "cases": 9, "raw_payload_median_absolute_relative_error": 0.07853204812238712, "raw_payload_max_absolute_relative_error": 0.9926968428253998, "periodic_payload_median_absolute_relative_error": 0.010126630833065975, "median_total_wall_seconds": 4.617969332008215, "median_encoded_fraction": 1.2239583333333333}, {"method": "uniform3", "sample_count": 6, "cases": 8, "raw_payload_median_absolute_relative_error": 0.08836850775422378, "raw_payload_max_absolute_relative_error": 1.2382708475860391, "periodic_payload_median_absolute_relative_error": 0.009389316755185506, "median_total_wall_seconds": 5.406504909999057, "median_encoded_fraction": 1.46875}, {"method": "mean-4fps", "sample_count": 3, "cases": 9, "raw_payload_median_absolute_relative_error": 0.01604256073534671, "raw_payload_max_absolute_relative_error": 0.05561640834656878, "periodic_payload_median_absolute_relative_error": 0.011165859204921524, "median_total_wall_seconds": 3.438553623011103, "median_encoded_fraction": 0.6510416666666666}, {"method": "mean-4fps", "sample_count": 4, "cases": 9, "raw_payload_median_absolute_relative_error": 0.015031057562692185, "raw_payload_max_absolute_relative_error": 0.1011452216613441, "periodic_payload_median_absolute_relative_error": 0.01186084005380128, "median_total_wall_seconds": 4.481558304003556, "median_encoded_fraction": 0.8958333333333334}, {"method": "mean-4fps", "sample_count": 5, "cases": 9, "raw_payload_median_absolute_relative_error": 0.00882246610115578, "raw_payload_max_absolute_relative_error": 0.1338801895539301, "periodic_payload_median_absolute_relative_error": 0.006480960915748679, "median_total_wall_seconds": 5.33548820901342, "median_encoded_fraction": 1.140625}, {"method": "mean-4fps", "sample_count": 6, "cases": 8, "raw_payload_median_absolute_relative_error": 0.013541582490565807, "raw_payload_max_absolute_relative_error": 0.10030848299623418, "periodic_payload_median_absolute_relative_error": 0.0066200896187708635, "median_total_wall_seconds": 6.004840083001909, "median_encoded_fraction": 1.3854166666666667}, {"method": "mean-8fps", "sample_count": 3, "cases": 9, "raw_payload_median_absolute_relative_error": 0.009381046438196927, "raw_payload_max_absolute_relative_error": 0.05561640834656878, "periodic_payload_median_absolute_relative_error": 0.009381046438196927, "median_total_wall_seconds": 3.2259986930075684, "median_encoded_fraction": 0.6510416666666666}, {"method": "mean-8fps", "sample_count": 4, "cases": 9, "raw_payload_median_absolute_relative_error": 0.03138953004389289, "raw_payload_max_absolute_relative_error": 0.1011452216613441, "periodic_payload_median_absolute_relative_error": 0.012670748671887888, "median_total_wall_seconds": 4.289804026011552, "median_encoded_fraction": 0.8958333333333334}, {"method": "mean-8fps", "sample_count": 5, "cases": 9, "raw_payload_median_absolute_relative_error": 0.00882246610115578, "raw_payload_max_absolute_relative_error": 0.1338801895539301, "periodic_payload_median_absolute_relative_error": 0.006480960915748679, "median_total_wall_seconds": 5.336488146014744, "median_encoded_fraction": 1.140625}, {"method": "mean-8fps", "sample_count": 6, "cases": 8, "raw_payload_median_absolute_relative_error": 0.013541582490565807, "raw_payload_max_absolute_relative_error": 0.10030848299623418, "periodic_payload_median_absolute_relative_error": 0.0066200896187708635, "median_total_wall_seconds": 5.986433196500002, "median_encoded_fraction": 1.3854166666666667}, {"method": "mean-max-1fps", "sample_count": 3, "cases": 9, "raw_payload_median_absolute_relative_error": 0.03736822224511516, "raw_payload_max_absolute_relative_error": 0.2487455262994227, "periodic_payload_median_absolute_relative_error": 0.010858867218750623, "median_total_wall_seconds": 3.187498511011654, "median_encoded_fraction": 0.6510416666666666}, {"method": "mean-max-1fps", "sample_count": 4, "cases": 9, "raw_payload_median_absolute_relative_error": 0.06435508004887991, "raw_payload_max_absolute_relative_error": 0.2489999547682722, "periodic_payload_median_absolute_relative_error": 0.030867633083958568, "median_total_wall_seconds": 3.908983175002504, "median_encoded_fraction": 0.8958333333333334}, {"method": "mean-max-1fps", "sample_count": 5, "cases": 9, "raw_payload_median_absolute_relative_error": 0.05554191696327626, "raw_payload_max_absolute_relative_error": 0.6466785416708689, "periodic_payload_median_absolute_relative_error": 0.03066409489934918, "median_total_wall_seconds": 5.29798796401883, "median_encoded_fraction": 1.140625}, {"method": "mean-max-1fps", "sample_count": 6, "cases": 8, "raw_payload_median_absolute_relative_error": 0.052819146946947226, "raw_payload_max_absolute_relative_error": 0.3733116521409918, "periodic_payload_median_absolute_relative_error": 0.02174330403694219, "median_total_wall_seconds": 5.9868681025000114, "median_encoded_fraction": 1.3854166666666667}, {"method": "mean-max-2fps", "sample_count": 3, "cases": 9, "raw_payload_median_absolute_relative_error": 0.015085412478550664, "raw_payload_max_absolute_relative_error": 0.05561640834656878, "periodic_payload_median_absolute_relative_error": 0.009381046438196927, "median_total_wall_seconds": 3.2037017160037067, "median_encoded_fraction": 0.6510416666666666}, {"method": "mean-max-2fps", "sample_count": 4, "cases": 9, "raw_payload_median_absolute_relative_error": 0.025362994745514955, "raw_payload_max_absolute_relative_error": 0.07557916643846874, "periodic_payload_median_absolute_relative_error": 0.01494583272447847, "median_total_wall_seconds": 4.2675070490076905, "median_encoded_fraction": 0.8958333333333334}, {"method": "mean-max-2fps", "sample_count": 5, "cases": 9, "raw_payload_median_absolute_relative_error": 0.00882246610115578, "raw_payload_max_absolute_relative_error": 0.12480512345043093, "periodic_payload_median_absolute_relative_error": 0.006480960915748679, "median_total_wall_seconds": 5.314191169010883, "median_encoded_fraction": 1.140625}, {"method": "mean-max-2fps", "sample_count": 6, "cases": 8, "raw_payload_median_absolute_relative_error": 0.013777482861384582, "raw_payload_max_absolute_relative_error": 0.09218204503050487, "periodic_payload_median_absolute_relative_error": 0.006506016827414196, "median_total_wall_seconds": 6.099802361000911, "median_encoded_fraction": 1.3854166666666667}, {"method": "mean-max-4fps", "sample_count": 3, "cases": 9, "raw_payload_median_absolute_relative_error": 0.009381046438196927, "raw_payload_max_absolute_relative_error": 0.30373880511009876, "periodic_payload_median_absolute_relative_error": 0.011165859204921524, "median_total_wall_seconds": 3.438553623011103, "median_encoded_fraction": 0.6510416666666666}, {"method": "mean-max-4fps", "sample_count": 4, "cases": 9, "raw_payload_median_absolute_relative_error": 0.00882246610115578, "raw_payload_max_absolute_relative_error": 0.29435238460798474, "periodic_payload_median_absolute_relative_error": 0.009300569309553364, "median_total_wall_seconds": 4.481558304003556, "median_encoded_fraction": 0.8958333333333334}, {"method": "mean-max-4fps", "sample_count": 5, "cases": 9, "raw_payload_median_absolute_relative_error": 0.00882246610115578, "raw_payload_max_absolute_relative_error": 0.2997045730107313, "periodic_payload_median_absolute_relative_error": 0.011709044733257401, "median_total_wall_seconds": 5.33548820901342, "median_encoded_fraction": 1.140625}, {"method": "mean-max-4fps", "sample_count": 6, "cases": 8, "raw_payload_median_absolute_relative_error": 0.013541582490565807, "raw_payload_max_absolute_relative_error": 0.2975240518096124, "periodic_payload_median_absolute_relative_error": 0.006595033707105347, "median_total_wall_seconds": 6.004840083001909, "median_encoded_fraction": 1.3854166666666667}, {"method": "mean-max-8fps", "sample_count": 3, "cases": 9, "raw_payload_median_absolute_relative_error": 0.009381046438196927, "raw_payload_max_absolute_relative_error": 0.0897365682677036, "periodic_payload_median_absolute_relative_error": 0.011165859204921524, "median_total_wall_seconds": 3.2259986930075684, "median_encoded_fraction": 0.6510416666666666}, {"method": "mean-max-8fps", "sample_count": 4, "cases": 9, "raw_payload_median_absolute_relative_error": 0.03138953004389289, "raw_payload_max_absolute_relative_error": 0.1102743852346788, "periodic_payload_median_absolute_relative_error": 0.020003623528937142, "median_total_wall_seconds": 4.289804026011552, "median_encoded_fraction": 0.8958333333333334}, {"method": "mean-max-8fps", "sample_count": 5, "cases": 9, "raw_payload_median_absolute_relative_error": 0.00882246610115578, "raw_payload_max_absolute_relative_error": 0.12321348854778336, "periodic_payload_median_absolute_relative_error": 0.011709044733257401, "median_total_wall_seconds": 5.336488146014744, "median_encoded_fraction": 1.140625}, {"method": "mean-max-8fps", "sample_count": 6, "cases": 8, "raw_payload_median_absolute_relative_error": 0.013541582490565807, "raw_payload_max_absolute_relative_error": 0.09148912864888548, "periodic_payload_median_absolute_relative_error": 0.0074239560869655, "median_total_wall_seconds": 5.986433196500002, "median_encoded_fraction": 1.3854166666666667}]
