Splitting the commandline.
Reading option '-hide_banner' ... matched as option 'hide_banner' (do not show program banner) with argument '1'.
Reading option '-loglevel' ... matched as option 'loglevel' (set logging level) with argument 'debug'.
Reading option '-nostdin' ... matched as option 'stdin' (enable or disable interaction on standard input) with argument 0.
Reading option '-y' ... matched as option 'y' (overwrite output files) with argument '1'.
Reading option '-nostats' ... matched as option 'stats' (print progress report during encoding) with argument 0.
Reading option '-benchmark' ... matched as option 'benchmark' (add timings for benchmarking) with argument '1'.
Reading option '-threads' ... matched as AVOption 'threads' with argument '1'.
Reading option '-filter_threads' ... matched as option 'filter_threads' (number of non-complex filter threads) with argument '1'.
Reading option '-ss' ... matched as option 'ss' (start transcoding at specified time) with argument '6.0'.
Reading option '-i' ... matched as input url with argument '/proc/self/fd/4'.
Reading option '-t' ... matched as option 't' (stop transcoding after specified duration) with argument '11.5'.
Reading option '-map' ... matched as option 'map' (set input stream mapping) with argument '0:0'.
Reading option '-an' ... matched as option 'an' (disable audio) with argument '1'.
Reading option '-sn' ... matched as option 'sn' (disable subtitle) with argument '1'.
Reading option '-dn' ... matched as option 'dn' (disable data) with argument '1'.
Reading option '-pix_fmt' ... matched as option 'pix_fmt' (set pixel format) with argument 'yuv420p'.
Reading option '-fps_mode' ... matched as option 'fps_mode' (set framerate mode for matching video streams; overrides vsync) with argument 'passthrough'.
Reading option '-f' ... matched as option 'f' (force container format (auto-detected otherwise)) with argument 'rawvideo'.
Reading option '/workspace/video-export-size-estimation/artifacts/pedestrians/pedestrians-leading6.i420' ... matched as output url.
Finished splitting the commandline.
Parsing a group of options: global .
Applying option hide_banner (do not show program banner) with argument 1.
Applying option loglevel (set logging level) with argument debug.
Applying option nostdin (enable or disable interaction on standard input) with argument 0.
Applying option y (overwrite output files) with argument 1.
Applying option nostats (print progress report during encoding) with argument 0.
Applying option benchmark (add timings for benchmarking) with argument 1.
Applying option filter_threads (number of non-complex filter threads) with argument 1.
Successfully parsed a group of options.
Parsing a group of options: input url /proc/self/fd/4.
Applying option ss (start transcoding at specified time) with argument 6.0.
Successfully parsed a group of options.
Opening an input file: /proc/self/fd/4.
[AVFormatContext @ 0x55bcc7e12480] Opening '/proc/self/fd/4' for reading
[file @ 0x55bcc7e12ac0] Setting default whitelist 'file,crypto,data'
[mov,mp4,m4a,3gp,3g2,mj2 @ 0x55bcc7e12480] Format mov,mp4,m4a,3gp,3g2,mj2 probed with size=2048 and score=100
[mov,mp4,m4a,3gp,3g2,mj2 @ 0x55bcc7e12480] ISO: File Type Major Brand: isom
[mov,mp4,m4a,3gp,3g2,mj2 @ 0x55bcc7e12480] Unknown dref type 0x206c7275 size 12
[mov,mp4,m4a,3gp,3g2,mj2 @ 0x55bcc7e12480] Processing st: 0, edit list 0 - media time: 2048, duration: 409600
[mov,mp4,m4a,3gp,3g2,mj2 @ 0x55bcc7e12480] Offset DTS by 2048 to make first pts zero.
[mov,mp4,m4a,3gp,3g2,mj2 @ 0x55bcc7e12480] Setting codecpar->delay to 2 for stream st: 0
[mov,mp4,m4a,3gp,3g2,mj2 @ 0x55bcc7e12480] Before avformat_find_stream_info() pos: 1097614 bytes read:38245 seeks:1 nb_streams:1
[h264 @ 0x55bcc7e13240] nal_unit_type: 7(SPS), nal_ref_idc: 3
[h264 @ 0x55bcc7e13240] Decoding VUI
[h264 @ 0x55bcc7e13240] nal_unit_type: 8(PPS), nal_ref_idc: 3
[h264 @ 0x55bcc7e13240] nal_unit_type: 7(SPS), nal_ref_idc: 3
[h264 @ 0x55bcc7e13240] Decoding VUI
[h264 @ 0x55bcc7e13240] nal_unit_type: 8(PPS), nal_ref_idc: 3
[h264 @ 0x55bcc7e13240] nal_unit_type: 6(SEI), nal_ref_idc: 0
[h264 @ 0x55bcc7e13240] nal_unit_type: 5(IDR), nal_ref_idc: 3
[h264 @ 0x55bcc7e13240] Format yuv420p chosen by get_format().
[h264 @ 0x55bcc7e13240] Reinit context to 384x288, pix_fmt: yuv420p
[h264 @ 0x55bcc7e13240] no picture 
[mov,mp4,m4a,3gp,3g2,mj2 @ 0x55bcc7e12480] All info found
[mov,mp4,m4a,3gp,3g2,mj2 @ 0x55bcc7e12480] After avformat_find_stream_info() pos: 46412 bytes read:84609 seeks:2 frames:1
Input #0, mov,mp4,m4a,3gp,3g2,mj2, from '/proc/self/fd/4':
  Metadata:
    major_brand     : isom
    minor_version   : 512
    compatible_brands: isomiso2avc1mp41
    encoder         : Lavf61.7.103
  Duration: 00:00:40.00, start: 0.000000, bitrate: 219 kb/s
  Stream #0:0[0x1](und), 1, 1/10240: Video: h264 (High), 1 reference frame (avc1 / 0x31637661), yuv420p(progressive, left), 384x288, 0/1, 218 kb/s, 10 fps, 10 tbr, 10240 tbn (default)
      Metadata:
        handler_name    : VideoHandler
        vendor_id       : [0][0][0][0]
        encoder         : Lavc61.19.101 libx264
Successfully opened the file.
Parsing a group of options: output url /workspace/video-export-size-estimation/artifacts/pedestrians/pedestrians-leading6.i420.
Applying option t (stop transcoding after specified duration) with argument 11.5.
Applying option map (set input stream mapping) with argument 0:0.
Applying option an (disable audio) with argument 1.
Applying option sn (disable subtitle) with argument 1.
Applying option dn (disable data) with argument 1.
Applying option pix_fmt (set pixel format) with argument yuv420p.
Applying option fps_mode (set framerate mode for matching video streams; overrides vsync) with argument passthrough.
Applying option f (force container format (auto-detected otherwise)) with argument rawvideo.
Successfully parsed a group of options.
Opening an output file: /workspace/video-export-size-estimation/artifacts/pedestrians/pedestrians-leading6.i420.
[out#0/rawvideo @ 0x55bcc7ea0e40] Adding streams from explicit maps...
[vost#0:0/rawvideo @ 0x55bcc7e15340] Created video stream from input stream 0:0
[h264 @ 0x55bcc7e99000] nal_unit_type: 7(SPS), nal_ref_idc: 3
[h264 @ 0x55bcc7e99000] Decoding VUI
[h264 @ 0x55bcc7e99000] nal_unit_type: 8(PPS), nal_ref_idc: 3
[file @ 0x55bcc7ecf740] Setting default whitelist 'file,crypto,data'
Successfully opened the file.
Stream mapping:
  Stream #0:0 -> #0:0 (h264 (native) -> rawvideo (native))
[vost#0:0/rawvideo @ 0x55bcc7e15340] Starting thread...
[vf#0:0 @ 0x55bcc7e15780] Starting thread...
[vist#0:0/h264 @ 0x55bcc7e15080] [dec:h264 @ 0x55bcc7e15dc0] Starting thread...
[in#0/mov,mp4,m4a,3gp,3g2,mj2 @ 0x55bcc7e121c0] Starting thread...
[h264 @ 0x55bcc7eef240] nal_unit_type: 7(SPS), nal_ref_idc: 3
[h264 @ 0x55bcc7eef240] Decoding VUI
[h264 @ 0x55bcc7eef240] nal_unit_type: 8(PPS), nal_ref_idc: 3
[h264 @ 0x55bcc7e99000] nal_unit_type: 6(SEI), nal_ref_idc: 0
[h264 @ 0x55bcc7e99000] nal_unit_type: 5(IDR), nal_ref_idc: 3
[h264 @ 0x55bcc7e99000] Format yuv420p chosen by get_format().
[h264 @ 0x55bcc7e99000] Reinit context to 384x288, pix_fmt: yuv420p
[h264 @ 0x55bcc7e99000] no picture 
[h264 @ 0x55bcc7e99000] nal_unit_type: 1(Coded slice of a non-IDR picture), nal_ref_idc: 2
[h264 @ 0x55bcc7e99000] no picture 
[h264 @ 0x55bcc7e99000] nal_unit_type: 1(Coded slice of a non-IDR picture), nal_ref_idc: 2
[h264 @ 0x55bcc7e99000] nal_unit_type: 1(Coded slice of a non-IDR picture), nal_ref_idc: 0
[graph -1 input from stream 0:0 @ 0x7fb7000017c0] Setting 'video_size' to value '384x288'
[graph -1 input from stream 0:0 @ 0x7fb7000017c0] Setting 'pix_fmt' to value '0'
[graph -1 input from stream 0:0 @ 0x7fb7000017c0] Setting 'time_base' to value '1/10240'
[graph -1 input from stream 0:0 @ 0x7fb7000017c0] Setting 'pixel_aspect' to value '0/1'
[graph -1 input from stream 0:0 @ 0x7fb7000017c0] Setting 'colorspace' to value '2'
[graph -1 input from stream 0:0 @ 0x7fb7000017c0] Setting 'range' to value '0'
[graph -1 input from stream 0:0 @ 0x7fb7000017c0] Setting 'frame_rate' to value '10/1'
[graph -1 input from stream 0:0 @ 0x7fb7000017c0] w:384 h:288 pixfmt:yuv420p tb:1/10240 fr:10/1 sar:0/1 csp:unknown range:unknown
[format @ 0x7fb700002640] Setting 'pix_fmts' to value 'yuv420p'
[h264 @ 0x55bcc7e99000] nal_unit_type: 1(Coded slice of a non-IDR picture), nal_ref_idc: 0
[h264 @ 0x55bcc7e99000] nal_unit_type: 1(Coded slice of a non-IDR picture), nal_ref_idc: 2
[AVFilterGraph @ 0x7fb700001000] query_formats: 6 queried, 15 merged, 0 already done, 0 delayed
[graph -1 input from stream 0:0 @ 0x7fb7000017c0] video frame properties congruent with link at pts_time: -6
[h264 @ 0x55bcc7e99000] nal_unit_type: 1(Coded slice of a non-IDR picture), nal_ref_idc: 2
    Last message repeated 1 times
[h264 @ 0x55bcc7e99000] nal_unit_type: 1(Coded slice of a non-IDR picture), nal_ref_idc: 0
    Last message repeated 1 times
[h264 @ 0x55bcc7e99000] nal_unit_type: 1(Coded slice of a non-IDR picture), nal_ref_idc: 2
    Last message repeated 5 times
[h264 @ 0x55bcc7e99000] nal_unit_type: 1(Coded slice of a non-IDR picture), nal_ref_idc: 0
    Last message repeated 1 times
[h264 @ 0x55bcc7e99000] nal_unit_type: 1(Coded slice of a non-IDR picture), nal_ref_idc: 2
    Last message repeated 1 times
[h264 @ 0x55bcc7e99000] nal_unit_type: 1(Coded slice of a non-IDR picture), nal_ref_idc: 0
    Last message repeated 1 times
[h264 @ 0x55bcc7e99000] nal_unit_type: 1(Coded slice of a non-IDR picture), nal_ref_idc: 2
[h264 @ 0x55bcc7e99000] nal_unit_type: 1(Coded slice of a non-IDR picture), nal_ref_idc: 0
[h264 @ 0x55bcc7e99000] nal_unit_type: 1(Coded slice of a non-IDR picture), nal_ref_idc: 2
[h264 @ 0x55bcc7e99000] nal_unit_type: 1(Coded slice of a non-IDR picture), nal_ref_idc: 0
[h264 @ 0x55bcc7e99000] nal_unit_type: 1(Coded slice of a non-IDR picture), nal_ref_idc: 2
    Last message repeated 1 times
[h264 @ 0x55bcc7e99000] nal_unit_type: 1(Coded slice of a non-IDR picture), nal_ref_idc: 0
    Last message repeated 1 times
[h264 @ 0x55bcc7e99000] nal_unit_type: 1(Coded slice of a non-IDR picture), nal_ref_idc: 2
    Last message repeated 1 times
[h264 @ 0x55bcc7e99000] nal_unit_type: 1(Coded slice of a non-IDR picture), nal_ref_idc: 0
    Last message repeated 1 times
[h264 @ 0x55bcc7e99000] nal_unit_type: 1(Coded slice of a non-IDR picture), nal_ref_idc: 2
    Last message repeated 4 times
[h264 @ 0x55bcc7e99000] nal_unit_type: 1(Coded slice of a non-IDR picture), nal_ref_idc: 0
    Last message repeated 1 times
[h264 @ 0x55bcc7e99000] nal_unit_type: 1(Coded slice of a non-IDR picture), nal_ref_idc: 2
    Last message repeated 1 times
[h264 @ 0x55bcc7e99000] nal_unit_type: 1(Coded slice of a non-IDR picture), nal_ref_idc: 0
    Last message repeated 1 times
[h264 @ 0x55bcc7e99000] nal_unit_type: 1(Coded slice of a non-IDR picture), nal_ref_idc: 2
    Last message repeated 1 times
[h264 @ 0x55bcc7e99000] nal_unit_type: 1(Coded slice of a non-IDR picture), nal_ref_idc: 0
    Last message repeated 1 times
[h264 @ 0x55bcc7e99000] nal_unit_type: 1(Coded slice of a non-IDR picture), nal_ref_idc: 2
    Last message repeated 2 times
[h264 @ 0x55bcc7e99000] nal_unit_type: 1(Coded slice of a non-IDR picture), nal_ref_idc: 0
    Last message repeated 1 times
[h264 @ 0x55bcc7e99000] nal_unit_type: 1(Coded slice of a non-IDR picture), nal_ref_idc: 2
    Last message repeated 2 times
[h264 @ 0x55bcc7e99000] nal_unit_type: 1(Coded slice of a non-IDR picture), nal_ref_idc: 0
    Last message repeated 1 times
[h264 @ 0x55bcc7e99000] nal_unit_type: 1(Coded slice of a non-IDR picture), nal_ref_idc: 2
    Last message repeated 1 times
[h264 @ 0x55bcc7e99000] nal_unit_type: 1(Coded slice of a non-IDR picture), nal_ref_idc: 0
    Last message repeated 1 times
[h264 @ 0x55bcc7e99000] nal_unit_type: 1(Coded slice of a non-IDR picture), nal_ref_idc: 2
detected 5 logical cores
Output #0, rawvideo, to '/workspace/video-export-size-estimation/artifacts/pedestrians/pedestrians-leading6.i420':
  Metadata:
    major_brand     : isom
    minor_version   : 512
    compatible_brands: isomiso2avc1mp41
    encoder         : Lavf61.7.103
  Stream #0:0(und), 0, 1/10: Video: rawvideo, 1 reference frame (I420 / 0x30323449), yuv420p(progressive, left), 384x288, 0/1, q=2-31, 13271 kb/s, 10 fps, 10 tbn (default)
      Metadata:
        handler_name    : VideoHandler
        vendor_id       : [0][0][0][0]
        encoder         : Lavc61.19.101 rawvideo
[out#0/rawvideo @ 0x55bcc7ea0e40] Starting thread...
[h264 @ 0x55bcc7e99000] nal_unit_type: 1(Coded slice of a non-IDR picture), nal_ref_idc: 0
[h264 @ 0x55bcc7e99000] nal_unit_type: 1(Coded slice of a non-IDR picture), nal_ref_idc: 2
    Last message repeated 1 times
[h264 @ 0x55bcc7e99000] nal_unit_type: 1(Coded slice of a non-IDR picture), nal_ref_idc: 0
    Last message repeated 1 times
[h264 @ 0x55bcc7e99000] nal_unit_type: 1(Coded slice of a non-IDR picture), nal_ref_idc: 2
    Last message repeated 1 times
[h264 @ 0x55bcc7e99000] nal_unit_type: 1(Coded slice of a non-IDR picture), nal_ref_idc: 0
    Last message repeated 1 times
[h264 @ 0x55bcc7e99000] nal_unit_type: 1(Coded slice of a non-IDR picture), nal_ref_idc: 2
    Last message repeated 1 times
[h264 @ 0x55bcc7e99000] nal_unit_type: 1(Coded slice of a non-IDR picture), nal_ref_idc: 0
    Last message repeated 1 times
[h264 @ 0x55bcc7e99000] nal_unit_type: 1(Coded slice of a non-IDR picture), nal_ref_idc: 2
    Last message repeated 1 times
[h264 @ 0x55bcc7e99000] nal_unit_type: 1(Coded slice of a non-IDR picture), nal_ref_idc: 0
    Last message repeated 1 times
[h264 @ 0x55bcc7e99000] nal_unit_type: 1(Coded slice of a non-IDR picture), nal_ref_idc: 2
    Last message repeated 1 times
[h264 @ 0x55bcc7e99000] nal_unit_type: 1(Coded slice of a non-IDR picture), nal_ref_idc: 0
    Last message repeated 1 times
[h264 @ 0x55bcc7e99000] nal_unit_type: 1(Coded slice of a non-IDR picture), nal_ref_idc: 2
    Last message repeated 1 times
[h264 @ 0x55bcc7e99000] nal_unit_type: 1(Coded slice of a non-IDR picture), nal_ref_idc: 0
    Last message repeated 1 times
[h264 @ 0x55bcc7e99000] nal_unit_type: 1(Coded slice of a non-IDR picture), nal_ref_idc: 2
    Last message repeated 1 times
[h264 @ 0x55bcc7e99000] nal_unit_type: 1(Coded slice of a non-IDR picture), nal_ref_idc: 0
    Last message repeated 1 times
[h264 @ 0x55bcc7e99000] nal_unit_type: 1(Coded slice of a non-IDR picture), nal_ref_idc: 2
    Last message repeated 1 times
[h264 @ 0x55bcc7e99000] nal_unit_type: 1(Coded slice of a non-IDR picture), nal_ref_idc: 0
    Last message repeated 1 times
[h264 @ 0x55bcc7e99000] nal_unit_type: 1(Coded slice of a non-IDR picture), nal_ref_idc: 2
    Last message repeated 1 times
[h264 @ 0x55bcc7e99000] nal_unit_type: 1(Coded slice of a non-IDR picture), nal_ref_idc: 0
    Last message repeated 1 times
[h264 @ 0x55bcc7e99000] nal_unit_type: 1(Coded slice of a non-IDR picture), nal_ref_idc: 2
    Last message repeated 1 times
[h264 @ 0x55bcc7e99000] nal_unit_type: 1(Coded slice of a non-IDR picture), nal_ref_idc: 0
    Last message repeated 1 times
[h264 @ 0x55bcc7e99000] nal_unit_type: 1(Coded slice of a non-IDR picture), nal_ref_idc: 2
    Last message repeated 1 times
[h264 @ 0x55bcc7e99000] nal_unit_type: 1(Coded slice of a non-IDR picture), nal_ref_idc: 0
[h264 @ 0x55bcc7e99000] nal_unit_type: 1(Coded slice of a non-IDR picture), nal_ref_idc: 2
    Last message repeated 1 times
[h264 @ 0x55bcc7e99000] nal_unit_type: 1(Coded slice of a non-IDR picture), nal_ref_idc: 0
    Last message repeated 1 times
[h264 @ 0x55bcc7e99000] nal_unit_type: 1(Coded slice of a non-IDR picture), nal_ref_idc: 2
    Last message repeated 1 times
[h264 @ 0x55bcc7e99000] nal_unit_type: 1(Coded slice of a non-IDR picture), nal_ref_idc: 0
    Last message repeated 1 times
[h264 @ 0x55bcc7e99000] nal_unit_type: 1(Coded slice of a non-IDR picture), nal_ref_idc: 2
    Last message repeated 1 times
[h264 @ 0x55bcc7e99000] nal_unit_type: 1(Coded slice of a non-IDR picture), nal_ref_idc: 0
    Last message repeated 1 times
[h264 @ 0x55bcc7e99000] nal_unit_type: 1(Coded slice of a non-IDR picture), nal_ref_idc: 2
    Last message repeated 1 times
[h264 @ 0x55bcc7e99000] nal_unit_type: 1(Coded slice of a non-IDR picture), nal_ref_idc: 0
[h264 @ 0x55bcc7e99000] nal_unit_type: 1(Coded slice of a non-IDR picture), nal_ref_idc: 2
    Last message repeated 1 times
[h264 @ 0x55bcc7e99000] nal_unit_type: 1(Coded slice of a non-IDR picture), nal_ref_idc: 0
    Last message repeated 1 times
[h264 @ 0x55bcc7e99000] nal_unit_type: 1(Coded slice of a non-IDR picture), nal_ref_idc: 2
    Last message repeated 1 times
[h264 @ 0x55bcc7e99000] nal_unit_type: 1(Coded slice of a non-IDR picture), nal_ref_idc: 0
    Last message repeated 1 times
[h264 @ 0x55bcc7e99000] nal_unit_type: 1(Coded slice of a non-IDR picture), nal_ref_idc: 2
    Last message repeated 1 times
[h264 @ 0x55bcc7e99000] nal_unit_type: 1(Coded slice of a non-IDR picture), nal_ref_idc: 0
    Last message repeated 1 times
[h264 @ 0x55bcc7e99000] nal_unit_type: 1(Coded slice of a non-IDR picture), nal_ref_idc: 2
    Last message repeated 2 times
[h264 @ 0x55bcc7e99000] nal_unit_type: 1(Coded slice of a non-IDR picture), nal_ref_idc: 0
    Last message repeated 1 times
[h264 @ 0x55bcc7e99000] nal_unit_type: 1(Coded slice of a non-IDR picture), nal_ref_idc: 2
    Last message repeated 1 times
[h264 @ 0x55bcc7e99000] nal_unit_type: 1(Coded slice of a non-IDR picture), nal_ref_idc: 0
    Last message repeated 1 times
[h264 @ 0x55bcc7e99000] nal_unit_type: 1(Coded slice of a non-IDR picture), nal_ref_idc: 2
    Last message repeated 1 times
[h264 @ 0x55bcc7e99000] nal_unit_type: 1(Coded slice of a non-IDR picture), nal_ref_idc: 0
    Last message repeated 1 times
[h264 @ 0x55bcc7e99000] nal_unit_type: 1(Coded slice of a non-IDR picture), nal_ref_idc: 2
    Last message repeated 1 times
[h264 @ 0x55bcc7e99000] nal_unit_type: 1(Coded slice of a non-IDR picture), nal_ref_idc: 0
    Last message repeated 1 times
[h264 @ 0x55bcc7e99000] nal_unit_type: 1(Coded slice of a non-IDR picture), nal_ref_idc: 2
    Last message repeated 1 times
[h264 @ 0x55bcc7e99000] nal_unit_type: 1(Coded slice of a non-IDR picture), nal_ref_idc: 0
    Last message repeated 1 times
[h264 @ 0x55bcc7e99000] nal_unit_type: 1(Coded slice of a non-IDR picture), nal_ref_idc: 2
    Last message repeated 1 times
[h264 @ 0x55bcc7e99000] nal_unit_type: 1(Coded slice of a non-IDR picture), nal_ref_idc: 0
    Last message repeated 1 times
[h264 @ 0x55bcc7e99000] nal_unit_type: 1(Coded slice of a non-IDR picture), nal_ref_idc: 2
    Last message repeated 1 times
[h264 @ 0x55bcc7e99000] nal_unit_type: 1(Coded slice of a non-IDR picture), nal_ref_idc: 0
    Last message repeated 1 times
[h264 @ 0x55bcc7e99000] nal_unit_type: 1(Coded slice of a non-IDR picture), nal_ref_idc: 2
    Last message repeated 1 times
[h264 @ 0x55bcc7e99000] nal_unit_type: 1(Coded slice of a non-IDR picture), nal_ref_idc: 0
    Last message repeated 1 times
[h264 @ 0x55bcc7e99000] nal_unit_type: 1(Coded slice of a non-IDR picture), nal_ref_idc: 2
    Last message repeated 1 times
[h264 @ 0x55bcc7e99000] nal_unit_type: 1(Coded slice of a non-IDR picture), nal_ref_idc: 0
    Last message repeated 1 times
[h264 @ 0x55bcc7e99000] nal_unit_type: 1(Coded slice of a non-IDR picture), nal_ref_idc: 2
    Last message repeated 1 times
[h264 @ 0x55bcc7e99000] nal_unit_type: 1(Coded slice of a non-IDR picture), nal_ref_idc: 0
    Last message repeated 1 times
[h264 @ 0x55bcc7e99000] nal_unit_type: 1(Coded slice of a non-IDR picture), nal_ref_idc: 2
    Last message repeated 1 times
[h264 @ 0x55bcc7e99000] nal_unit_type: 1(Coded slice of a non-IDR picture), nal_ref_idc: 0
[out_#0:0 @ 0x7fb700002480] EOF on sink link out_#0:0:default.
[vf#0:0 @ 0x55bcc7e15780] Filtergraph returned EOF, finishing
[vf#0:0 @ 0x55bcc7e15780] All consumers returned EOF
[vf#0:0 @ 0x55bcc7e15780] Terminating thread with return code 0 (success)
[vost#0:0/rawvideo @ 0x55bcc7e15340] Encoder thread received EOF
[vost#0:0/rawvideo @ 0x55bcc7e15340] Terminating thread with return code 0 (success)
[out#0/rawvideo @ 0x55bcc7ea0e40] All streams finished
[out#0/rawvideo @ 0x55bcc7ea0e40] Terminating thread with return code 0 (success)
[vist#0:0/h264 @ 0x55bcc7e15080] [dec:h264 @ 0x55bcc7e15dc0] Decoder returned EOF, finishing
[vist#0:0/h264 @ 0x55bcc7e15080] [dec:h264 @ 0x55bcc7e15dc0] Terminating thread with return code 0 (success)
[vist#0:0/h264 @ 0x55bcc7e15080] All consumers of this stream are done
[in#0/mov,mp4,m4a,3gp,3g2,mj2 @ 0x55bcc7e121c0] All consumers are done
[in#0/mov,mp4,m4a,3gp,3g2,mj2 @ 0x55bcc7e121c0] Terminating thread with return code 0 (success)
[AVIOContext @ 0x55bcc7e18380] Statistics: 19077120 bytes written, 0 seeks, 73 writeouts
[out#0/rawvideo @ 0x55bcc7ea0e40] Output file #0 (/workspace/video-export-size-estimation/artifacts/pedestrians/pedestrians-leading6.i420):
[out#0/rawvideo @ 0x55bcc7ea0e40]   Output stream #0:0 (video): 115 frames encoded; 115 packets muxed (19077120 bytes); 
[out#0/rawvideo @ 0x55bcc7ea0e40]   Total: 115 packets (19077120 bytes) muxed
[out#0/rawvideo @ 0x55bcc7ea0e40] video:18630KiB audio:0KiB subtitle:0KiB other streams:0KiB global headers:0KiB muxing overhead: 0.000000%
frame=  115 fps=0.0 q=-0.0 Lsize=   18630KiB time=00:00:11.50 bitrate=13271.0kbits/s speed= 118x    
bench: utime=0.092s stime=0.037s rtime=0.098s
bench: maxrss=37928KiB
[in#0/mov,mp4,m4a,3gp,3g2,mj2 @ 0x55bcc7e121c0] Input file #0 (/proc/self/fd/4):
[in#0/mov,mp4,m4a,3gp,3g2,mj2 @ 0x55bcc7e121c0]   Input stream #0:0 (video): 188 packets read (544865 bytes); 177 frames decoded; 0 decode errors; 
[in#0/mov,mp4,m4a,3gp,3g2,mj2 @ 0x55bcc7e121c0]   Total: 188 packets (544865 bytes) demuxed
[AVIOContext @ 0x55bcc7e1ac00] Statistics: 655261 bytes read, 3 seeks
