[rawvideo @ 0x563e889a8580] Estimating duration from bitrate, this may be inaccurate
Input #0, rawvideo, from '/workspace/video-export-size-estimation/artifacts/pedestrians/pedestrians-leading6.i420':
  Duration: 00:00:11.50, start: 0.000000, bitrate: 13271 kb/s
  Stream #0:0: Video: rawvideo (I420 / 0x30323449), yuv420p, 384x288, 13271 kb/s, 10 tbr, 10 tbn
Stream mapping:
  Stream #0:0 -> #0:0 (rawvideo (native) -> h264 (libx264))
[libx264 @ 0x563e889b1740] using cpu capabilities: MMX2 SSE2Fast SSSE3 SSE4.2 AVX FMA3 BMI2 AVX2 AVX512
[libx264 @ 0x563e889b1740] profile High, level 2.1, 4:2:0, 8-bit
[libx264 @ 0x563e889b1740] 264 - core 164 r3108 31e19f9 - H.264/MPEG-4 AVC codec - Copyleft 2003-2023 - http://www.videolan.org/x264.html - options: cabac=1 ref=3 deblock=1:0:0 analyse=0x3:0x113 me=hex subme=7 psy=1 psy_rd=1.00:0.00 mixed_ref=1 me_range=16 chroma_me=1 trellis=1 8x8dct=1 cqm=0 deadzone=21,11 fast_pskip=1 chroma_qp_offset=-2 threads=1 lookahead_threads=1 sliced_threads=0 nr=0 decimate=1 interlaced=0 bluray_compat=0 constrained_intra=0 bframes=3 b_pyramid=2 b_adapt=1 b_bias=0 direct=1 weightb=1 open_gop=0 weightp=2 keyint=250 keyint_min=10 scenecut=40 intra_refresh=0 rc_lookahead=40 rc=crf mbtree=1 crf=23.0 qcomp=0.60 qpmin=0 qpmax=69 qpstep=4 ip_ratio=1.40 aq=1:1.00
Output #0, mp4, to '/workspace/video-export-size-estimation/artifacts/pedestrians/pedestrians-leading6-ffmpeg.mp4':
  Metadata:
    encoder         : Lavf61.7.103
  Stream #0:0: Video: h264 (avc1 / 0x31637661), yuv420p(tv, progressive), 384x288, q=2-31, 10 fps, 10240 tbn
      Metadata:
        encoder         : Lavc61.19.101 libx264
      Side data:
        cpb: bitrate max/min/avg: 0/0/0 buffer size: 0 vbv_delay: N/A
[mp4 @ 0x563e889db600] Starting second pass: moving the moov atom to the beginning of the file
[out#0/mp4 @ 0x563e889db500] video:181KiB audio:0KiB subtitle:0KiB other streams:0KiB global headers:0KiB muxing overhead: 1.192033%
frame=  115 fps=0.0 q=25.0 Lsize=     183KiB time=00:00:11.30 bitrate= 132.6kbits/s speed=23.6x    
bench: utime=0.447s stime=0.045s rtime=0.479s
bench: maxrss=67016KiB
[libx264 @ 0x563e889b1740] frame I:1     Avg QP:17.43  size: 33711
[libx264 @ 0x563e889b1740] frame P:33    Avg QP:18.12  size:  2838
[libx264 @ 0x563e889b1740] frame B:81    Avg QP:26.06  size:   704
[libx264 @ 0x563e889b1740] consecutive B-frames:  3.5%  5.2%  7.8% 83.5%
[libx264 @ 0x563e889b1740] mb I  I16..4:  0.7% 42.6% 56.7%
[libx264 @ 0x563e889b1740] mb P  I16..4:  0.0%  0.7%  1.2%  P16..4: 34.7%  9.5% 14.1%  0.0%  0.0%    skip:39.9%
[libx264 @ 0x563e889b1740] mb B  I16..4:  0.0%  0.0%  0.2%  B16..8: 10.5%  2.8%  2.9%  direct: 1.4%  skip:82.1%  L0:29.0% L1:60.9% BI:10.1%
[libx264 @ 0x563e889b1740] 8x8 transform intra:36.8% inter:32.9%
[libx264 @ 0x563e889b1740] coded y,uvDC,uvAC intra: 97.7% 93.2% 76.0% inter: 10.2% 6.5% 1.6%
[libx264 @ 0x563e889b1740] i16 v,h,dc,p: 17%  0% 17% 67%
[libx264 @ 0x563e889b1740] i8 v,h,dc,ddl,ddr,vr,hd,vl,hu:  8% 28% 15%  3%  8%  4% 19%  4% 10%
[libx264 @ 0x563e889b1740] i4 v,h,dc,ddl,ddr,vr,hd,vl,hu: 18% 22% 12%  5%  7%  8% 12%  6% 10%
[libx264 @ 0x563e889b1740] i8c dc,h,v,p: 55% 23% 16%  6%
[libx264 @ 0x563e889b1740] Weighted P-Frames: Y:3.0% UV:0.0%
[libx264 @ 0x563e889b1740] ref P L0: 73.4% 15.1%  7.3%  4.3%
[libx264 @ 0x563e889b1740] ref B L0: 92.1%  6.3%  1.6%
[libx264 @ 0x563e889b1740] ref B L1: 96.0%  4.0%
[libx264 @ 0x563e889b1740] kb/s:128.26
